Copyright 1986-2022 Xilinx, Inc. All Rights Reserved. Copyright 2022-2024 Advanced Micro Devices, Inc. All Rights Reserved.
---------------------------------------------------------------------------------------------------------------------------------------------
| Tool Version : Vivado v.2024.2 (win64) Build 5239630 Fri Nov 08 22:35:27 MST 2024
| Date         : Tue May 19 12:48:45 2026
| Host         : FY-6302-10 running 64-bit major release  (build 9200)
| Command      : report_drc -file design_2_wrapper_drc_opted.rpt -pb design_2_wrapper_drc_opted.pb -rpx design_2_wrapper_drc_opted.rpx
| Design       : design_2_wrapper
| Device       : xc7z020clg484-1
| Speed File   : -1
| Design State : Synthesized
---------------------------------------------------------------------------------------------------------------------------------------------

Report DRC

Table of Contents
-----------------
1. REPORT SUMMARY
2. REPORT DETAILS

1. REPORT SUMMARY
-----------------
            Netlist: netlist
          Floorplan: design_1
      Design limits: <entire design considered>
           Ruledeck: default
             Max checks: <unlimited>
             Checks found: 26
+-----------+----------+------------------------+--------+
| Rule      | Severity | Description            | Checks |
+-----------+----------+------------------------+--------+
| DPIP-1    | Warning  | Input pipelining       | 6      |
| DPOP-1    | Warning  | PREG Output pipelining | 5      |
| DPOP-2    | Warning  | MREG Output pipelining | 13     |
| REQP-1577 | Warning  | Clock output buffering | 2      |
+-----------+----------+------------------------+--------+

2. REPORT DETAILS
-----------------
DPIP-1#1 Warning
Input pipelining  
DSP design_2_i/ZmodAWGController_0/U0/InstCh2DAC_Calibration/cCalibMult0 input design_2_i/ZmodAWGController_0/U0/InstCh2DAC_Calibration/cCalibMult0/A[29:0] is not pipelined. Pipelining DSP48 input will improve performance.
Related violations: <none>

DPIP-1#2 Warning
Input pipelining  
DSP design_2_i/ZmodScopeController_0/U0/InstCh2ADC_Calibration/cCalibMult0 input design_2_i/ZmodScopeController_0/U0/InstCh2ADC_Calibration/cCalibMult0/A[29:0] is not pipelined. Pipelining DSP48 input will improve performance.
Related violations: <none>

DPIP-1#3 Warning
Input pipelining  
DSP design_2_i/vcsel_top_0/U0/u_iir/acc0 input design_2_i/vcsel_top_0/U0/u_iir/acc0/A[29:0] is not pipelined. Pipelining DSP48 input will improve performance.
Related violations: <none>

DPIP-1#4 Warning
Input pipelining  
DSP design_2_i/vcsel_top_0/U0/u_iir/acc_reg input design_2_i/vcsel_top_0/U0/u_iir/acc_reg/A[29:0] is not pipelined. Pipelining DSP48 input will improve performance.
Related violations: <none>

DPIP-1#5 Warning
Input pipelining  
DSP design_2_i/vcsel_top_0/U0/u_iir/acc_reg input design_2_i/vcsel_top_0/U0/u_iir/acc_reg/B[17:0] is not pipelined. Pipelining DSP48 input will improve performance.
Related violations: <none>

DPIP-1#6 Warning
Input pipelining  
DSP design_2_i/vcsel_top_0/U0/u_iir/acc_reg input design_2_i/vcsel_top_0/U0/u_iir/acc_reg/C[47:0] is not pipelined. Pipelining DSP48 input will improve performance.
Related violations: <none>

DPOP-1#1 Warning
PREG Output pipelining  
DSP design_2_i/top_awgn_0/U0/u_awgn/u_GaussianNoiseWithUnitVar/u_SqrtImplementation/u_SqrtEval/u_FunctionEvaluation/Product_mul_temp output design_2_i/top_awgn_0/U0/u_awgn/u_GaussianNoiseWithUnitVar/u_SqrtImplementation/u_SqrtEval/u_FunctionEvaluation/Product_mul_temp/P[47:0] is not pipelined (PREG=0). Pipelining the DSP48 output will improve performance and often saves power so it is suggested whenever possible to fully pipeline this function.  If this DSP48 function was inferred, it is suggested to describe an additional register stage after this function.  If the DSP48 was instantiated in the design, it is suggested to set the PREG attribute to 1.
Related violations: <none>

DPOP-1#2 Warning
PREG Output pipelining  
DSP design_2_i/top_awgn_0/U0/u_awgn/u_GaussianNoiseWithUnitVar/u_logImplementation/u_log/u_RangeReconstruction/Product_mul_temp output design_2_i/top_awgn_0/U0/u_awgn/u_GaussianNoiseWithUnitVar/u_logImplementation/u_log/u_RangeReconstruction/Product_mul_temp/P[47:0] is not pipelined (PREG=0). Pipelining the DSP48 output will improve performance and often saves power so it is suggested whenever possible to fully pipeline this function.  If this DSP48 function was inferred, it is suggested to describe an additional register stage after this function.  If the DSP48 was instantiated in the design, it is suggested to set the PREG attribute to 1.
Related violations: <none>

DPOP-1#3 Warning
PREG Output pipelining  
DSP design_2_i/top_awgn_0/U0/u_awgn/u_dBtoLinearConverter/Gain_out1 output design_2_i/top_awgn_0/U0/u_awgn/u_dBtoLinearConverter/Gain_out1/P[47:0] is not pipelined (PREG=0). Pipelining the DSP48 output will improve performance and often saves power so it is suggested whenever possible to fully pipeline this function.  If this DSP48 function was inferred, it is suggested to describe an additional register stage after this function.  If the DSP48 was instantiated in the design, it is suggested to set the PREG attribute to 1.
Related violations: <none>

DPOP-1#4 Warning
PREG Output pipelining  
DSP design_2_i/vcsel_top_0/U0/u_iir/ARG__0 output design_2_i/vcsel_top_0/U0/u_iir/ARG__0/P[47:0] is not pipelined (PREG=0). Pipelining the DSP48 output will improve performance and often saves power so it is suggested whenever possible to fully pipeline this function.  If this DSP48 function was inferred, it is suggested to describe an additional register stage after this function.  If the DSP48 was instantiated in the design, it is suggested to set the PREG attribute to 1.
Related violations: <none>

DPOP-1#5 Warning
PREG Output pipelining  
DSP design_2_i/vcsel_top_0/U0/u_iir/ARG__1 output design_2_i/vcsel_top_0/U0/u_iir/ARG__1/P[47:0] is not pipelined (PREG=0). Pipelining the DSP48 output will improve performance and often saves power so it is suggested whenever possible to fully pipeline this function.  If this DSP48 function was inferred, it is suggested to describe an additional register stage after this function.  If the DSP48 was instantiated in the design, it is suggested to set the PREG attribute to 1.
Related violations: <none>

DPOP-2#1 Warning
MREG Output pipelining  
DSP design_2_i/ZmodAWGController_0/U0/InstCh1DAC_Calibration/cCalibMult0 multiplier stage design_2_i/ZmodAWGController_0/U0/InstCh1DAC_Calibration/cCalibMult0/P[47:0] is not pipelined (MREG=0). Pipelining the multiplier function will improve performance and will save significant power so it is suggested whenever possible to fully pipeline this function.  If this multiplier was inferred, it is suggested to describe an additional register stage after this function.  If there is no registered adder/accumulator following the multiply function, two pipeline stages are suggested to allow both the MREG and PREG registers to be used.  If the DSP48 was instantiated in the design, it is suggested to set both the MREG and PREG attributes to 1 when performing multiply functions.
Related violations: <none>

DPOP-2#2 Warning
MREG Output pipelining  
DSP design_2_i/ZmodAWGController_0/U0/InstCh2DAC_Calibration/cCalibMult0 multiplier stage design_2_i/ZmodAWGController_0/U0/InstCh2DAC_Calibration/cCalibMult0/P[47:0] is not pipelined (MREG=0). Pipelining the multiplier function will improve performance and will save significant power so it is suggested whenever possible to fully pipeline this function.  If this multiplier was inferred, it is suggested to describe an additional register stage after this function.  If there is no registered adder/accumulator following the multiply function, two pipeline stages are suggested to allow both the MREG and PREG registers to be used.  If the DSP48 was instantiated in the design, it is suggested to set both the MREG and PREG attributes to 1 when performing multiply functions.
Related violations: <none>

DPOP-2#3 Warning
MREG Output pipelining  
DSP design_2_i/ZmodScopeController_0/U0/InstCh2ADC_Calibration/cCalibMult0 multiplier stage design_2_i/ZmodScopeController_0/U0/InstCh2ADC_Calibration/cCalibMult0/P[47:0] is not pipelined (MREG=0). Pipelining the multiplier function will improve performance and will save significant power so it is suggested whenever possible to fully pipeline this function.  If this multiplier was inferred, it is suggested to describe an additional register stage after this function.  If there is no registered adder/accumulator following the multiply function, two pipeline stages are suggested to allow both the MREG and PREG registers to be used.  If the DSP48 was instantiated in the design, it is suggested to set both the MREG and PREG attributes to 1 when performing multiply functions.
Related violations: <none>

DPOP-2#4 Warning
MREG Output pipelining  
DSP design_2_i/top_awgn_0/U0/u_awgn/u_GaussianNoiseWithUnitVar/u_SqrtImplementation/u_SqrtEval/u_FunctionEvaluation/Delay24_out1_reg multiplier stage design_2_i/top_awgn_0/U0/u_awgn/u_GaussianNoiseWithUnitVar/u_SqrtImplementation/u_SqrtEval/u_FunctionEvaluation/Delay24_out1_reg/P[47:0] is not pipelined (MREG=0). Pipelining the multiplier function will improve performance and will save significant power so it is suggested whenever possible to fully pipeline this function.  If this multiplier was inferred, it is suggested to describe an additional register stage after this function.  If there is no registered adder/accumulator following the multiply function, two pipeline stages are suggested to allow both the MREG and PREG registers to be used.  If the DSP48 was instantiated in the design, it is suggested to set both the MREG and PREG attributes to 1 when performing multiply functions.
Related violations: <none>

DPOP-2#5 Warning
MREG Output pipelining  
DSP design_2_i/top_awgn_0/U0/u_awgn/u_GaussianNoiseWithUnitVar/u_SqrtImplementation/u_SqrtEval/u_FunctionEvaluation/Delay27_out1_reg multiplier stage design_2_i/top_awgn_0/U0/u_awgn/u_GaussianNoiseWithUnitVar/u_SqrtImplementation/u_SqrtEval/u_FunctionEvaluation/Delay27_out1_reg/P[47:0] is not pipelined (MREG=0). Pipelining the multiplier function will improve performance and will save significant power so it is suggested whenever possible to fully pipeline this function.  If this multiplier was inferred, it is suggested to describe an additional register stage after this function.  If there is no registered adder/accumulator following the multiply function, two pipeline stages are suggested to allow both the MREG and PREG registers to be used.  If the DSP48 was instantiated in the design, it is suggested to set both the MREG and PREG attributes to 1 when performing multiply functions.
Related violations: <none>

DPOP-2#6 Warning
MREG Output pipelining  
DSP design_2_i/top_awgn_0/U0/u_awgn/u_GaussianNoiseWithUnitVar/u_SqrtImplementation/u_SqrtEval/u_FunctionEvaluation/Product_mul_temp multiplier stage design_2_i/top_awgn_0/U0/u_awgn/u_GaussianNoiseWithUnitVar/u_SqrtImplementation/u_SqrtEval/u_FunctionEvaluation/Product_mul_temp/P[47:0] is not pipelined (MREG=0). Pipelining the multiplier function will improve performance and will save significant power so it is suggested whenever possible to fully pipeline this function.  If this multiplier was inferred, it is suggested to describe an additional register stage after this function.  If there is no registered adder/accumulator following the multiply function, two pipeline stages are suggested to allow both the MREG and PREG registers to be used.  If the DSP48 was instantiated in the design, it is suggested to set both the MREG and PREG attributes to 1 when performing multiply functions.
Related violations: <none>

DPOP-2#7 Warning
MREG Output pipelining  
DSP design_2_i/top_awgn_0/U0/u_awgn/u_GaussianNoiseWithUnitVar/u_logImplementation/u_log/u_FunctionEvaluation/Delay13_out1_reg multiplier stage design_2_i/top_awgn_0/U0/u_awgn/u_GaussianNoiseWithUnitVar/u_logImplementation/u_log/u_FunctionEvaluation/Delay13_out1_reg/P[47:0] is not pipelined (MREG=0). Pipelining the multiplier function will improve performance and will save significant power so it is suggested whenever possible to fully pipeline this function.  If this multiplier was inferred, it is suggested to describe an additional register stage after this function.  If there is no registered adder/accumulator following the multiply function, two pipeline stages are suggested to allow both the MREG and PREG registers to be used.  If the DSP48 was instantiated in the design, it is suggested to set both the MREG and PREG attributes to 1 when performing multiply functions.
Related violations: <none>

DPOP-2#8 Warning
MREG Output pipelining  
DSP design_2_i/top_awgn_0/U0/u_awgn/u_GaussianNoiseWithUnitVar/u_logImplementation/u_log/u_FunctionEvaluation/Delay2_out1_reg multiplier stage design_2_i/top_awgn_0/U0/u_awgn/u_GaussianNoiseWithUnitVar/u_logImplementation/u_log/u_FunctionEvaluation/Delay2_out1_reg/P[47:0] is not pipelined (MREG=0). Pipelining the multiplier function will improve performance and will save significant power so it is suggested whenever possible to fully pipeline this function.  If this multiplier was inferred, it is suggested to describe an additional register stage after this function.  If there is no registered adder/accumulator following the multiply function, two pipeline stages are suggested to allow both the MREG and PREG registers to be used.  If the DSP48 was instantiated in the design, it is suggested to set both the MREG and PREG attributes to 1 when performing multiply functions.
Related violations: <none>

DPOP-2#9 Warning
MREG Output pipelining  
DSP design_2_i/top_awgn_0/U0/u_awgn/u_GaussianNoiseWithUnitVar/u_logImplementation/u_log/u_RangeReconstruction/Delay2_out1_reg multiplier stage design_2_i/top_awgn_0/U0/u_awgn/u_GaussianNoiseWithUnitVar/u_logImplementation/u_log/u_RangeReconstruction/Delay2_out1_reg/P[47:0] is not pipelined (MREG=0). Pipelining the multiplier function will improve performance and will save significant power so it is suggested whenever possible to fully pipeline this function.  If this multiplier was inferred, it is suggested to describe an additional register stage after this function.  If there is no registered adder/accumulator following the multiply function, two pipeline stages are suggested to allow both the MREG and PREG registers to be used.  If the DSP48 was instantiated in the design, it is suggested to set both the MREG and PREG attributes to 1 when performing multiply functions.
Related violations: <none>

DPOP-2#10 Warning
MREG Output pipelining  
DSP design_2_i/top_awgn_0/U0/u_awgn/u_GaussianNoiseWithUnitVar/u_logImplementation/u_log/u_RangeReconstruction/Product_mul_temp multiplier stage design_2_i/top_awgn_0/U0/u_awgn/u_GaussianNoiseWithUnitVar/u_logImplementation/u_log/u_RangeReconstruction/Product_mul_temp/P[47:0] is not pipelined (MREG=0). Pipelining the multiplier function will improve performance and will save significant power so it is suggested whenever possible to fully pipeline this function.  If this multiplier was inferred, it is suggested to describe an additional register stage after this function.  If there is no registered adder/accumulator following the multiply function, two pipeline stages are suggested to allow both the MREG and PREG registers to be used.  If the DSP48 was instantiated in the design, it is suggested to set both the MREG and PREG attributes to 1 when performing multiply functions.
Related violations: <none>

DPOP-2#11 Warning
MREG Output pipelining  
DSP design_2_i/top_awgn_0/U0/u_awgn/u_dBtoLinearConverter/Gain_out1 multiplier stage design_2_i/top_awgn_0/U0/u_awgn/u_dBtoLinearConverter/Gain_out1/P[47:0] is not pipelined (MREG=0). Pipelining the multiplier function will improve performance and will save significant power so it is suggested whenever possible to fully pipeline this function.  If this multiplier was inferred, it is suggested to describe an additional register stage after this function.  If there is no registered adder/accumulator following the multiply function, two pipeline stages are suggested to allow both the MREG and PREG registers to be used.  If the DSP48 was instantiated in the design, it is suggested to set both the MREG and PREG attributes to 1 when performing multiply functions.
Related violations: <none>

DPOP-2#12 Warning
MREG Output pipelining  
DSP design_2_i/vcsel_top_0/U0/u_iir/ARG__0 multiplier stage design_2_i/vcsel_top_0/U0/u_iir/ARG__0/P[47:0] is not pipelined (MREG=0). Pipelining the multiplier function will improve performance and will save significant power so it is suggested whenever possible to fully pipeline this function.  If this multiplier was inferred, it is suggested to describe an additional register stage after this function.  If there is no registered adder/accumulator following the multiply function, two pipeline stages are suggested to allow both the MREG and PREG registers to be used.  If the DSP48 was instantiated in the design, it is suggested to set both the MREG and PREG attributes to 1 when performing multiply functions.
Related violations: <none>

DPOP-2#13 Warning
MREG Output pipelining  
DSP design_2_i/vcsel_top_0/U0/u_iir/ARG__1 multiplier stage design_2_i/vcsel_top_0/U0/u_iir/ARG__1/P[47:0] is not pipelined (MREG=0). Pipelining the multiplier function will improve performance and will save significant power so it is suggested whenever possible to fully pipeline this function.  If this multiplier was inferred, it is suggested to describe an additional register stage after this function.  If there is no registered adder/accumulator following the multiply function, two pipeline stages are suggested to allow both the MREG and PREG registers to be used.  If the DSP48 was instantiated in the design, it is suggested to set both the MREG and PREG attributes to 1 when performing multiply functions.
Related violations: <none>

REQP-1577#1 Warning
Clock output buffering  
MMCME2_ADV connectivity violation. The signal design_2_i/ZmodScopeController_0/U0/InstDataPath/DcoPLL_Clk2 on the design_2_i/ZmodScopeController_0/U0/InstDataPath/MMCME2_ADV_inst/CLKOUT2 pin of design_2_i/ZmodScopeController_0/U0/InstDataPath/MMCME2_ADV_inst does not drive the same kind of BUFFER load as the other CLKOUT pins. Routing from the different buffer types will not be phase aligned.
Related violations: <none>

REQP-1577#2 Warning
Clock output buffering  
MMCME2_ADV connectivity violation. The signal design_2_i/ZmodScopeController_0/U0/InstDataPath/FboutDcoClk on the design_2_i/ZmodScopeController_0/U0/InstDataPath/MMCME2_ADV_inst/CLKFBOUT pin of design_2_i/ZmodScopeController_0/U0/InstDataPath/MMCME2_ADV_inst does not drive the same kind of BUFFER load as the other CLKOUT pins. Routing from the different buffer types will not be phase aligned and therefore zero hold time at the IO flip-flop(s) may not be met.
Related violations: <none>


