Copyright 1986-2022 Xilinx, Inc. All Rights Reserved. Copyright 2022-2024 Advanced Micro Devices, Inc. All Rights Reserved.
--------------------------------------------------------------------------------------------------------------------------------------------------------------------------------------
| Tool Version : Vivado v.2024.2 (win64) Build 5239630 Fri Nov 08 22:35:27 MST 2024
| Date         : Wed May 13 17:50:27 2026
| Host         : FY-6302-10 running 64-bit major release  (build 9200)
| Command      : report_methodology -file design_2_wrapper_methodology_drc_routed.rpt -pb design_2_wrapper_methodology_drc_routed.pb -rpx design_2_wrapper_methodology_drc_routed.rpx
| Design       : design_2_wrapper
| Device       : xc7z020clg484-1
| Speed File   : -1
| Design State : Fully Routed
--------------------------------------------------------------------------------------------------------------------------------------------------------------------------------------

Report Methodology

Table of Contents
-----------------
1. REPORT SUMMARY
2. REPORT DETAILS

1. REPORT SUMMARY
-----------------
            Netlist: netlist
          Floorplan: design_1
      Design limits: <entire design considered>
             Max checks: <unlimited>
             Checks found: 115
+-----------+------------------+------------------------------------------------------------------+--------+
| Rule      | Severity         | Description                                                      | Checks |
+-----------+------------------+------------------------------------------------------------------+--------+
| TIMING-4  | Critical Warning | Invalid primary clock redefinition on a clock tree               | 1      |
| TIMING-6  | Critical Warning | No common primary clock between related clocks                   | 1      |
| TIMING-7  | Critical Warning | No common node between related clocks                            | 1      |
| TIMING-27 | Critical Warning | Invalid primary clock on hierarchical pin                        | 1      |
| CKLD-2    | Warning          | Clock Net has IO Driver, not a Clock Buf, and/or non-Clock loads | 1      |
| DPIR-1    | Warning          | Asynchronous driver check                                        | 39     |
| LUTAR-1   | Warning          | LUT drives async reset alert                                     | 4      |
| TIMING-18 | Warning          | Missing input or output delay                                    | 30     |
| XDCB-5    | Warning          | Runtime inefficient way to find pin objects                      | 37     |
+-----------+------------------+------------------------------------------------------------------+--------+

2. REPORT DETAILS
-----------------
TIMING-4#1 Critical Warning
Invalid primary clock redefinition on a clock tree  
Invalid clock redefinition on a clock tree. The primary clock design_2_i/clk_wiz_0/inst/clk_in1 is defined downstream of clock clk_fpga_0 and overrides its insertion delay and/or waveform definition
Related violations: <none>

TIMING-6#1 Critical Warning
No common primary clock between related clocks  
The clocks clk_fpga_0 and design_2_ZmodAWGController_0_0_ZmodDAC_ClkIO are related (timed together) but they have no common primary clock. The design could fail in hardware. To find a timing path between these clocks, run the following command: report_timing -from [get_clocks clk_fpga_0] -to [get_clocks design_2_ZmodAWGController_0_0_ZmodDAC_ClkIO]
Related violations: <none>

TIMING-7#1 Critical Warning
No common node between related clocks  
The clocks clk_fpga_0 and design_2_ZmodAWGController_0_0_ZmodDAC_ClkIO are related (timed together) but they have no common node. The design could fail in hardware. To find a timing path between these clocks, run the following command: report_timing -from [get_clocks clk_fpga_0] -to [get_clocks design_2_ZmodAWGController_0_0_ZmodDAC_ClkIO]
Related violations: <none>

TIMING-27#1 Critical Warning
Invalid primary clock on hierarchical pin  
A primary clock design_2_i/clk_wiz_0/inst/clk_in1 is created on an inappropriate internal pin design_2_i/clk_wiz_0/inst/clk_in1. It is not recommended to create a primary clock on a hierarchical pin when its driver pin has a fanout connected to multiple clock pins
Related violations: <none>

CKLD-2#1 Warning
Clock Net has IO Driver, not a Clock Buf, and/or non-Clock loads  
Clock net sys_clk_IBUF is directly driven by an IO rather than a Clock Buffer or may be an IO driving a mix of Clock Buffer and non-Clock loads. This connectivity should be reviewed and corrected as appropriate. Driver(s): design_2_i/sys_clk, sys_clk_IBUF_inst/O
Related violations: <none>

DPIR-1#1 Warning
Asynchronous driver check  
DSP design_2_i/ZmodAWGController_0/U0/InstCh2DAC_Calibration/cCalibMult0 input pin design_2_i/ZmodAWGController_0/U0/InstCh2DAC_Calibration/cCalibMult0/A[10] is connected to registers with an asynchronous reset. This is preventing the possibility of merging these registers in to the DSP Block since the DSP block registers only possess synchronous reset capability.  It is suggested to recode or change these registers to remove the reset or use a synchronous reset to get the best optimization for performance, power and area.
Related violations: <none>

DPIR-1#2 Warning
Asynchronous driver check  
DSP design_2_i/ZmodAWGController_0/U0/InstCh2DAC_Calibration/cCalibMult0 input pin design_2_i/ZmodAWGController_0/U0/InstCh2DAC_Calibration/cCalibMult0/A[11] is connected to registers with an asynchronous reset. This is preventing the possibility of merging these registers in to the DSP Block since the DSP block registers only possess synchronous reset capability.  It is suggested to recode or change these registers to remove the reset or use a synchronous reset to get the best optimization for performance, power and area.
Related violations: <none>

DPIR-1#3 Warning
Asynchronous driver check  
DSP design_2_i/ZmodAWGController_0/U0/InstCh2DAC_Calibration/cCalibMult0 input pin design_2_i/ZmodAWGController_0/U0/InstCh2DAC_Calibration/cCalibMult0/A[12] is connected to registers with an asynchronous reset. This is preventing the possibility of merging these registers in to the DSP Block since the DSP block registers only possess synchronous reset capability.  It is suggested to recode or change these registers to remove the reset or use a synchronous reset to get the best optimization for performance, power and area.
Related violations: <none>

DPIR-1#4 Warning
Asynchronous driver check  
DSP design_2_i/ZmodAWGController_0/U0/InstCh2DAC_Calibration/cCalibMult0 input pin design_2_i/ZmodAWGController_0/U0/InstCh2DAC_Calibration/cCalibMult0/A[13] is connected to registers with an asynchronous reset. This is preventing the possibility of merging these registers in to the DSP Block since the DSP block registers only possess synchronous reset capability.  It is suggested to recode or change these registers to remove the reset or use a synchronous reset to get the best optimization for performance, power and area.
Related violations: <none>

DPIR-1#5 Warning
Asynchronous driver check  
DSP design_2_i/ZmodAWGController_0/U0/InstCh2DAC_Calibration/cCalibMult0 input pin design_2_i/ZmodAWGController_0/U0/InstCh2DAC_Calibration/cCalibMult0/A[14] is connected to registers with an asynchronous reset. This is preventing the possibility of merging these registers in to the DSP Block since the DSP block registers only possess synchronous reset capability.  It is suggested to recode or change these registers to remove the reset or use a synchronous reset to get the best optimization for performance, power and area.
Related violations: <none>

DPIR-1#6 Warning
Asynchronous driver check  
DSP design_2_i/ZmodAWGController_0/U0/InstCh2DAC_Calibration/cCalibMult0 input pin design_2_i/ZmodAWGController_0/U0/InstCh2DAC_Calibration/cCalibMult0/A[15] is connected to registers with an asynchronous reset. This is preventing the possibility of merging these registers in to the DSP Block since the DSP block registers only possess synchronous reset capability.  It is suggested to recode or change these registers to remove the reset or use a synchronous reset to get the best optimization for performance, power and area.
Related violations: <none>

DPIR-1#7 Warning
Asynchronous driver check  
DSP design_2_i/ZmodAWGController_0/U0/InstCh2DAC_Calibration/cCalibMult0 input pin design_2_i/ZmodAWGController_0/U0/InstCh2DAC_Calibration/cCalibMult0/A[16] is connected to registers with an asynchronous reset. This is preventing the possibility of merging these registers in to the DSP Block since the DSP block registers only possess synchronous reset capability.  It is suggested to recode or change these registers to remove the reset or use a synchronous reset to get the best optimization for performance, power and area.
Related violations: <none>

DPIR-1#8 Warning
Asynchronous driver check  
DSP design_2_i/ZmodAWGController_0/U0/InstCh2DAC_Calibration/cCalibMult0 input pin design_2_i/ZmodAWGController_0/U0/InstCh2DAC_Calibration/cCalibMult0/A[4] is connected to registers with an asynchronous reset. This is preventing the possibility of merging these registers in to the DSP Block since the DSP block registers only possess synchronous reset capability.  It is suggested to recode or change these registers to remove the reset or use a synchronous reset to get the best optimization for performance, power and area.
Related violations: <none>

DPIR-1#9 Warning
Asynchronous driver check  
DSP design_2_i/ZmodAWGController_0/U0/InstCh2DAC_Calibration/cCalibMult0 input pin design_2_i/ZmodAWGController_0/U0/InstCh2DAC_Calibration/cCalibMult0/A[5] is connected to registers with an asynchronous reset. This is preventing the possibility of merging these registers in to the DSP Block since the DSP block registers only possess synchronous reset capability.  It is suggested to recode or change these registers to remove the reset or use a synchronous reset to get the best optimization for performance, power and area.
Related violations: <none>

DPIR-1#10 Warning
Asynchronous driver check  
DSP design_2_i/ZmodAWGController_0/U0/InstCh2DAC_Calibration/cCalibMult0 input pin design_2_i/ZmodAWGController_0/U0/InstCh2DAC_Calibration/cCalibMult0/A[6] is connected to registers with an asynchronous reset. This is preventing the possibility of merging these registers in to the DSP Block since the DSP block registers only possess synchronous reset capability.  It is suggested to recode or change these registers to remove the reset or use a synchronous reset to get the best optimization for performance, power and area.
Related violations: <none>

DPIR-1#11 Warning
Asynchronous driver check  
DSP design_2_i/ZmodAWGController_0/U0/InstCh2DAC_Calibration/cCalibMult0 input pin design_2_i/ZmodAWGController_0/U0/InstCh2DAC_Calibration/cCalibMult0/A[7] is connected to registers with an asynchronous reset. This is preventing the possibility of merging these registers in to the DSP Block since the DSP block registers only possess synchronous reset capability.  It is suggested to recode or change these registers to remove the reset or use a synchronous reset to get the best optimization for performance, power and area.
Related violations: <none>

DPIR-1#12 Warning
Asynchronous driver check  
DSP design_2_i/ZmodAWGController_0/U0/InstCh2DAC_Calibration/cCalibMult0 input pin design_2_i/ZmodAWGController_0/U0/InstCh2DAC_Calibration/cCalibMult0/A[8] is connected to registers with an asynchronous reset. This is preventing the possibility of merging these registers in to the DSP Block since the DSP block registers only possess synchronous reset capability.  It is suggested to recode or change these registers to remove the reset or use a synchronous reset to get the best optimization for performance, power and area.
Related violations: <none>

DPIR-1#13 Warning
Asynchronous driver check  
DSP design_2_i/ZmodAWGController_0/U0/InstCh2DAC_Calibration/cCalibMult0 input pin design_2_i/ZmodAWGController_0/U0/InstCh2DAC_Calibration/cCalibMult0/A[9] is connected to registers with an asynchronous reset. This is preventing the possibility of merging these registers in to the DSP Block since the DSP block registers only possess synchronous reset capability.  It is suggested to recode or change these registers to remove the reset or use a synchronous reset to get the best optimization for performance, power and area.
Related violations: <none>

DPIR-1#14 Warning
Asynchronous driver check  
DSP design_2_i/ZmodScopeController_0/U0/InstCh2ADC_Calibration/cCalibMult0 input pin design_2_i/ZmodScopeController_0/U0/InstCh2ADC_Calibration/cCalibMult0/A[10] is connected to registers with an asynchronous reset. This is preventing the possibility of merging these registers in to the DSP Block since the DSP block registers only possess synchronous reset capability.  It is suggested to recode or change these registers to remove the reset or use a synchronous reset to get the best optimization for performance, power and area.
Related violations: <none>

DPIR-1#15 Warning
Asynchronous driver check  
DSP design_2_i/ZmodScopeController_0/U0/InstCh2ADC_Calibration/cCalibMult0 input pin design_2_i/ZmodScopeController_0/U0/InstCh2ADC_Calibration/cCalibMult0/A[11] is connected to registers with an asynchronous reset. This is preventing the possibility of merging these registers in to the DSP Block since the DSP block registers only possess synchronous reset capability.  It is suggested to recode or change these registers to remove the reset or use a synchronous reset to get the best optimization for performance, power and area.
Related violations: <none>

DPIR-1#16 Warning
Asynchronous driver check  
DSP design_2_i/ZmodScopeController_0/U0/InstCh2ADC_Calibration/cCalibMult0 input pin design_2_i/ZmodScopeController_0/U0/InstCh2ADC_Calibration/cCalibMult0/A[12] is connected to registers with an asynchronous reset. This is preventing the possibility of merging these registers in to the DSP Block since the DSP block registers only possess synchronous reset capability.  It is suggested to recode or change these registers to remove the reset or use a synchronous reset to get the best optimization for performance, power and area.
Related violations: <none>

DPIR-1#17 Warning
Asynchronous driver check  
DSP design_2_i/ZmodScopeController_0/U0/InstCh2ADC_Calibration/cCalibMult0 input pin design_2_i/ZmodScopeController_0/U0/InstCh2ADC_Calibration/cCalibMult0/A[13] is connected to registers with an asynchronous reset. This is preventing the possibility of merging these registers in to the DSP Block since the DSP block registers only possess synchronous reset capability.  It is suggested to recode or change these registers to remove the reset or use a synchronous reset to get the best optimization for performance, power and area.
Related violations: <none>

DPIR-1#18 Warning
Asynchronous driver check  
DSP design_2_i/ZmodScopeController_0/U0/InstCh2ADC_Calibration/cCalibMult0 input pin design_2_i/ZmodScopeController_0/U0/InstCh2ADC_Calibration/cCalibMult0/A[14] is connected to registers with an asynchronous reset. This is preventing the possibility of merging these registers in to the DSP Block since the DSP block registers only possess synchronous reset capability.  It is suggested to recode or change these registers to remove the reset or use a synchronous reset to get the best optimization for performance, power and area.
Related violations: <none>

DPIR-1#19 Warning
Asynchronous driver check  
DSP design_2_i/ZmodScopeController_0/U0/InstCh2ADC_Calibration/cCalibMult0 input pin design_2_i/ZmodScopeController_0/U0/InstCh2ADC_Calibration/cCalibMult0/A[15] is connected to registers with an asynchronous reset. This is preventing the possibility of merging these registers in to the DSP Block since the DSP block registers only possess synchronous reset capability.  It is suggested to recode or change these registers to remove the reset or use a synchronous reset to get the best optimization for performance, power and area.
Related violations: <none>

DPIR-1#20 Warning
Asynchronous driver check  
DSP design_2_i/ZmodScopeController_0/U0/InstCh2ADC_Calibration/cCalibMult0 input pin design_2_i/ZmodScopeController_0/U0/InstCh2ADC_Calibration/cCalibMult0/A[16] is connected to registers with an asynchronous reset. This is preventing the possibility of merging these registers in to the DSP Block since the DSP block registers only possess synchronous reset capability.  It is suggested to recode or change these registers to remove the reset or use a synchronous reset to get the best optimization for performance, power and area.
Related violations: <none>

DPIR-1#21 Warning
Asynchronous driver check  
DSP design_2_i/ZmodScopeController_0/U0/InstCh2ADC_Calibration/cCalibMult0 input pin design_2_i/ZmodScopeController_0/U0/InstCh2ADC_Calibration/cCalibMult0/A[17] is connected to registers with an asynchronous reset. This is preventing the possibility of merging these registers in to the DSP Block since the DSP block registers only possess synchronous reset capability.  It is suggested to recode or change these registers to remove the reset or use a synchronous reset to get the best optimization for performance, power and area.
Related violations: <none>

DPIR-1#22 Warning
Asynchronous driver check  
DSP design_2_i/ZmodScopeController_0/U0/InstCh2ADC_Calibration/cCalibMult0 input pin design_2_i/ZmodScopeController_0/U0/InstCh2ADC_Calibration/cCalibMult0/A[18] is connected to registers with an asynchronous reset. This is preventing the possibility of merging these registers in to the DSP Block since the DSP block registers only possess synchronous reset capability.  It is suggested to recode or change these registers to remove the reset or use a synchronous reset to get the best optimization for performance, power and area.
Related violations: <none>

DPIR-1#23 Warning
Asynchronous driver check  
DSP design_2_i/ZmodScopeController_0/U0/InstCh2ADC_Calibration/cCalibMult0 input pin design_2_i/ZmodScopeController_0/U0/InstCh2ADC_Calibration/cCalibMult0/A[19] is connected to registers with an asynchronous reset. This is preventing the possibility of merging these registers in to the DSP Block since the DSP block registers only possess synchronous reset capability.  It is suggested to recode or change these registers to remove the reset or use a synchronous reset to get the best optimization for performance, power and area.
Related violations: <none>

DPIR-1#24 Warning
Asynchronous driver check  
DSP design_2_i/ZmodScopeController_0/U0/InstCh2ADC_Calibration/cCalibMult0 input pin design_2_i/ZmodScopeController_0/U0/InstCh2ADC_Calibration/cCalibMult0/A[20] is connected to registers with an asynchronous reset. This is preventing the possibility of merging these registers in to the DSP Block since the DSP block registers only possess synchronous reset capability.  It is suggested to recode or change these registers to remove the reset or use a synchronous reset to get the best optimization for performance, power and area.
Related violations: <none>

DPIR-1#25 Warning
Asynchronous driver check  
DSP design_2_i/ZmodScopeController_0/U0/InstCh2ADC_Calibration/cCalibMult0 input pin design_2_i/ZmodScopeController_0/U0/InstCh2ADC_Calibration/cCalibMult0/A[21] is connected to registers with an asynchronous reset. This is preventing the possibility of merging these registers in to the DSP Block since the DSP block registers only possess synchronous reset capability.  It is suggested to recode or change these registers to remove the reset or use a synchronous reset to get the best optimization for performance, power and area.
Related violations: <none>

DPIR-1#26 Warning
Asynchronous driver check  
DSP design_2_i/ZmodScopeController_0/U0/InstCh2ADC_Calibration/cCalibMult0 input pin design_2_i/ZmodScopeController_0/U0/InstCh2ADC_Calibration/cCalibMult0/A[22] is connected to registers with an asynchronous reset. This is preventing the possibility of merging these registers in to the DSP Block since the DSP block registers only possess synchronous reset capability.  It is suggested to recode or change these registers to remove the reset or use a synchronous reset to get the best optimization for performance, power and area.
Related violations: <none>

DPIR-1#27 Warning
Asynchronous driver check  
DSP design_2_i/ZmodScopeController_0/U0/InstCh2ADC_Calibration/cCalibMult0 input pin design_2_i/ZmodScopeController_0/U0/InstCh2ADC_Calibration/cCalibMult0/A[23] is connected to registers with an asynchronous reset. This is preventing the possibility of merging these registers in to the DSP Block since the DSP block registers only possess synchronous reset capability.  It is suggested to recode or change these registers to remove the reset or use a synchronous reset to get the best optimization for performance, power and area.
Related violations: <none>

DPIR-1#28 Warning
Asynchronous driver check  
DSP design_2_i/ZmodScopeController_0/U0/InstCh2ADC_Calibration/cCalibMult0 input pin design_2_i/ZmodScopeController_0/U0/InstCh2ADC_Calibration/cCalibMult0/A[24] is connected to registers with an asynchronous reset. This is preventing the possibility of merging these registers in to the DSP Block since the DSP block registers only possess synchronous reset capability.  It is suggested to recode or change these registers to remove the reset or use a synchronous reset to get the best optimization for performance, power and area.
Related violations: <none>

DPIR-1#29 Warning
Asynchronous driver check  
DSP design_2_i/ZmodScopeController_0/U0/InstCh2ADC_Calibration/cCalibMult0 input pin design_2_i/ZmodScopeController_0/U0/InstCh2ADC_Calibration/cCalibMult0/A[25] is connected to registers with an asynchronous reset. This is preventing the possibility of merging these registers in to the DSP Block since the DSP block registers only possess synchronous reset capability.  It is suggested to recode or change these registers to remove the reset or use a synchronous reset to get the best optimization for performance, power and area.
Related violations: <none>

DPIR-1#30 Warning
Asynchronous driver check  
DSP design_2_i/ZmodScopeController_0/U0/InstCh2ADC_Calibration/cCalibMult0 input pin design_2_i/ZmodScopeController_0/U0/InstCh2ADC_Calibration/cCalibMult0/A[26] is connected to registers with an asynchronous reset. This is preventing the possibility of merging these registers in to the DSP Block since the DSP block registers only possess synchronous reset capability.  It is suggested to recode or change these registers to remove the reset or use a synchronous reset to get the best optimization for performance, power and area.
Related violations: <none>

DPIR-1#31 Warning
Asynchronous driver check  
DSP design_2_i/ZmodScopeController_0/U0/InstCh2ADC_Calibration/cCalibMult0 input pin design_2_i/ZmodScopeController_0/U0/InstCh2ADC_Calibration/cCalibMult0/A[27] is connected to registers with an asynchronous reset. This is preventing the possibility of merging these registers in to the DSP Block since the DSP block registers only possess synchronous reset capability.  It is suggested to recode or change these registers to remove the reset or use a synchronous reset to get the best optimization for performance, power and area.
Related violations: <none>

DPIR-1#32 Warning
Asynchronous driver check  
DSP design_2_i/ZmodScopeController_0/U0/InstCh2ADC_Calibration/cCalibMult0 input pin design_2_i/ZmodScopeController_0/U0/InstCh2ADC_Calibration/cCalibMult0/A[28] is connected to registers with an asynchronous reset. This is preventing the possibility of merging these registers in to the DSP Block since the DSP block registers only possess synchronous reset capability.  It is suggested to recode or change these registers to remove the reset or use a synchronous reset to get the best optimization for performance, power and area.
Related violations: <none>

DPIR-1#33 Warning
Asynchronous driver check  
DSP design_2_i/ZmodScopeController_0/U0/InstCh2ADC_Calibration/cCalibMult0 input pin design_2_i/ZmodScopeController_0/U0/InstCh2ADC_Calibration/cCalibMult0/A[29] is connected to registers with an asynchronous reset. This is preventing the possibility of merging these registers in to the DSP Block since the DSP block registers only possess synchronous reset capability.  It is suggested to recode or change these registers to remove the reset or use a synchronous reset to get the best optimization for performance, power and area.
Related violations: <none>

DPIR-1#34 Warning
Asynchronous driver check  
DSP design_2_i/ZmodScopeController_0/U0/InstCh2ADC_Calibration/cCalibMult0 input pin design_2_i/ZmodScopeController_0/U0/InstCh2ADC_Calibration/cCalibMult0/A[4] is connected to registers with an asynchronous reset. This is preventing the possibility of merging these registers in to the DSP Block since the DSP block registers only possess synchronous reset capability.  It is suggested to recode or change these registers to remove the reset or use a synchronous reset to get the best optimization for performance, power and area.
Related violations: <none>

DPIR-1#35 Warning
Asynchronous driver check  
DSP design_2_i/ZmodScopeController_0/U0/InstCh2ADC_Calibration/cCalibMult0 input pin design_2_i/ZmodScopeController_0/U0/InstCh2ADC_Calibration/cCalibMult0/A[5] is connected to registers with an asynchronous reset. This is preventing the possibility of merging these registers in to the DSP Block since the DSP block registers only possess synchronous reset capability.  It is suggested to recode or change these registers to remove the reset or use a synchronous reset to get the best optimization for performance, power and area.
Related violations: <none>

DPIR-1#36 Warning
Asynchronous driver check  
DSP design_2_i/ZmodScopeController_0/U0/InstCh2ADC_Calibration/cCalibMult0 input pin design_2_i/ZmodScopeController_0/U0/InstCh2ADC_Calibration/cCalibMult0/A[6] is connected to registers with an asynchronous reset. This is preventing the possibility of merging these registers in to the DSP Block since the DSP block registers only possess synchronous reset capability.  It is suggested to recode or change these registers to remove the reset or use a synchronous reset to get the best optimization for performance, power and area.
Related violations: <none>

DPIR-1#37 Warning
Asynchronous driver check  
DSP design_2_i/ZmodScopeController_0/U0/InstCh2ADC_Calibration/cCalibMult0 input pin design_2_i/ZmodScopeController_0/U0/InstCh2ADC_Calibration/cCalibMult0/A[7] is connected to registers with an asynchronous reset. This is preventing the possibility of merging these registers in to the DSP Block since the DSP block registers only possess synchronous reset capability.  It is suggested to recode or change these registers to remove the reset or use a synchronous reset to get the best optimization for performance, power and area.
Related violations: <none>

DPIR-1#38 Warning
Asynchronous driver check  
DSP design_2_i/ZmodScopeController_0/U0/InstCh2ADC_Calibration/cCalibMult0 input pin design_2_i/ZmodScopeController_0/U0/InstCh2ADC_Calibration/cCalibMult0/A[8] is connected to registers with an asynchronous reset. This is preventing the possibility of merging these registers in to the DSP Block since the DSP block registers only possess synchronous reset capability.  It is suggested to recode or change these registers to remove the reset or use a synchronous reset to get the best optimization for performance, power and area.
Related violations: <none>

DPIR-1#39 Warning
Asynchronous driver check  
DSP design_2_i/ZmodScopeController_0/U0/InstCh2ADC_Calibration/cCalibMult0 input pin design_2_i/ZmodScopeController_0/U0/InstCh2ADC_Calibration/cCalibMult0/A[9] is connected to registers with an asynchronous reset. This is preventing the possibility of merging these registers in to the DSP Block since the DSP block registers only possess synchronous reset capability.  It is suggested to recode or change these registers to remove the reset or use a synchronous reset to get the best optimization for performance, power and area.
Related violations: <none>

LUTAR-1#1 Warning
LUT drives async reset alert  
LUT cell dbg_hub/inst/BSCANID.u_xsdbm_id/CORE_XSDB.UUT_MASTER/U_ICON_INTERFACE/U_CMD6_RD/U_RD_FIFO/SUBCORE_FIFO.xsdbm_v3_0_3_rdfifo_inst/inst_fifo_gen/gconvfifo.rf/grf.rf/rstblk/ngwrdrst.grst.g7serrst.gwrrd_rst_sync_stage[2].rrst_inst/ngwrdrst.grst.g7serrst.rd_rst_reg[2]_i_1, with 2 or more inputs, drives asynchronous preset/clear pin(s) dbg_hub/inst/BSCANID.u_xsdbm_id/CORE_XSDB.UUT_MASTER/U_ICON_INTERFACE/U_CMD6_RD/U_RD_FIFO/SUBCORE_FIFO.xsdbm_v3_0_3_rdfifo_inst/inst_fifo_gen/gconvfifo.rf/grf.rf/rstblk/ngwrdrst.grst.g7serrst.rd_rst_reg_reg[0]/PRE,
dbg_hub/inst/BSCANID.u_xsdbm_id/CORE_XSDB.UUT_MASTER/U_ICON_INTERFACE/U_CMD6_RD/U_RD_FIFO/SUBCORE_FIFO.xsdbm_v3_0_3_rdfifo_inst/inst_fifo_gen/gconvfifo.rf/grf.rf/rstblk/ngwrdrst.grst.g7serrst.rd_rst_reg_reg[1]/PRE
dbg_hub/inst/BSCANID.u_xsdbm_id/CORE_XSDB.UUT_MASTER/U_ICON_INTERFACE/U_CMD6_RD/U_RD_FIFO/SUBCORE_FIFO.xsdbm_v3_0_3_rdfifo_inst/inst_fifo_gen/gconvfifo.rf/grf.rf/rstblk/ngwrdrst.grst.g7serrst.rd_rst_reg_reg[2]/PRE. The LUT may glitch and trigger an unexpected reset, even if it is a properly timed path.
Related violations: <none>

LUTAR-1#2 Warning
LUT drives async reset alert  
LUT cell dbg_hub/inst/BSCANID.u_xsdbm_id/CORE_XSDB.UUT_MASTER/U_ICON_INTERFACE/U_CMD6_RD/U_RD_FIFO/SUBCORE_FIFO.xsdbm_v3_0_3_rdfifo_inst/inst_fifo_gen/gconvfifo.rf/grf.rf/rstblk/ngwrdrst.grst.g7serrst.gwrrd_rst_sync_stage[2].wrst_inst/ngwrdrst.grst.g7serrst.wr_rst_reg[2]_i_1, with 2 or more inputs, drives asynchronous preset/clear pin(s) dbg_hub/inst/BSCANID.u_xsdbm_id/CORE_XSDB.UUT_MASTER/U_ICON_INTERFACE/U_CMD6_RD/U_RD_FIFO/SUBCORE_FIFO.xsdbm_v3_0_3_rdfifo_inst/inst_fifo_gen/gconvfifo.rf/grf.rf/rstblk/ngwrdrst.grst.g7serrst.wr_rst_reg_reg[0]/PRE,
dbg_hub/inst/BSCANID.u_xsdbm_id/CORE_XSDB.UUT_MASTER/U_ICON_INTERFACE/U_CMD6_RD/U_RD_FIFO/SUBCORE_FIFO.xsdbm_v3_0_3_rdfifo_inst/inst_fifo_gen/gconvfifo.rf/grf.rf/rstblk/ngwrdrst.grst.g7serrst.wr_rst_reg_reg[1]/PRE
dbg_hub/inst/BSCANID.u_xsdbm_id/CORE_XSDB.UUT_MASTER/U_ICON_INTERFACE/U_CMD6_RD/U_RD_FIFO/SUBCORE_FIFO.xsdbm_v3_0_3_rdfifo_inst/inst_fifo_gen/gconvfifo.rf/grf.rf/rstblk/ngwrdrst.grst.g7serrst.wr_rst_reg_reg[2]/PRE. The LUT may glitch and trigger an unexpected reset, even if it is a properly timed path.
Related violations: <none>

LUTAR-1#3 Warning
LUT drives async reset alert  
LUT cell dbg_hub/inst/BSCANID.u_xsdbm_id/CORE_XSDB.UUT_MASTER/U_ICON_INTERFACE/U_CMD6_WR/U_WR_FIFO/SUBCORE_FIFO.xsdbm_v3_0_3_wrfifo_inst/inst_fifo_gen/gconvfifo.rf/grf.rf/rstblk/ngwrdrst.grst.g7serrst.gwrrd_rst_sync_stage[2].rrst_inst/ngwrdrst.grst.g7serrst.rd_rst_reg[2]_i_1, with 2 or more inputs, drives asynchronous preset/clear pin(s) dbg_hub/inst/BSCANID.u_xsdbm_id/CORE_XSDB.UUT_MASTER/U_ICON_INTERFACE/U_CMD6_WR/U_WR_FIFO/SUBCORE_FIFO.xsdbm_v3_0_3_wrfifo_inst/inst_fifo_gen/gconvfifo.rf/grf.rf/rstblk/ngwrdrst.grst.g7serrst.rd_rst_reg_reg[0]/PRE,
dbg_hub/inst/BSCANID.u_xsdbm_id/CORE_XSDB.UUT_MASTER/U_ICON_INTERFACE/U_CMD6_WR/U_WR_FIFO/SUBCORE_FIFO.xsdbm_v3_0_3_wrfifo_inst/inst_fifo_gen/gconvfifo.rf/grf.rf/rstblk/ngwrdrst.grst.g7serrst.rd_rst_reg_reg[1]/PRE
dbg_hub/inst/BSCANID.u_xsdbm_id/CORE_XSDB.UUT_MASTER/U_ICON_INTERFACE/U_CMD6_WR/U_WR_FIFO/SUBCORE_FIFO.xsdbm_v3_0_3_wrfifo_inst/inst_fifo_gen/gconvfifo.rf/grf.rf/rstblk/ngwrdrst.grst.g7serrst.rd_rst_reg_reg[2]/PRE. The LUT may glitch and trigger an unexpected reset, even if it is a properly timed path.
Related violations: <none>

LUTAR-1#4 Warning
LUT drives async reset alert  
LUT cell dbg_hub/inst/BSCANID.u_xsdbm_id/CORE_XSDB.UUT_MASTER/U_ICON_INTERFACE/U_CMD6_WR/U_WR_FIFO/SUBCORE_FIFO.xsdbm_v3_0_3_wrfifo_inst/inst_fifo_gen/gconvfifo.rf/grf.rf/rstblk/ngwrdrst.grst.g7serrst.gwrrd_rst_sync_stage[2].wrst_inst/ngwrdrst.grst.g7serrst.wr_rst_reg[2]_i_1, with 2 or more inputs, drives asynchronous preset/clear pin(s) dbg_hub/inst/BSCANID.u_xsdbm_id/CORE_XSDB.UUT_MASTER/U_ICON_INTERFACE/U_CMD6_WR/U_WR_FIFO/SUBCORE_FIFO.xsdbm_v3_0_3_wrfifo_inst/inst_fifo_gen/gconvfifo.rf/grf.rf/rstblk/ngwrdrst.grst.g7serrst.wr_rst_reg_reg[0]/PRE,
dbg_hub/inst/BSCANID.u_xsdbm_id/CORE_XSDB.UUT_MASTER/U_ICON_INTERFACE/U_CMD6_WR/U_WR_FIFO/SUBCORE_FIFO.xsdbm_v3_0_3_wrfifo_inst/inst_fifo_gen/gconvfifo.rf/grf.rf/rstblk/ngwrdrst.grst.g7serrst.wr_rst_reg_reg[1]/PRE
dbg_hub/inst/BSCANID.u_xsdbm_id/CORE_XSDB.UUT_MASTER/U_ICON_INTERFACE/U_CMD6_WR/U_WR_FIFO/SUBCORE_FIFO.xsdbm_v3_0_3_wrfifo_inst/inst_fifo_gen/gconvfifo.rf/grf.rf/rstblk/ngwrdrst.grst.g7serrst.wr_rst_reg_reg[2]/PRE. The LUT may glitch and trigger an unexpected reset, even if it is a properly timed path.
Related violations: <none>

TIMING-18#1 Warning
Missing input or output delay  
An input delay is missing on sZmodADC_SDIO_0 relative to the rising and/or falling clock edge(s) of clk_fpga_0.
Related violations: <none>

TIMING-18#2 Warning
Missing input or output delay  
An input delay is missing on sZmodDAC_SDIO_0 relative to the rising and/or falling clock edge(s) of clk_fpga_0.
Related violations: <none>

TIMING-18#3 Warning
Missing input or output delay  
An output delay is missing on dZmodDAC_Data_0[0] relative to the rising and/or falling clock edge(s) of design_2_ZmodScopeController_0_2_ZmodAdcClkIn.
Related violations: <none>

TIMING-18#4 Warning
Missing input or output delay  
An output delay is missing on dZmodDAC_Data_0[10] relative to the rising and/or falling clock edge(s) of design_2_ZmodScopeController_0_2_ZmodAdcClkIn.
Related violations: <none>

TIMING-18#5 Warning
Missing input or output delay  
An output delay is missing on dZmodDAC_Data_0[11] relative to the rising and/or falling clock edge(s) of design_2_ZmodScopeController_0_2_ZmodAdcClkIn.
Related violations: <none>

TIMING-18#6 Warning
Missing input or output delay  
An output delay is missing on dZmodDAC_Data_0[12] relative to the rising and/or falling clock edge(s) of design_2_ZmodScopeController_0_2_ZmodAdcClkIn.
Related violations: <none>

TIMING-18#7 Warning
Missing input or output delay  
An output delay is missing on dZmodDAC_Data_0[13] relative to the rising and/or falling clock edge(s) of design_2_ZmodScopeController_0_2_ZmodAdcClkIn.
Related violations: <none>

TIMING-18#8 Warning
Missing input or output delay  
An output delay is missing on dZmodDAC_Data_0[1] relative to the rising and/or falling clock edge(s) of design_2_ZmodScopeController_0_2_ZmodAdcClkIn.
Related violations: <none>

TIMING-18#9 Warning
Missing input or output delay  
An output delay is missing on dZmodDAC_Data_0[2] relative to the rising and/or falling clock edge(s) of design_2_ZmodScopeController_0_2_ZmodAdcClkIn.
Related violations: <none>

TIMING-18#10 Warning
Missing input or output delay  
An output delay is missing on dZmodDAC_Data_0[3] relative to the rising and/or falling clock edge(s) of design_2_ZmodScopeController_0_2_ZmodAdcClkIn.
Related violations: <none>

TIMING-18#11 Warning
Missing input or output delay  
An output delay is missing on dZmodDAC_Data_0[4] relative to the rising and/or falling clock edge(s) of design_2_ZmodScopeController_0_2_ZmodAdcClkIn.
Related violations: <none>

TIMING-18#12 Warning
Missing input or output delay  
An output delay is missing on dZmodDAC_Data_0[5] relative to the rising and/or falling clock edge(s) of design_2_ZmodScopeController_0_2_ZmodAdcClkIn.
Related violations: <none>

TIMING-18#13 Warning
Missing input or output delay  
An output delay is missing on dZmodDAC_Data_0[6] relative to the rising and/or falling clock edge(s) of design_2_ZmodScopeController_0_2_ZmodAdcClkIn.
Related violations: <none>

TIMING-18#14 Warning
Missing input or output delay  
An output delay is missing on dZmodDAC_Data_0[7] relative to the rising and/or falling clock edge(s) of design_2_ZmodScopeController_0_2_ZmodAdcClkIn.
Related violations: <none>

TIMING-18#15 Warning
Missing input or output delay  
An output delay is missing on dZmodDAC_Data_0[8] relative to the rising and/or falling clock edge(s) of design_2_ZmodScopeController_0_2_ZmodAdcClkIn.
Related violations: <none>

TIMING-18#16 Warning
Missing input or output delay  
An output delay is missing on dZmodDAC_Data_0[9] relative to the rising and/or falling clock edge(s) of design_2_ZmodScopeController_0_2_ZmodAdcClkIn.
Related violations: <none>

TIMING-18#17 Warning
Missing input or output delay  
An output delay is missing on iZmodSync_0 relative to the rising and/or falling clock edge(s) of design_2_ZmodScopeController_0_2_ZmodAdcClkIn.
Related violations: <none>

TIMING-18#18 Warning
Missing input or output delay  
An output delay is missing on sZmodADC_CS_0 relative to the rising and/or falling clock edge(s) of design_2_ZmodScopeController_0_2_ZmodAdcClkIn.
Related violations: <none>

TIMING-18#19 Warning
Missing input or output delay  
An output delay is missing on sZmodADC_SDIO_0 relative to the rising and/or falling clock edge(s) of design_2_ZmodScopeController_0_2_ZmodAdcClkIn.
Related violations: <none>

TIMING-18#20 Warning
Missing input or output delay  
An output delay is missing on sZmodADC_Sclk_0 relative to the rising and/or falling clock edge(s) of design_2_ZmodScopeController_0_2_ZmodAdcClkIn.
Related violations: <none>

TIMING-18#21 Warning
Missing input or output delay  
An output delay is missing on sZmodCh1CouplingL_0 relative to the rising and/or falling clock edge(s) of design_2_ZmodScopeController_0_2_ZmodAdcClkIn.
Related violations: <none>

TIMING-18#22 Warning
Missing input or output delay  
An output delay is missing on sZmodCh1GainL_0 relative to the rising and/or falling clock edge(s) of design_2_ZmodScopeController_0_2_ZmodAdcClkIn.
Related violations: <none>

TIMING-18#23 Warning
Missing input or output delay  
An output delay is missing on sZmodCh2CouplingL_0 relative to the rising and/or falling clock edge(s) of design_2_ZmodScopeController_0_2_ZmodAdcClkIn.
Related violations: <none>

TIMING-18#24 Warning
Missing input or output delay  
An output delay is missing on sZmodCh2GainL_0 relative to the rising and/or falling clock edge(s) of design_2_ZmodScopeController_0_2_ZmodAdcClkIn.
Related violations: <none>

TIMING-18#25 Warning
Missing input or output delay  
An output delay is missing on sZmodDAC_CS_0 relative to the rising and/or falling clock edge(s) of design_2_ZmodScopeController_0_2_ZmodAdcClkIn.
Related violations: <none>

TIMING-18#26 Warning
Missing input or output delay  
An output delay is missing on sZmodDAC_EnOut_0 relative to the rising and/or falling clock edge(s) of design_2_ZmodScopeController_0_2_ZmodAdcClkIn.
Related violations: <none>

TIMING-18#27 Warning
Missing input or output delay  
An output delay is missing on sZmodDAC_Reset_0 relative to the rising and/or falling clock edge(s) of design_2_ZmodScopeController_0_2_ZmodAdcClkIn.
Related violations: <none>

TIMING-18#28 Warning
Missing input or output delay  
An output delay is missing on sZmodDAC_SCLK_0 relative to the rising and/or falling clock edge(s) of design_2_ZmodScopeController_0_2_ZmodAdcClkIn.
Related violations: <none>

TIMING-18#29 Warning
Missing input or output delay  
An output delay is missing on sZmodDAC_SDIO_0 relative to the rising and/or falling clock edge(s) of design_2_ZmodScopeController_0_2_ZmodAdcClkIn.
Related violations: <none>

TIMING-18#30 Warning
Missing input or output delay  
An output delay is missing on sZmodRelayComH_0 relative to the rising and/or falling clock edge(s) of design_2_ZmodScopeController_0_2_ZmodAdcClkIn.
Related violations: <none>

XDCB-5#1 Warning
Runtime inefficient way to find pin objects  
The option '-from : [get_pins -filter {NAME =~ *InstADC_InClkReset*SyncAsync*/oSyncStages_reg[0]/C} -hier]' of constraint 'set_max_delay' uses inefficient query to find pin objects (see constraint position '84' in the Timing Constraint window in Vivado IDE). To reduce runtime, it is recommended to get the pins through the cell objects. Please refer to Using Constraints Guide (Constraints Efficiency). An example of optimal query is: get_pins -filter {REF_PIN_NAME=~yy*} -of_objects [get_cells -hierarchical xx*].
Current XDC: z:/DAT096/DAT096-krish/Embedded-System-Project-DAT096-krishna/Board_2/Board_2/Board_2.gen/sources_1/bd/design_2/ip/design_2_ZmodScopeController_0_2/ConstrsZmodADC.xdc (Line: 21)
Related violations: <none>

XDCB-5#2 Warning
Runtime inefficient way to find pin objects  
The option '-from : [get_pins -filter {NAME =~ *InstAdcSamplingReset*SyncAsync*/oSyncStages_reg[0]/C} -hier]' of constraint 'set_max_delay' uses inefficient query to find pin objects (see constraint position '83' in the Timing Constraint window in Vivado IDE). To reduce runtime, it is recommended to get the pins through the cell objects. Please refer to Using Constraints Guide (Constraints Efficiency). An example of optimal query is: get_pins -filter {REF_PIN_NAME=~yy*} -of_objects [get_cells -hierarchical xx*].
Current XDC: z:/DAT096/DAT096-krish/Embedded-System-Project-DAT096-krishna/Board_2/Board_2/Board_2.gen/sources_1/bd/design_2/ip/design_2_ZmodScopeController_0_2/ConstrsZmodADC.xdc (Line: 19)
Related violations: <none>

XDCB-5#3 Warning
Runtime inefficient way to find pin objects  
The option '-from : [get_pins -filter {NAME =~ *InstAdcSysReset*SyncAsync*/oSyncStages_reg[0]/C} -hier]' of constraint 'set_max_delay' uses inefficient query to find pin objects (see constraint position '82' in the Timing Constraint window in Vivado IDE). To reduce runtime, it is recommended to get the pins through the cell objects. Please refer to Using Constraints Guide (Constraints Efficiency). An example of optimal query is: get_pins -filter {REF_PIN_NAME=~yy*} -of_objects [get_cells -hierarchical xx*].
Current XDC: z:/DAT096/DAT096-krish/Embedded-System-Project-DAT096-krishna/Board_2/Board_2/Board_2.gen/sources_1/bd/design_2/ip/design_2_ZmodScopeController_0_2/ConstrsZmodADC.xdc (Line: 17)
Related violations: <none>

XDCB-5#4 Warning
Runtime inefficient way to find pin objects  
The option '-from : [get_pins -filter {NAME =~ *InstAdcTestModeSync*SyncAsync*/oSyncStages_reg[0]/C} -hier]' of constraint 'set_max_delay' uses inefficient query to find pin objects (see constraint position '86' in the Timing Constraint window in Vivado IDE). To reduce runtime, it is recommended to get the pins through the cell objects. Please refer to Using Constraints Guide (Constraints Efficiency). An example of optimal query is: get_pins -filter {REF_PIN_NAME=~yy*} -of_objects [get_cells -hierarchical xx*].
Current XDC: z:/DAT096/DAT096-krish/Embedded-System-Project-DAT096-krishna/Board_2/Board_2/Board_2.gen/sources_1/bd/design_2/ip/design_2_ZmodScopeController_0_2/ConstrsZmodADC.xdc (Line: 25)
Related violations: <none>

XDCB-5#5 Warning
Runtime inefficient way to find pin objects  
The option '-from : [get_pins -filter {NAME =~ *InstDacClkReset*SyncAsync*/oSyncStages_reg[0]/C} -hier]' of constraint 'set_max_delay' uses inefficient query to find pin objects (see constraint position '160' in the Timing Constraint window in Vivado IDE). To reduce runtime, it is recommended to get the pins through the cell objects. Please refer to Using Constraints Guide (Constraints Efficiency). An example of optimal query is: get_pins -filter {REF_PIN_NAME=~yy*} -of_objects [get_cells -hierarchical xx*].
Current XDC: z:/DAT096/DAT096-krish/Embedded-System-Project-DAT096-krishna/Board_2/Board_2/Board_2.gen/sources_1/bd/design_2/ip/design_2_ZmodAWGController_0_0/ConstrsZmodDAC.xdc (Line: 9)
Related violations: <none>

XDCB-5#6 Warning
Runtime inefficient way to find pin objects  
The option '-from : [get_pins -filter {NAME =~ *InstDacSamplingReset*SyncAsync*/oSyncStages_reg[0]/C} -hier]' of constraint 'set_max_delay' uses inefficient query to find pin objects (see constraint position '159' in the Timing Constraint window in Vivado IDE). To reduce runtime, it is recommended to get the pins through the cell objects. Please refer to Using Constraints Guide (Constraints Efficiency). An example of optimal query is: get_pins -filter {REF_PIN_NAME=~yy*} -of_objects [get_cells -hierarchical xx*].
Current XDC: z:/DAT096/DAT096-krish/Embedded-System-Project-DAT096-krishna/Board_2/Board_2/Board_2.gen/sources_1/bd/design_2/ip/design_2_ZmodAWGController_0_0/ConstrsZmodDAC.xdc (Line: 7)
Related violations: <none>

XDCB-5#7 Warning
Runtime inefficient way to find pin objects  
The option '-from : [get_pins -filter {NAME =~ *InstDacSysReset*SyncAsync*/oSyncStages_reg[0]/C} -hier]' of constraint 'set_max_delay' uses inefficient query to find pin objects (see constraint position '158' in the Timing Constraint window in Vivado IDE). To reduce runtime, it is recommended to get the pins through the cell objects. Please refer to Using Constraints Guide (Constraints Efficiency). An example of optimal query is: get_pins -filter {REF_PIN_NAME=~yy*} -of_objects [get_cells -hierarchical xx*].
Current XDC: z:/DAT096/DAT096-krish/Embedded-System-Project-DAT096-krishna/Board_2/Board_2/Board_2.gen/sources_1/bd/design_2/ip/design_2_ZmodAWGController_0_0/ConstrsZmodDAC.xdc (Line: 5)
Related violations: <none>

XDCB-5#8 Warning
Runtime inefficient way to find pin objects  
The option '-from : [get_pins -filter {NAME =~ *InstDacTestModeSync*SyncAsync*/oSyncStages_reg[0]/C} -hier]' of constraint 'set_max_delay' uses inefficient query to find pin objects (see constraint position '161' in the Timing Constraint window in Vivado IDE). To reduce runtime, it is recommended to get the pins through the cell objects. Please refer to Using Constraints Guide (Constraints Efficiency). An example of optimal query is: get_pins -filter {REF_PIN_NAME=~yy*} -of_objects [get_cells -hierarchical xx*].
Current XDC: z:/DAT096/DAT096-krish/Embedded-System-Project-DAT096-krishna/Board_2/Board_2/Board_2.gen/sources_1/bd/design_2/ip/design_2_ZmodAWGController_0_0/ConstrsZmodDAC.xdc (Line: 11)
Related violations: <none>

XDCB-5#9 Warning
Runtime inefficient way to find pin objects  
The option '-from : [get_pins -filter {NAME =~ *InstHandshakeInitDoneRelay*SyncAsyncPushT/oSyncStages_reg[0]/C} -hier]' of constraint 'set_max_delay' uses inefficient query to find pin objects (see constraint position '80' in the Timing Constraint window in Vivado IDE). To reduce runtime, it is recommended to get the pins through the cell objects. Please refer to Using Constraints Guide (Constraints Efficiency). An example of optimal query is: get_pins -filter {REF_PIN_NAME=~yy*} -of_objects [get_cells -hierarchical xx*].
Current XDC: z:/DAT096/DAT096-krish/Embedded-System-Project-DAT096-krishna/Board_2/Board_2/Board_2.gen/sources_1/bd/design_2/ip/design_2_ZmodScopeController_0_2/ConstrsZmodADC.xdc (Line: 15)
Related violations: <none>

XDCB-5#10 Warning
Runtime inefficient way to find pin objects  
The option '-from : [get_pins -filter {NAME =~ *InstHandshakeInitDoneRelay*SyncAsyncPushTBack*/oSyncStages_reg[0]/C} -hier]' of constraint 'set_max_delay' uses inefficient query to find pin objects (see constraint position '79' in the Timing Constraint window in Vivado IDE). To reduce runtime, it is recommended to get the pins through the cell objects. Please refer to Using Constraints Guide (Constraints Efficiency). An example of optimal query is: get_pins -filter {REF_PIN_NAME=~yy*} -of_objects [get_cells -hierarchical xx*].
Current XDC: z:/DAT096/DAT096-krish/Embedded-System-Project-DAT096-krishna/Board_2/Board_2/Board_2.gen/sources_1/bd/design_2/ip/design_2_ZmodScopeController_0_2/ConstrsZmodADC.xdc (Line: 13)
Related violations: <none>

XDCB-5#11 Warning
Runtime inefficient way to find pin objects  
The option '-from : [get_pins -filter {NAME =~ *InstHandshakeInitDoneRelay*SyncReset*SyncAsync*/oSyncStages_reg[0]/C} -hier]' of constraint 'set_max_delay' uses inefficient query to find pin objects (see constraint position '81' in the Timing Constraint window in Vivado IDE). To reduce runtime, it is recommended to get the pins through the cell objects. Please refer to Using Constraints Guide (Constraints Efficiency). An example of optimal query is: get_pins -filter {REF_PIN_NAME=~yy*} -of_objects [get_cells -hierarchical xx*].
Current XDC: z:/DAT096/DAT096-krish/Embedded-System-Project-DAT096-krishna/Board_2/Board_2/Board_2.gen/sources_1/bd/design_2/ip/design_2_ZmodScopeController_0_2/ConstrsZmodADC.xdc (Line: 16)
Related violations: <none>

XDCB-5#12 Warning
Runtime inefficient way to find pin objects  
The option '-from : [get_pins -filter {NAME =~ *InstMMCM_LockSampingClkSync*/oSyncStages_reg[0]/C} -hier]' of constraint 'set_max_delay' uses inefficient query to find pin objects (see constraint position '94' in the Timing Constraint window in Vivado IDE). To reduce runtime, it is recommended to get the pins through the cell objects. Please refer to Using Constraints Guide (Constraints Efficiency). An example of optimal query is: get_pins -filter {REF_PIN_NAME=~yy*} -of_objects [get_cells -hierarchical xx*].
Current XDC: z:/DAT096/DAT096-krish/Embedded-System-Project-DAT096-krishna/Board_2/Board_2/Board_2.gen/sources_1/bd/design_2/ip/design_2_ZmodScopeController_0_2/ConstrsZmodADC.xdc (Line: 39)
Related violations: <none>

XDCB-5#13 Warning
Runtime inefficient way to find pin objects  
The option '-from : [get_pins -filter {NAME =~ *InstSyncAsyncEnableAcquisitionDco*/oSyncStages_reg[0]/C} -hier]' of constraint 'set_max_delay' uses inefficient query to find pin objects (see constraint position '89' in the Timing Constraint window in Vivado IDE). To reduce runtime, it is recommended to get the pins through the cell objects. Please refer to Using Constraints Guide (Constraints Efficiency). An example of optimal query is: get_pins -filter {REF_PIN_NAME=~yy*} -of_objects [get_cells -hierarchical xx*].
Current XDC: z:/DAT096/DAT096-krish/Embedded-System-Project-DAT096-krishna/Board_2/Board_2/Board_2.gen/sources_1/bd/design_2/ip/design_2_ZmodScopeController_0_2/ConstrsZmodADC.xdc (Line: 31)
Related violations: <none>

XDCB-5#14 Warning
Runtime inefficient way to find pin objects  
The option '-from : [get_pins -filter {NAME =~ *InstSyncAsyncInitDoneADC*/oSyncStages_reg[0]/C} -hier]' of constraint 'set_max_delay' uses inefficient query to find pin objects (see constraint position '87' in the Timing Constraint window in Vivado IDE). To reduce runtime, it is recommended to get the pins through the cell objects. Please refer to Using Constraints Guide (Constraints Efficiency). An example of optimal query is: get_pins -filter {REF_PIN_NAME=~yy*} -of_objects [get_cells -hierarchical xx*].
Current XDC: z:/DAT096/DAT096-krish/Embedded-System-Project-DAT096-krishna/Board_2/Board_2/Board_2.gen/sources_1/bd/design_2/ip/design_2_ZmodScopeController_0_2/ConstrsZmodADC.xdc (Line: 27)
Related violations: <none>

XDCB-5#15 Warning
Runtime inefficient way to find pin objects  
The option '-from : [get_pins -filter {NAME =~ *InstSyncAsyncInitDoneDco*/oSyncStages_reg[0]/C} -hier]' of constraint 'set_max_delay' uses inefficient query to find pin objects (see constraint position '88' in the Timing Constraint window in Vivado IDE). To reduce runtime, it is recommended to get the pins through the cell objects. Please refer to Using Constraints Guide (Constraints Efficiency). An example of optimal query is: get_pins -filter {REF_PIN_NAME=~yy*} -of_objects [get_cells -hierarchical xx*].
Current XDC: z:/DAT096/DAT096-krish/Embedded-System-Project-DAT096-krishna/Board_2/Board_2/Board_2.gen/sources_1/bd/design_2/ip/design_2_ZmodScopeController_0_2/ConstrsZmodADC.xdc (Line: 29)
Related violations: <none>

XDCB-5#16 Warning
Runtime inefficient way to find pin objects  
The option '-from : [get_pins -filter {NAME =~ *InstSyncDcoFIFO_Reset*SyncAsync*/oSyncStages_reg[0]/C} -hier]' of constraint 'set_max_delay' uses inefficient query to find pin objects (see constraint position '85' in the Timing Constraint window in Vivado IDE). To reduce runtime, it is recommended to get the pins through the cell objects. Please refer to Using Constraints Guide (Constraints Efficiency). An example of optimal query is: get_pins -filter {REF_PIN_NAME=~yy*} -of_objects [get_cells -hierarchical xx*].
Current XDC: z:/DAT096/DAT096-krish/Embedded-System-Project-DAT096-krishna/Board_2/Board_2/Board_2.gen/sources_1/bd/design_2/ip/design_2_ZmodScopeController_0_2/ConstrsZmodADC.xdc (Line: 23)
Related violations: <none>

XDCB-5#17 Warning
Runtime inefficient way to find pin objects  
The option '-from : [get_pins -hierarchical -filter {NAME =~ *ila_core_inst/u_trig/N_DDR_TC.N_DDR_TC_INST[*].U_TC/allx_typeA_match_detection.ltlib_v1_0_2_allx_typeA_inst/DUT/u_srl_drive/CLK}]' of constraint 'set_false_path' uses inefficient query to find pin objects (see constraint position '42' in the Timing Constraint window in Vivado IDE). To reduce runtime, it is recommended to get the pins through the cell objects. Please refer to Using Constraints Guide (Constraints Efficiency). An example of optimal query is: get_pins -filter {REF_PIN_NAME=~yy*} -of_objects [get_cells -hierarchical xx*].
Current XDC: z:/DAT096/DAT096-krish/Embedded-System-Project-DAT096-krishna/Board_2/Board_2/Board_2.gen/sources_1/bd/design_2/ip/design_2_ila_0_0/ila_v6_2/constraints/ila.xdc (Line: 72)
Related violations: <none>

XDCB-5#18 Warning
Runtime inefficient way to find pin objects  
The option '-through : [get_pins -filter {NAME =~ *InstMMCM_LockSampingClkSync*/oSyncStages_reg[0]/D} -hier]' of constraint 'set_false_path' uses inefficient query to find pin objects (see constraint position '78' in the Timing Constraint window in Vivado IDE). To reduce runtime, it is recommended to get the pins through the cell objects. Please refer to Using Constraints Guide (Constraints Efficiency). An example of optimal query is: get_pins -filter {REF_PIN_NAME=~yy*} -of_objects [get_cells -hierarchical xx*].
Current XDC: z:/DAT096/DAT096-krish/Embedded-System-Project-DAT096-krishna/Board_2/Board_2/Board_2.gen/sources_1/bd/design_2/ip/design_2_ZmodScopeController_0_2/ConstrsZmodADC.xdc (Line: 10)
Related violations: <none>

XDCB-5#19 Warning
Runtime inefficient way to find pin objects  
The option '-through : [get_pins -filter {NAME =~ *SyncAsync*/oSyncStages_reg[0]/D} -hier]' of constraint 'set_false_path' uses inefficient query to find pin objects (see constraint position '157' in the Timing Constraint window in Vivado IDE). To reduce runtime, it is recommended to get the pins through the cell objects. Please refer to Using Constraints Guide (Constraints Efficiency). An example of optimal query is: get_pins -filter {REF_PIN_NAME=~yy*} -of_objects [get_cells -hierarchical xx*].
Current XDC: z:/DAT096/DAT096-krish/Embedded-System-Project-DAT096-krishna/Board_2/Board_2/Board_2.gen/sources_1/bd/design_2/ip/design_2_ZmodAWGController_0_0/ConstrsZmodDAC.xdc (Line: 2)
Related violations: <none>

XDCB-5#20 Warning
Runtime inefficient way to find pin objects  
The option '-through : [get_pins -filter {NAME =~ *SyncAsync*/oSyncStages_reg[0]/D} -hier]' of constraint 'set_false_path' uses inefficient query to find pin objects (see constraint position '77' in the Timing Constraint window in Vivado IDE). To reduce runtime, it is recommended to get the pins through the cell objects. Please refer to Using Constraints Guide (Constraints Efficiency). An example of optimal query is: get_pins -filter {REF_PIN_NAME=~yy*} -of_objects [get_cells -hierarchical xx*].
Current XDC: z:/DAT096/DAT096-krish/Embedded-System-Project-DAT096-krishna/Board_2/Board_2/Board_2.gen/sources_1/bd/design_2/ip/design_2_ZmodScopeController_0_2/ConstrsZmodADC.xdc (Line: 9)
Related violations: <none>

XDCB-5#21 Warning
Runtime inefficient way to find pin objects  
The option '-to : [get_pins -filter {NAME =~ *InstADC_InClkReset*SyncAsync*/oSyncStages_reg[1]/D} -hier]' of constraint 'set_max_delay' uses inefficient query to find pin objects (see constraint position '84' in the Timing Constraint window in Vivado IDE). To reduce runtime, it is recommended to get the pins through the cell objects. Please refer to Using Constraints Guide (Constraints Efficiency). An example of optimal query is: get_pins -filter {REF_PIN_NAME=~yy*} -of_objects [get_cells -hierarchical xx*].
Current XDC: z:/DAT096/DAT096-krish/Embedded-System-Project-DAT096-krishna/Board_2/Board_2/Board_2.gen/sources_1/bd/design_2/ip/design_2_ZmodScopeController_0_2/ConstrsZmodADC.xdc (Line: 21)
Related violations: <none>

XDCB-5#22 Warning
Runtime inefficient way to find pin objects  
The option '-to : [get_pins -filter {NAME =~ *InstAdcSamplingReset*SyncAsync*/oSyncStages_reg[1]/D} -hier]' of constraint 'set_max_delay' uses inefficient query to find pin objects (see constraint position '83' in the Timing Constraint window in Vivado IDE). To reduce runtime, it is recommended to get the pins through the cell objects. Please refer to Using Constraints Guide (Constraints Efficiency). An example of optimal query is: get_pins -filter {REF_PIN_NAME=~yy*} -of_objects [get_cells -hierarchical xx*].
Current XDC: z:/DAT096/DAT096-krish/Embedded-System-Project-DAT096-krishna/Board_2/Board_2/Board_2.gen/sources_1/bd/design_2/ip/design_2_ZmodScopeController_0_2/ConstrsZmodADC.xdc (Line: 19)
Related violations: <none>

XDCB-5#23 Warning
Runtime inefficient way to find pin objects  
The option '-to : [get_pins -filter {NAME =~ *InstAdcSysReset*SyncAsync*/oSyncStages_reg[1]/D} -hier]' of constraint 'set_max_delay' uses inefficient query to find pin objects (see constraint position '82' in the Timing Constraint window in Vivado IDE). To reduce runtime, it is recommended to get the pins through the cell objects. Please refer to Using Constraints Guide (Constraints Efficiency). An example of optimal query is: get_pins -filter {REF_PIN_NAME=~yy*} -of_objects [get_cells -hierarchical xx*].
Current XDC: z:/DAT096/DAT096-krish/Embedded-System-Project-DAT096-krishna/Board_2/Board_2/Board_2.gen/sources_1/bd/design_2/ip/design_2_ZmodScopeController_0_2/ConstrsZmodADC.xdc (Line: 17)
Related violations: <none>

XDCB-5#24 Warning
Runtime inefficient way to find pin objects  
The option '-to : [get_pins -filter {NAME =~ *InstAdcTestModeSync*SyncAsync*/oSyncStages_reg[1]/D} -hier]' of constraint 'set_max_delay' uses inefficient query to find pin objects (see constraint position '86' in the Timing Constraint window in Vivado IDE). To reduce runtime, it is recommended to get the pins through the cell objects. Please refer to Using Constraints Guide (Constraints Efficiency). An example of optimal query is: get_pins -filter {REF_PIN_NAME=~yy*} -of_objects [get_cells -hierarchical xx*].
Current XDC: z:/DAT096/DAT096-krish/Embedded-System-Project-DAT096-krishna/Board_2/Board_2/Board_2.gen/sources_1/bd/design_2/ip/design_2_ZmodScopeController_0_2/ConstrsZmodADC.xdc (Line: 25)
Related violations: <none>

XDCB-5#25 Warning
Runtime inefficient way to find pin objects  
The option '-to : [get_pins -filter {NAME =~ *InstDacClkReset*SyncAsync*/oSyncStages_reg[1]/D} -hier]' of constraint 'set_max_delay' uses inefficient query to find pin objects (see constraint position '160' in the Timing Constraint window in Vivado IDE). To reduce runtime, it is recommended to get the pins through the cell objects. Please refer to Using Constraints Guide (Constraints Efficiency). An example of optimal query is: get_pins -filter {REF_PIN_NAME=~yy*} -of_objects [get_cells -hierarchical xx*].
Current XDC: z:/DAT096/DAT096-krish/Embedded-System-Project-DAT096-krishna/Board_2/Board_2/Board_2.gen/sources_1/bd/design_2/ip/design_2_ZmodAWGController_0_0/ConstrsZmodDAC.xdc (Line: 9)
Related violations: <none>

XDCB-5#26 Warning
Runtime inefficient way to find pin objects  
The option '-to : [get_pins -filter {NAME =~ *InstDacSamplingReset*SyncAsync*/oSyncStages_reg[1]/D} -hier]' of constraint 'set_max_delay' uses inefficient query to find pin objects (see constraint position '159' in the Timing Constraint window in Vivado IDE). To reduce runtime, it is recommended to get the pins through the cell objects. Please refer to Using Constraints Guide (Constraints Efficiency). An example of optimal query is: get_pins -filter {REF_PIN_NAME=~yy*} -of_objects [get_cells -hierarchical xx*].
Current XDC: z:/DAT096/DAT096-krish/Embedded-System-Project-DAT096-krishna/Board_2/Board_2/Board_2.gen/sources_1/bd/design_2/ip/design_2_ZmodAWGController_0_0/ConstrsZmodDAC.xdc (Line: 7)
Related violations: <none>

XDCB-5#27 Warning
Runtime inefficient way to find pin objects  
The option '-to : [get_pins -filter {NAME =~ *InstDacSysReset*SyncAsync*/oSyncStages_reg[1]/D} -hier]' of constraint 'set_max_delay' uses inefficient query to find pin objects (see constraint position '158' in the Timing Constraint window in Vivado IDE). To reduce runtime, it is recommended to get the pins through the cell objects. Please refer to Using Constraints Guide (Constraints Efficiency). An example of optimal query is: get_pins -filter {REF_PIN_NAME=~yy*} -of_objects [get_cells -hierarchical xx*].
Current XDC: z:/DAT096/DAT096-krish/Embedded-System-Project-DAT096-krishna/Board_2/Board_2/Board_2.gen/sources_1/bd/design_2/ip/design_2_ZmodAWGController_0_0/ConstrsZmodDAC.xdc (Line: 5)
Related violations: <none>

XDCB-5#28 Warning
Runtime inefficient way to find pin objects  
The option '-to : [get_pins -filter {NAME =~ *InstDacTestModeSync*SyncAsync*/oSyncStages_reg[1]/D} -hier]' of constraint 'set_max_delay' uses inefficient query to find pin objects (see constraint position '161' in the Timing Constraint window in Vivado IDE). To reduce runtime, it is recommended to get the pins through the cell objects. Please refer to Using Constraints Guide (Constraints Efficiency). An example of optimal query is: get_pins -filter {REF_PIN_NAME=~yy*} -of_objects [get_cells -hierarchical xx*].
Current XDC: z:/DAT096/DAT096-krish/Embedded-System-Project-DAT096-krishna/Board_2/Board_2/Board_2.gen/sources_1/bd/design_2/ip/design_2_ZmodAWGController_0_0/ConstrsZmodDAC.xdc (Line: 11)
Related violations: <none>

XDCB-5#29 Warning
Runtime inefficient way to find pin objects  
The option '-to : [get_pins -filter {NAME =~ *InstHandshakeInitDoneRelay*SyncAsyncPushT/oSyncStages_reg[1]/D} -hier]' of constraint 'set_max_delay' uses inefficient query to find pin objects (see constraint position '80' in the Timing Constraint window in Vivado IDE). To reduce runtime, it is recommended to get the pins through the cell objects. Please refer to Using Constraints Guide (Constraints Efficiency). An example of optimal query is: get_pins -filter {REF_PIN_NAME=~yy*} -of_objects [get_cells -hierarchical xx*].
Current XDC: z:/DAT096/DAT096-krish/Embedded-System-Project-DAT096-krishna/Board_2/Board_2/Board_2.gen/sources_1/bd/design_2/ip/design_2_ZmodScopeController_0_2/ConstrsZmodADC.xdc (Line: 15)
Related violations: <none>

XDCB-5#30 Warning
Runtime inefficient way to find pin objects  
The option '-to : [get_pins -filter {NAME =~ *InstHandshakeInitDoneRelay*SyncAsyncPushTBack*/oSyncStages_reg[1]/D} -hier]' of constraint 'set_max_delay' uses inefficient query to find pin objects (see constraint position '79' in the Timing Constraint window in Vivado IDE). To reduce runtime, it is recommended to get the pins through the cell objects. Please refer to Using Constraints Guide (Constraints Efficiency). An example of optimal query is: get_pins -filter {REF_PIN_NAME=~yy*} -of_objects [get_cells -hierarchical xx*].
Current XDC: z:/DAT096/DAT096-krish/Embedded-System-Project-DAT096-krishna/Board_2/Board_2/Board_2.gen/sources_1/bd/design_2/ip/design_2_ZmodScopeController_0_2/ConstrsZmodADC.xdc (Line: 13)
Related violations: <none>

XDCB-5#31 Warning
Runtime inefficient way to find pin objects  
The option '-to : [get_pins -filter {NAME =~ *InstHandshakeInitDoneRelay*SyncReset*SyncAsync*/oSyncStages_reg[1]/D} -hier]' of constraint 'set_max_delay' uses inefficient query to find pin objects (see constraint position '81' in the Timing Constraint window in Vivado IDE). To reduce runtime, it is recommended to get the pins through the cell objects. Please refer to Using Constraints Guide (Constraints Efficiency). An example of optimal query is: get_pins -filter {REF_PIN_NAME=~yy*} -of_objects [get_cells -hierarchical xx*].
Current XDC: z:/DAT096/DAT096-krish/Embedded-System-Project-DAT096-krishna/Board_2/Board_2/Board_2.gen/sources_1/bd/design_2/ip/design_2_ZmodScopeController_0_2/ConstrsZmodADC.xdc (Line: 16)
Related violations: <none>

XDCB-5#32 Warning
Runtime inefficient way to find pin objects  
The option '-to : [get_pins -filter {NAME =~ *InstMMCM_LockSampingClkSync*/oSyncStages_reg[1]/D} -hier]' of constraint 'set_max_delay' uses inefficient query to find pin objects (see constraint position '94' in the Timing Constraint window in Vivado IDE). To reduce runtime, it is recommended to get the pins through the cell objects. Please refer to Using Constraints Guide (Constraints Efficiency). An example of optimal query is: get_pins -filter {REF_PIN_NAME=~yy*} -of_objects [get_cells -hierarchical xx*].
Current XDC: z:/DAT096/DAT096-krish/Embedded-System-Project-DAT096-krishna/Board_2/Board_2/Board_2.gen/sources_1/bd/design_2/ip/design_2_ZmodScopeController_0_2/ConstrsZmodADC.xdc (Line: 39)
Related violations: <none>

XDCB-5#33 Warning
Runtime inefficient way to find pin objects  
The option '-to : [get_pins -filter {NAME =~ *InstSyncAsyncEnableAcquisitionDco*/oSyncStages_reg[1]/D} -hier]' of constraint 'set_max_delay' uses inefficient query to find pin objects (see constraint position '89' in the Timing Constraint window in Vivado IDE). To reduce runtime, it is recommended to get the pins through the cell objects. Please refer to Using Constraints Guide (Constraints Efficiency). An example of optimal query is: get_pins -filter {REF_PIN_NAME=~yy*} -of_objects [get_cells -hierarchical xx*].
Current XDC: z:/DAT096/DAT096-krish/Embedded-System-Project-DAT096-krishna/Board_2/Board_2/Board_2.gen/sources_1/bd/design_2/ip/design_2_ZmodScopeController_0_2/ConstrsZmodADC.xdc (Line: 31)
Related violations: <none>

XDCB-5#34 Warning
Runtime inefficient way to find pin objects  
The option '-to : [get_pins -filter {NAME =~ *InstSyncAsyncInitDoneADC*/oSyncStages_reg[1]/D} -hier]' of constraint 'set_max_delay' uses inefficient query to find pin objects (see constraint position '87' in the Timing Constraint window in Vivado IDE). To reduce runtime, it is recommended to get the pins through the cell objects. Please refer to Using Constraints Guide (Constraints Efficiency). An example of optimal query is: get_pins -filter {REF_PIN_NAME=~yy*} -of_objects [get_cells -hierarchical xx*].
Current XDC: z:/DAT096/DAT096-krish/Embedded-System-Project-DAT096-krishna/Board_2/Board_2/Board_2.gen/sources_1/bd/design_2/ip/design_2_ZmodScopeController_0_2/ConstrsZmodADC.xdc (Line: 27)
Related violations: <none>

XDCB-5#35 Warning
Runtime inefficient way to find pin objects  
The option '-to : [get_pins -filter {NAME =~ *InstSyncAsyncInitDoneDco*/oSyncStages_reg[1]/D} -hier]' of constraint 'set_max_delay' uses inefficient query to find pin objects (see constraint position '88' in the Timing Constraint window in Vivado IDE). To reduce runtime, it is recommended to get the pins through the cell objects. Please refer to Using Constraints Guide (Constraints Efficiency). An example of optimal query is: get_pins -filter {REF_PIN_NAME=~yy*} -of_objects [get_cells -hierarchical xx*].
Current XDC: z:/DAT096/DAT096-krish/Embedded-System-Project-DAT096-krishna/Board_2/Board_2/Board_2.gen/sources_1/bd/design_2/ip/design_2_ZmodScopeController_0_2/ConstrsZmodADC.xdc (Line: 29)
Related violations: <none>

XDCB-5#36 Warning
Runtime inefficient way to find pin objects  
The option '-to : [get_pins -filter {NAME =~ *InstSyncDcoFIFO_Reset*SyncAsync*/oSyncStages_reg[1]/D} -hier]' of constraint 'set_max_delay' uses inefficient query to find pin objects (see constraint position '85' in the Timing Constraint window in Vivado IDE). To reduce runtime, it is recommended to get the pins through the cell objects. Please refer to Using Constraints Guide (Constraints Efficiency). An example of optimal query is: get_pins -filter {REF_PIN_NAME=~yy*} -of_objects [get_cells -hierarchical xx*].
Current XDC: z:/DAT096/DAT096-krish/Embedded-System-Project-DAT096-krishna/Board_2/Board_2/Board_2.gen/sources_1/bd/design_2/ip/design_2_ZmodScopeController_0_2/ConstrsZmodADC.xdc (Line: 23)
Related violations: <none>

XDCB-5#37 Warning
Runtime inefficient way to find pin objects  
The option '-to : [get_pins -hierarchical -filter {NAME =~ *ila_core_inst/u_trig/N_DDR_TC.N_DDR_TC_INST[*].U_TC/yes_output_reg.dout_reg_reg/D}]' of constraint 'set_false_path' uses inefficient query to find pin objects (see constraint position '42' in the Timing Constraint window in Vivado IDE). To reduce runtime, it is recommended to get the pins through the cell objects. Please refer to Using Constraints Guide (Constraints Efficiency). An example of optimal query is: get_pins -filter {REF_PIN_NAME=~yy*} -of_objects [get_cells -hierarchical xx*].
Current XDC: z:/DAT096/DAT096-krish/Embedded-System-Project-DAT096-krishna/Board_2/Board_2/Board_2.gen/sources_1/bd/design_2/ip/design_2_ila_0_0/ila_v6_2/constraints/ila.xdc (Line: 72)
Related violations: <none>


