
*** Running vivado
    with args -log design_1_wrapper.vds -m64 -product Vivado -mode batch -messageDb vivado.pb -notrace -source design_1_wrapper.tcl



****** Vivado v2024.2 (64-bit)
  **** SW Build 5239630 on Fri Nov 08 22:35:27 MST 2024
  **** IP Build 5239520 on Sun Nov 10 16:12:51 MST 2024
  **** SharedData Build 5239561 on Fri Nov 08 14:39:27 MST 2024
  **** Start of session at: Fri Apr 10 14:08:25 2026
    ** Copyright 1986-2022 Xilinx, Inc. All Rights Reserved.
    ** Copyright 2022-2024 Advanced Micro Devices, Inc. All Rights Reserved.

source design_1_wrapper.tcl -notrace
INFO: [IP_Flow 19-234] Refreshing IP repositories
WARNING: [IP_Flow 19-2248] Failed to load user IP repository 'z:/DAT096/vivado-library-zmod-v2-2019.1-2/vivado-library-zmod-v2-2019.1-2'; Can't find the specified path.
If this directory should no longer be in your list of user repositories, go to the IP Settings dialog and remove it.
INFO: [IP_Flow 19-1700] Loaded user IP repository 'z:/eda234/vivado-library-master'.
INFO: [IP_Flow 19-2313] Loaded Vivado IP repository 'C:/Progs/Xilinx/Vivado/2024.2/data/ip'.
update_ip_catalog: Time (s): cpu = 00:00:00 ; elapsed = 00:00:09 . Memory (MB): peak = 368.918 ; gain = 2.965
WARNING: [IP_Flow 19-4995] The host OS only allows 260 characters in a normal path. The IP cache path is more than 80 characters. If you experience issues with IP caching, please consider changing the IP cache to a location with a shorter path. Alternately consider using the OS subst command to map part of the path to a drive letter. 
Current IP cache path is c:/Users/devandla/Desktop/Embedded-System-Project-DAT096/Board_1/project_2/project_2.cache/ip 
INFO: [Project 1-5578] Found utility IPs instantiated in block design C:/Users/devandla/Desktop/Embedded-System-Project-DAT096/Board_1/project_2/project_2.srcs/sources_1/bd/design_1/design_1.bd which have equivalent inline hdl with improved performance and reduced diskspace.
It is recommended to migrate these utility IPs to inline hdl  using the command upgrade_project -migrate_to_inline_hdl.  The utility IPs may be deprecated in future releases.
More information on inline hdl is available in UG994. 
Command: read_checkpoint -auto_incremental -incremental C:/Users/devandla/Desktop/Embedded-System-Project-DAT096/Board_1/project_2/project_2.srcs/utils_1/imports/synth_1/prbs_axis_master_32.dcp
INFO: [Vivado 12-5825] Read reference checkpoint from C:/Users/devandla/Desktop/Embedded-System-Project-DAT096/Board_1/project_2/project_2.srcs/utils_1/imports/synth_1/prbs_axis_master_32.dcp for incremental synthesis
INFO: [Vivado 12-7989] Please ensure there are no constraint changes
Command: synth_design -top design_1_wrapper -part xc7z020clg484-1
Starting synth_design
Attempting to get a license for feature 'Synthesis' and/or device 'xc7z020'
INFO: [Common 17-349] Got license for feature 'Synthesis' and/or device 'xc7z020'
INFO: [Device 21-403] Loading part xc7z020clg484-1
INFO: [Designutils 20-5440] No compile time benefit to using incremental synthesis; A full resynthesis will be run
INFO: [Designutils 20-4379] Flow is switching to default flow due to incremental criteria not met. If you would like to alter this behaviour and have the flow terminate instead, please set the following parameter config_implementation {autoIncr.Synth.RejectBehavior Terminate}
INFO: [Synth 8-7079] Multithreading enabled for synth_design using a maximum of 2 processes.
INFO: [Synth 8-7078] Launching helper process for spawning children vivado processes
INFO: [Synth 8-7075] Helper process launched with PID 8212
---------------------------------------------------------------------------------
Starting RTL Elaboration : Time (s): cpu = 00:00:03 ; elapsed = 00:00:03 . Memory (MB): peak = 1128.633 ; gain = 468.074
---------------------------------------------------------------------------------
INFO: [Synth 8-638] synthesizing module 'design_1_wrapper' [C:/Users/devandla/Desktop/Embedded-System-Project-DAT096/Board_1/project_2/project_2.gen/sources_1/bd/design_1/hdl/design_1_wrapper.vhd:49]
INFO: [Synth 8-3491] module 'design_1' declared at 'c:/Users/devandla/Desktop/Embedded-System-Project-DAT096/Board_1/project_2/project_2.gen/sources_1/bd/design_1/synth/design_1.vhd:15' bound to instance 'design_1_i' of component 'design_1' [C:/Users/devandla/Desktop/Embedded-System-Project-DAT096/Board_1/project_2/project_2.gen/sources_1/bd/design_1/hdl/design_1_wrapper.vhd:84]
INFO: [Synth 8-638] synthesizing module 'design_1' [c:/Users/devandla/Desktop/Embedded-System-Project-DAT096/Board_1/project_2/project_2.gen/sources_1/bd/design_1/synth/design_1.vhd:53]
INFO: [Synth 8-3491] module 'design_1_ZmodAWGController_0_0' declared at 'C:/Users/devandla/Desktop/Embedded-System-Project-DAT096/Board_1/project_2/project_2.runs/synth_1/.Xil/Vivado-9512-FY-6302-10/realtime/design_1_ZmodAWGController_0_0_stub.vhdl:6' bound to instance 'ZmodAWGController_0' of component 'design_1_ZmodAWGController_0_0' [c:/Users/devandla/Desktop/Embedded-System-Project-DAT096/Board_1/project_2/project_2.gen/sources_1/bd/design_1/synth/design_1.vhd:201]
INFO: [Synth 8-638] synthesizing module 'design_1_ZmodAWGController_0_0' [C:/Users/devandla/Desktop/Embedded-System-Project-DAT096/Board_1/project_2/project_2.runs/synth_1/.Xil/Vivado-9512-FY-6302-10/realtime/design_1_ZmodAWGController_0_0_stub.vhdl:39]
INFO: [Synth 8-3491] module 'design_1_ZmodScopeController_0_0' declared at 'C:/Users/devandla/Desktop/Embedded-System-Project-DAT096/Board_1/project_2/project_2.runs/synth_1/.Xil/Vivado-9512-FY-6302-10/realtime/design_1_ZmodScopeController_0_0_stub.vhdl:6' bound to instance 'ZmodScopeController_0' of component 'design_1_ZmodScopeController_0_0' [c:/Users/devandla/Desktop/Embedded-System-Project-DAT096/Board_1/project_2/project_2.gen/sources_1/bd/design_1/synth/design_1.vhd:225]
INFO: [Synth 8-638] synthesizing module 'design_1_ZmodScopeController_0_0' [C:/Users/devandla/Desktop/Embedded-System-Project-DAT096/Board_1/project_2/project_2.runs/synth_1/.Xil/Vivado-9512-FY-6302-10/realtime/design_1_ZmodScopeController_0_0_stub.vhdl:50]
INFO: [Synth 8-3491] module 'design_1_adc_bit_decoder_0_0' declared at 'C:/Users/devandla/Desktop/Embedded-System-Project-DAT096/Board_1/project_2/project_2.runs/synth_1/.Xil/Vivado-9512-FY-6302-10/realtime/design_1_adc_bit_decoder_0_0_stub.vhdl:6' bound to instance 'adc_bit_decoder_0' of component 'design_1_adc_bit_decoder_0_0' [c:/Users/devandla/Desktop/Embedded-System-Project-DAT096/Board_1/project_2/project_2.gen/sources_1/bd/design_1/synth/design_1.vhd:260]
INFO: [Synth 8-638] synthesizing module 'design_1_adc_bit_decoder_0_0' [C:/Users/devandla/Desktop/Embedded-System-Project-DAT096/Board_1/project_2/project_2.runs/synth_1/.Xil/Vivado-9512-FY-6302-10/realtime/design_1_adc_bit_decoder_0_0_stub.vhdl:25]
INFO: [Synth 8-3491] module 'design_1_clk_wiz_0_0' declared at 'C:/Users/devandla/Desktop/Embedded-System-Project-DAT096/Board_1/project_2/project_2.runs/synth_1/.Xil/Vivado-9512-FY-6302-10/realtime/design_1_clk_wiz_0_0_stub.vhdl:6' bound to instance 'clk_wiz_0' of component 'design_1_clk_wiz_0_0' [c:/Users/devandla/Desktop/Embedded-System-Project-DAT096/Board_1/project_2/project_2.gen/sources_1/bd/design_1/synth/design_1.vhd:268]
INFO: [Synth 8-638] synthesizing module 'design_1_clk_wiz_0_0' [C:/Users/devandla/Desktop/Embedded-System-Project-DAT096/Board_1/project_2/project_2.runs/synth_1/.Xil/Vivado-9512-FY-6302-10/realtime/design_1_clk_wiz_0_0_stub.vhdl:18]
INFO: [Synth 8-3491] module 'design_1_ila_0_0' declared at 'C:/Users/devandla/Desktop/Embedded-System-Project-DAT096/Board_1/project_2/project_2.runs/synth_1/.Xil/Vivado-9512-FY-6302-10/realtime/design_1_ila_0_0_stub.vhdl:6' bound to instance 'ila_0' of component 'design_1_ila_0_0' [c:/Users/devandla/Desktop/Embedded-System-Project-DAT096/Board_1/project_2/project_2.gen/sources_1/bd/design_1/synth/design_1.vhd:275]
INFO: [Synth 8-638] synthesizing module 'design_1_ila_0_0' [C:/Users/devandla/Desktop/Embedded-System-Project-DAT096/Board_1/project_2/project_2.runs/synth_1/.Xil/Vivado-9512-FY-6302-10/realtime/design_1_ila_0_0_stub.vhdl:23]
INFO: [Synth 8-3491] module 'design_1_prbs_axis_master_32_0_0' declared at 'C:/Users/devandla/Desktop/Embedded-System-Project-DAT096/Board_1/project_2/project_2.runs/synth_1/.Xil/Vivado-9512-FY-6302-10/realtime/design_1_prbs_axis_master_32_0_0_stub.vhdl:6' bound to instance 'prbs_axis_master_32_0' of component 'design_1_prbs_axis_master_32_0_0' [c:/Users/devandla/Desktop/Embedded-System-Project-DAT096/Board_1/project_2/project_2.gen/sources_1/bd/design_1/synth/design_1.vhd:283]
INFO: [Synth 8-638] synthesizing module 'design_1_prbs_axis_master_32_0_0' [C:/Users/devandla/Desktop/Embedded-System-Project-DAT096/Board_1/project_2/project_2.runs/synth_1/.Xil/Vivado-9512-FY-6302-10/realtime/design_1_prbs_axis_master_32_0_0_stub.vhdl:26]
INFO: [Synth 8-3491] module 'design_1_xlconstant_0_0' declared at 'c:/Users/devandla/Desktop/Embedded-System-Project-DAT096/Board_1/project_2/project_2.gen/sources_1/bd/design_1/ip/design_1_xlconstant_0_0/synth/design_1_xlconstant_0_0.v:53' bound to instance 'xlconstant_0' of component 'design_1_xlconstant_0_0' [c:/Users/devandla/Desktop/Embedded-System-Project-DAT096/Board_1/project_2/project_2.gen/sources_1/bd/design_1/synth/design_1.vhd:292]
INFO: [Synth 8-6157] synthesizing module 'design_1_xlconstant_0_0' [c:/Users/devandla/Desktop/Embedded-System-Project-DAT096/Board_1/project_2/project_2.gen/sources_1/bd/design_1/ip/design_1_xlconstant_0_0/synth/design_1_xlconstant_0_0.v:53]
INFO: [Synth 8-6157] synthesizing module 'xlconstant_v1_1_9_xlconstant' [c:/Users/devandla/Desktop/Embedded-System-Project-DAT096/Board_1/project_2/project_2.gen/sources_1/bd/design_1/ipshared/e2d2/hdl/xlconstant_v1_1_vl_rfs.v:68]
INFO: [Synth 8-6155] done synthesizing module 'xlconstant_v1_1_9_xlconstant' (0#1) [c:/Users/devandla/Desktop/Embedded-System-Project-DAT096/Board_1/project_2/project_2.gen/sources_1/bd/design_1/ipshared/e2d2/hdl/xlconstant_v1_1_vl_rfs.v:68]
INFO: [Synth 8-6155] done synthesizing module 'design_1_xlconstant_0_0' (0#1) [c:/Users/devandla/Desktop/Embedded-System-Project-DAT096/Board_1/project_2/project_2.gen/sources_1/bd/design_1/ip/design_1_xlconstant_0_0/synth/design_1_xlconstant_0_0.v:53]
INFO: [Synth 8-3491] module 'design_1_xlconstant_1_0' declared at 'c:/Users/devandla/Desktop/Embedded-System-Project-DAT096/Board_1/project_2/project_2.gen/sources_1/bd/design_1/ip/design_1_xlconstant_1_0/synth/design_1_xlconstant_1_0.v:53' bound to instance 'xlconstant_1' of component 'design_1_xlconstant_1_0' [c:/Users/devandla/Desktop/Embedded-System-Project-DAT096/Board_1/project_2/project_2.gen/sources_1/bd/design_1/synth/design_1.vhd:296]
INFO: [Synth 8-6157] synthesizing module 'design_1_xlconstant_1_0' [c:/Users/devandla/Desktop/Embedded-System-Project-DAT096/Board_1/project_2/project_2.gen/sources_1/bd/design_1/ip/design_1_xlconstant_1_0/synth/design_1_xlconstant_1_0.v:53]
INFO: [Synth 8-6157] synthesizing module 'xlconstant_v1_1_9_xlconstant__parameterized0' [c:/Users/devandla/Desktop/Embedded-System-Project-DAT096/Board_1/project_2/project_2.gen/sources_1/bd/design_1/ipshared/e2d2/hdl/xlconstant_v1_1_vl_rfs.v:68]
INFO: [Synth 8-6155] done synthesizing module 'xlconstant_v1_1_9_xlconstant__parameterized0' (0#1) [c:/Users/devandla/Desktop/Embedded-System-Project-DAT096/Board_1/project_2/project_2.gen/sources_1/bd/design_1/ipshared/e2d2/hdl/xlconstant_v1_1_vl_rfs.v:68]
INFO: [Synth 8-6155] done synthesizing module 'design_1_xlconstant_1_0' (0#1) [c:/Users/devandla/Desktop/Embedded-System-Project-DAT096/Board_1/project_2/project_2.gen/sources_1/bd/design_1/ip/design_1_xlconstant_1_0/synth/design_1_xlconstant_1_0.v:53]
INFO: [Synth 8-3491] module 'design_1_xlslice_0_0' declared at 'c:/Users/devandla/Desktop/Embedded-System-Project-DAT096/Board_1/project_2/project_2.gen/sources_1/bd/design_1/ip/design_1_xlslice_0_0/synth/design_1_xlslice_0_0.v:53' bound to instance 'xlslice_0' of component 'design_1_xlslice_0_0' [c:/Users/devandla/Desktop/Embedded-System-Project-DAT096/Board_1/project_2/project_2.gen/sources_1/bd/design_1/synth/design_1.vhd:300]
INFO: [Synth 8-6157] synthesizing module 'design_1_xlslice_0_0' [c:/Users/devandla/Desktop/Embedded-System-Project-DAT096/Board_1/project_2/project_2.gen/sources_1/bd/design_1/ip/design_1_xlslice_0_0/synth/design_1_xlslice_0_0.v:53]
INFO: [Synth 8-6157] synthesizing module 'xlslice_v1_0_4_xlslice' [c:/Users/devandla/Desktop/Embedded-System-Project-DAT096/Board_1/project_2/project_2.gen/sources_1/bd/design_1/ipshared/a97c/hdl/xlslice_v1_0_vl_rfs.v:58]
INFO: [Synth 8-6155] done synthesizing module 'xlslice_v1_0_4_xlslice' (0#1) [c:/Users/devandla/Desktop/Embedded-System-Project-DAT096/Board_1/project_2/project_2.gen/sources_1/bd/design_1/ipshared/a97c/hdl/xlslice_v1_0_vl_rfs.v:58]
INFO: [Synth 8-6155] done synthesizing module 'design_1_xlslice_0_0' (0#1) [c:/Users/devandla/Desktop/Embedded-System-Project-DAT096/Board_1/project_2/project_2.gen/sources_1/bd/design_1/ip/design_1_xlslice_0_0/synth/design_1_xlslice_0_0.v:53]
INFO: [Synth 8-256] done synthesizing module 'design_1' (0#1) [c:/Users/devandla/Desktop/Embedded-System-Project-DAT096/Board_1/project_2/project_2.gen/sources_1/bd/design_1/synth/design_1.vhd:53]
INFO: [Synth 8-256] done synthesizing module 'design_1_wrapper' (0#1) [C:/Users/devandla/Desktop/Embedded-System-Project-DAT096/Board_1/project_2/project_2.gen/sources_1/bd/design_1/hdl/design_1_wrapper.vhd:49]
WARNING: [Synth 8-7129] Port Din[31] in module xlslice_v1_0_4_xlslice is either unconnected or has no load
WARNING: [Synth 8-7129] Port Din[30] in module xlslice_v1_0_4_xlslice is either unconnected or has no load
WARNING: [Synth 8-7129] Port Din[29] in module xlslice_v1_0_4_xlslice is either unconnected or has no load
WARNING: [Synth 8-7129] Port Din[28] in module xlslice_v1_0_4_xlslice is either unconnected or has no load
WARNING: [Synth 8-7129] Port Din[27] in module xlslice_v1_0_4_xlslice is either unconnected or has no load
WARNING: [Synth 8-7129] Port Din[26] in module xlslice_v1_0_4_xlslice is either unconnected or has no load
WARNING: [Synth 8-7129] Port Din[25] in module xlslice_v1_0_4_xlslice is either unconnected or has no load
WARNING: [Synth 8-7129] Port Din[24] in module xlslice_v1_0_4_xlslice is either unconnected or has no load
WARNING: [Synth 8-7129] Port Din[23] in module xlslice_v1_0_4_xlslice is either unconnected or has no load
WARNING: [Synth 8-7129] Port Din[22] in module xlslice_v1_0_4_xlslice is either unconnected or has no load
WARNING: [Synth 8-7129] Port Din[21] in module xlslice_v1_0_4_xlslice is either unconnected or has no load
WARNING: [Synth 8-7129] Port Din[20] in module xlslice_v1_0_4_xlslice is either unconnected or has no load
WARNING: [Synth 8-7129] Port Din[19] in module xlslice_v1_0_4_xlslice is either unconnected or has no load
WARNING: [Synth 8-7129] Port Din[18] in module xlslice_v1_0_4_xlslice is either unconnected or has no load
WARNING: [Synth 8-7129] Port Din[17] in module xlslice_v1_0_4_xlslice is either unconnected or has no load
WARNING: [Synth 8-7129] Port Din[16] in module xlslice_v1_0_4_xlslice is either unconnected or has no load
WARNING: [Synth 8-7129] Port Din[15] in module xlslice_v1_0_4_xlslice is either unconnected or has no load
WARNING: [Synth 8-7129] Port Din[14] in module xlslice_v1_0_4_xlslice is either unconnected or has no load
---------------------------------------------------------------------------------
Finished RTL Elaboration : Time (s): cpu = 00:00:04 ; elapsed = 00:00:04 . Memory (MB): peak = 1244.547 ; gain = 583.988
---------------------------------------------------------------------------------
---------------------------------------------------------------------------------
Start Handling Custom Attributes
---------------------------------------------------------------------------------
---------------------------------------------------------------------------------
Finished Handling Custom Attributes : Time (s): cpu = 00:00:04 ; elapsed = 00:00:04 . Memory (MB): peak = 1244.547 ; gain = 583.988
---------------------------------------------------------------------------------
---------------------------------------------------------------------------------
Finished RTL Optimization Phase 1 : Time (s): cpu = 00:00:04 ; elapsed = 00:00:04 . Memory (MB): peak = 1244.547 ; gain = 583.988
---------------------------------------------------------------------------------
Netlist sorting complete. Time (s): cpu = 00:00:00 ; elapsed = 00:00:00.001 . Memory (MB): peak = 1244.547 ; gain = 0.000
INFO: [Project 1-570] Preparing netlist for logic optimization

Processing XDC Constraints
Initializing timing engine
Parsing XDC File [c:/Users/devandla/Desktop/Embedded-System-Project-DAT096/Board_1/project_2/project_2.gen/sources_1/bd/design_1/ip/design_1_clk_wiz_0_0/design_1_clk_wiz_0_0/design_1_clk_wiz_0_0_in_context.xdc] for cell 'design_1_i/clk_wiz_0'
Finished Parsing XDC File [c:/Users/devandla/Desktop/Embedded-System-Project-DAT096/Board_1/project_2/project_2.gen/sources_1/bd/design_1/ip/design_1_clk_wiz_0_0/design_1_clk_wiz_0_0/design_1_clk_wiz_0_0_in_context.xdc] for cell 'design_1_i/clk_wiz_0'
Parsing XDC File [c:/Users/devandla/Desktop/Embedded-System-Project-DAT096/Board_1/project_2/project_2.srcs/sources_1/bd/design_1/ip/design_1_ZmodAWGController_0_0/design_1_ZmodAWGController_0_0/design_1_ZmodAWGController_0_0_in_context.xdc] for cell 'design_1_i/ZmodAWGController_0'
Finished Parsing XDC File [c:/Users/devandla/Desktop/Embedded-System-Project-DAT096/Board_1/project_2/project_2.srcs/sources_1/bd/design_1/ip/design_1_ZmodAWGController_0_0/design_1_ZmodAWGController_0_0/design_1_ZmodAWGController_0_0_in_context.xdc] for cell 'design_1_i/ZmodAWGController_0'
Parsing XDC File [c:/Users/devandla/Desktop/Embedded-System-Project-DAT096/Board_1/project_2/project_2.gen/sources_1/bd/design_1/ip/design_1_prbs_axis_master_32_0_0/design_1_prbs_axis_master_32_0_0/design_1_prbs_axis_master_32_0_0_in_context.xdc] for cell 'design_1_i/prbs_axis_master_32_0'
Finished Parsing XDC File [c:/Users/devandla/Desktop/Embedded-System-Project-DAT096/Board_1/project_2/project_2.gen/sources_1/bd/design_1/ip/design_1_prbs_axis_master_32_0_0/design_1_prbs_axis_master_32_0_0/design_1_prbs_axis_master_32_0_0_in_context.xdc] for cell 'design_1_i/prbs_axis_master_32_0'
Parsing XDC File [c:/Users/devandla/Desktop/Embedded-System-Project-DAT096/Board_1/project_2/project_2.gen/sources_1/bd/design_1/ip/design_1_ZmodScopeController_0_0/design_1_ZmodScopeController_0_0/design_1_ZmodScopeController_0_0_in_context.xdc] for cell 'design_1_i/ZmodScopeController_0'
Finished Parsing XDC File [c:/Users/devandla/Desktop/Embedded-System-Project-DAT096/Board_1/project_2/project_2.gen/sources_1/bd/design_1/ip/design_1_ZmodScopeController_0_0/design_1_ZmodScopeController_0_0/design_1_ZmodScopeController_0_0_in_context.xdc] for cell 'design_1_i/ZmodScopeController_0'
Parsing XDC File [c:/Users/devandla/Desktop/Embedded-System-Project-DAT096/Board_1/project_2/project_2.gen/sources_1/bd/design_1/ip/design_1_adc_bit_decoder_0_0/design_1_adc_bit_decoder_0_0/design_1_adc_bit_decoder_0_0_in_context.xdc] for cell 'design_1_i/adc_bit_decoder_0'
Finished Parsing XDC File [c:/Users/devandla/Desktop/Embedded-System-Project-DAT096/Board_1/project_2/project_2.gen/sources_1/bd/design_1/ip/design_1_adc_bit_decoder_0_0/design_1_adc_bit_decoder_0_0/design_1_adc_bit_decoder_0_0_in_context.xdc] for cell 'design_1_i/adc_bit_decoder_0'
Parsing XDC File [c:/Users/devandla/Desktop/Embedded-System-Project-DAT096/Board_1/project_2/project_2.gen/sources_1/bd/design_1/ip/design_1_ila_0_0/design_1_ila_0_0/design_1_ila_0_0_in_context.xdc] for cell 'design_1_i/ila_0'
Finished Parsing XDC File [c:/Users/devandla/Desktop/Embedded-System-Project-DAT096/Board_1/project_2/project_2.gen/sources_1/bd/design_1/ip/design_1_ila_0_0/design_1_ila_0_0/design_1_ila_0_0_in_context.xdc] for cell 'design_1_i/ila_0'
Parsing XDC File [C:/Users/devandla/Desktop/Embedded-System-Project-DAT096/Board_1/project_2/project_2.srcs/constrs_1/new/Eclypse Z7.xdc]
WARNING: [Vivado 12-584] No ports matched 'clk'. [C:/Users/devandla/Desktop/Embedded-System-Project-DAT096/Board_1/project_2/project_2.srcs/constrs_1/new/Eclypse Z7.xdc:20]
WARNING: [Vivado 12-584] No ports matched 'prbs_bit'. [C:/Users/devandla/Desktop/Embedded-System-Project-DAT096/Board_1/project_2/project_2.srcs/constrs_1/new/Eclypse Z7.xdc:21]
WARNING: [Vivado 12-508] No pins matched 'design_1_i/ZmodAWGController_0/U0/InstDAC_ClkinODDR/C'. [C:/Users/devandla/Desktop/Embedded-System-Project-DAT096/Board_1/project_2/project_2.srcs/constrs_1/new/Eclypse Z7.xdc:84]
WARNING: [Vivado 12-508] No pins matched 'design_1_i/ZmodAWGController_0/U0/InstDAC_ClkIO_ODDR/C'. [C:/Users/devandla/Desktop/Embedded-System-Project-DAT096/Board_1/project_2/project_2.srcs/constrs_1/new/Eclypse Z7.xdc:90]
WARNING: [Vivado 12-627] No clocks matched 'ZmodDAC_ClkIn'. [C:/Users/devandla/Desktop/Embedded-System-Project-DAT096/Board_1/project_2/project_2.srcs/constrs_1/new/Eclypse Z7.xdc:97]
INFO: [Vivado 12-626] No clocks found. Please use 'create_clock' or 'create_generated_clock' command to create clocks. [C:/Users/devandla/Desktop/Embedded-System-Project-DAT096/Board_1/project_2/project_2.srcs/constrs_1/new/Eclypse Z7.xdc:97]
WARNING: [Vivado 12-627] No clocks matched 'ZmodDAC_ClkIn'. [C:/Users/devandla/Desktop/Embedded-System-Project-DAT096/Board_1/project_2/project_2.srcs/constrs_1/new/Eclypse Z7.xdc:98]
INFO: [Vivado 12-626] No clocks found. Please use 'create_clock' or 'create_generated_clock' command to create clocks. [C:/Users/devandla/Desktop/Embedded-System-Project-DAT096/Board_1/project_2/project_2.srcs/constrs_1/new/Eclypse Z7.xdc:98]
WARNING: [Vivado 12-627] No clocks matched 'ZmodDAC_ClkIn'. [C:/Users/devandla/Desktop/Embedded-System-Project-DAT096/Board_1/project_2/project_2.srcs/constrs_1/new/Eclypse Z7.xdc:99]
INFO: [Vivado 12-626] No clocks found. Please use 'create_clock' or 'create_generated_clock' command to create clocks. [C:/Users/devandla/Desktop/Embedded-System-Project-DAT096/Board_1/project_2/project_2.srcs/constrs_1/new/Eclypse Z7.xdc:99]
WARNING: [Vivado 12-627] No clocks matched 'ZmodDAC_ClkIn'. [C:/Users/devandla/Desktop/Embedded-System-Project-DAT096/Board_1/project_2/project_2.srcs/constrs_1/new/Eclypse Z7.xdc:100]
INFO: [Vivado 12-626] No clocks found. Please use 'create_clock' or 'create_generated_clock' command to create clocks. [C:/Users/devandla/Desktop/Embedded-System-Project-DAT096/Board_1/project_2/project_2.srcs/constrs_1/new/Eclypse Z7.xdc:100]
Finished Parsing XDC File [C:/Users/devandla/Desktop/Embedded-System-Project-DAT096/Board_1/project_2/project_2.srcs/constrs_1/new/Eclypse Z7.xdc]
WARNING: [Project 1-498] One or more constraints failed evaluation while reading constraint file [C:/Users/devandla/Desktop/Embedded-System-Project-DAT096/Board_1/project_2/project_2.srcs/constrs_1/new/Eclypse Z7.xdc] and the design contains unresolved black boxes. These constraints will be read post-synthesis (as long as their source constraint file is marked as used_in_implementation) and should be applied correctly then. You should review the constraints listed in the file [.Xil/design_1_wrapper_propImpl.xdc] and check the run log file to verify that these constraints were correctly applied.
INFO: [Project 1-236] Implementation specific constraints were found while reading constraint file [C:/Users/devandla/Desktop/Embedded-System-Project-DAT096/Board_1/project_2/project_2.srcs/constrs_1/new/Eclypse Z7.xdc]. These constraints will be ignored for synthesis but will be used in implementation. Impacted constraints are listed in the file [.Xil/design_1_wrapper_propImpl.xdc].
Resolution: To avoid this warning, move constraints listed in [.Xil/design_1_wrapper_propImpl.xdc] to another XDC file and exclude this new file from synthesis with the used_in_synthesis property (File Properties dialog in GUI) and re-run elaboration/synthesis.
Parsing XDC File [C:/Users/devandla/Desktop/Embedded-System-Project-DAT096/Board_1/project_2/project_2.runs/synth_1/dont_touch.xdc]
Finished Parsing XDC File [C:/Users/devandla/Desktop/Embedded-System-Project-DAT096/Board_1/project_2/project_2.runs/synth_1/dont_touch.xdc]
Completed Processing XDC Constraints

Netlist sorting complete. Time (s): cpu = 00:00:00 ; elapsed = 00:00:00 . Memory (MB): peak = 1247.152 ; gain = 0.000
INFO: [Project 1-111] Unisim Transformation Summary:
No Unisim elements were transformed.

Constraint Validation Runtime : Time (s): cpu = 00:00:00 ; elapsed = 00:00:00.003 . Memory (MB): peak = 1247.152 ; gain = 0.000
INFO: [Designutils 20-5440] No compile time benefit to using incremental synthesis; A full resynthesis will be run
INFO: [Designutils 20-4379] Flow is switching to default flow due to incremental criteria not met. If you would like to alter this behaviour and have the flow terminate instead, please set the following parameter config_implementation {autoIncr.Synth.RejectBehavior Terminate}
---------------------------------------------------------------------------------
Finished Constraint Validation : Time (s): cpu = 00:00:08 ; elapsed = 00:00:08 . Memory (MB): peak = 1247.152 ; gain = 586.594
---------------------------------------------------------------------------------
---------------------------------------------------------------------------------
Start Loading Part and Timing Information
---------------------------------------------------------------------------------
Loading part: xc7z020clg484-1
---------------------------------------------------------------------------------
Finished Loading Part and Timing Information : Time (s): cpu = 00:00:08 ; elapsed = 00:00:08 . Memory (MB): peak = 1247.152 ; gain = 586.594
---------------------------------------------------------------------------------
---------------------------------------------------------------------------------
Start Applying 'set_property' XDC Constraints
---------------------------------------------------------------------------------
Applied set_property IO_BUFFER_TYPE = NONE for sys_clk. (constraint file  c:/Users/devandla/Desktop/Embedded-System-Project-DAT096/Board_1/project_2/project_2.gen/sources_1/bd/design_1/ip/design_1_clk_wiz_0_0/design_1_clk_wiz_0_0/design_1_clk_wiz_0_0_in_context.xdc, line 4).
Applied set_property CLOCK_BUFFER_TYPE = NONE for sys_clk. (constraint file  c:/Users/devandla/Desktop/Embedded-System-Project-DAT096/Board_1/project_2/project_2.gen/sources_1/bd/design_1/ip/design_1_clk_wiz_0_0/design_1_clk_wiz_0_0/design_1_clk_wiz_0_0_in_context.xdc, line 5).
Applied set_property IO_BUFFER_TYPE = NONE for ZmodDAC_ClkIO_0. (constraint file  c:/Users/devandla/Desktop/Embedded-System-Project-DAT096/Board_1/project_2/project_2.srcs/sources_1/bd/design_1/ip/design_1_ZmodAWGController_0_0/design_1_ZmodAWGController_0_0/design_1_ZmodAWGController_0_0_in_context.xdc, line 5).
Applied set_property CLOCK_BUFFER_TYPE = NONE for ZmodDAC_ClkIO_0. (constraint file  c:/Users/devandla/Desktop/Embedded-System-Project-DAT096/Board_1/project_2/project_2.srcs/sources_1/bd/design_1/ip/design_1_ZmodAWGController_0_0/design_1_ZmodAWGController_0_0/design_1_ZmodAWGController_0_0_in_context.xdc, line 6).
Applied set_property IO_BUFFER_TYPE = NONE for ZmodDAC_ClkIn_0. (constraint file  c:/Users/devandla/Desktop/Embedded-System-Project-DAT096/Board_1/project_2/project_2.srcs/sources_1/bd/design_1/ip/design_1_ZmodAWGController_0_0/design_1_ZmodAWGController_0_0/design_1_ZmodAWGController_0_0_in_context.xdc, line 7).
Applied set_property CLOCK_BUFFER_TYPE = NONE for ZmodDAC_ClkIn_0. (constraint file  c:/Users/devandla/Desktop/Embedded-System-Project-DAT096/Board_1/project_2/project_2.srcs/sources_1/bd/design_1/ip/design_1_ZmodAWGController_0_0/design_1_ZmodAWGController_0_0/design_1_ZmodAWGController_0_0_in_context.xdc, line 8).
Applied set_property IO_BUFFER_TYPE = NONE for sZmodDAC_SDIO_0. (constraint file  c:/Users/devandla/Desktop/Embedded-System-Project-DAT096/Board_1/project_2/project_2.srcs/sources_1/bd/design_1/ip/design_1_ZmodAWGController_0_0/design_1_ZmodAWGController_0_0/design_1_ZmodAWGController_0_0_in_context.xdc, line 9).
Applied set_property CLOCK_BUFFER_TYPE = NONE for sZmodDAC_SDIO_0. (constraint file  c:/Users/devandla/Desktop/Embedded-System-Project-DAT096/Board_1/project_2/project_2.srcs/sources_1/bd/design_1/ip/design_1_ZmodAWGController_0_0/design_1_ZmodAWGController_0_0/design_1_ZmodAWGController_0_0_in_context.xdc, line 10).
Applied set_property IO_BUFFER_TYPE = NONE for ZmodAdcClkIn_n_0. (constraint file  c:/Users/devandla/Desktop/Embedded-System-Project-DAT096/Board_1/project_2/project_2.gen/sources_1/bd/design_1/ip/design_1_ZmodScopeController_0_0/design_1_ZmodScopeController_0_0/design_1_ZmodScopeController_0_0_in_context.xdc, line 1).
Applied set_property CLOCK_BUFFER_TYPE = NONE for ZmodAdcClkIn_n_0. (constraint file  c:/Users/devandla/Desktop/Embedded-System-Project-DAT096/Board_1/project_2/project_2.gen/sources_1/bd/design_1/ip/design_1_ZmodScopeController_0_0/design_1_ZmodScopeController_0_0/design_1_ZmodScopeController_0_0_in_context.xdc, line 2).
Applied set_property IO_BUFFER_TYPE = NONE for ZmodAdcClkIn_p_0. (constraint file  c:/Users/devandla/Desktop/Embedded-System-Project-DAT096/Board_1/project_2/project_2.gen/sources_1/bd/design_1/ip/design_1_ZmodScopeController_0_0/design_1_ZmodScopeController_0_0/design_1_ZmodScopeController_0_0_in_context.xdc, line 3).
Applied set_property CLOCK_BUFFER_TYPE = NONE for ZmodAdcClkIn_p_0. (constraint file  c:/Users/devandla/Desktop/Embedded-System-Project-DAT096/Board_1/project_2/project_2.gen/sources_1/bd/design_1/ip/design_1_ZmodScopeController_0_0/design_1_ZmodScopeController_0_0/design_1_ZmodScopeController_0_0_in_context.xdc, line 4).
Applied set_property KEEP_HIERARCHY = SOFT for design_1_i. (constraint file  auto generated constraint).
Applied set_property KEEP_HIERARCHY = SOFT for design_1_i/xlconstant_0. (constraint file  auto generated constraint).
Applied set_property KEEP_HIERARCHY = SOFT for design_1_i/clk_wiz_0. (constraint file  auto generated constraint).
Applied set_property KEEP_HIERARCHY = SOFT for design_1_i/ZmodAWGController_0. (constraint file  auto generated constraint).
Applied set_property KEEP_HIERARCHY = SOFT for design_1_i/prbs_axis_master_32_0. (constraint file  auto generated constraint).
Applied set_property KEEP_HIERARCHY = SOFT for design_1_i/ZmodScopeController_0. (constraint file  auto generated constraint).
Applied set_property KEEP_HIERARCHY = SOFT for design_1_i/xlconstant_1. (constraint file  auto generated constraint).
Applied set_property KEEP_HIERARCHY = SOFT for design_1_i/adc_bit_decoder_0. (constraint file  auto generated constraint).
Applied set_property KEEP_HIERARCHY = SOFT for design_1_i/xlslice_0. (constraint file  auto generated constraint).
Applied set_property KEEP_HIERARCHY = SOFT for design_1_i/ila_0. (constraint file  auto generated constraint).
---------------------------------------------------------------------------------
Finished applying 'set_property' XDC Constraints : Time (s): cpu = 00:00:09 ; elapsed = 00:00:08 . Memory (MB): peak = 1247.152 ; gain = 586.594
---------------------------------------------------------------------------------
---------------------------------------------------------------------------------
Finished RTL Optimization Phase 2 : Time (s): cpu = 00:00:09 ; elapsed = 00:00:09 . Memory (MB): peak = 1247.152 ; gain = 586.594
---------------------------------------------------------------------------------
---------------------------------------------------------------------------------
Start RTL Component Statistics 
---------------------------------------------------------------------------------
Detailed RTL Component Info : 
---------------------------------------------------------------------------------
Finished RTL Component Statistics 
---------------------------------------------------------------------------------
---------------------------------------------------------------------------------
Start Part Resource Summary
---------------------------------------------------------------------------------
Part Resources:
DSPs: 220 (col length:60)
BRAMs: 280 (col length: RAMB18 60 RAMB36 30)
---------------------------------------------------------------------------------
Finished Part Resource Summary
---------------------------------------------------------------------------------
---------------------------------------------------------------------------------
Start Cross Boundary and Area Optimization
---------------------------------------------------------------------------------
WARNING: [Synth 8-7080] Parallel synthesis criteria is not met
WARNING: [Synth 8-7129] Port Din[31] in module design_1_xlslice_0_0 is either unconnected or has no load
WARNING: [Synth 8-7129] Port Din[30] in module design_1_xlslice_0_0 is either unconnected or has no load
WARNING: [Synth 8-7129] Port Din[29] in module design_1_xlslice_0_0 is either unconnected or has no load
WARNING: [Synth 8-7129] Port Din[28] in module design_1_xlslice_0_0 is either unconnected or has no load
WARNING: [Synth 8-7129] Port Din[27] in module design_1_xlslice_0_0 is either unconnected or has no load
WARNING: [Synth 8-7129] Port Din[26] in module design_1_xlslice_0_0 is either unconnected or has no load
WARNING: [Synth 8-7129] Port Din[25] in module design_1_xlslice_0_0 is either unconnected or has no load
WARNING: [Synth 8-7129] Port Din[24] in module design_1_xlslice_0_0 is either unconnected or has no load
WARNING: [Synth 8-7129] Port Din[23] in module design_1_xlslice_0_0 is either unconnected or has no load
WARNING: [Synth 8-7129] Port Din[22] in module design_1_xlslice_0_0 is either unconnected or has no load
WARNING: [Synth 8-7129] Port Din[21] in module design_1_xlslice_0_0 is either unconnected or has no load
WARNING: [Synth 8-7129] Port Din[20] in module design_1_xlslice_0_0 is either unconnected or has no load
WARNING: [Synth 8-7129] Port Din[19] in module design_1_xlslice_0_0 is either unconnected or has no load
WARNING: [Synth 8-7129] Port Din[18] in module design_1_xlslice_0_0 is either unconnected or has no load
WARNING: [Synth 8-7129] Port Din[17] in module design_1_xlslice_0_0 is either unconnected or has no load
WARNING: [Synth 8-7129] Port Din[16] in module design_1_xlslice_0_0 is either unconnected or has no load
WARNING: [Synth 8-7129] Port Din[15] in module design_1_xlslice_0_0 is either unconnected or has no load
WARNING: [Synth 8-7129] Port Din[14] in module design_1_xlslice_0_0 is either unconnected or has no load
---------------------------------------------------------------------------------
Finished Cross Boundary and Area Optimization : Time (s): cpu = 00:00:10 ; elapsed = 00:00:10 . Memory (MB): peak = 1247.152 ; gain = 586.594
---------------------------------------------------------------------------------
---------------------------------------------------------------------------------
Start Applying XDC Timing Constraints
---------------------------------------------------------------------------------
---------------------------------------------------------------------------------
Finished Applying XDC Timing Constraints : Time (s): cpu = 00:00:13 ; elapsed = 00:00:13 . Memory (MB): peak = 1415.680 ; gain = 755.121
---------------------------------------------------------------------------------
---------------------------------------------------------------------------------
Start Timing Optimization
---------------------------------------------------------------------------------
---------------------------------------------------------------------------------
Finished Timing Optimization : Time (s): cpu = 00:00:13 ; elapsed = 00:00:13 . Memory (MB): peak = 1415.680 ; gain = 755.121
---------------------------------------------------------------------------------
---------------------------------------------------------------------------------
Start Technology Mapping
---------------------------------------------------------------------------------
---------------------------------------------------------------------------------
Finished Technology Mapping : Time (s): cpu = 00:00:13 ; elapsed = 00:00:13 . Memory (MB): peak = 1425.590 ; gain = 765.031
---------------------------------------------------------------------------------
---------------------------------------------------------------------------------
Start IO Insertion
---------------------------------------------------------------------------------
---------------------------------------------------------------------------------
Start Flattening Before IO Insertion
---------------------------------------------------------------------------------
---------------------------------------------------------------------------------
Finished Flattening Before IO Insertion
---------------------------------------------------------------------------------
---------------------------------------------------------------------------------
Start Final Netlist Cleanup
---------------------------------------------------------------------------------
---------------------------------------------------------------------------------
Finished Final Netlist Cleanup
---------------------------------------------------------------------------------
---------------------------------------------------------------------------------
Finished IO Insertion : Time (s): cpu = 00:00:15 ; elapsed = 00:00:15 . Memory (MB): peak = 1642.426 ; gain = 981.867
---------------------------------------------------------------------------------
---------------------------------------------------------------------------------
Start Renaming Generated Instances
---------------------------------------------------------------------------------
---------------------------------------------------------------------------------
Finished Renaming Generated Instances : Time (s): cpu = 00:00:15 ; elapsed = 00:00:15 . Memory (MB): peak = 1642.426 ; gain = 981.867
---------------------------------------------------------------------------------
---------------------------------------------------------------------------------
Start Rebuilding User Hierarchy
---------------------------------------------------------------------------------
---------------------------------------------------------------------------------
Finished Rebuilding User Hierarchy : Time (s): cpu = 00:00:15 ; elapsed = 00:00:15 . Memory (MB): peak = 1642.426 ; gain = 981.867
---------------------------------------------------------------------------------
---------------------------------------------------------------------------------
Start Renaming Generated Ports
---------------------------------------------------------------------------------
---------------------------------------------------------------------------------
Finished Renaming Generated Ports : Time (s): cpu = 00:00:15 ; elapsed = 00:00:15 . Memory (MB): peak = 1642.426 ; gain = 981.867
---------------------------------------------------------------------------------
---------------------------------------------------------------------------------
Start Handling Custom Attributes
---------------------------------------------------------------------------------
---------------------------------------------------------------------------------
Finished Handling Custom Attributes : Time (s): cpu = 00:00:15 ; elapsed = 00:00:15 . Memory (MB): peak = 1642.426 ; gain = 981.867
---------------------------------------------------------------------------------
---------------------------------------------------------------------------------
Start Renaming Generated Nets
---------------------------------------------------------------------------------
---------------------------------------------------------------------------------
Finished Renaming Generated Nets : Time (s): cpu = 00:00:15 ; elapsed = 00:00:15 . Memory (MB): peak = 1642.426 ; gain = 981.867
---------------------------------------------------------------------------------
---------------------------------------------------------------------------------
Start Writing Synthesis Report
---------------------------------------------------------------------------------

Report BlackBoxes: 
+------+---------------------------------+----------+
|      |BlackBox name                    |Instances |
+------+---------------------------------+----------+
|1     |design_1_ZmodAWGController_0_0   |         1|
|2     |design_1_ZmodScopeController_0_0 |         1|
|3     |design_1_adc_bit_decoder_0_0     |         1|
|4     |design_1_clk_wiz_0_0             |         1|
|5     |design_1_ila_0_0                 |         1|
|6     |design_1_prbs_axis_master_32_0_0 |         1|
+------+---------------------------------+----------+

Report Cell Usage: 
+------+--------------------------------------+------+
|      |Cell                                  |Count |
+------+--------------------------------------+------+
|1     |design_1_ZmodAWGController_0_0_bbox   |     1|
|2     |design_1_ZmodScopeController_0_0_bbox |     1|
|3     |design_1_adc_bit_decoder_0_0_bbox     |     1|
|4     |design_1_clk_wiz_0_0_bbox             |     1|
|5     |design_1_ila_0_0_bbox                 |     1|
|6     |design_1_prbs_axis_master_32_0_0_bbox |     1|
|7     |IBUF                                  |    15|
|8     |OBUF                                  |    33|
+------+--------------------------------------+------+
---------------------------------------------------------------------------------
Finished Writing Synthesis Report : Time (s): cpu = 00:00:15 ; elapsed = 00:00:15 . Memory (MB): peak = 1642.426 ; gain = 981.867
---------------------------------------------------------------------------------
Synthesis finished with 0 errors, 0 critical warnings and 19 warnings.
Synthesis Optimization Runtime : Time (s): cpu = 00:00:10 ; elapsed = 00:00:14 . Memory (MB): peak = 1642.426 ; gain = 979.262
Synthesis Optimization Complete : Time (s): cpu = 00:00:15 ; elapsed = 00:00:15 . Memory (MB): peak = 1642.426 ; gain = 981.867
INFO: [Project 1-571] Translating synthesized netlist
Netlist sorting complete. Time (s): cpu = 00:00:00 ; elapsed = 00:00:00.001 . Memory (MB): peak = 1642.426 ; gain = 0.000
INFO: [Project 1-570] Preparing netlist for logic optimization
INFO: [Opt 31-138] Pushed 0 inverter(s) to 0 load pin(s).
Netlist sorting complete. Time (s): cpu = 00:00:00 ; elapsed = 00:00:00 . Memory (MB): peak = 1642.426 ; gain = 0.000
INFO: [Project 1-111] Unisim Transformation Summary:
No Unisim elements were transformed.

Synth Design complete | Checksum: cbccfc80
INFO: [Common 17-83] Releasing license: Synthesis
59 Infos, 48 Warnings, 0 Critical Warnings and 0 Errors encountered.
synth_design completed successfully
synth_design: Time (s): cpu = 00:00:17 ; elapsed = 00:00:21 . Memory (MB): peak = 1642.426 ; gain = 1213.156
Write ShapeDB Complete: Time (s): cpu = 00:00:00 ; elapsed = 00:00:00.001 . Memory (MB): peak = 1642.426 ; gain = 0.000
INFO: [Common 17-1381] The checkpoint 'C:/Users/devandla/Desktop/Embedded-System-Project-DAT096/Board_1/project_2/project_2.runs/synth_1/design_1_wrapper.dcp' has been generated.
INFO: [Vivado 12-24828] Executing command : report_utilization -file design_1_wrapper_utilization_synth.rpt -pb design_1_wrapper_utilization_synth.pb
INFO: [Common 17-206] Exiting Vivado at Fri Apr 10 14:09:00 2026...
