
*** Running vivado
    with args -log design_2_bit_to_dac14_axi_0_2.vds -m64 -product Vivado -mode batch -messageDb vivado.pb -notrace -source design_2_bit_to_dac14_axi_0_2.tcl



****** Vivado v2024.2 (64-bit)
  **** SW Build 5239630 on Fri Nov 08 22:35:27 MST 2024
  **** IP Build 5239520 on Sun Nov 10 16:12:51 MST 2024
  **** SharedData Build 5239561 on Fri Nov 08 14:39:27 MST 2024
  **** Start of session at: Tue Apr 28 11:55:24 2026
    ** Copyright 1986-2022 Xilinx, Inc. All Rights Reserved.
    ** Copyright 2022-2024 Advanced Micro Devices, Inc. All Rights Reserved.

source design_2_bit_to_dac14_axi_0_2.tcl -notrace
INFO: [IP_Flow 19-234] Refreshing IP repositories
WARNING: [IP_Flow 19-2248] Failed to load user IP repository 'z:/DAT096/vivado-library-zmod-v2-2019.1-2/vivado-library-zmod-v2-2019.1-2'; Can't find the specified path.
If this directory should no longer be in your list of user repositories, go to the IP Settings dialog and remove it.
INFO: [IP_Flow 19-1700] Loaded user IP repository 'z:/embedded project/Eclypse-Z7-HW/Eclypse-Z7-HW.ipdefs/repo'.
INFO: [IP_Flow 19-1700] Loaded user IP repository 'z:/eda234/vivado-library-master'.
WARNING: [IP_Flow 19-3685] Ignored loading user repository 'z:/eda234/vivado-library-master/ip'. The path is contained within another repository.
INFO: [IP_Flow 19-2313] Loaded Vivado IP repository 'C:/Progs/Xilinx/Vivado/2024.2/data/ip'.
WARNING: [IP_Flow 19-1663] Duplicate IP found for 'digilent.com:user:ZmodAWGController:1.1'. The one found in IP location 'z:/embedded project/Eclypse-Z7-HW/Eclypse-Z7-HW.ipdefs/repo/vivado-library/ip/Zmods/ZmodAWGController' will take precedence over the same IP in location z:/eda234/vivado-library-master/ip/Zmods/ZmodAWGController
WARNING: [IP_Flow 19-1663] Duplicate IP found for 'digilent.com:user:ZmodScopeController:1.2'. The one found in IP location 'z:/embedded project/Eclypse-Z7-HW/Eclypse-Z7-HW.ipdefs/repo/vivado-library/ip/Zmods/ZmodScopeController' will take precedence over the same IP in location z:/eda234/vivado-library-master/ip/Zmods/ZmodScopeController
WARNING: [IP_Flow 19-4830] Duplicate Interface found for 'digilent.com:user:ZmodAWG_Calibration:1.0'. The one found in location 'z:/embedded project/Eclypse-Z7-HW/Eclypse-Z7-HW.ipdefs/repo/vivado-library/if/ZmodAWG_Calibration_v1_0/ZmodAWG_Calibration.xml' will take precedence over the same Interface in location 'z:/eda234/vivado-library-master/if/ZmodAWG_Calibration_v1_0/ZmodAWG_Calibration.xml'
WARNING: [IP_Flow 19-4830] Duplicate Interface found for 'natinst.com:user:ZmodScope_Calibration:1.0'. The one found in location 'z:/embedded project/Eclypse-Z7-HW/Eclypse-Z7-HW.ipdefs/repo/vivado-library/if/ZmodScope_Calibration_v1_0/ZmodScope_Calibration.xml' will take precedence over the same Interface in location 'z:/eda234/vivado-library-master/if/ZmodScope_Calibration_v1_0/ZmodScope_Calibration.xml'
update_ip_catalog: Time (s): cpu = 00:00:01 ; elapsed = 00:00:10 . Memory (MB): peak = 368.016 ; gain = 0.031
WARNING: [IP_Flow 19-4995] The host OS only allows 260 characters in a normal path. The IP cache path is more than 80 characters. If you experience issues with IP caching, please consider changing the IP cache to a location with a shorter path. Alternately consider using the OS subst command to map part of the path to a drive letter. 
Current IP cache path is c:/Users/devandla/Desktop/Embedded-System-Project-DAT096/Board_1/Board_1/Board_2.cache/ip 
Command: synth_design -top design_2_bit_to_dac14_axi_0_2 -part xc7z020clg484-1 -incremental_mode off -mode out_of_context
Starting synth_design
Attempting to get a license for feature 'Synthesis' and/or device 'xc7z020'
INFO: [Common 17-349] Got license for feature 'Synthesis' and/or device 'xc7z020'
INFO: [Device 21-403] Loading part xc7z020clg484-1
INFO: [Synth 8-7079] Multithreading enabled for synth_design using a maximum of 2 processes.
INFO: [Synth 8-7078] Launching helper process for spawning children vivado processes
INFO: [Synth 8-7075] Helper process launched with PID 21500
---------------------------------------------------------------------------------
Starting RTL Elaboration : Time (s): cpu = 00:00:03 ; elapsed = 00:00:03 . Memory (MB): peak = 1093.121 ; gain = 467.781
---------------------------------------------------------------------------------
INFO: [Synth 8-638] synthesizing module 'design_2_bit_to_dac14_axi_0_2' [c:/Users/devandla/Desktop/Embedded-System-Project-DAT096/Board_1/Board_1/Board_2.gen/sources_1/bd/design_2/ip/design_2_bit_to_dac14_axi_0_2/synth/design_2_bit_to_dac14_axi_0_2.vhd:68]
INFO: [Synth 8-3491] module 'bit_to_dac14_axi' declared at 'C:/Users/devandla/Desktop/Embedded-System-Project-DAT096/Board_1/Board_1/Board_2.srcs/sources_1/new/bit to dac converter.vhd:5' bound to instance 'U0' of component 'bit_to_dac14_axi' [c:/Users/devandla/Desktop/Embedded-System-Project-DAT096/Board_1/Board_1/Board_2.gen/sources_1/bd/design_2/ip/design_2_bit_to_dac14_axi_0_2/synth/design_2_bit_to_dac14_axi_0_2.vhd:105]
INFO: [Synth 8-638] synthesizing module 'bit_to_dac14_axi' [C:/Users/devandla/Desktop/Embedded-System-Project-DAT096/Board_1/Board_1/Board_2.srcs/sources_1/new/bit to dac converter.vhd:20]
INFO: [Synth 8-256] done synthesizing module 'bit_to_dac14_axi' (0#1) [C:/Users/devandla/Desktop/Embedded-System-Project-DAT096/Board_1/Board_1/Board_2.srcs/sources_1/new/bit to dac converter.vhd:20]
INFO: [Synth 8-256] done synthesizing module 'design_2_bit_to_dac14_axi_0_2' (0#1) [c:/Users/devandla/Desktop/Embedded-System-Project-DAT096/Board_1/Board_1/Board_2.gen/sources_1/bd/design_2/ip/design_2_bit_to_dac14_axi_0_2/synth/design_2_bit_to_dac14_axi_0_2.vhd:68]
WARNING: [Synth 8-6014] Unused sequential element dac_val_reg was removed.  [C:/Users/devandla/Desktop/Embedded-System-Project-DAT096/Board_1/Board_1/Board_2.srcs/sources_1/new/bit to dac converter.vhd:42]
WARNING: [Synth 8-3848] Net dac_data_s in module/entity bit_to_dac14_axi does not have driver. [C:/Users/devandla/Desktop/Embedded-System-Project-DAT096/Board_1/Board_1/Board_2.srcs/sources_1/new/bit to dac converter.vhd:21]
WARNING: [Synth 8-3848] Net prbs_bit in module/entity bit_to_dac14_axi does not have driver. [C:/Users/devandla/Desktop/Embedded-System-Project-DAT096/Board_1/Board_1/Board_2.srcs/sources_1/new/bit to dac converter.vhd:16]
WARNING: [Synth 8-7129] Port m_axis_tdata[14] in module bit_to_dac14_axi is either unconnected or has no load
WARNING: [Synth 8-7129] Port m_axis_tdata[13] in module bit_to_dac14_axi is either unconnected or has no load
WARNING: [Synth 8-7129] Port m_axis_tdata[12] in module bit_to_dac14_axi is either unconnected or has no load
WARNING: [Synth 8-7129] Port m_axis_tdata[11] in module bit_to_dac14_axi is either unconnected or has no load
WARNING: [Synth 8-7129] Port m_axis_tdata[10] in module bit_to_dac14_axi is either unconnected or has no load
WARNING: [Synth 8-7129] Port m_axis_tdata[9] in module bit_to_dac14_axi is either unconnected or has no load
WARNING: [Synth 8-7129] Port m_axis_tdata[8] in module bit_to_dac14_axi is either unconnected or has no load
WARNING: [Synth 8-7129] Port m_axis_tdata[7] in module bit_to_dac14_axi is either unconnected or has no load
WARNING: [Synth 8-7129] Port m_axis_tdata[6] in module bit_to_dac14_axi is either unconnected or has no load
WARNING: [Synth 8-7129] Port m_axis_tdata[5] in module bit_to_dac14_axi is either unconnected or has no load
WARNING: [Synth 8-7129] Port m_axis_tdata[4] in module bit_to_dac14_axi is either unconnected or has no load
WARNING: [Synth 8-7129] Port m_axis_tdata[3] in module bit_to_dac14_axi is either unconnected or has no load
WARNING: [Synth 8-7129] Port m_axis_tdata[2] in module bit_to_dac14_axi is either unconnected or has no load
WARNING: [Synth 8-7129] Port m_axis_tdata[1] in module bit_to_dac14_axi is either unconnected or has no load
WARNING: [Synth 8-7129] Port prbs_bit in module bit_to_dac14_axi is either unconnected or has no load
WARNING: [Synth 8-7129] Port bit_in in module bit_to_dac14_axi is either unconnected or has no load
WARNING: [Synth 8-7129] Port m_axis_tready in module bit_to_dac14_axi is either unconnected or has no load
---------------------------------------------------------------------------------
Finished RTL Elaboration : Time (s): cpu = 00:00:03 ; elapsed = 00:00:04 . Memory (MB): peak = 1202.324 ; gain = 576.984
---------------------------------------------------------------------------------
---------------------------------------------------------------------------------
Start Handling Custom Attributes
---------------------------------------------------------------------------------
---------------------------------------------------------------------------------
Finished Handling Custom Attributes : Time (s): cpu = 00:00:03 ; elapsed = 00:00:04 . Memory (MB): peak = 1202.324 ; gain = 576.984
---------------------------------------------------------------------------------
---------------------------------------------------------------------------------
Finished RTL Optimization Phase 1 : Time (s): cpu = 00:00:03 ; elapsed = 00:00:04 . Memory (MB): peak = 1202.324 ; gain = 576.984
---------------------------------------------------------------------------------
Netlist sorting complete. Time (s): cpu = 00:00:00 ; elapsed = 00:00:00 . Memory (MB): peak = 1202.324 ; gain = 0.000
INFO: [Project 1-570] Preparing netlist for logic optimization

Processing XDC Constraints
Initializing timing engine
Completed Processing XDC Constraints

Netlist sorting complete. Time (s): cpu = 00:00:00 ; elapsed = 00:00:00 . Memory (MB): peak = 1205.297 ; gain = 0.000
INFO: [Project 1-111] Unisim Transformation Summary:
No Unisim elements were transformed.

Constraint Validation Runtime : Time (s): cpu = 00:00:00 ; elapsed = 00:00:00.024 . Memory (MB): peak = 1205.414 ; gain = 0.117
INFO: [Designutils 20-5008] Incremental synthesis strategy off
---------------------------------------------------------------------------------
Finished Constraint Validation : Time (s): cpu = 00:00:08 ; elapsed = 00:00:09 . Memory (MB): peak = 1205.414 ; gain = 580.074
---------------------------------------------------------------------------------
---------------------------------------------------------------------------------
Start Loading Part and Timing Information
---------------------------------------------------------------------------------
Loading part: xc7z020clg484-1
---------------------------------------------------------------------------------
Finished Loading Part and Timing Information : Time (s): cpu = 00:00:08 ; elapsed = 00:00:09 . Memory (MB): peak = 1205.414 ; gain = 580.074
---------------------------------------------------------------------------------
---------------------------------------------------------------------------------
Start Applying 'set_property' XDC Constraints
---------------------------------------------------------------------------------
---------------------------------------------------------------------------------
Finished applying 'set_property' XDC Constraints : Time (s): cpu = 00:00:08 ; elapsed = 00:00:09 . Memory (MB): peak = 1205.414 ; gain = 580.074
---------------------------------------------------------------------------------
---------------------------------------------------------------------------------
Finished RTL Optimization Phase 2 : Time (s): cpu = 00:00:08 ; elapsed = 00:00:09 . Memory (MB): peak = 1205.414 ; gain = 580.074
---------------------------------------------------------------------------------
---------------------------------------------------------------------------------
Start RTL Component Statistics 
---------------------------------------------------------------------------------
Detailed RTL Component Info : 
+---Registers : 
	                1 Bit    Registers := 1     
---------------------------------------------------------------------------------
Finished RTL Component Statistics 
---------------------------------------------------------------------------------
---------------------------------------------------------------------------------
Start Part Resource Summary
---------------------------------------------------------------------------------
Part Resources:
DSPs: 220 (col length:60)
BRAMs: 280 (col length: RAMB18 60 RAMB36 30)
---------------------------------------------------------------------------------
Finished Part Resource Summary
---------------------------------------------------------------------------------
---------------------------------------------------------------------------------
Start Cross Boundary and Area Optimization
---------------------------------------------------------------------------------
WARNING: [Synth 8-7080] Parallel synthesis criteria is not met
INFO: [Synth 8-3917] design design_2_bit_to_dac14_axi_0_2 has port m_axis_tdata[31] driven by constant 0
INFO: [Synth 8-3917] design design_2_bit_to_dac14_axi_0_2 has port m_axis_tdata[30] driven by constant 0
INFO: [Synth 8-3917] design design_2_bit_to_dac14_axi_0_2 has port m_axis_tdata[29] driven by constant 0
INFO: [Synth 8-3917] design design_2_bit_to_dac14_axi_0_2 has port m_axis_tdata[28] driven by constant 0
INFO: [Synth 8-3917] design design_2_bit_to_dac14_axi_0_2 has port m_axis_tdata[27] driven by constant 0
INFO: [Synth 8-3917] design design_2_bit_to_dac14_axi_0_2 has port m_axis_tdata[26] driven by constant 0
INFO: [Synth 8-3917] design design_2_bit_to_dac14_axi_0_2 has port m_axis_tdata[25] driven by constant 0
INFO: [Synth 8-3917] design design_2_bit_to_dac14_axi_0_2 has port m_axis_tdata[24] driven by constant 0
INFO: [Synth 8-3917] design design_2_bit_to_dac14_axi_0_2 has port m_axis_tdata[23] driven by constant 0
INFO: [Synth 8-3917] design design_2_bit_to_dac14_axi_0_2 has port m_axis_tdata[22] driven by constant 0
INFO: [Synth 8-3917] design design_2_bit_to_dac14_axi_0_2 has port m_axis_tdata[21] driven by constant 0
INFO: [Synth 8-3917] design design_2_bit_to_dac14_axi_0_2 has port m_axis_tdata[20] driven by constant 0
INFO: [Synth 8-3917] design design_2_bit_to_dac14_axi_0_2 has port m_axis_tdata[19] driven by constant 0
INFO: [Synth 8-3917] design design_2_bit_to_dac14_axi_0_2 has port m_axis_tdata[18] driven by constant 0
INFO: [Synth 8-3917] design design_2_bit_to_dac14_axi_0_2 has port m_axis_tdata[17] driven by constant 0
INFO: [Synth 8-3917] design design_2_bit_to_dac14_axi_0_2 has port m_axis_tdata[16] driven by constant 0
INFO: [Synth 8-3917] design design_2_bit_to_dac14_axi_0_2 has port m_axis_tdata[15] driven by constant 0
INFO: [Synth 8-3917] design design_2_bit_to_dac14_axi_0_2 has port m_axis_tdata[0] driven by constant 0
INFO: [Synth 8-3917] design design_2_bit_to_dac14_axi_0_2 has port m_axis_tvalid driven by constant 1
WARNING: [Synth 8-7129] Port m_axis_tdata[14] in module design_2_bit_to_dac14_axi_0_2 is either unconnected or has no load
WARNING: [Synth 8-7129] Port m_axis_tdata[13] in module design_2_bit_to_dac14_axi_0_2 is either unconnected or has no load
WARNING: [Synth 8-7129] Port m_axis_tdata[12] in module design_2_bit_to_dac14_axi_0_2 is either unconnected or has no load
WARNING: [Synth 8-7129] Port m_axis_tdata[11] in module design_2_bit_to_dac14_axi_0_2 is either unconnected or has no load
WARNING: [Synth 8-7129] Port m_axis_tdata[10] in module design_2_bit_to_dac14_axi_0_2 is either unconnected or has no load
WARNING: [Synth 8-7129] Port m_axis_tdata[9] in module design_2_bit_to_dac14_axi_0_2 is either unconnected or has no load
WARNING: [Synth 8-7129] Port m_axis_tdata[8] in module design_2_bit_to_dac14_axi_0_2 is either unconnected or has no load
WARNING: [Synth 8-7129] Port m_axis_tdata[7] in module design_2_bit_to_dac14_axi_0_2 is either unconnected or has no load
WARNING: [Synth 8-7129] Port m_axis_tdata[6] in module design_2_bit_to_dac14_axi_0_2 is either unconnected or has no load
WARNING: [Synth 8-7129] Port m_axis_tdata[5] in module design_2_bit_to_dac14_axi_0_2 is either unconnected or has no load
WARNING: [Synth 8-7129] Port m_axis_tdata[4] in module design_2_bit_to_dac14_axi_0_2 is either unconnected or has no load
WARNING: [Synth 8-7129] Port m_axis_tdata[3] in module design_2_bit_to_dac14_axi_0_2 is either unconnected or has no load
WARNING: [Synth 8-7129] Port m_axis_tdata[2] in module design_2_bit_to_dac14_axi_0_2 is either unconnected or has no load
WARNING: [Synth 8-7129] Port m_axis_tdata[1] in module design_2_bit_to_dac14_axi_0_2 is either unconnected or has no load
WARNING: [Synth 8-7129] Port prbs_bit in module design_2_bit_to_dac14_axi_0_2 is either unconnected or has no load
WARNING: [Synth 8-7129] Port bit_in in module design_2_bit_to_dac14_axi_0_2 is either unconnected or has no load
WARNING: [Synth 8-7129] Port m_axis_tready in module design_2_bit_to_dac14_axi_0_2 is either unconnected or has no load
CRITICAL WARNING: [Synth 8-6859] multi-driven net on pin m_axis_tvalid with 1st driver pin 'U0/m_axis_tvalid_reg/Q' [C:/Users/devandla/Desktop/Embedded-System-Project-DAT096/Board_1/Board_1/Board_2.srcs/sources_1/new/bit to dac converter.vhd:32]
CRITICAL WARNING: [Synth 8-6859] multi-driven net on pin m_axis_tvalid with 2nd driver pin 'VCC' [C:/Users/devandla/Desktop/Embedded-System-Project-DAT096/Board_1/Board_1/Board_2.srcs/sources_1/new/bit to dac converter.vhd:32]
CRITICAL WARNING: [Synth 8-6858] multi-driven net m_axis_tvalid is connected to at least one constant driver which has been preserved, other driver is ignored [C:/Users/devandla/Desktop/Embedded-System-Project-DAT096/Board_1/Board_1/Board_2.srcs/sources_1/new/bit to dac converter.vhd:32]
---------------------------------------------------------------------------------
Finished Cross Boundary and Area Optimization : Time (s): cpu = 00:00:09 ; elapsed = 00:00:10 . Memory (MB): peak = 1208.418 ; gain = 583.078
---------------------------------------------------------------------------------
---------------------------------------------------------------------------------
Start Applying XDC Timing Constraints
---------------------------------------------------------------------------------
---------------------------------------------------------------------------------
Finished Applying XDC Timing Constraints : Time (s): cpu = 00:00:12 ; elapsed = 00:00:13 . Memory (MB): peak = 1379.410 ; gain = 754.070
---------------------------------------------------------------------------------
---------------------------------------------------------------------------------
Start Timing Optimization
---------------------------------------------------------------------------------
---------------------------------------------------------------------------------
Finished Timing Optimization : Time (s): cpu = 00:00:12 ; elapsed = 00:00:13 . Memory (MB): peak = 1379.410 ; gain = 754.070
---------------------------------------------------------------------------------
---------------------------------------------------------------------------------
Start Technology Mapping
---------------------------------------------------------------------------------
---------------------------------------------------------------------------------
Finished Technology Mapping : Time (s): cpu = 00:00:12 ; elapsed = 00:00:13 . Memory (MB): peak = 1388.957 ; gain = 763.617
---------------------------------------------------------------------------------
---------------------------------------------------------------------------------
Start IO Insertion
---------------------------------------------------------------------------------
---------------------------------------------------------------------------------
Start Flattening Before IO Insertion
---------------------------------------------------------------------------------
---------------------------------------------------------------------------------
Finished Flattening Before IO Insertion
---------------------------------------------------------------------------------
---------------------------------------------------------------------------------
Start Final Netlist Cleanup
---------------------------------------------------------------------------------
---------------------------------------------------------------------------------
Finished Final Netlist Cleanup
---------------------------------------------------------------------------------
---------------------------------------------------------------------------------
Finished IO Insertion : Time (s): cpu = 00:00:14 ; elapsed = 00:00:15 . Memory (MB): peak = 1605.922 ; gain = 980.582
---------------------------------------------------------------------------------
---------------------------------------------------------------------------------
Start Renaming Generated Instances
---------------------------------------------------------------------------------
---------------------------------------------------------------------------------
Finished Renaming Generated Instances : Time (s): cpu = 00:00:14 ; elapsed = 00:00:15 . Memory (MB): peak = 1605.922 ; gain = 980.582
---------------------------------------------------------------------------------
---------------------------------------------------------------------------------
Start Rebuilding User Hierarchy
---------------------------------------------------------------------------------
---------------------------------------------------------------------------------
Finished Rebuilding User Hierarchy : Time (s): cpu = 00:00:14 ; elapsed = 00:00:15 . Memory (MB): peak = 1605.922 ; gain = 980.582
---------------------------------------------------------------------------------
---------------------------------------------------------------------------------
Start Renaming Generated Ports
---------------------------------------------------------------------------------
---------------------------------------------------------------------------------
Finished Renaming Generated Ports : Time (s): cpu = 00:00:14 ; elapsed = 00:00:15 . Memory (MB): peak = 1605.922 ; gain = 980.582
---------------------------------------------------------------------------------
---------------------------------------------------------------------------------
Start Handling Custom Attributes
---------------------------------------------------------------------------------
---------------------------------------------------------------------------------
Finished Handling Custom Attributes : Time (s): cpu = 00:00:14 ; elapsed = 00:00:15 . Memory (MB): peak = 1605.922 ; gain = 980.582
---------------------------------------------------------------------------------
---------------------------------------------------------------------------------
Start Renaming Generated Nets
---------------------------------------------------------------------------------
---------------------------------------------------------------------------------
Finished Renaming Generated Nets : Time (s): cpu = 00:00:14 ; elapsed = 00:00:15 . Memory (MB): peak = 1605.922 ; gain = 980.582
---------------------------------------------------------------------------------
---------------------------------------------------------------------------------
Start Writing Synthesis Report
---------------------------------------------------------------------------------

Report BlackBoxes: 
+-+--------------+----------+
| |BlackBox name |Instances |
+-+--------------+----------+
+-+--------------+----------+

Report Cell Usage: 
+-+-----+------+
| |Cell |Count |
+-+-----+------+
+-+-----+------+
---------------------------------------------------------------------------------
Finished Writing Synthesis Report : Time (s): cpu = 00:00:14 ; elapsed = 00:00:15 . Memory (MB): peak = 1605.922 ; gain = 980.582
---------------------------------------------------------------------------------
Synthesis finished with 0 errors, 3 critical warnings and 18 warnings.
Synthesis Optimization Runtime : Time (s): cpu = 00:00:10 ; elapsed = 00:00:14 . Memory (MB): peak = 1605.922 ; gain = 977.492
Synthesis Optimization Complete : Time (s): cpu = 00:00:14 ; elapsed = 00:00:15 . Memory (MB): peak = 1605.922 ; gain = 980.582
INFO: [Project 1-571] Translating synthesized netlist
Netlist sorting complete. Time (s): cpu = 00:00:00 ; elapsed = 00:00:00 . Memory (MB): peak = 1605.922 ; gain = 0.000
INFO: [Project 1-570] Preparing netlist for logic optimization
INFO: [Opt 31-138] Pushed 0 inverter(s) to 0 load pin(s).
Netlist sorting complete. Time (s): cpu = 00:00:00 ; elapsed = 00:00:00 . Memory (MB): peak = 1605.922 ; gain = 0.000
INFO: [Project 1-111] Unisim Transformation Summary:
No Unisim elements were transformed.

Synth Design complete | Checksum: ed3ba328
INFO: [Common 17-83] Releasing license: Synthesis
41 Infos, 45 Warnings, 3 Critical Warnings and 0 Errors encountered.
synth_design completed successfully
synth_design: Time (s): cpu = 00:00:17 ; elapsed = 00:00:21 . Memory (MB): peak = 1605.922 ; gain = 1207.555
INFO: [runtcl-6] Synthesis results are not added to the cache due to CRITICAL_WARNING
INFO: [Common 17-1381] The checkpoint 'C:/Users/devandla/Desktop/Embedded-System-Project-DAT096/Board_1/Board_1/Board_2.runs/design_2_bit_to_dac14_axi_0_2_synth_1/design_2_bit_to_dac14_axi_0_2.dcp' has been generated.
INFO: [Vivado 12-24828] Executing command : report_utilization -file design_2_bit_to_dac14_axi_0_2_utilization_synth.rpt -pb design_2_bit_to_dac14_axi_0_2_utilization_synth.pb
INFO: [Common 17-206] Exiting Vivado at Tue Apr 28 11:55:59 2026...
