
*** Running vivado
    with args -log design_2_prbs_axis_master_32_0_0.vds -m64 -product Vivado -mode batch -messageDb vivado.pb -notrace -source design_2_prbs_axis_master_32_0_0.tcl



****** Vivado v2024.2 (64-bit)
  **** SW Build 5239630 on Fri Nov 08 22:35:27 MST 2024
  **** IP Build 5239520 on Sun Nov 10 16:12:51 MST 2024
  **** SharedData Build 5239561 on Fri Nov 08 14:39:27 MST 2024
  **** Start of session at: Thu Apr 23 14:56:36 2026
    ** Copyright 1986-2022 Xilinx, Inc. All Rights Reserved.
    ** Copyright 2022-2024 Advanced Micro Devices, Inc. All Rights Reserved.

source design_2_prbs_axis_master_32_0_0.tcl -notrace
INFO: [IP_Flow 19-234] Refreshing IP repositories
WARNING: [IP_Flow 19-2248] Failed to load user IP repository 'z:/DAT096/vivado-library-zmod-v2-2019.1-2/vivado-library-zmod-v2-2019.1-2'; Can't find the specified path.
If this directory should no longer be in your list of user repositories, go to the IP Settings dialog and remove it.
INFO: [IP_Flow 19-1700] Loaded user IP repository 'z:/embedded project/Eclypse-Z7-HW/Eclypse-Z7-HW.ipdefs/repo'.
INFO: [IP_Flow 19-1700] Loaded user IP repository 'z:/eda234/vivado-library-master'.
WARNING: [IP_Flow 19-3685] Ignored loading user repository 'z:/eda234/vivado-library-master/ip'. The path is contained within another repository.
INFO: [IP_Flow 19-2313] Loaded Vivado IP repository 'C:/Progs/Xilinx/Vivado/2024.2/data/ip'.
WARNING: [IP_Flow 19-1663] Duplicate IP found for 'digilent.com:user:ZmodAWGController:1.1'. The one found in IP location 'z:/embedded project/Eclypse-Z7-HW/Eclypse-Z7-HW.ipdefs/repo/vivado-library/ip/Zmods/ZmodAWGController' will take precedence over the same IP in location z:/eda234/vivado-library-master/ip/Zmods/ZmodAWGController
WARNING: [IP_Flow 19-1663] Duplicate IP found for 'digilent.com:user:ZmodScopeController:1.2'. The one found in IP location 'z:/embedded project/Eclypse-Z7-HW/Eclypse-Z7-HW.ipdefs/repo/vivado-library/ip/Zmods/ZmodScopeController' will take precedence over the same IP in location z:/eda234/vivado-library-master/ip/Zmods/ZmodScopeController
WARNING: [IP_Flow 19-4830] Duplicate Interface found for 'digilent.com:user:ZmodAWG_Calibration:1.0'. The one found in location 'z:/embedded project/Eclypse-Z7-HW/Eclypse-Z7-HW.ipdefs/repo/vivado-library/if/ZmodAWG_Calibration_v1_0/ZmodAWG_Calibration.xml' will take precedence over the same Interface in location 'z:/eda234/vivado-library-master/if/ZmodAWG_Calibration_v1_0/ZmodAWG_Calibration.xml'
WARNING: [IP_Flow 19-4830] Duplicate Interface found for 'natinst.com:user:ZmodScope_Calibration:1.0'. The one found in location 'z:/embedded project/Eclypse-Z7-HW/Eclypse-Z7-HW.ipdefs/repo/vivado-library/if/ZmodScope_Calibration_v1_0/ZmodScope_Calibration.xml' will take precedence over the same Interface in location 'z:/eda234/vivado-library-master/if/ZmodScope_Calibration_v1_0/ZmodScope_Calibration.xml'
update_ip_catalog: Time (s): cpu = 00:00:01 ; elapsed = 00:00:12 . Memory (MB): peak = 368.152 ; gain = 1.012
Command: synth_design -top design_2_prbs_axis_master_32_0_0 -part xc7z020clg484-1 -incremental_mode off -mode out_of_context
Starting synth_design
Attempting to get a license for feature 'Synthesis' and/or device 'xc7z020'
INFO: [Common 17-349] Got license for feature 'Synthesis' and/or device 'xc7z020'
INFO: [Device 21-403] Loading part xc7z020clg484-1
INFO: [Synth 8-7079] Multithreading enabled for synth_design using a maximum of 2 processes.
INFO: [Synth 8-7078] Launching helper process for spawning children vivado processes
INFO: [Synth 8-7075] Helper process launched with PID 12720
---------------------------------------------------------------------------------
Starting RTL Elaboration : Time (s): cpu = 00:00:05 ; elapsed = 00:00:06 . Memory (MB): peak = 1093.457 ; gain = 468.246
---------------------------------------------------------------------------------
INFO: [Synth 8-638] synthesizing module 'design_2_prbs_axis_master_32_0_0' [c:/Users/devandla/Desktop/Board_2/Board_2.gen/sources_1/bd/design_2/ip/design_2_prbs_axis_master_32_0_0/synth/design_2_prbs_axis_master_32_0_0.vhd:67]
	Parameter DAC_WIDTH bound to: 14 - type: integer 
	Parameter MID_CODE bound to: 8192 - type: integer 
	Parameter AMP_CODE bound to: 2500 - type: integer 
	Parameter SEED bound to: 1 - type: integer 
INFO: [Synth 8-3491] module 'prbs_axis_master_32' declared at 'C:/Users/devandla/Desktop/Board_2/Board_2.srcs/sources_1/new/prbs_axis_master_32.vhd:5' bound to instance 'U0' of component 'prbs_axis_master_32' [c:/Users/devandla/Desktop/Board_2/Board_2.gen/sources_1/bd/design_2/ip/design_2_prbs_axis_master_32_0_0/synth/design_2_prbs_axis_master_32_0_0.vhd:109]
INFO: [Synth 8-638] synthesizing module 'prbs_axis_master_32' [C:/Users/devandla/Desktop/Board_2/Board_2.srcs/sources_1/new/prbs_axis_master_32.vhd:26]
INFO: [Synth 8-638] synthesizing module 'Signal_generator' [C:/Users/devandla/Desktop/Board_2/Board_2.srcs/sources_1/new/u_gen.vhd:23]
INFO: [Synth 8-256] done synthesizing module 'Signal_generator' (0#1) [C:/Users/devandla/Desktop/Board_2/Board_2.srcs/sources_1/new/u_gen.vhd:23]
INFO: [Synth 8-256] done synthesizing module 'prbs_axis_master_32' (0#1) [C:/Users/devandla/Desktop/Board_2/Board_2.srcs/sources_1/new/prbs_axis_master_32.vhd:26]
INFO: [Synth 8-256] done synthesizing module 'design_2_prbs_axis_master_32_0_0' (0#1) [c:/Users/devandla/Desktop/Board_2/Board_2.gen/sources_1/bd/design_2/ip/design_2_prbs_axis_master_32_0_0/synth/design_2_prbs_axis_master_32_0_0.vhd:67]
---------------------------------------------------------------------------------
Finished RTL Elaboration : Time (s): cpu = 00:00:07 ; elapsed = 00:00:07 . Memory (MB): peak = 1202.949 ; gain = 577.738
---------------------------------------------------------------------------------
---------------------------------------------------------------------------------
Start Handling Custom Attributes
---------------------------------------------------------------------------------
---------------------------------------------------------------------------------
Finished Handling Custom Attributes : Time (s): cpu = 00:00:07 ; elapsed = 00:00:08 . Memory (MB): peak = 1202.949 ; gain = 577.738
---------------------------------------------------------------------------------
---------------------------------------------------------------------------------
Finished RTL Optimization Phase 1 : Time (s): cpu = 00:00:07 ; elapsed = 00:00:08 . Memory (MB): peak = 1202.949 ; gain = 577.738
---------------------------------------------------------------------------------
Netlist sorting complete. Time (s): cpu = 00:00:00 ; elapsed = 00:00:00.001 . Memory (MB): peak = 1202.949 ; gain = 0.000
INFO: [Project 1-570] Preparing netlist for logic optimization

Processing XDC Constraints
Initializing timing engine
Completed Processing XDC Constraints

Netlist sorting complete. Time (s): cpu = 00:00:00 ; elapsed = 00:00:00 . Memory (MB): peak = 1283.176 ; gain = 0.000
INFO: [Project 1-111] Unisim Transformation Summary:
No Unisim elements were transformed.

Constraint Validation Runtime : Time (s): cpu = 00:00:00 ; elapsed = 00:00:00.047 . Memory (MB): peak = 1283.219 ; gain = 0.043
INFO: [Designutils 20-5008] Incremental synthesis strategy off
---------------------------------------------------------------------------------
Finished Constraint Validation : Time (s): cpu = 00:00:14 ; elapsed = 00:00:15 . Memory (MB): peak = 1283.219 ; gain = 658.008
---------------------------------------------------------------------------------
---------------------------------------------------------------------------------
Start Loading Part and Timing Information
---------------------------------------------------------------------------------
Loading part: xc7z020clg484-1
---------------------------------------------------------------------------------
Finished Loading Part and Timing Information : Time (s): cpu = 00:00:14 ; elapsed = 00:00:15 . Memory (MB): peak = 1283.219 ; gain = 658.008
---------------------------------------------------------------------------------
---------------------------------------------------------------------------------
Start Applying 'set_property' XDC Constraints
---------------------------------------------------------------------------------
---------------------------------------------------------------------------------
Finished applying 'set_property' XDC Constraints : Time (s): cpu = 00:00:14 ; elapsed = 00:00:15 . Memory (MB): peak = 1283.219 ; gain = 658.008
---------------------------------------------------------------------------------
---------------------------------------------------------------------------------
Finished RTL Optimization Phase 2 : Time (s): cpu = 00:00:14 ; elapsed = 00:00:15 . Memory (MB): peak = 1283.219 ; gain = 658.008
---------------------------------------------------------------------------------
---------------------------------------------------------------------------------
Start RTL Component Statistics 
---------------------------------------------------------------------------------
Detailed RTL Component Info : 
+---Adders : 
	   2 Input    4 Bit       Adders := 1     
+---XORs : 
	   4 Input      1 Bit         XORs := 1     
+---Registers : 
	               14 Bit    Registers := 3     
	                4 Bit    Registers := 1     
+---Muxes : 
	   2 Input   14 Bit        Muxes := 3     
	   2 Input    4 Bit        Muxes := 1     
	   2 Input    1 Bit        Muxes := 2     
---------------------------------------------------------------------------------
Finished RTL Component Statistics 
---------------------------------------------------------------------------------
---------------------------------------------------------------------------------
Start Part Resource Summary
---------------------------------------------------------------------------------
Part Resources:
DSPs: 220 (col length:60)
BRAMs: 280 (col length: RAMB18 60 RAMB36 30)
---------------------------------------------------------------------------------
Finished Part Resource Summary
---------------------------------------------------------------------------------
---------------------------------------------------------------------------------
Start Cross Boundary and Area Optimization
---------------------------------------------------------------------------------
WARNING: [Synth 8-7080] Parallel synthesis criteria is not met
INFO: [Synth 8-3917] design design_2_prbs_axis_master_32_0_0 has port m_axis_tdata[31] driven by constant 0
INFO: [Synth 8-3917] design design_2_prbs_axis_master_32_0_0 has port m_axis_tdata[30] driven by constant 0
INFO: [Synth 8-3917] design design_2_prbs_axis_master_32_0_0 has port m_axis_tdata[29] driven by constant 0
INFO: [Synth 8-3917] design design_2_prbs_axis_master_32_0_0 has port m_axis_tdata[28] driven by constant 0
INFO: [Synth 8-3917] design design_2_prbs_axis_master_32_0_0 has port m_axis_tdata[27] driven by constant 0
INFO: [Synth 8-3917] design design_2_prbs_axis_master_32_0_0 has port m_axis_tdata[26] driven by constant 0
INFO: [Synth 8-3917] design design_2_prbs_axis_master_32_0_0 has port m_axis_tdata[25] driven by constant 0
INFO: [Synth 8-3917] design design_2_prbs_axis_master_32_0_0 has port m_axis_tdata[24] driven by constant 0
INFO: [Synth 8-3917] design design_2_prbs_axis_master_32_0_0 has port m_axis_tdata[23] driven by constant 0
INFO: [Synth 8-3917] design design_2_prbs_axis_master_32_0_0 has port m_axis_tdata[22] driven by constant 0
INFO: [Synth 8-3917] design design_2_prbs_axis_master_32_0_0 has port m_axis_tdata[21] driven by constant 0
INFO: [Synth 8-3917] design design_2_prbs_axis_master_32_0_0 has port m_axis_tdata[20] driven by constant 0
INFO: [Synth 8-3917] design design_2_prbs_axis_master_32_0_0 has port m_axis_tdata[19] driven by constant 0
INFO: [Synth 8-3917] design design_2_prbs_axis_master_32_0_0 has port m_axis_tdata[18] driven by constant 0
INFO: [Synth 8-3917] design design_2_prbs_axis_master_32_0_0 has port m_axis_tdata[17] driven by constant 0
INFO: [Synth 8-3917] design design_2_prbs_axis_master_32_0_0 has port m_axis_tdata[16] driven by constant 0
INFO: [Synth 8-3917] design design_2_prbs_axis_master_32_0_0 has port m_axis_tdata[15] driven by constant 0
INFO: [Synth 8-3917] design design_2_prbs_axis_master_32_0_0 has port m_axis_tdata[0] driven by constant 0
INFO: [Synth 8-3917] design design_2_prbs_axis_master_32_0_0 has port m_axis_tvalid driven by constant 1
---------------------------------------------------------------------------------
Finished Cross Boundary and Area Optimization : Time (s): cpu = 00:00:15 ; elapsed = 00:00:16 . Memory (MB): peak = 1283.219 ; gain = 658.008
---------------------------------------------------------------------------------
---------------------------------------------------------------------------------
Start Applying XDC Timing Constraints
---------------------------------------------------------------------------------
---------------------------------------------------------------------------------
Finished Applying XDC Timing Constraints : Time (s): cpu = 00:00:18 ; elapsed = 00:00:20 . Memory (MB): peak = 1394.449 ; gain = 769.238
---------------------------------------------------------------------------------
---------------------------------------------------------------------------------
Start Timing Optimization
---------------------------------------------------------------------------------
---------------------------------------------------------------------------------
Finished Timing Optimization : Time (s): cpu = 00:00:18 ; elapsed = 00:00:20 . Memory (MB): peak = 1394.449 ; gain = 769.238
---------------------------------------------------------------------------------
---------------------------------------------------------------------------------
Start Technology Mapping
---------------------------------------------------------------------------------
---------------------------------------------------------------------------------
Finished Technology Mapping : Time (s): cpu = 00:00:18 ; elapsed = 00:00:20 . Memory (MB): peak = 1413.578 ; gain = 788.367
---------------------------------------------------------------------------------
---------------------------------------------------------------------------------
Start IO Insertion
---------------------------------------------------------------------------------
---------------------------------------------------------------------------------
Start Flattening Before IO Insertion
---------------------------------------------------------------------------------
---------------------------------------------------------------------------------
Finished Flattening Before IO Insertion
---------------------------------------------------------------------------------
---------------------------------------------------------------------------------
Start Final Netlist Cleanup
---------------------------------------------------------------------------------
---------------------------------------------------------------------------------
Finished Final Netlist Cleanup
---------------------------------------------------------------------------------
---------------------------------------------------------------------------------
Finished IO Insertion : Time (s): cpu = 00:00:20 ; elapsed = 00:00:22 . Memory (MB): peak = 1620.727 ; gain = 995.516
---------------------------------------------------------------------------------
---------------------------------------------------------------------------------
Start Renaming Generated Instances
---------------------------------------------------------------------------------
---------------------------------------------------------------------------------
Finished Renaming Generated Instances : Time (s): cpu = 00:00:20 ; elapsed = 00:00:22 . Memory (MB): peak = 1620.727 ; gain = 995.516
---------------------------------------------------------------------------------
---------------------------------------------------------------------------------
Start Rebuilding User Hierarchy
---------------------------------------------------------------------------------
---------------------------------------------------------------------------------
Finished Rebuilding User Hierarchy : Time (s): cpu = 00:00:20 ; elapsed = 00:00:22 . Memory (MB): peak = 1620.727 ; gain = 995.516
---------------------------------------------------------------------------------
---------------------------------------------------------------------------------
Start Renaming Generated Ports
---------------------------------------------------------------------------------
---------------------------------------------------------------------------------
Finished Renaming Generated Ports : Time (s): cpu = 00:00:20 ; elapsed = 00:00:22 . Memory (MB): peak = 1620.727 ; gain = 995.516
---------------------------------------------------------------------------------
---------------------------------------------------------------------------------
Start Handling Custom Attributes
---------------------------------------------------------------------------------
---------------------------------------------------------------------------------
Finished Handling Custom Attributes : Time (s): cpu = 00:00:20 ; elapsed = 00:00:22 . Memory (MB): peak = 1620.727 ; gain = 995.516
---------------------------------------------------------------------------------
---------------------------------------------------------------------------------
Start Renaming Generated Nets
---------------------------------------------------------------------------------
---------------------------------------------------------------------------------
Finished Renaming Generated Nets : Time (s): cpu = 00:00:20 ; elapsed = 00:00:22 . Memory (MB): peak = 1620.727 ; gain = 995.516
---------------------------------------------------------------------------------
---------------------------------------------------------------------------------
Start Writing Synthesis Report
---------------------------------------------------------------------------------

Report BlackBoxes: 
+-+--------------+----------+
| |BlackBox name |Instances |
+-+--------------+----------+
+-+--------------+----------+

Report Cell Usage: 
+------+-----+------+
|      |Cell |Count |
+------+-----+------+
|1     |LUT1 |     2|
|2     |LUT2 |     2|
|3     |LUT3 |     1|
|4     |LUT4 |     8|
|5     |LUT5 |     1|
|6     |LUT6 |     3|
|7     |FDRE |    22|
|8     |FDSE |     1|
+------+-----+------+
---------------------------------------------------------------------------------
Finished Writing Synthesis Report : Time (s): cpu = 00:00:20 ; elapsed = 00:00:22 . Memory (MB): peak = 1620.727 ; gain = 995.516
---------------------------------------------------------------------------------
Synthesis finished with 0 errors, 0 critical warnings and 1 warnings.
Synthesis Optimization Runtime : Time (s): cpu = 00:00:11 ; elapsed = 00:00:20 . Memory (MB): peak = 1620.727 ; gain = 915.246
Synthesis Optimization Complete : Time (s): cpu = 00:00:20 ; elapsed = 00:00:22 . Memory (MB): peak = 1620.727 ; gain = 995.516
INFO: [Project 1-571] Translating synthesized netlist
Netlist sorting complete. Time (s): cpu = 00:00:00 ; elapsed = 00:00:00 . Memory (MB): peak = 1620.727 ; gain = 0.000
INFO: [Project 1-570] Preparing netlist for logic optimization
INFO: [Opt 31-138] Pushed 0 inverter(s) to 0 load pin(s).
Netlist sorting complete. Time (s): cpu = 00:00:00 ; elapsed = 00:00:00 . Memory (MB): peak = 1620.727 ; gain = 0.000
INFO: [Project 1-111] Unisim Transformation Summary:
No Unisim elements were transformed.

Synth Design complete | Checksum: b6c2189b
INFO: [Common 17-83] Releasing license: Synthesis
43 Infos, 7 Warnings, 0 Critical Warnings and 0 Errors encountered.
synth_design completed successfully
synth_design: Time (s): cpu = 00:00:24 ; elapsed = 00:00:29 . Memory (MB): peak = 1620.727 ; gain = 1225.250
INFO: [Coretcl 2-1174] Renamed 2 cell refs.
Write ShapeDB Complete: Time (s): cpu = 00:00:00 ; elapsed = 00:00:00.001 . Memory (MB): peak = 1620.727 ; gain = 0.000
INFO: [Common 17-1381] The checkpoint 'C:/Users/devandla/Desktop/Board_2/Board_2.runs/design_2_prbs_axis_master_32_0_0_synth_1/design_2_prbs_axis_master_32_0_0.dcp' has been generated.
INFO: [Vivado 12-24828] Executing command : report_utilization -file design_2_prbs_axis_master_32_0_0_utilization_synth.rpt -pb design_2_prbs_axis_master_32_0_0_utilization_synth.pb
INFO: [Common 17-206] Exiting Vivado at Thu Apr 23 14:57:21 2026...
