INFO: [VRFC 10-2263] Analyzing Verilog file "C:/Users/devandla/Desktop/Embedded-System-Project-DAT096/Board_2/Board_2/Board_2.sim/sim_1/synth/timing/xsim/design_2_wrapper_time_synth.v" into library xil_defaultlib
INFO: [VRFC 10-311] analyzing module IOBUF_UNIQ_BASE_
INFO: [VRFC 10-311] analyzing module OBUFDS_DUAL_BUF_UNIQ_BASE_
INFO: [VRFC 10-311] analyzing module RAM32M_UNIQ_BASE_
INFO: [VRFC 10-311] analyzing module RAM32M_HD133
INFO: [VRFC 10-311] analyzing module RAM32M_HD134
INFO: [VRFC 10-311] analyzing module RAM32M_HD135
INFO: [VRFC 10-311] analyzing module RAM32M_HD137
INFO: [VRFC 10-311] analyzing module RAM32X1D_UNIQ_BASE_
INFO: [VRFC 10-311] analyzing module RAM32X1D_HD136
INFO: [VRFC 10-311] analyzing module dbg_hub_CV
INFO: [VRFC 10-311] analyzing module ADI_SPI
INFO: [VRFC 10-311] analyzing module ConfigADC
INFO: [VRFC 10-311] analyzing module ConfigRelays
INFO: [VRFC 10-311] analyzing module DataPath
INFO: [VRFC 10-311] analyzing module GainOffsetCalib
INFO: [VRFC 10-311] analyzing module GainOffsetCalib__parameterized0
INFO: [VRFC 10-311] analyzing module HandshakeData
INFO: [VRFC 10-311] analyzing module ResetBridge
INFO: [VRFC 10-311] analyzing module ResetBridge__1
INFO: [VRFC 10-311] analyzing module ResetBridge__parameterized0
INFO: [VRFC 10-311] analyzing module ResetBridge__parameterized0__1
INFO: [VRFC 10-311] analyzing module ResetBridge__parameterized0__2
INFO: [VRFC 10-311] analyzing module SyncAsync
INFO: [VRFC 10-311] analyzing module SyncAsync__1
INFO: [VRFC 10-311] analyzing module SyncAsync__10
INFO: [VRFC 10-311] analyzing module SyncAsync__2
INFO: [VRFC 10-311] analyzing module SyncAsync__3
INFO: [VRFC 10-311] analyzing module SyncAsync__4
INFO: [VRFC 10-311] analyzing module SyncAsync__5
INFO: [VRFC 10-311] analyzing module SyncAsync__6
INFO: [VRFC 10-311] analyzing module SyncAsync__7
INFO: [VRFC 10-311] analyzing module SyncAsync__8
INFO: [VRFC 10-311] analyzing module SyncAsync__9
INFO: [VRFC 10-311] analyzing module SyncAsync__parameterized0
INFO: [VRFC 10-311] analyzing module SyncAsync__parameterized0__1
INFO: [VRFC 10-311] analyzing module SyncAsync__parameterized0__2
INFO: [VRFC 10-311] analyzing module SyncAsync__parameterized1
INFO: [VRFC 10-311] analyzing module SyncAsync__parameterized1__1
INFO: [VRFC 10-311] analyzing module SyncBase
INFO: [VRFC 10-311] analyzing module ZmodADC_SynchonizationFIFO
INFO: [VRFC 10-311] analyzing module ZmodScopeController
INFO: [VRFC 10-311] analyzing module adc_bit_decoder
INFO: [VRFC 10-311] analyzing module cdc_sync
INFO: [VRFC 10-311] analyzing module design_2
INFO: [VRFC 10-311] analyzing module design_2_ZmodScopeController_0_1
INFO: [VRFC 10-311] analyzing module design_2_adc_bit_decoder_0_0
INFO: [VRFC 10-311] analyzing module design_2_clk_wiz_0_0
INFO: [VRFC 10-311] analyzing module design_2_clk_wiz_0_0_clk_wiz
INFO: [VRFC 10-311] analyzing module design_2_ila_0_0
INFO: [VRFC 10-311] analyzing module design_2_proc_sys_reset_0_0
INFO: [VRFC 10-311] analyzing module design_2_wrapper
INFO: [VRFC 10-311] analyzing module design_2_xlconstant_1_1
INFO: [VRFC 10-311] analyzing module design_2_xlconstant_4_0
INFO: [VRFC 10-311] analyzing module lpf
INFO: [VRFC 10-311] analyzing module proc_sys_reset
INFO: [VRFC 10-311] analyzing module sequence_psr
INFO: [VRFC 10-311] analyzing module upcnt_n
INFO: [VRFC 10-311] analyzing module xpm_cdc_async_rst
INFO: [VRFC 10-311] analyzing module xpm_cdc_async_rst__1
INFO: [VRFC 10-311] analyzing module xpm_cdc_gray
INFO: [VRFC 10-311] analyzing module xpm_cdc_gray__2
INFO: [VRFC 10-311] analyzing module xpm_cdc_single
INFO: [VRFC 10-311] analyzing module xpm_cdc_single__2
INFO: [VRFC 10-311] analyzing module CFGLUT5_UNIQ_BASE_
INFO: [VRFC 10-311] analyzing module CFGLUT5_HD138
INFO: [VRFC 10-311] analyzing module CFGLUT5_HD139
INFO: [VRFC 10-311] analyzing module CFGLUT5_HD140
INFO: [VRFC 10-311] analyzing module CFGLUT5_HD141
INFO: [VRFC 10-311] analyzing module CFGLUT5_HD142
INFO: [VRFC 10-311] analyzing module CFGLUT5_HD143
INFO: [VRFC 10-311] analyzing module CFGLUT5_HD144
INFO: [VRFC 10-311] analyzing module CFGLUT5_HD145
INFO: [VRFC 10-311] analyzing module CFGLUT5_HD146
INFO: [VRFC 10-311] analyzing module CFGLUT5_HD147
INFO: [VRFC 10-311] analyzing module CFGLUT5_HD148
INFO: [VRFC 10-311] analyzing module CFGLUT5_HD149
INFO: [VRFC 10-311] analyzing module CFGLUT5_HD150
INFO: [VRFC 10-311] analyzing module CFGLUT5_HD151
INFO: [VRFC 10-311] analyzing module CFGLUT5_HD152
INFO: [VRFC 10-311] analyzing module CFGLUT5_HD153
INFO: [VRFC 10-311] analyzing module CFGLUT5_HD154
INFO: [VRFC 10-311] analyzing module CFGLUT5_HD155
INFO: [VRFC 10-311] analyzing module CFGLUT5_HD156
INFO: [VRFC 10-311] analyzing module CFGLUT5_HD157
INFO: [VRFC 10-311] analyzing module CFGLUT5_HD158
INFO: [VRFC 10-311] analyzing module CFGLUT5_HD159
INFO: [VRFC 10-311] analyzing module CFGLUT5_HD160
INFO: [VRFC 10-311] analyzing module CFGLUT5_HD161
INFO: [VRFC 10-311] analyzing module CFGLUT5_HD162
INFO: [VRFC 10-311] analyzing module CFGLUT5_HD163
INFO: [VRFC 10-311] analyzing module CFGLUT5_HD164
INFO: [VRFC 10-311] analyzing module CFGLUT5_HD165
INFO: [VRFC 10-311] analyzing module CFGLUT5_HD166
INFO: [VRFC 10-311] analyzing module CFGLUT5_HD167
INFO: [VRFC 10-311] analyzing module CFGLUT5_HD168
INFO: [VRFC 10-311] analyzing module CFGLUT5_HD169
INFO: [VRFC 10-311] analyzing module CFGLUT5_HD170
INFO: [VRFC 10-311] analyzing module CFGLUT5_HD171
INFO: [VRFC 10-311] analyzing module CFGLUT5_HD172
INFO: [VRFC 10-311] analyzing module CFGLUT5_HD173
INFO: [VRFC 10-311] analyzing module CFGLUT5_HD174
INFO: [VRFC 10-311] analyzing module CFGLUT5_HD175
INFO: [VRFC 10-311] analyzing module CFGLUT5_HD176
INFO: [VRFC 10-311] analyzing module CFGLUT5_HD177
INFO: [VRFC 10-311] analyzing module CFGLUT5_HD178
INFO: [VRFC 10-311] analyzing module CFGLUT5_HD179
INFO: [VRFC 10-311] analyzing module CFGLUT5_HD180
INFO: [VRFC 10-311] analyzing module CFGLUT5_HD181
INFO: [VRFC 10-311] analyzing module CFGLUT5_HD182
INFO: [VRFC 10-311] analyzing module CFGLUT5_HD183
INFO: [VRFC 10-311] analyzing module CFGLUT5_HD184
INFO: [VRFC 10-311] analyzing module CFGLUT5_HD185
INFO: [VRFC 10-311] analyzing module CFGLUT5_HD186
INFO: [VRFC 10-311] analyzing module CFGLUT5_HD187
INFO: [VRFC 10-311] analyzing module CFGLUT5_HD188
INFO: [VRFC 10-311] analyzing module CFGLUT5_HD189
INFO: [VRFC 10-311] analyzing module CFGLUT5_HD190
INFO: [VRFC 10-311] analyzing module CFGLUT5_HD191
INFO: [VRFC 10-311] analyzing module CFGLUT5_HD192
INFO: [VRFC 10-311] analyzing module ila_v6_2_16_ila
INFO: [VRFC 10-311] analyzing module ila_v6_2_16_ila_cap_addrgen
INFO: [VRFC 10-311] analyzing module ila_v6_2_16_ila_cap_ctrl_legacy
INFO: [VRFC 10-311] analyzing module ila_v6_2_16_ila_cap_sample_counter
INFO: [VRFC 10-311] analyzing module ila_v6_2_16_ila_cap_window_counter
INFO: [VRFC 10-311] analyzing module ila_v6_2_16_ila_core
INFO: [VRFC 10-311] analyzing module ila_v6_2_16_ila_register
INFO: [VRFC 10-311] analyzing module ila_v6_2_16_ila_reset_ctrl
INFO: [VRFC 10-311] analyzing module ila_v6_2_16_ila_trace_memory
INFO: [VRFC 10-311] analyzing module ila_v6_2_16_ila_trig_match
INFO: [VRFC 10-311] analyzing module ila_v6_2_16_ila_trigger
INFO: [VRFC 10-311] analyzing module ltlib_v1_0_2_all_typeA
INFO: [VRFC 10-311] analyzing module ltlib_v1_0_2_all_typeA_4
INFO: [VRFC 10-311] analyzing module ltlib_v1_0_2_all_typeA_7
INFO: [VRFC 10-311] analyzing module ltlib_v1_0_2_all_typeA_9
INFO: [VRFC 10-311] analyzing module ltlib_v1_0_2_all_typeA__parameterized0
INFO: [VRFC 10-311] analyzing module ltlib_v1_0_2_all_typeA__parameterized1
INFO: [VRFC 10-311] analyzing module ltlib_v1_0_2_all_typeA__parameterized1_29
INFO: [VRFC 10-311] analyzing module ltlib_v1_0_2_all_typeA__parameterized1_33
INFO: [VRFC 10-311] analyzing module ltlib_v1_0_2_all_typeA_slice
INFO: [VRFC 10-311] analyzing module ltlib_v1_0_2_all_typeA_slice_10
INFO: [VRFC 10-311] analyzing module ltlib_v1_0_2_all_typeA_slice_2
INFO: [VRFC 10-311] analyzing module ltlib_v1_0_2_all_typeA_slice_5
INFO: [VRFC 10-311] analyzing module ltlib_v1_0_2_all_typeA_slice_8
INFO: [VRFC 10-311] analyzing module ltlib_v1_0_2_all_typeA_slice__parameterized0
INFO: [VRFC 10-311] analyzing module ltlib_v1_0_2_all_typeA_slice__parameterized0_0
INFO: [VRFC 10-311] analyzing module ltlib_v1_0_2_all_typeA_slice__parameterized0_1
INFO: [VRFC 10-311] analyzing module ltlib_v1_0_2_all_typeA_slice__parameterized1
INFO: [VRFC 10-311] analyzing module ltlib_v1_0_2_all_typeA_slice__parameterized1_30
INFO: [VRFC 10-311] analyzing module ltlib_v1_0_2_all_typeA_slice__parameterized1_34
INFO: [VRFC 10-311] analyzing module ltlib_v1_0_2_all_typeA_slice__parameterized2
INFO: [VRFC 10-311] analyzing module ltlib_v1_0_2_all_typeA_slice__parameterized2_31
INFO: [VRFC 10-311] analyzing module ltlib_v1_0_2_all_typeA_slice__parameterized2_35
INFO: [VRFC 10-311] analyzing module ltlib_v1_0_2_allx_typeA
INFO: [VRFC 10-311] analyzing module ltlib_v1_0_2_allx_typeA__parameterized0
INFO: [VRFC 10-311] analyzing module ltlib_v1_0_2_allx_typeA__parameterized0_3
INFO: [VRFC 10-311] analyzing module ltlib_v1_0_2_allx_typeA__parameterized0_6
INFO: [VRFC 10-311] analyzing module ltlib_v1_0_2_allx_typeA__parameterized1
INFO: [VRFC 10-311] analyzing module ltlib_v1_0_2_allx_typeA_nodelay
INFO: [VRFC 10-311] analyzing module ltlib_v1_0_2_allx_typeA_nodelay_28
INFO: [VRFC 10-311] analyzing module ltlib_v1_0_2_allx_typeA_nodelay_32
INFO: [VRFC 10-311] analyzing module ltlib_v1_0_2_async_edge_xfer
INFO: [VRFC 10-311] analyzing module ltlib_v1_0_2_async_edge_xfer__1
INFO: [VRFC 10-311] analyzing module ltlib_v1_0_2_async_edge_xfer__2
INFO: [VRFC 10-311] analyzing module ltlib_v1_0_2_async_edge_xfer__3
INFO: [VRFC 10-311] analyzing module ltlib_v1_0_2_cfglut4
INFO: [VRFC 10-311] analyzing module ltlib_v1_0_2_cfglut4__1
INFO: [VRFC 10-311] analyzing module ltlib_v1_0_2_cfglut5
INFO: [VRFC 10-311] analyzing module ltlib_v1_0_2_cfglut5__1
INFO: [VRFC 10-311] analyzing module ltlib_v1_0_2_cfglut5__2
INFO: [VRFC 10-311] analyzing module ltlib_v1_0_2_cfglut6
INFO: [VRFC 10-311] analyzing module ltlib_v1_0_2_cfglut6__1
INFO: [VRFC 10-311] analyzing module ltlib_v1_0_2_cfglut6__parameterized0
INFO: [VRFC 10-311] analyzing module ltlib_v1_0_2_cfglut7
INFO: [VRFC 10-311] analyzing module ltlib_v1_0_2_cfglut7__1
INFO: [VRFC 10-311] analyzing module ltlib_v1_0_2_generic_memrd
INFO: [VRFC 10-311] analyzing module ltlib_v1_0_2_match
INFO: [VRFC 10-311] analyzing module ltlib_v1_0_2_match__parameterized0
INFO: [VRFC 10-311] analyzing module ltlib_v1_0_2_match__parameterized0__1
INFO: [VRFC 10-311] analyzing module ltlib_v1_0_2_match__parameterized0__2
INFO: [VRFC 10-311] analyzing module ltlib_v1_0_2_match__parameterized1
INFO: [VRFC 10-311] analyzing module ltlib_v1_0_2_match_nodelay
INFO: [VRFC 10-311] analyzing module ltlib_v1_0_2_match_nodelay__1
INFO: [VRFC 10-311] analyzing module ltlib_v1_0_2_match_nodelay__2
INFO: [VRFC 10-311] analyzing module ltlib_v1_0_2_rising_edge_detection
INFO: [VRFC 10-311] analyzing module ltlib_v1_0_2_rising_edge_detection__1
INFO: [VRFC 10-311] analyzing module xsdbs_v1_0_4_reg__parameterized17
INFO: [VRFC 10-311] analyzing module xsdbs_v1_0_4_reg__parameterized18
INFO: [VRFC 10-311] analyzing module xsdbs_v1_0_4_reg__parameterized19
INFO: [VRFC 10-311] analyzing module xsdbs_v1_0_4_reg__parameterized20
INFO: [VRFC 10-311] analyzing module xsdbs_v1_0_4_reg__parameterized32
INFO: [VRFC 10-311] analyzing module xsdbs_v1_0_4_reg__parameterized33
INFO: [VRFC 10-311] analyzing module xsdbs_v1_0_4_reg__parameterized34
INFO: [VRFC 10-311] analyzing module xsdbs_v1_0_4_reg__parameterized35
INFO: [VRFC 10-311] analyzing module xsdbs_v1_0_4_reg__parameterized36
INFO: [VRFC 10-311] analyzing module xsdbs_v1_0_4_reg__parameterized37
INFO: [VRFC 10-311] analyzing module xsdbs_v1_0_4_reg__parameterized38
INFO: [VRFC 10-311] analyzing module xsdbs_v1_0_4_reg__parameterized39
INFO: [VRFC 10-311] analyzing module xsdbs_v1_0_4_reg__parameterized40
INFO: [VRFC 10-311] analyzing module xsdbs_v1_0_4_reg__parameterized41
INFO: [VRFC 10-311] analyzing module xsdbs_v1_0_4_reg__parameterized42
INFO: [VRFC 10-311] analyzing module xsdbs_v1_0_4_reg__parameterized43
INFO: [VRFC 10-311] analyzing module xsdbs_v1_0_4_reg__parameterized45
INFO: [VRFC 10-311] analyzing module xsdbs_v1_0_4_reg__parameterized47
INFO: [VRFC 10-311] analyzing module xsdbs_v1_0_4_reg__parameterized50
INFO: [VRFC 10-311] analyzing module xsdbs_v1_0_4_reg_ctl
INFO: [VRFC 10-311] analyzing module xsdbs_v1_0_4_reg_ctl_14
INFO: [VRFC 10-311] analyzing module xsdbs_v1_0_4_reg_ctl_15
INFO: [VRFC 10-311] analyzing module xsdbs_v1_0_4_reg_ctl_16
INFO: [VRFC 10-311] analyzing module xsdbs_v1_0_4_reg_ctl_17
INFO: [VRFC 10-311] analyzing module xsdbs_v1_0_4_reg_ctl_20
INFO: [VRFC 10-311] analyzing module xsdbs_v1_0_4_reg_ctl_21
INFO: [VRFC 10-311] analyzing module xsdbs_v1_0_4_reg_ctl_22
INFO: [VRFC 10-311] analyzing module xsdbs_v1_0_4_reg_ctl_23
INFO: [VRFC 10-311] analyzing module xsdbs_v1_0_4_reg_ctl_24
INFO: [VRFC 10-311] analyzing module xsdbs_v1_0_4_reg_ctl_27
INFO: [VRFC 10-311] analyzing module xsdbs_v1_0_4_reg_ctl__parameterized0
INFO: [VRFC 10-311] analyzing module xsdbs_v1_0_4_reg_ctl__parameterized1
INFO: [VRFC 10-311] analyzing module xsdbs_v1_0_4_reg_ctl__parameterized1_18
INFO: [VRFC 10-311] analyzing module xsdbs_v1_0_4_reg_ctl__parameterized1_19
INFO: [VRFC 10-311] analyzing module xsdbs_v1_0_4_reg_p2s
INFO: [VRFC 10-311] analyzing module xsdbs_v1_0_4_reg_p2s__parameterized0
INFO: [VRFC 10-311] analyzing module xsdbs_v1_0_4_reg_p2s__parameterized1
INFO: [VRFC 10-311] analyzing module xsdbs_v1_0_4_reg_p2s__parameterized2
INFO: [VRFC 10-311] analyzing module xsdbs_v1_0_4_reg_p2s__parameterized3
INFO: [VRFC 10-311] analyzing module xsdbs_v1_0_4_reg_p2s__parameterized4
INFO: [VRFC 10-311] analyzing module xsdbs_v1_0_4_reg_stat
INFO: [VRFC 10-311] analyzing module xsdbs_v1_0_4_reg_stat_11
INFO: [VRFC 10-311] analyzing module xsdbs_v1_0_4_reg_stat_12
INFO: [VRFC 10-311] analyzing module xsdbs_v1_0_4_reg_stat_13
INFO: [VRFC 10-311] analyzing module xsdbs_v1_0_4_reg_stat_25
INFO: [VRFC 10-311] analyzing module xsdbs_v1_0_4_reg_stat_26
INFO: [VRFC 10-311] analyzing module xsdbs_v1_0_4_reg_stream
INFO: [VRFC 10-311] analyzing module xsdbs_v1_0_4_reg_stream__parameterized0
INFO: [VRFC 10-311] analyzing module xsdbs_v1_0_4_xsdbs
INFO: [VRFC 10-311] analyzing module blk_mem_gen_v8_4_9
INFO: [VRFC 10-311] analyzing module blk_mem_gen_v8_4_9_blk_mem_gen_generic_cstr
INFO: [VRFC 10-311] analyzing module blk_mem_gen_v8_4_9_blk_mem_gen_prim_width
INFO: [VRFC 10-311] analyzing module blk_mem_gen_v8_4_9_blk_mem_gen_prim_width__parameterized0
INFO: [VRFC 10-311] analyzing module blk_mem_gen_v8_4_9_blk_mem_gen_prim_width__parameterized1
INFO: [VRFC 10-311] analyzing module blk_mem_gen_v8_4_9_blk_mem_gen_prim_width__parameterized2
INFO: [VRFC 10-311] analyzing module blk_mem_gen_v8_4_9_blk_mem_gen_prim_wrapper
INFO: [VRFC 10-311] analyzing module blk_mem_gen_v8_4_9_blk_mem_gen_prim_wrapper__parameterized0
INFO: [VRFC 10-311] analyzing module blk_mem_gen_v8_4_9_blk_mem_gen_prim_wrapper__parameterized1
INFO: [VRFC 10-311] analyzing module blk_mem_gen_v8_4_9_blk_mem_gen_prim_wrapper__parameterized2
INFO: [VRFC 10-311] analyzing module blk_mem_gen_v8_4_9_blk_mem_gen_top
INFO: [VRFC 10-311] analyzing module blk_mem_gen_v8_4_9_synth
INFO: [VRFC 10-311] analyzing module fifo_generator_v13_2_11
INFO: [VRFC 10-311] analyzing module fifo_generator_v13_2_11_clk_x_pntrs
INFO: [VRFC 10-311] analyzing module fifo_generator_v13_2_11_dmem
INFO: [VRFC 10-311] analyzing module fifo_generator_v13_2_11_fifo_generator_ramfifo
INFO: [VRFC 10-311] analyzing module fifo_generator_v13_2_11_fifo_generator_top
INFO: [VRFC 10-311] analyzing module fifo_generator_v13_2_11_memory
INFO: [VRFC 10-311] analyzing module fifo_generator_v13_2_11_rd_bin_cntr
INFO: [VRFC 10-311] analyzing module fifo_generator_v13_2_11_rd_fwft
INFO: [VRFC 10-311] analyzing module fifo_generator_v13_2_11_rd_logic
INFO: [VRFC 10-311] analyzing module fifo_generator_v13_2_11_rd_status_flags_as
INFO: [VRFC 10-311] analyzing module fifo_generator_v13_2_11_reset_blk_ramfifo
INFO: [VRFC 10-311] analyzing module fifo_generator_v13_2_11_synth
INFO: [VRFC 10-311] analyzing module fifo_generator_v13_2_11_wr_bin_cntr
INFO: [VRFC 10-311] analyzing module fifo_generator_v13_2_11_wr_handshaking_flags
INFO: [VRFC 10-311] analyzing module fifo_generator_v13_2_11_wr_logic
INFO: [VRFC 10-311] analyzing module fifo_generator_v13_2_11_wr_status_flags_as
INFO: [VRFC 10-311] analyzing module glbl
