srcscan starts
=============== Using vdb files for VHDL std libs ===========
INFO: VHDL library search path for library "std" is now "C:/Progs/Xilinx/Vivado/2024.2/data/precomp_hsv/vhdl/std" (VHDL-1505)
INFO: VHDL library search path for library "synopsys" is now "C:/Progs/Xilinx/Vivado/2024.2/data/precomp_hsv/vhdl/synopsys" (VHDL-1505)
INFO: VHDL library search path for library "ieee" is now "C:/Progs/Xilinx/Vivado/2024.2/data/precomp_hsv/vhdl/ieee" (VHDL-1505)
INFO: VHDL library search path for library "unimacro" is now "C:/Progs/Xilinx/Vivado/2024.2/data/precomp_hsv/vhdl/unimacro" (VHDL-1505)
INFO: VHDL library search path for library "unisim" is now "C:/Progs/Xilinx/Vivado/2024.2/data/precomp_hsv/vhdl/unisim" (VHDL-1505)
INFO: VHDL library search path for library "vl" is now "C:/Progs/Xilinx/Vivado/2024.2/data/precomp_hsv/vhdl/vl" (VHDL-1505)
INFO: VHDL library search path for library "xpm" is now "C:/Progs/Xilinx/Vivado/2024.2/data/precomp_hsv/vhdl/xpm" (VHDL-1505)
-- Analyzing VHDL file "z:/DAT096/Project_team5/ip_repo_snr/src/AWGNGenerator_pkg.vhd" into library xil_defaultlib (VHDL-9003)
INFO: analyzing package 'AWGNGenerator_pkg'

-- Analyzing VHDL file "z:/DAT096/Project_team5/ip_repo_snr/src/dBtoLinearConverter.vhd" into library xil_defaultlib (VHDL-9003)
INFO: analyzing entity 'dBtoLinearConverter' (VHDL-1012)
INFO: analyzing architecture 'rtl' of entity 'dbtolinearconverter' (VHDL-9006)
-- Analyzing VHDL file "z:/DAT096/Project_team5/ip_repo_snr/src/TausURNG1.vhd" into library xil_defaultlib (VHDL-9003)
INFO: analyzing entity 'TausURNG1' (VHDL-1012)
INFO: analyzing architecture 'rtl' of entity 'tausurng1' (VHDL-9006)
-- Analyzing VHDL file "z:/DAT096/Project_team5/ip_repo_snr/src/TausURNG2.vhd" into library xil_defaultlib (VHDL-9003)
INFO: analyzing entity 'TausURNG2' (VHDL-1012)
INFO: analyzing architecture 'rtl' of entity 'tausurng2' (VHDL-9006)
-- Analyzing VHDL file "z:/DAT096/Project_team5/ip_repo_snr/src/ConcatandExtract.vhd" into library xil_defaultlib (VHDL-9003)
INFO: analyzing entity 'ConcatandExtract' (VHDL-1012)
INFO: analyzing architecture 'rtl' of entity 'concatandextract' (VHDL-9006)
-- Analyzing VHDL file "z:/DAT096/Project_team5/ip_repo_snr/src/TausUniformRandGen.vhd" into library xil_defaultlib (VHDL-9003)
INFO: analyzing entity 'TausUniformRandGen' (VHDL-1012)
INFO: analyzing architecture 'rtl' of entity 'tausuniformrandgen' (VHDL-9006)
-- Analyzing VHDL file "z:/DAT096/Project_team5/ip_repo_snr/src/leadingZeroDetector_block.vhd" into library xil_defaultlib (VHDL-9003)
INFO: analyzing entity 'leadingZeroDetector_block' (VHDL-1012)
INFO: analyzing architecture 'rtl' of entity 'leadingzerodetector_block' (VHDL-9006)
-- Analyzing VHDL file "z:/DAT096/Project_team5/ip_repo_snr/src/RangeReduction_block.vhd" into library xil_defaultlib (VHDL-9003)
INFO: analyzing entity 'RangeReduction_block' (VHDL-1012)
INFO: analyzing architecture 'rtl' of entity 'rangereduction_block' (VHDL-9006)
-- Analyzing VHDL file "z:/DAT096/Project_team5/ip_repo_snr/src/FunctionEvaluation_block.vhd" into library xil_defaultlib (VHDL-9003)
INFO: analyzing entity 'FunctionEvaluation_block' (VHDL-1012)
INFO: analyzing architecture 'rtl' of entity 'functionevaluation_block' (VHDL-9006)
-- Analyzing VHDL file "z:/DAT096/Project_team5/ip_repo_snr/src/RangeReconstruction_block.vhd" into library xil_defaultlib (VHDL-9003)
INFO: analyzing entity 'RangeReconstruction_block' (VHDL-1012)
INFO: analyzing architecture 'rtl' of entity 'rangereconstruction_block' (VHDL-9006)
-- Analyzing VHDL file "z:/DAT096/Project_team5/ip_repo_snr/src/log.vhd" into library xil_defaultlib (VHDL-9003)
INFO: analyzing entity 'log' (VHDL-1012)
INFO: analyzing architecture 'rtl' of entity 'log' (VHDL-9006)
-- Analyzing VHDL file "z:/DAT096/Project_team5/ip_repo_snr/src/logImplementation.vhd" into library xil_defaultlib (VHDL-9003)
INFO: analyzing entity 'logImplementation' (VHDL-1012)
INFO: analyzing architecture 'rtl' of entity 'logimplementation' (VHDL-9006)
-- Analyzing VHDL file "z:/DAT096/Project_team5/ip_repo_snr/src/leadingZeroDetector.vhd" into library xil_defaultlib (VHDL-9003)
INFO: analyzing entity 'leadingZeroDetector' (VHDL-1012)
INFO: analyzing architecture 'rtl' of entity 'leadingzerodetector' (VHDL-9006)
-- Analyzing VHDL file "z:/DAT096/Project_team5/ip_repo_snr/src/RangeReduction.vhd" into library xil_defaultlib (VHDL-9003)
INFO: analyzing entity 'RangeReduction' (VHDL-1012)
INFO: analyzing architecture 'rtl' of entity 'rangereduction' (VHDL-9006)
-- Analyzing VHDL file "z:/DAT096/Project_team5/ip_repo_snr/src/FunctionEvaluation.vhd" into library xil_defaultlib (VHDL-9003)
INFO: analyzing entity 'FunctionEvaluation' (VHDL-1012)
INFO: analyzing architecture 'rtl' of entity 'functionevaluation' (VHDL-9006)
-- Analyzing VHDL file "z:/DAT096/Project_team5/ip_repo_snr/src/RangeReconstruction.vhd" into library xil_defaultlib (VHDL-9003)
INFO: analyzing entity 'RangeReconstruction' (VHDL-1012)
INFO: analyzing architecture 'rtl' of entity 'rangereconstruction' (VHDL-9006)
-- Analyzing VHDL file "z:/DAT096/Project_team5/ip_repo_snr/src/SqrtEval.vhd" into library xil_defaultlib (VHDL-9003)
INFO: analyzing entity 'SqrtEval' (VHDL-1012)
INFO: analyzing architecture 'rtl' of entity 'sqrteval' (VHDL-9006)
-- Analyzing VHDL file "z:/DAT096/Project_team5/ip_repo_snr/src/SqrtImplementation.vhd" into library xil_defaultlib (VHDL-9003)
INFO: analyzing entity 'SqrtImplementation' (VHDL-1012)
INFO: analyzing architecture 'rtl' of entity 'sqrtimplementation' (VHDL-9006)
-- Analyzing VHDL file "z:/DAT096/Project_team5/ip_repo_snr/src/Sine_HDL_Optimized.vhd" into library xil_defaultlib (VHDL-9003)
INFO: analyzing entity 'Sine_HDL_Optimized' (VHDL-1012)
INFO: analyzing architecture 'rtl' of entity 'sine_hdl_optimized' (VHDL-9006)
-- Analyzing VHDL file "z:/DAT096/Project_team5/ip_repo_snr/src/Sine_HDL_Optimized1.vhd" into library xil_defaultlib (VHDL-9003)
INFO: analyzing entity 'Sine_HDL_Optimized1' (VHDL-1012)
INFO: analyzing architecture 'rtl' of entity 'sine_hdl_optimized1' (VHDL-9006)
-- Analyzing VHDL file "z:/DAT096/Project_team5/ip_repo_snr/src/SinCos.vhd" into library xil_defaultlib (VHDL-9003)
INFO: analyzing entity 'SinCos' (VHDL-1012)
INFO: analyzing architecture 'rtl' of entity 'sincos' (VHDL-9006)
-- Analyzing VHDL file "z:/DAT096/Project_team5/ip_repo_snr/src/GaussianNoiseWithUnitVar.vhd" into library xil_defaultlib (VHDL-9003)
INFO: analyzing entity 'GaussianNoiseWithUnitVar' (VHDL-1012)
INFO: analyzing architecture 'rtl' of entity 'gaussiannoisewithunitvar' (VHDL-9006)
-- Analyzing VHDL file "z:/DAT096/Project_team5/ip_repo_snr/src/GaussianNoiseWithReqVar.vhd" into library xil_defaultlib (VHDL-9003)
INFO: analyzing entity 'GaussianNoiseWithReqVar' (VHDL-1012)
INFO: analyzing architecture 'rtl' of entity 'gaussiannoisewithreqvar' (VHDL-9006)
-- Analyzing VHDL file "z:/DAT096/Project_team5/ip_repo_snr/src/AWGNGenerator.vhd" into library xil_defaultlib (VHDL-9003)
INFO: analyzing entity 'AWGNGenerator' (VHDL-1012)
INFO: analyzing architecture 'rtl' of entity 'awgngenerator' (VHDL-9006)
-- Analyzing VHDL file "C:/Users/LOCAL_~1/Temp/VivadoEditorAssist12443406591979438682.tmp" into library xil_defaultlib (VHDL-9003)
INFO: analyzing entity 'top_awgn' (VHDL-1012)
INFO: analyzing architecture 'rtl' of entity 'top_awgn' (VHDL-9006)
srcscan exits with return value 0
