#-----------------------------------------------------------
# Vivado v2024.2 (64-bit)
# SW Build 5239630 on Fri Nov 08 22:35:27 MST 2024
# IP Build 5239520 on Sun Nov 10 16:12:51 MST 2024
# SharedData Build 5239561 on Fri Nov 08 14:39:27 MST 2024
# Start of session at: Wed Apr 22 16:35:17 2026
# Process ID         : 15444
# Current directory  : C:/Users/devandla/Desktop/Board_2
# Command line       : vivado.exe -gui_launcher_event rodinguilauncherevent12504 C:\Users\devandla\Desktop\Board_2\Board_2.xpr
# Log file           : C:/Users/devandla/Desktop/Board_2/vivado.log
# Journal file       : C:/Users/devandla/Desktop/Board_2\vivado.jou
# Running On         : FY-6302-12
# Platform           : Windows Server 2016 or Windows 10
# Operating System   : 26200
# Processor Detail   : Intel(R) Core(TM) i7-14700
# CPU Frequency      : 2112 MHz
# CPU Physical cores : 20
# CPU Logical cores  : 28
# Host memory        : 34031 MB
# Swap memory        : 5100 MB
# Total Virtual      : 39131 MB
# Available Virtual  : 27801 MB
#-----------------------------------------------------------
start_gui
open_project C:/Users/devandla/Desktop/Board_2/Board_2.xpr
INFO: [Project 1-313] Project file moved from 'C:/Users/devandla/Desktop/Embedded-System-Project-DAT096/Board_2/Board_2' since last save.
WARNING: [filemgmt 56-3] IP Repository Path: Could not find the directory 'z:/DAT096/vivado-library-zmod-v2-2019.1-2/vivado-library-zmod-v2-2019.1-2'.
Scanning sources...
Finished scanning sources
INFO: [IP_Flow 19-234] Refreshing IP repositories
WARNING: [IP_Flow 19-2248] Failed to load user IP repository 'z:/DAT096/vivado-library-zmod-v2-2019.1-2/vivado-library-zmod-v2-2019.1-2'; Can't find the specified path.
If this directory should no longer be in your list of user repositories, go to the IP Settings dialog and remove it.
INFO: [IP_Flow 19-1700] Loaded user IP repository 'z:/embedded project/Eclypse-Z7-HW/Eclypse-Z7-HW.ipdefs/repo'.
INFO: [IP_Flow 19-1700] Loaded user IP repository 'z:/eda234/vivado-library-master'.
WARNING: [IP_Flow 19-3685] Ignored loading user repository 'z:/eda234/vivado-library-master/ip'. The path is contained within another repository.
INFO: [IP_Flow 19-2313] Loaded Vivado IP repository 'C:/Progs/Xilinx/Vivado/2024.2/data/ip'.
WARNING: [IP_Flow 19-1663] Duplicate IP found for 'digilent.com:user:ZmodAWGController:1.1'. The one found in IP location 'z:/embedded project/Eclypse-Z7-HW/Eclypse-Z7-HW.ipdefs/repo/vivado-library/ip/Zmods/ZmodAWGController' will take precedence over the same IP in location z:/eda234/vivado-library-master/ip/Zmods/ZmodAWGController
WARNING: [IP_Flow 19-1663] Duplicate IP found for 'digilent.com:user:ZmodScopeController:1.2'. The one found in IP location 'z:/embedded project/Eclypse-Z7-HW/Eclypse-Z7-HW.ipdefs/repo/vivado-library/ip/Zmods/ZmodScopeController' will take precedence over the same IP in location z:/eda234/vivado-library-master/ip/Zmods/ZmodScopeController
WARNING: [IP_Flow 19-4830] Duplicate Interface found for 'digilent.com:user:ZmodAWG_Calibration:1.0'. The one found in location 'z:/embedded project/Eclypse-Z7-HW/Eclypse-Z7-HW.ipdefs/repo/vivado-library/if/ZmodAWG_Calibration_v1_0/ZmodAWG_Calibration.xml' will take precedence over the same Interface in location 'z:/eda234/vivado-library-master/if/ZmodAWG_Calibration_v1_0/ZmodAWG_Calibration.xml'
WARNING: [IP_Flow 19-4830] Duplicate Interface found for 'natinst.com:user:ZmodScope_Calibration:1.0'. The one found in location 'z:/embedded project/Eclypse-Z7-HW/Eclypse-Z7-HW.ipdefs/repo/vivado-library/if/ZmodScope_Calibration_v1_0/ZmodScope_Calibration.xml' will take precedence over the same Interface in location 'z:/eda234/vivado-library-master/if/ZmodScope_Calibration_v1_0/ZmodScope_Calibration.xml'
INFO: [Project 1-5579] Found utility IPs instantiated in one or more block designs which have equivalent inline hdl with improved performance and reduced diskspace. It is recommended to migrate these utility IPs to inline hdl using the command upgrade_project -migrate_to_inline_hdl. The utility IPs may be deprecated in future releases. More information on inline hdl is available in UG994.
open_project: Time (s): cpu = 00:00:07 ; elapsed = 00:00:11 . Memory (MB): peak = 1264.262 ; gain = 140.781
update_compile_order -fileset sources_1
close [ open C:/Users/devandla/Desktop/Board_2/Board_2.srcs/sources_1/new/prbs_axis_master_32.vhd w ]
add_files C:/Users/devandla/Desktop/Board_2/Board_2.srcs/sources_1/new/prbs_axis_master_32.vhd
update_compile_order -fileset sources_1
close [ open C:/Users/devandla/Desktop/Board_2/Board_2.srcs/sources_1/new/u_gen.vhd w ]
add_files C:/Users/devandla/Desktop/Board_2/Board_2.srcs/sources_1/new/u_gen.vhd
update_compile_order -fileset sources_1
WARNING: [filemgmt 56-199] Attempt to get parsing info during refresh. "On-the-fly" syntax checking information may be incorrect. [C:\Users\devandla\Desktop\Board_2\Board_2.srcs\sources_1\new\u_gen.vhd:]
WARNING: [filemgmt 56-199] Attempt to get parsing info during refresh. "On-the-fly" syntax checking information may be incorrect. [C:\Users\devandla\Desktop\Board_2\Board_2.srcs\sources_1\new\prbs_axis_master_32.vhd:]
WARNING: [filemgmt 56-199] Attempt to get parsing info during refresh. "On-the-fly" syntax checking information may be incorrect. [C:\Users\devandla\Desktop\Board_2\Board_2.srcs\sources_1\new\u_gen.vhd:]
WARNING: [filemgmt 56-199] Attempt to get parsing info during refresh. "On-the-fly" syntax checking information may be incorrect. [C:\Users\devandla\Desktop\Board_2\Board_2.srcs\sources_1\new\u_gen.vhd:]
ERROR: [Common 17-180] Spawn failed: No error
open_bd_design {C:/Users/devandla/Desktop/Board_2/Board_2.srcs/sources_1/bd/design_2/design_2.bd}
Reading block design file <C:/Users/devandla/Desktop/Board_2/Board_2.srcs/sources_1/bd/design_2/design_2.bd>...
Adding component instance block -- xilinx.com:ip:ila:6.2 - ila_0
INFO: [xilinx.com:ip:ila:6.2-6] /ila_0: AMD recommends using the System ILA IP in IP Integrator. The System ILA IP is functionally equivalent to an ILA and offers additional benefits in debugging interfaces both within IP Integrator and the Hardware Manager. Consult the Programming and Debug User Guide UG908 for further details.
Adding component instance block -- xilinx.com:module_ref:adc_bit_decoder:1.0 - adc_bit_decoder_0
Adding component instance block -- xilinx.com:ip:xlconstant:1.1 - xlconstant_1
Adding component instance block -- xilinx.com:ip:xlslice:1.0 - xlslice_0
Adding component instance block -- xilinx.com:ip:xlconstant:1.1 - xlconstant_3
Adding component instance block -- xilinx.com:ip:processing_system7:5.5 - processing_system7_0
Adding component instance block -- digilent.com:user:ZmodScopeController:1.2 - ZmodScopeController_0
Adding component instance block -- digilent.com:user:ZmodAWGController:1.1 - ZmodAWGController_0
Adding component instance block -- xilinx.com:ip:clk_wiz:6.0 - clk_wiz_0
Successfully read diagram <design_2> from block design file <C:/Users/devandla/Desktop/Board_2/Board_2.srcs/sources_1/bd/design_2/design_2.bd>
delete_bd_objs [get_bd_nets adc_bit_decoder_0_dac_data]
delete_bd_objs [get_bd_nets adc_bit_decoder_0_t_ready]
connect_bd_net [get_bd_pins ZmodScopeController_0/cDataAxisTready] [get_bd_pins adc_bit_decoder_0/t_ready]
WARNING: [BD 41-1306] The connection to interface pin </ZmodScopeController_0/cDataAxisTready> is being overridden by the user with net <adc_bit_decoder_0_t_ready>. This pin will not be connected as a part of interface connection <DataStream>, and might not recreate the connectivity as expected using the writ_bd_tcl command.
connect_bd_net [get_bd_pins adc_bit_decoder_0/t_ready] [get_bd_pins ila_0/probe0]
create_bd_cell -type module -reference prbs_axis_master_32 prbs_axis_master_32_0
INFO: [IP_Flow 19-5107] Inferred bus interface 'm_axis' of definition 'xilinx.com:interface:axis:1.0' (from Xilinx Repository).
INFO: [IP_Flow 19-5107] Inferred bus interface 'rst' of definition 'xilinx.com:signal:reset:1.0' (from Xilinx Repository).
INFO: [IP_Flow 19-5107] Inferred bus interface 'clk' of definition 'xilinx.com:signal:clock:1.0' (from Xilinx Repository).
INFO: [IP_Flow 19-4728] Bus Interface 'clk': Added interface parameter 'ASSOCIATED_BUSIF' with value 'm_axis'.
INFO: [IP_Flow 19-4728] Bus Interface 'clk': Added interface parameter 'ASSOCIATED_RESET' with value 'rst'.
WARNING: [IP_Flow 19-11770] Clock interface 'clk' has no FREQ_HZ parameter.
WARNING: [IP_Flow 19-1663] Duplicate IP found for 'digilent.com:user:ZmodAWGController:1.1'. The one found in IP location 'z:/embedded project/Eclypse-Z7-HW/Eclypse-Z7-HW.ipdefs/repo/vivado-library/ip/Zmods/ZmodAWGController' will take precedence over the same IP in location z:/eda234/vivado-library-master/ip/Zmods/ZmodAWGController
WARNING: [IP_Flow 19-1663] Duplicate IP found for 'digilent.com:user:ZmodScopeController:1.2'. The one found in IP location 'z:/embedded project/Eclypse-Z7-HW/Eclypse-Z7-HW.ipdefs/repo/vivado-library/ip/Zmods/ZmodScopeController' will take precedence over the same IP in location z:/eda234/vivado-library-master/ip/Zmods/ZmodScopeController
WARNING: [IP_Flow 19-4830] Duplicate Interface found for 'digilent.com:user:ZmodAWG_Calibration:1.0'. The one found in location 'z:/embedded project/Eclypse-Z7-HW/Eclypse-Z7-HW.ipdefs/repo/vivado-library/if/ZmodAWG_Calibration_v1_0/ZmodAWG_Calibration.xml' will take precedence over the same Interface in location 'z:/eda234/vivado-library-master/if/ZmodAWG_Calibration_v1_0/ZmodAWG_Calibration.xml'
WARNING: [IP_Flow 19-4830] Duplicate Interface found for 'natinst.com:user:ZmodScope_Calibration:1.0'. The one found in location 'z:/embedded project/Eclypse-Z7-HW/Eclypse-Z7-HW.ipdefs/repo/vivado-library/if/ZmodScope_Calibration_v1_0/ZmodScope_Calibration.xml' will take precedence over the same Interface in location 'z:/eda234/vivado-library-master/if/ZmodScope_Calibration_v1_0/ZmodScope_Calibration.xml'
set_property location {3 2214 -235} [get_bd_cells prbs_axis_master_32_0]
connect_bd_intf_net [get_bd_intf_pins prbs_axis_master_32_0/m_axis] [get_bd_intf_pins ZmodAWGController_0/InputDataStream]
connect_bd_net [get_bd_pins prbs_axis_master_32_0/clk] [get_bd_pins processing_system7_0/FCLK_CLK0]
connect_bd_net [get_bd_pins processing_system7_0/FCLK_RESET0_N] [get_bd_pins prbs_axis_master_32_0/rst]
validate_bd_design
WARNING: [BD 41-2670] Found an incomplete address path from address space '/processing_system7_0/Data' to master interface '/processing_system7_0/M_AXI_GP0'. Please either complete or remove this path to resolve.
WARNING: [BD 5-699] No address segments matched 'get_bd_addr_segs -of_objects /processing_system7_0/Data'
CRITICAL WARNING: [BD 41-1348] Reset pin /prbs_axis_master_32_0/rst (associated clock /prbs_axis_master_32_0/clk) is connected to asynchronous reset source /processing_system7_0/FCLK_RESET0_N.
This may prevent design from meeting timing. Please add Processor System Reset module to create a reset that is synchronous to the associated clock source /processing_system7_0/FCLK_CLK0.
INFO: [xilinx.com:ip:clk_wiz:6.0-1] /clk_wiz_0 clk_wiz propagate
delete_bd_objs [get_bd_nets processing_system7_0_FCLK_RESET0_N]
connect_bd_net [get_bd_pins processing_system7_0/FCLK_RESET0_N] [get_bd_pins ZmodScopeController_0/aRst_n]
connect_bd_net [get_bd_pins processing_system7_0/FCLK_RESET0_N] [get_bd_pins ZmodAWGController_0/aRst_n]
startgroup
create_bd_cell -type ip -vlnv xilinx.com:ip:xlconstant:1.1 xlconstant_0
INFO: [BD 5-1043] It is recommended to use inline hdl version xilinx.com:inline_hdl:ilconstant:1.0 for the IP type xilinx.com:ip:xlconstant:1.1 for improved performance and reduced disk space. IPs with VLNV xilinx.com:ip:xlconstant:1.1 may be deprecated in future releases. More information on inline hdl IP is available in UG994 
endgroup
connect_bd_net [get_bd_pins xlconstant_0/dout] [get_bd_pins prbs_axis_master_32_0/rst]
validate_bd_design
WARNING: [BD 41-2670] Found an incomplete address path from address space '/processing_system7_0/Data' to master interface '/processing_system7_0/M_AXI_GP0'. Please either complete or remove this path to resolve.
WARNING: [BD 5-699] No address segments matched 'get_bd_addr_segs -of_objects /processing_system7_0/Data'
INFO: [xilinx.com:ip:clk_wiz:6.0-1] /clk_wiz_0 clk_wiz propagate
save_bd_design
Wrote  : <C:\Users\devandla\Desktop\Board_2\Board_2.srcs\sources_1\bd\design_2\design_2.bd> 
Wrote  : <C:/Users/devandla/Desktop/Board_2/Board_2.srcs/sources_1/bd/design_2/ui/bd_1fdbff51.ui> 
update_compile_order -fileset sources_1
reset_run synth_1
INFO: [Project 1-1161] Replacing file C:/Users/devandla/Desktop/Board_2/Board_2.srcs/utils_1/imports/synth_1/design_2_wrapper.dcp with file C:/Users/devandla/Desktop/Board_2/Board_2.runs/synth_1/design_2_wrapper.dcp
WARNING: [filemgmt 56-199] Attempt to get parsing info during refresh. "On-the-fly" syntax checking information may be incorrect. [C:\Users\devandla\Desktop\Board_2\Board_2.srcs\sources_1\new\u_gen.vhd:]
WARNING: [filemgmt 56-199] Attempt to get parsing info during refresh. "On-the-fly" syntax checking information may be incorrect. [C:\Users\devandla\Desktop\Board_2\Board_2.srcs\sources_1\new\prbs_axis_master_32.vhd:]
WARNING: [filemgmt 56-199] Attempt to get parsing info during refresh. "On-the-fly" syntax checking information may be incorrect. [C:\Users\devandla\Desktop\Board_2\Board_2.srcs\sources_1\new\u_gen.vhd:]
WARNING: [filemgmt 56-199] Attempt to get parsing info during refresh. "On-the-fly" syntax checking information may be incorrect. [C:\Users\devandla\Desktop\Board_2\Board_2.srcs\sources_1\new\u_gen.vhd:]
launch_runs impl_1 -to_step write_bitstream -jobs 28
WARNING: [filemgmt 56-199] Attempt to get parsing info during refresh. "On-the-fly" syntax checking information may be incorrect. [C:\Users\devandla\Desktop\Board_2\Board_2.srcs\sources_1\new\u_gen.vhd:]
WARNING: [filemgmt 56-199] Attempt to get parsing info during refresh. "On-the-fly" syntax checking information may be incorrect. [C:\Users\devandla\Desktop\Board_2\Board_2.srcs\sources_1\new\prbs_axis_master_32.vhd:]
WARNING: [filemgmt 56-199] Attempt to get parsing info during refresh. "On-the-fly" syntax checking information may be incorrect. [C:\Users\devandla\Desktop\Board_2\Board_2.srcs\sources_1\new\u_gen.vhd:]
WARNING: [filemgmt 56-199] Attempt to get parsing info during refresh. "On-the-fly" syntax checking information may be incorrect. [C:\Users\devandla\Desktop\Board_2\Board_2.srcs\sources_1\new\u_gen.vhd:]
ERROR: [Common 17-180] Spawn failed: No error
WARNING: [filemgmt 56-199] Attempt to get parsing info during refresh. "On-the-fly" syntax checking information may be incorrect. [C:\Users\devandla\Desktop\Board_2\Board_2.srcs\sources_1\new\u_gen.vhd:]
WARNING: [filemgmt 56-199] Attempt to get parsing info during refresh. "On-the-fly" syntax checking information may be incorrect. [C:\Users\devandla\Desktop\Board_2\Board_2.srcs\sources_1\new\prbs_axis_master_32.vhd:]
WARNING: [filemgmt 56-199] Attempt to get parsing info during refresh. "On-the-fly" syntax checking information may be incorrect. [C:\Users\devandla\Desktop\Board_2\Board_2.srcs\sources_1\new\prbs_axis_master_32.vhd:]
WARNING: [filemgmt 56-199] Attempt to get parsing info during refresh. "On-the-fly" syntax checking information may be incorrect. [C:\Users\devandla\Desktop\Board_2\Board_2.srcs\sources_1\new\prbs_axis_master_32.vhd:]
ERROR: [Common 17-180] Spawn failed: No error
INFO: [BD 41-1662] The design 'design_2.bd' is already validated. Therefore parameter propagation will not be re-run.
VHDL Output written to : c:/Users/devandla/Desktop/Board_2/Board_2.gen/sources_1/bd/design_2/synth/design_2.vhd
VHDL Output written to : c:/Users/devandla/Desktop/Board_2/Board_2.gen/sources_1/bd/design_2/sim/design_2.vhd
VHDL Output written to : c:/Users/devandla/Desktop/Board_2/Board_2.gen/sources_1/bd/design_2/hdl/design_2_wrapper.vhd
INFO: [BD 41-1029] Generation completed for the IP Integrator block prbs_axis_master_32_0 .
INFO: [BD 41-1029] Generation completed for the IP Integrator block xlconstant_0 .
Exporting to file c:/Users/devandla/Desktop/Board_2/Board_2.gen/sources_1/bd/design_2/hw_handoff/design_2.hwh
Generated Hardware Definition File c:/Users/devandla/Desktop/Board_2/Board_2.gen/sources_1/bd/design_2/synth/design_2.hwdef
ERROR: [Vivado 12-4756] Launch of runs aborted due to earlier errors while preparing sub-designs for run execution.
WARNING: [filemgmt 56-199] Attempt to get parsing info during refresh. "On-the-fly" syntax checking information may be incorrect. [C:\Users\devandla\Desktop\Board_2\Board_2.srcs\sources_1\new\u_gen.vhd:]
WARNING: [filemgmt 56-199] Attempt to get parsing info during refresh. "On-the-fly" syntax checking information may be incorrect. [C:\Users\devandla\Desktop\Board_2\Board_2.srcs\sources_1\new\prbs_axis_master_32.vhd:]
WARNING: [filemgmt 56-199] Attempt to get parsing info during refresh. "On-the-fly" syntax checking information may be incorrect. [C:\Users\devandla\Desktop\Board_2\Board_2.srcs\sources_1\new\u_gen.vhd:]
WARNING: [filemgmt 56-199] Attempt to get parsing info during refresh. "On-the-fly" syntax checking information may be incorrect. [C:\Users\devandla\Desktop\Board_2\Board_2.srcs\sources_1\new\u_gen.vhd:]
ERROR: [Common 17-180] Spawn failed: No error
WARNING: [filemgmt 56-199] Attempt to get parsing info during refresh. "On-the-fly" syntax checking information may be incorrect. [C:\Users\devandla\Desktop\Board_2\Board_2.srcs\sources_1\new\u_gen.vhd:]
WARNING: [filemgmt 56-199] Attempt to get parsing info during refresh. "On-the-fly" syntax checking information may be incorrect. [C:\Users\devandla\Desktop\Board_2\Board_2.srcs\sources_1\new\prbs_axis_master_32.vhd:]
WARNING: [filemgmt 56-199] Attempt to get parsing info during refresh. "On-the-fly" syntax checking information may be incorrect. [C:\Users\devandla\Desktop\Board_2\Board_2.srcs\sources_1\new\u_gen.vhd:]
WARNING: [filemgmt 56-199] Attempt to get parsing info during refresh. "On-the-fly" syntax checking information may be incorrect. [C:\Users\devandla\Desktop\Board_2\Board_2.srcs\sources_1\new\u_gen.vhd:]
ERROR: [Common 17-180] Spawn failed: No error
launch_runs synth_1 -jobs 28
[Wed Apr 22 16:39:27 2026] Launched design_2_prbs_axis_master_32_0_0_synth_1...
Run output will be captured here: C:/Users/devandla/Desktop/Board_2/Board_2.runs/design_2_prbs_axis_master_32_0_0_synth_1/runme.log
[Wed Apr 22 16:39:27 2026] Launched synth_1...
Run output will be captured here: C:/Users/devandla/Desktop/Board_2/Board_2.runs/synth_1/runme.log
WARNING: [filemgmt 56-199] Attempt to get parsing info during refresh. "On-the-fly" syntax checking information may be incorrect. [C:\Users\devandla\Desktop\Board_2\Board_2.srcs\sources_1\new\u_gen.vhd:]
WARNING: [filemgmt 56-199] Attempt to get parsing info during refresh. "On-the-fly" syntax checking information may be incorrect. [C:\Users\devandla\Desktop\Board_2\Board_2.srcs\sources_1\new\prbs_axis_master_32.vhd:]
WARNING: [filemgmt 56-199] Attempt to get parsing info during refresh. "On-the-fly" syntax checking information may be incorrect. [C:\Users\devandla\Desktop\Board_2\Board_2.srcs\sources_1\new\u_gen.vhd:]
WARNING: [filemgmt 56-199] Attempt to get parsing info during refresh. "On-the-fly" syntax checking information may be incorrect. [C:\Users\devandla\Desktop\Board_2\Board_2.srcs\sources_1\new\u_gen.vhd:]
ERROR: [Common 17-180] Spawn failed: No error
launch_runs impl_1 -jobs 28
[Wed Apr 22 16:40:49 2026] Launched impl_1...
Run output will be captured here: C:/Users/devandla/Desktop/Board_2/Board_2.runs/impl_1/runme.log
launch_runs impl_1 -to_step write_bitstream -jobs 28
[Wed Apr 22 16:42:28 2026] Launched impl_1...
Run output will be captured here: C:/Users/devandla/Desktop/Board_2/Board_2.runs/impl_1/runme.log
open_hw_manager
connect_hw_server -allow_non_jtag
INFO: [Labtools 27-2285] Connecting to hw_server url TCP:localhost:3121
INFO: [Labtools 27-2222] Launching hw_server...
INFO: [Labtools 27-2221] Launch Output:

****** Xilinx hw_server v2024.2
  **** Build date : Oct 29 2024 at 10:25:41
    ** Copyright 1986-2022 Xilinx, Inc. All Rights Reserved.


INFO: [Labtools 27-3415] Connecting to cs_server url TCP:localhost:0
INFO: [Labtools 27-3417] Launching cs_server...
INFO: [Labtools 27-2221] Launch Output:


******** Xilinx cs_server v2024.2.0
  ****** Build date   : Oct 30 2024-19:19:07
    **** Build number : 2024.2.1730312347
      ** Copyright 2017-2022 Xilinx, Inc. All Rights Reserved.
      ** Copyright 2022-2026 Advanced Micro Devices, Inc. All Rights Reserved.



connect_hw_server: Time (s): cpu = 00:00:01 ; elapsed = 00:00:14 . Memory (MB): peak = 2353.703 ; gain = 0.000
open_hw_target
INFO: [Labtoolstcl 44-466] Opening hw_target localhost:3121/xilinx_tcf/Digilent/210393BB58A7A
set_property PROGRAM.FILE {C:/Users/devandla/Desktop/Board_2/Board_2.runs/impl_1/design_2_wrapper.bit} [get_hw_devices xc7z020_1]
set_property PROBES.FILE {C:/Users/devandla/Desktop/Board_2/Board_2.runs/impl_1/design_2_wrapper.ltx} [get_hw_devices xc7z020_1]
set_property FULL_PROBES.FILE {C:/Users/devandla/Desktop/Board_2/Board_2.runs/impl_1/design_2_wrapper.ltx} [get_hw_devices xc7z020_1]
current_hw_device [get_hw_devices xc7z020_1]
refresh_hw_device [lindex [get_hw_devices xc7z020_1] 0]
INFO: [Labtools 27-1434] Device xc7z020 (JTAG device index = 1) is programmed with a design that has no supported debug core(s) in it.
WARNING: [Labtools 27-3361] The debug hub core was not detected.
Resolution: 
1. Make sure the clock connected to the debug hub (dbg_hub) core is a free running clock and is active.
2. Make sure the BSCAN_SWITCH_USER_MASK device property in Vivado Hardware Manager reflects the user scan chain setting in the design and refresh the device.  To determine the user scan chain setting in the design, open the implemented design and use 'get_property C_USER_SCAN_CHAIN [get_debug_cores dbg_hub]'.
For more details on setting the scan chain property, consult the Vivado Debug and Programming User Guide (UG908).
WARNING: [Labtools 27-3413] Dropping logic core with cellname:'design_2_i/ila_0' at location 'uuid_F2A5A0E152865171A222BF15ACEC5622' from probes file, since it cannot be found on the programmed device.
set_property PROBES.FILE {C:/Users/devandla/Desktop/Board_2/Board_2.runs/impl_1/design_2_wrapper.ltx} [get_hw_devices xc7z020_1]
set_property FULL_PROBES.FILE {C:/Users/devandla/Desktop/Board_2/Board_2.runs/impl_1/design_2_wrapper.ltx} [get_hw_devices xc7z020_1]
set_property PROGRAM.FILE {C:/Users/devandla/Desktop/Board_2/Board_2.runs/impl_1/design_2_wrapper.bit} [get_hw_devices xc7z020_1]
program_hw_devices [get_hw_devices xc7z020_1]
INFO: [Labtools 27-3164] End of startup status: HIGH
refresh_hw_device [lindex [get_hw_devices xc7z020_1] 0]
INFO: [Labtools 27-2302] Device xc7z020 (JTAG device index = 1) is programmed with a design that has 1 ILA core(s).
display_hw_ila_data [ get_hw_ila_data hw_ila_data_1 -of_objects [get_hw_ilas -of_objects [get_hw_devices xc7z020_1] -filter {CELL_NAME=~"design_2_i/ila_0"}]]
run_hw_ila [get_hw_ilas -of_objects [get_hw_devices xc7z020_1] -filter {CELL_NAME=~"design_2_i/ila_0"}]
INFO: [Labtools 27-1964] The ILA core 'hw_ila_1' trigger was armed at 2026-Apr-22 16:43:37
wait_on_hw_ila [get_hw_ilas -of_objects [get_hw_devices xc7z020_1] -filter {CELL_NAME=~"design_2_i/ila_0"}]
display_hw_ila_data [upload_hw_ila_data [get_hw_ilas -of_objects [get_hw_devices xc7z020_1] -filter {CELL_NAME=~"design_2_i/ila_0"}]]
INFO: [Labtools 27-1966] The ILA core 'hw_ila_1' triggered at 2026-Apr-22 16:43:37
INFO: [Labtools 27-3304] ILA Waveform data saved to file C:/Users/devandla/Desktop/Board_2/Board_2.hw/backup/hw_ila_data_1.ila. Use Tcl command 'read_hw_ila_data' or Vivado File->Import->Import ILA Data menu item to import the previously saved data.
open_bd_design {C:/Users/devandla/Desktop/Board_2/Board_2.srcs/sources_1/bd/design_2/design_2.bd}
WARNING: [IP_Flow 19-474] Invalid Parameter 'Component_Name'
run_hw_ila [get_hw_ilas -of_objects [get_hw_devices xc7z020_1] -filter {CELL_NAME=~"design_2_i/ila_0"}]
INFO: [Labtools 27-1964] The ILA core 'hw_ila_1' trigger was armed at 2026-Apr-22 16:50:51
wait_on_hw_ila [get_hw_ilas -of_objects [get_hw_devices xc7z020_1] -filter {CELL_NAME=~"design_2_i/ila_0"}]
display_hw_ila_data [upload_hw_ila_data [get_hw_ilas -of_objects [get_hw_devices xc7z020_1] -filter {CELL_NAME=~"design_2_i/ila_0"}]]
INFO: [Labtools 27-1966] The ILA core 'hw_ila_1' triggered at 2026-Apr-22 16:50:51
INFO: [Labtools 27-3304] ILA Waveform data saved to file C:/Users/devandla/Desktop/Board_2/Board_2.hw/backup/hw_ila_data_1.ila. Use Tcl command 'read_hw_ila_data' or Vivado File->Import->Import ILA Data menu item to import the previously saved data.
run_hw_ila [get_hw_ilas -of_objects [get_hw_devices xc7z020_1] -filter {CELL_NAME=~"design_2_i/ila_0"}]
INFO: [Labtools 27-1964] The ILA core 'hw_ila_1' trigger was armed at 2026-Apr-22 16:50:53
wait_on_hw_ila [get_hw_ilas -of_objects [get_hw_devices xc7z020_1] -filter {CELL_NAME=~"design_2_i/ila_0"}]
display_hw_ila_data [upload_hw_ila_data [get_hw_ilas -of_objects [get_hw_devices xc7z020_1] -filter {CELL_NAME=~"design_2_i/ila_0"}]]
INFO: [Labtools 27-1966] The ILA core 'hw_ila_1' triggered at 2026-Apr-22 16:50:53
INFO: [Labtools 27-3304] ILA Waveform data saved to file C:/Users/devandla/Desktop/Board_2/Board_2.hw/backup/hw_ila_data_1.ila. Use Tcl command 'read_hw_ila_data' or Vivado File->Import->Import ILA Data menu item to import the previously saved data.
run_hw_ila [get_hw_ilas -of_objects [get_hw_devices xc7z020_1] -filter {CELL_NAME=~"design_2_i/ila_0"}]
INFO: [Labtools 27-1964] The ILA core 'hw_ila_1' trigger was armed at 2026-Apr-22 16:50:55
wait_on_hw_ila [get_hw_ilas -of_objects [get_hw_devices xc7z020_1] -filter {CELL_NAME=~"design_2_i/ila_0"}]
display_hw_ila_data [upload_hw_ila_data [get_hw_ilas -of_objects [get_hw_devices xc7z020_1] -filter {CELL_NAME=~"design_2_i/ila_0"}]]
INFO: [Labtools 27-1966] The ILA core 'hw_ila_1' triggered at 2026-Apr-22 16:50:55
INFO: [Labtools 27-3304] ILA Waveform data saved to file C:/Users/devandla/Desktop/Board_2/Board_2.hw/backup/hw_ila_data_1.ila. Use Tcl command 'read_hw_ila_data' or Vivado File->Import->Import ILA Data menu item to import the previously saved data.
run_hw_ila [get_hw_ilas -of_objects [get_hw_devices xc7z020_1] -filter {CELL_NAME=~"design_2_i/ila_0"}]
INFO: [Labtools 27-1964] The ILA core 'hw_ila_1' trigger was armed at 2026-Apr-22 16:51:11
wait_on_hw_ila [get_hw_ilas -of_objects [get_hw_devices xc7z020_1] -filter {CELL_NAME=~"design_2_i/ila_0"}]
display_hw_ila_data [upload_hw_ila_data [get_hw_ilas -of_objects [get_hw_devices xc7z020_1] -filter {CELL_NAME=~"design_2_i/ila_0"}]]
INFO: [Labtools 27-1966] The ILA core 'hw_ila_1' triggered at 2026-Apr-22 16:51:11
INFO: [Labtools 27-3304] ILA Waveform data saved to file C:/Users/devandla/Desktop/Board_2/Board_2.hw/backup/hw_ila_data_1.ila. Use Tcl command 'read_hw_ila_data' or Vivado File->Import->Import ILA Data menu item to import the previously saved data.
run_hw_ila [get_hw_ilas -of_objects [get_hw_devices xc7z020_1] -filter {CELL_NAME=~"design_2_i/ila_0"}]
INFO: [Labtools 27-1964] The ILA core 'hw_ila_1' trigger was armed at 2026-Apr-22 16:51:21
wait_on_hw_ila [get_hw_ilas -of_objects [get_hw_devices xc7z020_1] -filter {CELL_NAME=~"design_2_i/ila_0"}]
display_hw_ila_data [upload_hw_ila_data [get_hw_ilas -of_objects [get_hw_devices xc7z020_1] -filter {CELL_NAME=~"design_2_i/ila_0"}]]
INFO: [Labtools 27-1966] The ILA core 'hw_ila_1' triggered at 2026-Apr-22 16:51:21
INFO: [Labtools 27-3304] ILA Waveform data saved to file C:/Users/devandla/Desktop/Board_2/Board_2.hw/backup/hw_ila_data_1.ila. Use Tcl command 'read_hw_ila_data' or Vivado File->Import->Import ILA Data menu item to import the previously saved data.
run_hw_ila [get_hw_ilas -of_objects [get_hw_devices xc7z020_1] -filter {CELL_NAME=~"design_2_i/ila_0"}]
INFO: [Labtools 27-1964] The ILA core 'hw_ila_1' trigger was armed at 2026-Apr-22 16:51:32
wait_on_hw_ila [get_hw_ilas -of_objects [get_hw_devices xc7z020_1] -filter {CELL_NAME=~"design_2_i/ila_0"}]
display_hw_ila_data [upload_hw_ila_data [get_hw_ilas -of_objects [get_hw_devices xc7z020_1] -filter {CELL_NAME=~"design_2_i/ila_0"}]]
INFO: [Labtools 27-1966] The ILA core 'hw_ila_1' triggered at 2026-Apr-22 16:51:32
INFO: [Labtools 27-3304] ILA Waveform data saved to file C:/Users/devandla/Desktop/Board_2/Board_2.hw/backup/hw_ila_data_1.ila. Use Tcl command 'read_hw_ila_data' or Vivado File->Import->Import ILA Data menu item to import the previously saved data.
run_hw_ila [get_hw_ilas -of_objects [get_hw_devices xc7z020_1] -filter {CELL_NAME=~"design_2_i/ila_0"}]
INFO: [Labtools 27-1964] The ILA core 'hw_ila_1' trigger was armed at 2026-Apr-22 16:51:50
wait_on_hw_ila [get_hw_ilas -of_objects [get_hw_devices xc7z020_1] -filter {CELL_NAME=~"design_2_i/ila_0"}]
display_hw_ila_data [upload_hw_ila_data [get_hw_ilas -of_objects [get_hw_devices xc7z020_1] -filter {CELL_NAME=~"design_2_i/ila_0"}]]
INFO: [Labtools 27-1966] The ILA core 'hw_ila_1' triggered at 2026-Apr-22 16:51:50
INFO: [Labtools 27-3304] ILA Waveform data saved to file C:/Users/devandla/Desktop/Board_2/Board_2.hw/backup/hw_ila_data_1.ila. Use Tcl command 'read_hw_ila_data' or Vivado File->Import->Import ILA Data menu item to import the previously saved data.
run_hw_ila [get_hw_ilas -of_objects [get_hw_devices xc7z020_1] -filter {CELL_NAME=~"design_2_i/ila_0"}]
INFO: [Labtools 27-1964] The ILA core 'hw_ila_1' trigger was armed at 2026-Apr-22 16:52:01
wait_on_hw_ila [get_hw_ilas -of_objects [get_hw_devices xc7z020_1] -filter {CELL_NAME=~"design_2_i/ila_0"}]
display_hw_ila_data [upload_hw_ila_data [get_hw_ilas -of_objects [get_hw_devices xc7z020_1] -filter {CELL_NAME=~"design_2_i/ila_0"}]]
INFO: [Labtools 27-1966] The ILA core 'hw_ila_1' triggered at 2026-Apr-22 16:52:01
INFO: [Labtools 27-3304] ILA Waveform data saved to file C:/Users/devandla/Desktop/Board_2/Board_2.hw/backup/hw_ila_data_1.ila. Use Tcl command 'read_hw_ila_data' or Vivado File->Import->Import ILA Data menu item to import the previously saved data.
save_wave_config {C:/Users/devandla/Desktop/Board_2/Board_2.hw/hw_1/wave/hw_ila_data_1/hw_ila_data_1.wcfg}
close_hw_manager
INFO: [Device 21-403] Loading part xc7z020clg484-1
startgroup
create_bd_cell -type ip -vlnv xilinx.com:ip:tmr_comparator:1.0 tmr_comparator_0
endgroup
set_property CONFIG.C_INTERFACE {3} [get_bd_cells tmr_comparator_0]
set_property -dict [list \
  CONFIG.C_INPUT_REGISTER {0} \
  CONFIG.C_TEST_COMPARATOR {0} \
  CONFIG.C_TMR {0} \
  CONFIG.C_USE_TMR_DISABLE {0} \
  CONFIG.C_VOTER_CHECK {0} \
] [get_bd_cells tmr_comparator_0]
set_property -dict [list \
  CONFIG.C_AXI1 {0} \
  CONFIG.C_INTERFACE {8} \
] [get_bd_cells tmr_comparator_0]
ERROR: [Common 17-243] Documentation data file not found.
delete_bd_objs [get_bd_cells tmr_comparator_0]
open_hw_manager
connect_hw_server -allow_non_jtag
INFO: [Labtools 27-2285] Connecting to hw_server url TCP:localhost:3121
INFO: [Labtools 27-2222] Launching hw_server...
INFO: [Labtools 27-2221] Launch Output:

****** Xilinx hw_server v2024.2
  **** Build date : Oct 29 2024 at 10:25:41
    ** Copyright 1986-2022 Xilinx, Inc. All Rights Reserved.


INFO: [Labtools 27-3415] Connecting to cs_server url TCP:localhost:0
INFO: [Labtools 27-3417] Launching cs_server...
INFO: [Labtools 27-2221] Launch Output:


******** Xilinx cs_server v2024.2.0
  ****** Build date   : Oct 30 2024-19:19:07
    **** Build number : 2024.2.1730312347
      ** Copyright 2017-2022 Xilinx, Inc. All Rights Reserved.
      ** Copyright 2022-2026 Advanced Micro Devices, Inc. All Rights Reserved.



connect_hw_server: Time (s): cpu = 00:00:01 ; elapsed = 00:00:14 . Memory (MB): peak = 2369.223 ; gain = 0.000
open_hw_target
INFO: [Labtoolstcl 44-466] Opening hw_target localhost:3121/xilinx_tcf/Digilent/210393BB58A7A
set_property PROGRAM.FILE {C:/Users/devandla/Desktop/Board_2/Board_2.runs/impl_1/design_2_wrapper.bit} [get_hw_devices xc7z020_1]
set_property PROBES.FILE {C:/Users/devandla/Desktop/Board_2/Board_2.runs/impl_1/design_2_wrapper.ltx} [get_hw_devices xc7z020_1]
set_property FULL_PROBES.FILE {C:/Users/devandla/Desktop/Board_2/Board_2.runs/impl_1/design_2_wrapper.ltx} [get_hw_devices xc7z020_1]
current_hw_device [get_hw_devices xc7z020_1]
refresh_hw_device [lindex [get_hw_devices xc7z020_1] 0]
INFO: [Labtools 27-2302] Device xc7z020 (JTAG device index = 1) is programmed with a design that has 1 ILA core(s).
display_hw_ila_data [ get_hw_ila_data hw_ila_data_1 -of_objects [get_hw_ilas -of_objects [get_hw_devices xc7z020_1] -filter {CELL_NAME=~"design_2_i/ila_0"}]]
set_property PROBES.FILE {C:/Users/devandla/Desktop/Board_2/Board_2.runs/impl_1/design_2_wrapper.ltx} [get_hw_devices xc7z020_1]
set_property FULL_PROBES.FILE {C:/Users/devandla/Desktop/Board_2/Board_2.runs/impl_1/design_2_wrapper.ltx} [get_hw_devices xc7z020_1]
set_property PROGRAM.FILE {C:/Users/devandla/Desktop/Board_2/Board_2.runs/impl_1/design_2_wrapper.bit} [get_hw_devices xc7z020_1]
program_hw_devices [get_hw_devices xc7z020_1]
INFO: [Labtools 27-3164] End of startup status: HIGH
refresh_hw_device [lindex [get_hw_devices xc7z020_1] 0]
INFO: [Labtools 27-2302] Device xc7z020 (JTAG device index = 1) is programmed with a design that has 1 ILA core(s).
run_hw_ila [get_hw_ilas -of_objects [get_hw_devices xc7z020_1] -filter {CELL_NAME=~"design_2_i/ila_0"}]
INFO: [Labtools 27-1964] The ILA core 'hw_ila_1' trigger was armed at 2026-Apr-22 17:18:08
wait_on_hw_ila [get_hw_ilas -of_objects [get_hw_devices xc7z020_1] -filter {CELL_NAME=~"design_2_i/ila_0"}]
display_hw_ila_data [upload_hw_ila_data [get_hw_ilas -of_objects [get_hw_devices xc7z020_1] -filter {CELL_NAME=~"design_2_i/ila_0"}]]
INFO: [Labtools 27-1966] The ILA core 'hw_ila_1' triggered at 2026-Apr-22 17:18:08
INFO: [Labtools 27-3304] ILA Waveform data saved to file C:/Users/devandla/Desktop/Board_2/Board_2.hw/backup/hw_ila_data_1.ila. Use Tcl command 'read_hw_ila_data' or Vivado File->Import->Import ILA Data menu item to import the previously saved data.
open_bd_design {C:/Users/devandla/Desktop/Board_2/Board_2.srcs/sources_1/bd/design_2/design_2.bd}
WARNING: [IP_Flow 19-4067] Ignoring invalid widget type specified checkbox.Providing a default widget
startgroup
set_property -dict [list \
  CONFIG.C_NUM_OF_PROBES {5} \
  CONFIG.C_PROBE4_TYPE {1} \
  CONFIG.C_PROBE4_WIDTH {14} \
] [get_bd_cells ila_0]
endgroup
startgroup
create_bd_cell -type ip -vlnv xilinx.com:ip:xlslice:1.0 xlslice_1
INFO: [BD 5-1043] It is recommended to use inline hdl version xilinx.com:inline_hdl:ilslice:1.0 for the IP type xilinx.com:ip:xlslice:1.0 for improved performance and reduced disk space. IPs with VLNV xilinx.com:ip:xlslice:1.0 may be deprecated in future releases. More information on inline hdl IP is available in UG994 
endgroup
set_property -dict [list \
  CONFIG.DIN_FROM {14} \
  CONFIG.DIN_TO {14} \
] [get_bd_cells xlslice_1]
set_property CONFIG.DIN_TO {0} [get_bd_cells xlslice_1]
set_property -dict [list \
  CONFIG.DIN_FROM {13} \
  CONFIG.DOUT_WIDTH {14} \
] [get_bd_cells xlslice_1]
connect_bd_net [get_bd_pins prbs_axis_master_32_0/m_axis_tdata] [get_bd_pins xlslice_1/Din]
WARNING: [BD 41-1306] The connection to interface pin </prbs_axis_master_32_0/m_axis_tdata> is being overridden by the user with net <prbs_axis_master_32_0_m_axis_tdata>. This pin will not be connected as a part of interface connection <m_axis>, and might not recreate the connectivity as expected using the writ_bd_tcl command.
connect_bd_net [get_bd_pins xlslice_1/Dout] [get_bd_pins ila_0/probe4]
save_bd_design
Wrote  : <C:\Users\devandla\Desktop\Board_2\Board_2.srcs\sources_1\bd\design_2\design_2.bd> 
Wrote  : <C:/Users/devandla/Desktop/Board_2/Board_2.srcs/sources_1/bd/design_2/ui/bd_1fdbff51.ui> 
reset_run synth_1
INFO: [Project 1-1161] Replacing file C:/Users/devandla/Desktop/Board_2/Board_2.srcs/utils_1/imports/synth_1/design_2_wrapper.dcp with file C:/Users/devandla/Desktop/Board_2/Board_2.runs/synth_1/design_2_wrapper.dcp
WARNING: [Vivado 12-1017] Problems encountered:
1. Failed to delete one or more files in run directory C:/Users/devandla/Desktop/Board_2/Board_2.runs/synth_1

launch_runs impl_1 -to_step write_bitstream -jobs 28
WARNING: [BD 41-2670] Found an incomplete address path from address space '/processing_system7_0/Data' to master interface '/processing_system7_0/M_AXI_GP0'. Please either complete or remove this path to resolve.
WARNING: [BD 5-699] No address segments matched 'get_bd_addr_segs -of_objects /processing_system7_0/Data'
INFO: [xilinx.com:ip:clk_wiz:6.0-1] /clk_wiz_0 clk_wiz propagate
WARNING: [BD 41-1271] The connection to the pin: /prbs_axis_master_32_0/m_axis_tdata has been overridden by the user. This pin will not be connected as a part of the interface connection: prbs_axis_master_32_0_m_axis 
Wrote  : <C:\Users\devandla\Desktop\Board_2\Board_2.srcs\sources_1\bd\design_2\design_2.bd> 
VHDL Output written to : c:/Users/devandla/Desktop/Board_2/Board_2.gen/sources_1/bd/design_2/synth/design_2.vhd
VHDL Output written to : c:/Users/devandla/Desktop/Board_2/Board_2.gen/sources_1/bd/design_2/sim/design_2.vhd
VHDL Output written to : c:/Users/devandla/Desktop/Board_2/Board_2.gen/sources_1/bd/design_2/hdl/design_2_wrapper.vhd
WARNING: [filemgmt 56-199] Attempt to get parsing info during refresh. "On-the-fly" syntax checking information may be incorrect. [C:\Users\devandla\Desktop\Board_2\Board_2.srcs\sources_1\new\u_gen.vhd:]
WARNING: [filemgmt 56-199] Attempt to get parsing info during refresh. "On-the-fly" syntax checking information may be incorrect. [C:\Users\devandla\Desktop\Board_2\Board_2.srcs\sources_1\new\prbs_axis_master_32.vhd:]
WARNING: [filemgmt 56-199] Attempt to get parsing info during refresh. "On-the-fly" syntax checking information may be incorrect. [C:\Users\devandla\Desktop\Board_2\Board_2.srcs\sources_1\new\prbs_axis_master_32.vhd:]
WARNING: [filemgmt 56-199] Attempt to get parsing info during refresh. "On-the-fly" syntax checking information may be incorrect. [C:\Users\devandla\Desktop\Board_2\Board_2.srcs\sources_1\new\prbs_axis_master_32.vhd:]
WARNING: [IP_Flow 19-4994] Overwriting existing constraint file 'c:/Users/devandla/Desktop/Board_2/Board_2.gen/sources_1/bd/design_2/ip/design_2_ila_0_0/design_2_ila_0_0_ooc.xdc'
INFO: [BD 41-1029] Generation completed for the IP Integrator block ila_0 .
ERROR: [Common 17-180] Spawn failed: No error
INFO: [IP_Flow 19-5611] Unable to find an associated reset port for the interface 'M_AXI_GP0'. A default connection has been created.
INFO: [BD 41-1029] Generation completed for the IP Integrator block processing_system7_0 .
INFO: [BD 41-1029] Generation completed for the IP Integrator block xlslice_1 .
Exporting to file c:/Users/devandla/Desktop/Board_2/Board_2.gen/sources_1/bd/design_2/hw_handoff/design_2.hwh
Generated Hardware Definition File c:/Users/devandla/Desktop/Board_2/Board_2.gen/sources_1/bd/design_2/synth/design_2.hwdef
INFO: [IP_Flow 19-6924] IPCACHE: Running cache check for IP inst: design_2_ila_0_0
ERROR: [Vivado 12-4756] Launch of runs aborted due to earlier errors while preparing sub-designs for run execution.
WARNING: [filemgmt 56-199] Attempt to get parsing info during refresh. "On-the-fly" syntax checking information may be incorrect. [C:\Users\devandla\Desktop\Board_2\Board_2.srcs\sources_1\new\u_gen.vhd:]
WARNING: [filemgmt 56-199] Attempt to get parsing info during refresh. "On-the-fly" syntax checking information may be incorrect. [C:\Users\devandla\Desktop\Board_2\Board_2.srcs\sources_1\new\prbs_axis_master_32.vhd:]
WARNING: [filemgmt 56-199] Attempt to get parsing info during refresh. "On-the-fly" syntax checking information may be incorrect. [C:\Users\devandla\Desktop\Board_2\Board_2.srcs\sources_1\new\u_gen.vhd:]
WARNING: [filemgmt 56-199] Attempt to get parsing info during refresh. "On-the-fly" syntax checking information may be incorrect. [C:\Users\devandla\Desktop\Board_2\Board_2.srcs\sources_1\new\u_gen.vhd:]
WARNING: [filemgmt 56-199] Attempt to get parsing info during refresh. "On-the-fly" syntax checking information may be incorrect. [C:\Users\devandla\Desktop\Board_2\Board_2.srcs\sources_1\new\u_gen.vhd:]
WARNING: [filemgmt 56-199] Attempt to get parsing info during refresh. "On-the-fly" syntax checking information may be incorrect. [C:\Users\devandla\Desktop\Board_2\Board_2.srcs\sources_1\new\prbs_axis_master_32.vhd:]
WARNING: [filemgmt 56-199] Attempt to get parsing info during refresh. "On-the-fly" syntax checking information may be incorrect. [C:\Users\devandla\Desktop\Board_2\Board_2.srcs\sources_1\new\u_gen.vhd:]
WARNING: [filemgmt 56-199] Attempt to get parsing info during refresh. "On-the-fly" syntax checking information may be incorrect. [C:\Users\devandla\Desktop\Board_2\Board_2.srcs\sources_1\new\u_gen.vhd:]
ERROR: [Common 17-180] Spawn failed: No error
WARNING: [filemgmt 56-199] Attempt to get parsing info during refresh. "On-the-fly" syntax checking information may be incorrect. [C:\Users\devandla\Desktop\Board_2\Board_2.srcs\sources_1\new\u_gen.vhd:]
WARNING: [filemgmt 56-199] Attempt to get parsing info during refresh. "On-the-fly" syntax checking information may be incorrect. [C:\Users\devandla\Desktop\Board_2\Board_2.srcs\sources_1\new\prbs_axis_master_32.vhd:]
WARNING: [filemgmt 56-199] Attempt to get parsing info during refresh. "On-the-fly" syntax checking information may be incorrect. [C:\Users\devandla\Desktop\Board_2\Board_2.srcs\sources_1\new\prbs_axis_master_32.vhd:]
WARNING: [filemgmt 56-199] Attempt to get parsing info during refresh. "On-the-fly" syntax checking information may be incorrect. [C:\Users\devandla\Desktop\Board_2\Board_2.srcs\sources_1\new\prbs_axis_master_32.vhd:]
ERROR: [Common 17-180] Spawn failed: No error
launch_runs impl_1 -to_step write_bitstream -jobs 28
INFO: [IP_Flow 19-6924] IPCACHE: Running cache check for IP inst: design_2_ila_0_0
[Wed Apr 22 17:21:55 2026] Launched design_2_processing_system7_0_0_synth_1, design_2_ila_0_0_synth_1, synth_1...
Run output will be captured here:
design_2_processing_system7_0_0_synth_1: C:/Users/devandla/Desktop/Board_2/Board_2.runs/design_2_processing_system7_0_0_synth_1/runme.log
design_2_ila_0_0_synth_1: C:/Users/devandla/Desktop/Board_2/Board_2.runs/design_2_ila_0_0_synth_1/runme.log
synth_1: C:/Users/devandla/Desktop/Board_2/Board_2.runs/synth_1/runme.log
[Wed Apr 22 17:21:55 2026] Launched impl_1...
Run output will be captured here: C:/Users/devandla/Desktop/Board_2/Board_2.runs/impl_1/runme.log
WARNING: [filemgmt 56-199] Attempt to get parsing info during refresh. "On-the-fly" syntax checking information may be incorrect. [C:\Users\devandla\Desktop\Board_2\Board_2.srcs\sources_1\new\u_gen.vhd:]
WARNING: [filemgmt 56-199] Attempt to get parsing info during refresh. "On-the-fly" syntax checking information may be incorrect. [C:\Users\devandla\Desktop\Board_2\Board_2.srcs\sources_1\new\prbs_axis_master_32.vhd:]
WARNING: [filemgmt 56-199] Attempt to get parsing info during refresh. "On-the-fly" syntax checking information may be incorrect. [C:\Users\devandla\Desktop\Board_2\Board_2.srcs\sources_1\new\u_gen.vhd:]
WARNING: [filemgmt 56-199] Attempt to get parsing info during refresh. "On-the-fly" syntax checking information may be incorrect. [C:\Users\devandla\Desktop\Board_2\Board_2.srcs\sources_1\new\u_gen.vhd:]
ERROR: [Common 17-180] Spawn failed: No error
WARNING: [filemgmt 56-199] Attempt to get parsing info during refresh. "On-the-fly" syntax checking information may be incorrect. [C:\Users\devandla\Desktop\Board_2\Board_2.srcs\sources_1\new\u_gen.vhd:]
WARNING: [filemgmt 56-199] Attempt to get parsing info during refresh. "On-the-fly" syntax checking information may be incorrect. [C:\Users\devandla\Desktop\Board_2\Board_2.srcs\sources_1\new\prbs_axis_master_32.vhd:]
WARNING: [filemgmt 56-199] Attempt to get parsing info during refresh. "On-the-fly" syntax checking information may be incorrect. [C:\Users\devandla\Desktop\Board_2\Board_2.srcs\sources_1\new\u_gen.vhd:]
WARNING: [filemgmt 56-199] Attempt to get parsing info during refresh. "On-the-fly" syntax checking information may be incorrect. [C:\Users\devandla\Desktop\Board_2\Board_2.srcs\sources_1\new\u_gen.vhd:]
ERROR: [Common 17-180] Spawn failed: No error
set_property PROBES.FILE {C:/Users/devandla/Desktop/Board_2/Board_2.runs/impl_1/design_2_wrapper.ltx} [get_hw_devices xc7z020_1]
set_property FULL_PROBES.FILE {C:/Users/devandla/Desktop/Board_2/Board_2.runs/impl_1/design_2_wrapper.ltx} [get_hw_devices xc7z020_1]
set_property PROGRAM.FILE {C:/Users/devandla/Desktop/Board_2/Board_2.runs/impl_1/design_2_wrapper.bit} [get_hw_devices xc7z020_1]
program_hw_devices [get_hw_devices xc7z020_1]
INFO: [Labtools 27-3164] End of startup status: HIGH
refresh_hw_device [lindex [get_hw_devices xc7z020_1] 0]
INFO: [Labtools 27-2302] Device xc7z020 (JTAG device index = 1) is programmed with a design that has 1 ILA core(s).
add_wave -into {hw_ila_data_1.wcfg} -radix hex { {design_2_i/xlslice_1_Dout} }
run_hw_ila [get_hw_ilas -of_objects [get_hw_devices xc7z020_1] -filter {CELL_NAME=~"design_2_i/ila_0"}]
INFO: [Labtools 27-1964] The ILA core 'hw_ila_1' trigger was armed at 2026-Apr-22 17:25:44
wait_on_hw_ila [get_hw_ilas -of_objects [get_hw_devices xc7z020_1] -filter {CELL_NAME=~"design_2_i/ila_0"}]
display_hw_ila_data [upload_hw_ila_data [get_hw_ilas -of_objects [get_hw_devices xc7z020_1] -filter {CELL_NAME=~"design_2_i/ila_0"}]]
INFO: [Labtools 27-1966] The ILA core 'hw_ila_1' triggered at 2026-Apr-22 17:25:44
INFO: [Labtools 27-3304] ILA Waveform data saved to file C:/Users/devandla/Desktop/Board_2/Board_2.hw/backup/hw_ila_data_1.ila. Use Tcl command 'read_hw_ila_data' or Vivado File->Import->Import ILA Data menu item to import the previously saved data.
run_hw_ila [get_hw_ilas -of_objects [get_hw_devices xc7z020_1] -filter {CELL_NAME=~"design_2_i/ila_0"}]
INFO: [Labtools 27-1964] The ILA core 'hw_ila_1' trigger was armed at 2026-Apr-22 17:25:47
wait_on_hw_ila [get_hw_ilas -of_objects [get_hw_devices xc7z020_1] -filter {CELL_NAME=~"design_2_i/ila_0"}]
display_hw_ila_data [upload_hw_ila_data [get_hw_ilas -of_objects [get_hw_devices xc7z020_1] -filter {CELL_NAME=~"design_2_i/ila_0"}]]
INFO: [Labtools 27-1966] The ILA core 'hw_ila_1' triggered at 2026-Apr-22 17:25:47
INFO: [Labtools 27-3304] ILA Waveform data saved to file C:/Users/devandla/Desktop/Board_2/Board_2.hw/backup/hw_ila_data_1.ila. Use Tcl command 'read_hw_ila_data' or Vivado File->Import->Import ILA Data menu item to import the previously saved data.
run_hw_ila [get_hw_ilas -of_objects [get_hw_devices xc7z020_1] -filter {CELL_NAME=~"design_2_i/ila_0"}]
INFO: [Labtools 27-1964] The ILA core 'hw_ila_1' trigger was armed at 2026-Apr-22 17:25:50
wait_on_hw_ila [get_hw_ilas -of_objects [get_hw_devices xc7z020_1] -filter {CELL_NAME=~"design_2_i/ila_0"}]
display_hw_ila_data [upload_hw_ila_data [get_hw_ilas -of_objects [get_hw_devices xc7z020_1] -filter {CELL_NAME=~"design_2_i/ila_0"}]]
INFO: [Labtools 27-1966] The ILA core 'hw_ila_1' triggered at 2026-Apr-22 17:25:50
INFO: [Labtools 27-3304] ILA Waveform data saved to file C:/Users/devandla/Desktop/Board_2/Board_2.hw/backup/hw_ila_data_1.ila. Use Tcl command 'read_hw_ila_data' or Vivado File->Import->Import ILA Data menu item to import the previously saved data.
run_hw_ila [get_hw_ilas -of_objects [get_hw_devices xc7z020_1] -filter {CELL_NAME=~"design_2_i/ila_0"}]
INFO: [Labtools 27-1964] The ILA core 'hw_ila_1' trigger was armed at 2026-Apr-22 17:26:10
wait_on_hw_ila [get_hw_ilas -of_objects [get_hw_devices xc7z020_1] -filter {CELL_NAME=~"design_2_i/ila_0"}]
display_hw_ila_data [upload_hw_ila_data [get_hw_ilas -of_objects [get_hw_devices xc7z020_1] -filter {CELL_NAME=~"design_2_i/ila_0"}]]
INFO: [Labtools 27-1966] The ILA core 'hw_ila_1' triggered at 2026-Apr-22 17:26:10
INFO: [Labtools 27-3304] ILA Waveform data saved to file C:/Users/devandla/Desktop/Board_2/Board_2.hw/backup/hw_ila_data_1.ila. Use Tcl command 'read_hw_ila_data' or Vivado File->Import->Import ILA Data menu item to import the previously saved data.
open_bd_design {C:/Users/devandla/Desktop/Board_2/Board_2.srcs/sources_1/bd/design_2/design_2.bd}
delete_bd_objs [get_bd_nets xlslice_1_Dout] [get_bd_nets prbs_axis_master_32_0_m_axis_tdata] [get_bd_cells xlslice_1]
WARNING: [IP_Flow 19-4067] Ignoring invalid widget type specified checkbox.Providing a default widget
startgroup
set_property CONFIG.C_NUM_OF_PROBES {4} [get_bd_cells ila_0]
endgroup
save_bd_design
Wrote  : <C:\Users\devandla\Desktop\Board_2\Board_2.srcs\sources_1\bd\design_2\design_2.bd> 
Wrote  : <C:/Users/devandla/Desktop/Board_2/Board_2.srcs/sources_1/bd/design_2/ui/bd_1fdbff51.ui> 
reset_run synth_1
INFO: [Project 1-1161] Replacing file C:/Users/devandla/Desktop/Board_2/Board_2.srcs/utils_1/imports/synth_1/design_2_wrapper.dcp with file C:/Users/devandla/Desktop/Board_2/Board_2.runs/synth_1/design_2_wrapper.dcp
WARNING: [Vivado 12-1017] Problems encountered:
1. Failed to delete one or more files in run directory C:/Users/devandla/Desktop/Board_2/Board_2.runs/synth_1

reset_run design_2_ila_0_0_synth_1
launch_runs impl_1 -to_step write_bitstream -jobs 28
WARNING: [BD 41-2670] Found an incomplete address path from address space '/processing_system7_0/Data' to master interface '/processing_system7_0/M_AXI_GP0'. Please either complete or remove this path to resolve.
WARNING: [BD 5-699] No address segments matched 'get_bd_addr_segs -of_objects /processing_system7_0/Data'
INFO: [xilinx.com:ip:clk_wiz:6.0-1] /clk_wiz_0 clk_wiz propagate
Wrote  : <C:\Users\devandla\Desktop\Board_2\Board_2.srcs\sources_1\bd\design_2\design_2.bd> 
VHDL Output written to : c:/Users/devandla/Desktop/Board_2/Board_2.gen/sources_1/bd/design_2/synth/design_2.vhd
VHDL Output written to : c:/Users/devandla/Desktop/Board_2/Board_2.gen/sources_1/bd/design_2/sim/design_2.vhd
VHDL Output written to : c:/Users/devandla/Desktop/Board_2/Board_2.gen/sources_1/bd/design_2/hdl/design_2_wrapper.vhd
WARNING: [filemgmt 56-199] Attempt to get parsing info during refresh. "On-the-fly" syntax checking information may be incorrect. [C:\Users\devandla\Desktop\Board_2\Board_2.srcs\sources_1\new\u_gen.vhd:]
WARNING: [filemgmt 56-199] Attempt to get parsing info during refresh. "On-the-fly" syntax checking information may be incorrect. [C:\Users\devandla\Desktop\Board_2\Board_2.srcs\sources_1\new\prbs_axis_master_32.vhd:]
WARNING: [filemgmt 56-199] Attempt to get parsing info during refresh. "On-the-fly" syntax checking information may be incorrect. [C:\Users\devandla\Desktop\Board_2\Board_2.srcs\sources_1\new\u_gen.vhd:]
WARNING: [filemgmt 56-199] Attempt to get parsing info during refresh. "On-the-fly" syntax checking information may be incorrect. [C:\Users\devandla\Desktop\Board_2\Board_2.srcs\sources_1\new\u_gen.vhd:]
WARNING: [IP_Flow 19-4994] Overwriting existing constraint file 'c:/Users/devandla/Desktop/Board_2/Board_2.gen/sources_1/bd/design_2/ip/design_2_ila_0_0/design_2_ila_0_0_ooc.xdc'
INFO: [BD 41-1029] Generation completed for the IP Integrator block ila_0 .
Exporting to file c:/Users/devandla/Desktop/Board_2/Board_2.gen/sources_1/bd/design_2/hw_handoff/design_2.hwh
Generated Hardware Definition File c:/Users/devandla/Desktop/Board_2/Board_2.gen/sources_1/bd/design_2/synth/design_2.hwdef
INFO: [IP_Flow 19-6924] IPCACHE: Running cache check for IP inst: design_2_ila_0_0
ERROR: [Common 17-180] Spawn failed: No error
[Wed Apr 22 17:26:56 2026] Launched design_2_ila_0_0_synth_1, synth_1...
Run output will be captured here:
design_2_ila_0_0_synth_1: C:/Users/devandla/Desktop/Board_2/Board_2.runs/design_2_ila_0_0_synth_1/runme.log
synth_1: C:/Users/devandla/Desktop/Board_2/Board_2.runs/synth_1/runme.log
[Wed Apr 22 17:26:56 2026] Launched impl_1...
Run output will be captured here: C:/Users/devandla/Desktop/Board_2/Board_2.runs/impl_1/runme.log
ERROR: [Common 17-39] 'launch_runs' failed due to earlier errors.
WARNING: [filemgmt 56-199] Attempt to get parsing info during refresh. "On-the-fly" syntax checking information may be incorrect. [C:\Users\devandla\Desktop\Board_2\Board_2.srcs\sources_1\new\adc_bit_decoder.vhd:]
WARNING: [filemgmt 56-199] Attempt to get parsing info during refresh. "On-the-fly" syntax checking information may be incorrect. [C:\Users\devandla\Desktop\Board_2\Board_2.srcs\sources_1\new\u_gen.vhd:]
WARNING: [filemgmt 56-199] Attempt to get parsing info during refresh. "On-the-fly" syntax checking information may be incorrect. [C:\Users\devandla\Desktop\Board_2\Board_2.srcs\sources_1\new\prbs_axis_master_32.vhd:]
WARNING: [filemgmt 56-199] Attempt to get parsing info during refresh. "On-the-fly" syntax checking information may be incorrect. [C:\Users\devandla\Desktop\Board_2\Board_2.srcs\sources_1\new\u_gen.vhd:]
WARNING: [filemgmt 56-199] Attempt to get parsing info during refresh. "On-the-fly" syntax checking information may be incorrect. [C:\Users\devandla\Desktop\Board_2\Board_2.srcs\sources_1\new\u_gen.vhd:]
close [ open C:/Users/devandla/Desktop/Board_2/Board_2.srcs/sources_1/new/pulse_gen.vhd w ]
add_files C:/Users/devandla/Desktop/Board_2/Board_2.srcs/sources_1/new/pulse_gen.vhd
close [ open C:/Users/devandla/Desktop/Board_2/Board_2.srcs/sources_1/new/delay_measure.vhd w ]
add_files C:/Users/devandla/Desktop/Board_2/Board_2.srcs/sources_1/new/delay_measure.vhd
WARNING: [filemgmt 56-199] Attempt to get parsing info during refresh. "On-the-fly" syntax checking information may be incorrect. [C:\Users\devandla\Desktop\Board_2\Board_2.srcs\sources_1\new\adc_bit_decoder.vhd:]
WARNING: [filemgmt 56-199] Attempt to get parsing info during refresh. "On-the-fly" syntax checking information may be incorrect. [C:\Users\devandla\Desktop\Board_2\Board_2.srcs\sources_1\new\u_gen.vhd:]
WARNING: [filemgmt 56-199] Attempt to get parsing info during refresh. "On-the-fly" syntax checking information may be incorrect. [C:\Users\devandla\Desktop\Board_2\Board_2.srcs\sources_1\new\prbs_axis_master_32.vhd:]
WARNING: [filemgmt 56-199] Attempt to get parsing info during refresh. "On-the-fly" syntax checking information may be incorrect. [C:\Users\devandla\Desktop\Board_2\Board_2.srcs\sources_1\new\u_gen.vhd:]
WARNING: [filemgmt 56-199] Attempt to get parsing info during refresh. "On-the-fly" syntax checking information may be incorrect. [C:\Users\devandla\Desktop\Board_2\Board_2.srcs\sources_1\new\u_gen.vhd:]
WARNING: [filemgmt 56-199] Attempt to get parsing info during refresh. "On-the-fly" syntax checking information may be incorrect. [C:\Users\devandla\Desktop\Board_2\Board_2.srcs\sources_1\new\adc_bit_decoder.vhd:]
WARNING: [filemgmt 56-199] Attempt to get parsing info during refresh. "On-the-fly" syntax checking information may be incorrect. [C:\Users\devandla\Desktop\Board_2\Board_2.srcs\sources_1\new\u_gen.vhd:]
WARNING: [filemgmt 56-199] Attempt to get parsing info during refresh. "On-the-fly" syntax checking information may be incorrect. [C:\Users\devandla\Desktop\Board_2\Board_2.srcs\sources_1\new\prbs_axis_master_32.vhd:]
WARNING: [filemgmt 56-199] Attempt to get parsing info during refresh. "On-the-fly" syntax checking information may be incorrect. [C:\Users\devandla\Desktop\Board_2\Board_2.srcs\sources_1\new\prbs_axis_master_32.vhd:]
WARNING: [filemgmt 56-199] Attempt to get parsing info during refresh. "On-the-fly" syntax checking information may be incorrect. [C:\Users\devandla\Desktop\Board_2\Board_2.srcs\sources_1\new\prbs_axis_master_32.vhd:]
ERROR: [Common 17-180] Spawn failed: No error
update_compile_order -fileset sources_1
WARNING: [filemgmt 56-199] Attempt to get parsing info during refresh. "On-the-fly" syntax checking information may be incorrect. [C:\Users\devandla\Desktop\Board_2\Board_2.srcs\sources_1\new\adc_bit_decoder.vhd:]
WARNING: [filemgmt 56-199] Attempt to get parsing info during refresh. "On-the-fly" syntax checking information may be incorrect. [C:\Users\devandla\Desktop\Board_2\Board_2.srcs\sources_1\new\u_gen.vhd:]
WARNING: [filemgmt 56-199] Attempt to get parsing info during refresh. "On-the-fly" syntax checking information may be incorrect. [C:\Users\devandla\Desktop\Board_2\Board_2.srcs\sources_1\new\prbs_axis_master_32.vhd:]
WARNING: [filemgmt 56-199] Attempt to get parsing info during refresh. "On-the-fly" syntax checking information may be incorrect. [C:\Users\devandla\Desktop\Board_2\Board_2.srcs\sources_1\new\u_gen.vhd:]
WARNING: [filemgmt 56-199] Attempt to get parsing info during refresh. "On-the-fly" syntax checking information may be incorrect. [C:\Users\devandla\Desktop\Board_2\Board_2.srcs\sources_1\new\u_gen.vhd:]
WARNING: [filemgmt 56-199] Attempt to get parsing info during refresh. "On-the-fly" syntax checking information may be incorrect. [C:\Users\devandla\Desktop\Board_2\Board_2.srcs\sources_1\new\adc_bit_decoder.vhd:]
WARNING: [filemgmt 56-199] Attempt to get parsing info during refresh. "On-the-fly" syntax checking information may be incorrect. [C:\Users\devandla\Desktop\Board_2\Board_2.srcs\sources_1\new\pulse_gen.vhd:]
WARNING: [filemgmt 56-199] Attempt to get parsing info during refresh. "On-the-fly" syntax checking information may be incorrect. [C:\Users\devandla\Desktop\Board_2\Board_2.srcs\sources_1\new\delay_measure.vhd:]
WARNING: [filemgmt 56-199] Attempt to get parsing info during refresh. "On-the-fly" syntax checking information may be incorrect. [C:\Users\devandla\Desktop\Board_2\Board_2.srcs\sources_1\new\u_gen.vhd:]
WARNING: [filemgmt 56-199] Attempt to get parsing info during refresh. "On-the-fly" syntax checking information may be incorrect. [C:\Users\devandla\Desktop\Board_2\Board_2.srcs\sources_1\new\prbs_axis_master_32.vhd:]
WARNING: [filemgmt 56-199] Attempt to get parsing info during refresh. "On-the-fly" syntax checking information may be incorrect. [C:\Users\devandla\Desktop\Board_2\Board_2.srcs\sources_1\new\u_gen.vhd:]
WARNING: [filemgmt 56-199] Attempt to get parsing info during refresh. "On-the-fly" syntax checking information may be incorrect. [C:\Users\devandla\Desktop\Board_2\Board_2.srcs\sources_1\new\u_gen.vhd:]
WARNING: [filemgmt 56-199] Attempt to get parsing info during refresh. "On-the-fly" syntax checking information may be incorrect. [C:\Users\devandla\Desktop\Board_2\Board_2.srcs\sources_1\new\adc_bit_decoder.vhd:]
WARNING: [filemgmt 56-199] Attempt to get parsing info during refresh. "On-the-fly" syntax checking information may be incorrect. [C:\Users\devandla\Desktop\Board_2\Board_2.srcs\sources_1\new\pulse_gen.vhd:]
WARNING: [filemgmt 56-199] Attempt to get parsing info during refresh. "On-the-fly" syntax checking information may be incorrect. [C:\Users\devandla\Desktop\Board_2\Board_2.srcs\sources_1\new\delay_measure.vhd:]
WARNING: [filemgmt 56-199] Attempt to get parsing info during refresh. "On-the-fly" syntax checking information may be incorrect. [C:\Users\devandla\Desktop\Board_2\Board_2.srcs\sources_1\new\u_gen.vhd:]
WARNING: [filemgmt 56-199] Attempt to get parsing info during refresh. "On-the-fly" syntax checking information may be incorrect. [C:\Users\devandla\Desktop\Board_2\Board_2.srcs\sources_1\new\prbs_axis_master_32.vhd:]
WARNING: [filemgmt 56-199] Attempt to get parsing info during refresh. "On-the-fly" syntax checking information may be incorrect. [C:\Users\devandla\Desktop\Board_2\Board_2.srcs\sources_1\new\adc_bit_decoder.vhd:]
WARNING: [filemgmt 56-199] Attempt to get parsing info during refresh. "On-the-fly" syntax checking information may be incorrect. [C:\Users\devandla\Desktop\Board_2\Board_2.srcs\sources_1\new\adc_bit_decoder.vhd:]
WARNING: [filemgmt 56-199] Attempt to get parsing info during refresh. "On-the-fly" syntax checking information may be incorrect. [C:\Users\devandla\Desktop\Board_2\Board_2.srcs\sources_1\new\adc_bit_decoder.vhd:]
WARNING: [filemgmt 56-199] Attempt to get parsing info during refresh. "On-the-fly" syntax checking information may be incorrect. [C:\Users\devandla\Desktop\Board_2\Board_2.srcs\sources_1\new\pulse_gen.vhd:]
WARNING: [filemgmt 56-199] Attempt to get parsing info during refresh. "On-the-fly" syntax checking information may be incorrect. [C:\Users\devandla\Desktop\Board_2\Board_2.srcs\sources_1\new\delay_measure.vhd:]
WARNING: [filemgmt 56-199] Attempt to get parsing info during refresh. "On-the-fly" syntax checking information may be incorrect. [C:\Users\devandla\Desktop\Board_2\Board_2.srcs\sources_1\new\u_gen.vhd:]
WARNING: [filemgmt 56-199] Attempt to get parsing info during refresh. "On-the-fly" syntax checking information may be incorrect. [C:\Users\devandla\Desktop\Board_2\Board_2.srcs\sources_1\new\prbs_axis_master_32.vhd:]
WARNING: [filemgmt 56-199] Attempt to get parsing info during refresh. "On-the-fly" syntax checking information may be incorrect. [C:\Users\devandla\Desktop\Board_2\Board_2.srcs\sources_1\new\delay_measure.vhd:]
WARNING: [filemgmt 56-199] Attempt to get parsing info during refresh. "On-the-fly" syntax checking information may be incorrect. [C:\Users\devandla\Desktop\Board_2\Board_2.srcs\sources_1\new\delay_measure.vhd:]
ERROR: [Common 17-180] Spawn failed: No error
WARNING: [filemgmt 56-199] Attempt to get parsing info during refresh. "On-the-fly" syntax checking information may be incorrect. [C:\Users\devandla\Desktop\Board_2\Board_2.srcs\sources_1\new\adc_bit_decoder.vhd:]
WARNING: [filemgmt 56-199] Attempt to get parsing info during refresh. "On-the-fly" syntax checking information may be incorrect. [C:\Users\devandla\Desktop\Board_2\Board_2.srcs\sources_1\new\pulse_gen.vhd:]
WARNING: [filemgmt 56-199] Attempt to get parsing info during refresh. "On-the-fly" syntax checking information may be incorrect. [C:\Users\devandla\Desktop\Board_2\Board_2.srcs\sources_1\new\delay_measure.vhd:]
WARNING: [filemgmt 56-199] Attempt to get parsing info during refresh. "On-the-fly" syntax checking information may be incorrect. [C:\Users\devandla\Desktop\Board_2\Board_2.srcs\sources_1\new\u_gen.vhd:]
WARNING: [filemgmt 56-199] Attempt to get parsing info during refresh. "On-the-fly" syntax checking information may be incorrect. [C:\Users\devandla\Desktop\Board_2\Board_2.srcs\sources_1\new\prbs_axis_master_32.vhd:]
WARNING: [filemgmt 56-199] Attempt to get parsing info during refresh. "On-the-fly" syntax checking information may be incorrect. [C:\Users\devandla\Desktop\Board_2\Board_2.srcs\sources_1\new\prbs_axis_master_32.vhd:]
WARNING: [filemgmt 56-199] Attempt to get parsing info during refresh. "On-the-fly" syntax checking information may be incorrect. [C:\Users\devandla\Desktop\Board_2\Board_2.srcs\sources_1\new\prbs_axis_master_32.vhd:]
ERROR: [Common 17-180] Spawn failed: No error
WARNING: [filemgmt 56-199] Attempt to get parsing info during refresh. "On-the-fly" syntax checking information may be incorrect. [C:\Users\devandla\Desktop\Board_2\Board_2.srcs\sources_1\new\adc_bit_decoder.vhd:]
WARNING: [filemgmt 56-199] Attempt to get parsing info during refresh. "On-the-fly" syntax checking information may be incorrect. [C:\Users\devandla\Desktop\Board_2\Board_2.srcs\sources_1\new\pulse_gen.vhd:]
WARNING: [filemgmt 56-199] Attempt to get parsing info during refresh. "On-the-fly" syntax checking information may be incorrect. [C:\Users\devandla\Desktop\Board_2\Board_2.srcs\sources_1\new\delay_measure.vhd:]
WARNING: [filemgmt 56-199] Attempt to get parsing info during refresh. "On-the-fly" syntax checking information may be incorrect. [C:\Users\devandla\Desktop\Board_2\Board_2.srcs\sources_1\new\u_gen.vhd:]
WARNING: [filemgmt 56-199] Attempt to get parsing info during refresh. "On-the-fly" syntax checking information may be incorrect. [C:\Users\devandla\Desktop\Board_2\Board_2.srcs\sources_1\new\prbs_axis_master_32.vhd:]
WARNING: [filemgmt 56-199] Attempt to get parsing info during refresh. "On-the-fly" syntax checking information may be incorrect. [C:\Users\devandla\Desktop\Board_2\Board_2.srcs\sources_1\new\adc_bit_decoder.vhd:]
WARNING: [filemgmt 56-199] Attempt to get parsing info during refresh. "On-the-fly" syntax checking information may be incorrect. [C:\Users\devandla\Desktop\Board_2\Board_2.srcs\sources_1\new\adc_bit_decoder.vhd:]
WARNING: [filemgmt 56-199] Attempt to get parsing info during refresh. "On-the-fly" syntax checking information may be incorrect. [C:\Users\devandla\Desktop\Board_2\Board_2.srcs\sources_1\new\adc_bit_decoder.vhd:]
WARNING: [filemgmt 56-199] Attempt to get parsing info during refresh. "On-the-fly" syntax checking information may be incorrect. [C:\Users\devandla\Desktop\Board_2\Board_2.srcs\sources_1\new\pulse_gen.vhd:]
WARNING: [filemgmt 56-199] Attempt to get parsing info during refresh. "On-the-fly" syntax checking information may be incorrect. [C:\Users\devandla\Desktop\Board_2\Board_2.srcs\sources_1\new\delay_measure.vhd:]
WARNING: [filemgmt 56-199] Attempt to get parsing info during refresh. "On-the-fly" syntax checking information may be incorrect. [C:\Users\devandla\Desktop\Board_2\Board_2.srcs\sources_1\new\u_gen.vhd:]
WARNING: [filemgmt 56-199] Attempt to get parsing info during refresh. "On-the-fly" syntax checking information may be incorrect. [C:\Users\devandla\Desktop\Board_2\Board_2.srcs\sources_1\new\prbs_axis_master_32.vhd:]
WARNING: [filemgmt 56-199] Attempt to get parsing info during refresh. "On-the-fly" syntax checking information may be incorrect. [C:\Users\devandla\Desktop\Board_2\Board_2.srcs\sources_1\new\delay_measure.vhd:]
WARNING: [filemgmt 56-199] Attempt to get parsing info during refresh. "On-the-fly" syntax checking information may be incorrect. [C:\Users\devandla\Desktop\Board_2\Board_2.srcs\sources_1\new\delay_measure.vhd:]
ERROR: [Common 17-180] Spawn failed: No error
WARNING: [filemgmt 56-199] Attempt to get parsing info during refresh. "On-the-fly" syntax checking information may be incorrect. [C:\Users\devandla\Desktop\Board_2\Board_2.srcs\sources_1\new\adc_bit_decoder.vhd:]
WARNING: [filemgmt 56-199] Attempt to get parsing info during refresh. "On-the-fly" syntax checking information may be incorrect. [C:\Users\devandla\Desktop\Board_2\Board_2.srcs\sources_1\new\pulse_gen.vhd:]
WARNING: [filemgmt 56-199] Attempt to get parsing info during refresh. "On-the-fly" syntax checking information may be incorrect. [C:\Users\devandla\Desktop\Board_2\Board_2.srcs\sources_1\new\delay_measure.vhd:]
WARNING: [filemgmt 56-199] Attempt to get parsing info during refresh. "On-the-fly" syntax checking information may be incorrect. [C:\Users\devandla\Desktop\Board_2\Board_2.srcs\sources_1\new\u_gen.vhd:]
WARNING: [filemgmt 56-199] Attempt to get parsing info during refresh. "On-the-fly" syntax checking information may be incorrect. [C:\Users\devandla\Desktop\Board_2\Board_2.srcs\sources_1\new\prbs_axis_master_32.vhd:]
WARNING: [filemgmt 56-199] Attempt to get parsing info during refresh. "On-the-fly" syntax checking information may be incorrect. [C:\Users\devandla\Desktop\Board_2\Board_2.srcs\sources_1\new\u_gen.vhd:]
WARNING: [filemgmt 56-199] Attempt to get parsing info during refresh. "On-the-fly" syntax checking information may be incorrect. [C:\Users\devandla\Desktop\Board_2\Board_2.srcs\sources_1\new\u_gen.vhd:]
ERROR: [Common 17-180] Spawn failed: No error
set_property PROBES.FILE {C:/Users/devandla/Desktop/Board_2/Board_2.runs/impl_1/design_2_wrapper.ltx} [get_hw_devices xc7z020_1]
set_property FULL_PROBES.FILE {C:/Users/devandla/Desktop/Board_2/Board_2.runs/impl_1/design_2_wrapper.ltx} [get_hw_devices xc7z020_1]
set_property PROGRAM.FILE {C:/Users/devandla/Desktop/Board_2/Board_2.runs/impl_1/design_2_wrapper.bit} [get_hw_devices xc7z020_1]
program_hw_devices [get_hw_devices xc7z020_1]
INFO: [Labtools 27-3164] End of startup status: HIGH
refresh_hw_device [lindex [get_hw_devices xc7z020_1] 0]
INFO: [Labtools 27-2302] Device xc7z020 (JTAG device index = 1) is programmed with a design that has 1 ILA core(s).
run_hw_ila [get_hw_ilas -of_objects [get_hw_devices xc7z020_1] -filter {CELL_NAME=~"design_2_i/ila_0"}]
INFO: [Labtools 27-1964] The ILA core 'hw_ila_1' trigger was armed at 2026-Apr-22 17:30:48
wait_on_hw_ila [get_hw_ilas -of_objects [get_hw_devices xc7z020_1] -filter {CELL_NAME=~"design_2_i/ila_0"}]
display_hw_ila_data [upload_hw_ila_data [get_hw_ilas -of_objects [get_hw_devices xc7z020_1] -filter {CELL_NAME=~"design_2_i/ila_0"}]]
INFO: [Labtools 27-1966] The ILA core 'hw_ila_1' triggered at 2026-Apr-22 17:30:48
INFO: [Labtools 27-3304] ILA Waveform data saved to file C:/Users/devandla/Desktop/Board_2/Board_2.hw/backup/hw_ila_data_1.ila. Use Tcl command 'read_hw_ila_data' or Vivado File->Import->Import ILA Data menu item to import the previously saved data.
save_wave_config {C:/Users/devandla/Desktop/Board_2/Board_2.hw/hw_1/wave/hw_ila_data_1/hw_ila_data_1.wcfg}
close_hw_manager
WARNING: [filemgmt 56-199] Attempt to get parsing info during refresh. "On-the-fly" syntax checking information may be incorrect. [C:\Users\devandla\Desktop\Board_2\Board_2.srcs\sources_1\new\adc_bit_decoder.vhd:]
WARNING: [filemgmt 56-199] Attempt to get parsing info during refresh. "On-the-fly" syntax checking information may be incorrect. [C:\Users\devandla\Desktop\Board_2\Board_2.srcs\sources_1\new\pulse_gen.vhd:]
WARNING: [filemgmt 56-199] Attempt to get parsing info during refresh. "On-the-fly" syntax checking information may be incorrect. [C:\Users\devandla\Desktop\Board_2\Board_2.srcs\sources_1\new\delay_measure.vhd:]
WARNING: [filemgmt 56-199] Attempt to get parsing info during refresh. "On-the-fly" syntax checking information may be incorrect. [C:\Users\devandla\Desktop\Board_2\Board_2.srcs\sources_1\new\u_gen.vhd:]
WARNING: [filemgmt 56-199] Attempt to get parsing info during refresh. "On-the-fly" syntax checking information may be incorrect. [C:\Users\devandla\Desktop\Board_2\Board_2.srcs\sources_1\new\prbs_axis_master_32.vhd:]
WARNING: [filemgmt 56-199] Attempt to get parsing info during refresh. "On-the-fly" syntax checking information may be incorrect. [C:\Users\devandla\Desktop\Board_2\Board_2.srcs\sources_1\new\u_gen.vhd:]
WARNING: [filemgmt 56-199] Attempt to get parsing info during refresh. "On-the-fly" syntax checking information may be incorrect. [C:\Users\devandla\Desktop\Board_2\Board_2.srcs\sources_1\new\u_gen.vhd:]
WARNING: [filemgmt 56-199] Attempt to get parsing info during refresh. "On-the-fly" syntax checking information may be incorrect. [C:\Users\devandla\Desktop\Board_2\Board_2.srcs\sources_1\new\adc_bit_decoder.vhd:]
WARNING: [filemgmt 56-199] Attempt to get parsing info during refresh. "On-the-fly" syntax checking information may be incorrect. [C:\Users\devandla\Desktop\Board_2\Board_2.srcs\sources_1\new\pulse_gen.vhd:]
WARNING: [filemgmt 56-199] Attempt to get parsing info during refresh. "On-the-fly" syntax checking information may be incorrect. [C:\Users\devandla\Desktop\Board_2\Board_2.srcs\sources_1\new\delay_measure.vhd:]
WARNING: [filemgmt 56-199] Attempt to get parsing info during refresh. "On-the-fly" syntax checking information may be incorrect. [C:\Users\devandla\Desktop\Board_2\Board_2.srcs\sources_1\new\u_gen.vhd:]
WARNING: [filemgmt 56-199] Attempt to get parsing info during refresh. "On-the-fly" syntax checking information may be incorrect. [C:\Users\devandla\Desktop\Board_2\Board_2.srcs\sources_1\new\prbs_axis_master_32.vhd:]
WARNING: [filemgmt 56-199] Attempt to get parsing info during refresh. "On-the-fly" syntax checking information may be incorrect. [C:\Users\devandla\Desktop\Board_2\Board_2.srcs\sources_1\new\pulse_gen.vhd:]
WARNING: [filemgmt 56-199] Attempt to get parsing info during refresh. "On-the-fly" syntax checking information may be incorrect. [C:\Users\devandla\Desktop\Board_2\Board_2.srcs\sources_1\new\pulse_gen.vhd:]
exit
INFO: [Common 17-206] Exiting Vivado at Wed Apr 22 17:35:16 2026...
