#-----------------------------------------------------------
# Vivado v2024.2 (64-bit)
# SW Build 5239630 on Fri Nov 08 22:35:27 MST 2024
# IP Build 5239520 on Sun Nov 10 16:12:51 MST 2024
# SharedData Build 5239561 on Fri Nov 08 14:39:27 MST 2024
# Start of session at: Wed Apr 29 16:20:21 2026
# Process ID         : 22244
# Current directory  : C:/Users/qianzha/Desktop/DAT096-krishna/Embedded-System-Project-DAT096-krishna/Board_1/Board_1
# Command line       : vivado.exe -gui_launcher_event rodinguilauncherevent7900 C:\Users\qianzha\Desktop\DAT096-krishna\Embedded-System-Project-DAT096-krishna\Board_1\Board_1\Board_2.xpr
# Log file           : C:/Users/qianzha/Desktop/DAT096-krishna/Embedded-System-Project-DAT096-krishna/Board_1/Board_1/vivado.log
# Journal file       : C:/Users/qianzha/Desktop/DAT096-krishna/Embedded-System-Project-DAT096-krishna/Board_1/Board_1\vivado.jou
# Running On         : FY-6302-11
# Platform           : Windows Server 2016 or Windows 10
# Operating System   : 26200
# Processor Detail   : Intel(R) Core(TM) i7-14700
# CPU Frequency      : 2112 MHz
# CPU Physical cores : 20
# CPU Logical cores  : 28
# Host memory        : 34031 MB
# Swap memory        : 5100 MB
# Total Virtual      : 39131 MB
# Available Virtual  : 26693 MB
#-----------------------------------------------------------
start_gui
open_project C:/Users/qianzha/Desktop/DAT096-krishna/Embedded-System-Project-DAT096-krishna/Board_1/Board_1/Board_2.xpr
INFO: [ProjectBase 1-489] The host OS only allows 260 characters in a normal path. The project is stored in a path with more than 80 characters. If you experience issues with IP, Block Designs, or files not being found, please consider moving the project to a location with a shorter path. Alternately consider using the OS subst command to map part of the path to a drive letter.
Current project path is 'C:/Users/qianzha/Desktop/DAT096-krishna/Embedded-System-Project-DAT096-krishna/Board_1/Board_1'
INFO: [Project 1-313] Project file moved from 'C:/Users/devandla/Desktop/Embedded-System-Project-DAT096/Board_1/Board_1' since last save.
WARNING: [filemgmt 56-3] IP Repository Path: Could not find the directory 'z:/embedded project/Eclypse-Z7-HW/Eclypse-Z7-HW.ipdefs/repo'.
WARNING: [filemgmt 56-3] IP Repository Path: Could not find the directory 'z:/eda234/vivado-library-master'.
WARNING: [filemgmt 56-3] IP Repository Path: Could not find the directory 'z:/eda234/vivado-library-master/ip'.
Scanning sources...
Finished scanning sources
WARNING: [Board 49-26] cannot add Board Part digilentinc.com:genesys2:part0:1.1 available at Z:/DAT096/vivado-boards-master/vivado-boards-master/new/board_files/genesys2/H/board.xml as part xc7k325tffg900-2 specified in board_part file is either invalid or not available
WARNING: [Board 49-26] cannot add Board Part digilentinc.com:sword:part0:1.0 available at Z:/DAT096/vivado-boards-master/vivado-boards-master/new/board_files/sword/C.0/board.xml as part xc7k325tffg900-2 specified in board_part file is either invalid or not available
INFO: [IP_Flow 19-234] Refreshing IP repositories
INFO: [IP_Flow 19-1700] Loaded user IP repository 'z:/DAT096/vivado-library-zmod-v2-2019.1-2/vivado-library-zmod-v2-2019.1-2'.
WARNING: [IP_Flow 19-2248] Failed to load user IP repository 'z:/embedded project/Eclypse-Z7-HW/Eclypse-Z7-HW.ipdefs/repo'; Can't find the specified path.
If this directory should no longer be in your list of user repositories, go to the IP Settings dialog and remove it.
WARNING: [IP_Flow 19-2248] Failed to load user IP repository 'z:/eda234/vivado-library-master'; Can't find the specified path.
If this directory should no longer be in your list of user repositories, go to the IP Settings dialog and remove it.
WARNING: [IP_Flow 19-3685] Ignored loading user repository 'z:/eda234/vivado-library-master/ip'. The path is contained within another repository.
INFO: [IP_Flow 19-2313] Loaded Vivado IP repository 'C:/Progs/Xilinx/Vivado/2024.2/data/ip'.
WARNING: [BD 41-1661] One or more IPs have been locked in the design 'design_2.bd'. Please run report_ip_status for more details and recommendations on how to fix this issue.
List of locked IPs:
design_2_ZmodScopeController_0_2
design_2_ZmodAWGController_0_0

INFO: [Project 1-5579] Found utility IPs instantiated in one or more block designs which have equivalent inline hdl with improved performance and reduced diskspace. It is recommended to migrate these utility IPs to inline hdl using the command upgrade_project -migrate_to_inline_hdl. The utility IPs may be deprecated in future releases. More information on inline hdl is available in UG994.
open_project: Time (s): cpu = 00:00:13 ; elapsed = 00:00:18 . Memory (MB): peak = 1409.055 ; gain = 328.641
INFO: [IP_Flow 19-5107] Inferred bus interface 'm_axis' of definition 'xilinx.com:interface:axis:1.0' (from Xilinx Repository).
INFO: [IP_Flow 19-5107] Inferred bus interface 'rst' of definition 'xilinx.com:signal:reset:1.0' (from Xilinx Repository).
INFO: [IP_Flow 19-5107] Inferred bus interface 'clk' of definition 'xilinx.com:signal:clock:1.0' (from Xilinx Repository).
INFO: [IP_Flow 19-4728] Bus Interface 'clk': Added interface parameter 'ASSOCIATED_BUSIF' with value 'm_axis'.
INFO: [IP_Flow 19-4728] Bus Interface 'clk': Added interface parameter 'ASSOCIATED_RESET' with value 'rst'.
WARNING: [IP_Flow 19-11770] Clock interface 'clk' has no FREQ_HZ parameter.
update_compile_order -fileset sources_1
report_ip_status -name ip_status 
set_property  ip_repo_paths  {{z:/embedded project/Eclypse-Z7-HW/Eclypse-Z7-HW.ipdefs/repo} z:/eda234/vivado-library-master z:/eda234/vivado-library-master/ip} [current_project]
update_ip_catalog
INFO: [IP_Flow 19-234] Refreshing IP repositories
WARNING: [IP_Flow 19-2248] Failed to load user IP repository 'z:/embedded project/Eclypse-Z7-HW/Eclypse-Z7-HW.ipdefs/repo'; Can't find the specified path.
If this directory should no longer be in your list of user repositories, go to the IP Settings dialog and remove it.
WARNING: [IP_Flow 19-2248] Failed to load user IP repository 'z:/eda234/vivado-library-master'; Can't find the specified path.
If this directory should no longer be in your list of user repositories, go to the IP Settings dialog and remove it.
WARNING: [IP_Flow 19-3685] Ignored loading user repository 'z:/eda234/vivado-library-master/ip'. The path is contained within another repository.
set_property  ip_repo_paths  {z:/eda234/vivado-library-master z:/eda234/vivado-library-master/ip} [current_project]
update_ip_catalog
INFO: [IP_Flow 19-234] Refreshing IP repositories
WARNING: [IP_Flow 19-2248] Failed to load user IP repository 'z:/eda234/vivado-library-master'; Can't find the specified path.
If this directory should no longer be in your list of user repositories, go to the IP Settings dialog and remove it.
WARNING: [IP_Flow 19-3685] Ignored loading user repository 'z:/eda234/vivado-library-master/ip'. The path is contained within another repository.
set_property  ip_repo_paths  z:/eda234/vivado-library-master/ip [current_project]
update_ip_catalog
INFO: [IP_Flow 19-234] Refreshing IP repositories
WARNING: [IP_Flow 19-2248] Failed to load user IP repository 'z:/eda234/vivado-library-master/ip'; Can't find the specified path.
If this directory should no longer be in your list of user repositories, go to the IP Settings dialog and remove it.
set_property  ip_repo_paths  {} [current_project]
update_ip_catalog
INFO: [IP_Flow 19-234] Refreshing IP repositories
INFO: [IP_Flow 19-1704] No user IP repositories specified
set_property  ip_repo_paths  Z:/DAT096/vivado-library-master/vivado-library-master [current_project]
update_ip_catalog
INFO: [IP_Flow 19-234] Refreshing IP repositories
INFO: [IP_Flow 19-1700] Loaded user IP repository 'z:/DAT096/vivado-library-master/vivado-library-master'.
update_ip_catalog: Time (s): cpu = 00:00:01 ; elapsed = 00:00:07 . Memory (MB): peak = 1440.055 ; gain = 0.000
report_ip_status -name ip_status 
update_module_reference [get_ips  design_2_delay_measure_0_0]
INFO: [IP_Flow 19-5107] Inferred bus interface 'rst' of definition 'xilinx.com:signal:reset:1.0' (from Xilinx Repository).
INFO: [IP_Flow 19-5107] Inferred bus interface 'clk' of definition 'xilinx.com:signal:clock:1.0' (from Xilinx Repository).
INFO: [IP_Flow 19-4728] Bus Interface 'clk': Added interface parameter 'ASSOCIATED_RESET' with value 'rst'.
WARNING: [IP_Flow 19-5661] Bus Interface 'clk' does not have any bus interfaces associated with it.
WARNING: [IP_Flow 19-11770] Clock interface 'clk' has no FREQ_HZ parameter.
INFO: [IP_Flow 19-5107] Inferred bus interface 'rst' of definition 'xilinx.com:signal:reset:1.0' (from Xilinx Repository).
INFO: [IP_Flow 19-5107] Inferred bus interface 'clk' of definition 'xilinx.com:signal:clock:1.0' (from Xilinx Repository).
INFO: [IP_Flow 19-4728] Bus Interface 'clk': Added interface parameter 'ASSOCIATED_RESET' with value 'rst'.
WARNING: [IP_Flow 19-5661] Bus Interface 'clk' does not have any bus interfaces associated with it.
WARNING: [IP_Flow 19-11770] Clock interface 'clk' has no FREQ_HZ parameter.
Reading block design file <C:/Users/qianzha/Desktop/DAT096-krishna/Embedded-System-Project-DAT096-krishna/Board_1/Board_1/Board_2.srcs/sources_1/bd/design_2/design_2.bd>...
Adding component instance block -- xilinx.com:ip:ila:6.2 - ila_0
INFO: [xilinx.com:ip:ila:6.2-6] /ila_0: AMD recommends using the System ILA IP in IP Integrator. The System ILA IP is functionally equivalent to an ILA and offers additional benefits in debugging interfaces both within IP Integrator and the Hardware Manager. Consult the Programming and Debug User Guide UG908 for further details.
Adding component instance block -- xilinx.com:module_ref:adc_bit_decoder:1.0 - adc_bit_decoder_0
Adding component instance block -- xilinx.com:ip:xlconstant:1.1 - xlconstant_1
Adding component instance block -- xilinx.com:ip:xlslice:1.0 - xlslice_0
Adding component instance block -- xilinx.com:ip:xlconstant:1.1 - xlconstant_3
Adding component instance block -- xilinx.com:ip:processing_system7:5.5 - processing_system7_0
Adding component instance block -- digilent.com:user:ZmodScopeController:1.2 - ZmodScopeController_0
Adding component instance block -- digilent.com:user:ZmodAWGController:1.1 - ZmodAWGController_0
Adding component instance block -- xilinx.com:ip:clk_wiz:6.0 - clk_wiz_0
Adding component instance block -- xilinx.com:module_ref:prbs_axis_master_32:1.0 - prbs_axis_master_32_0
Adding component instance block -- xilinx.com:module_ref:pilot_tx_rx:1.0 - pilot_tx_rx_0
Adding component instance block -- xilinx.com:module_ref:delay_measure:1.0 - delay_measure_0
Adding component instance block -- xilinx.com:module_ref:bit_to_dac14_axi:1.0 - bit_to_dac14_axi_0
Adding component instance block -- xilinx.com:ip:proc_sys_reset:5.0 - proc_sys_reset_0
Adding component instance block -- xilinx.com:ip:xlconstant:1.1 - xlconstant_2
Successfully read diagram <design_2> from block design file <C:/Users/qianzha/Desktop/DAT096-krishna/Embedded-System-Project-DAT096-krishna/Board_1/Board_1/Board_2.srcs/sources_1/bd/design_2/design_2.bd>
Upgrading 'C:/Users/qianzha/Desktop/DAT096-krishna/Embedded-System-Project-DAT096-krishna/Board_1/Board_1/Board_2.srcs/sources_1/bd/design_2/design_2.bd'
INFO: [IP_Flow 19-3420] Updated design_2_delay_measure_0_0 to use current project options
Wrote  : <C:\Users\qianzha\Desktop\DAT096-krishna\Embedded-System-Project-DAT096-krishna\Board_1\Board_1\Board_2.srcs\sources_1\bd\design_2\design_2.bd> 
Wrote  : <C:/Users/qianzha/Desktop/DAT096-krishna/Embedded-System-Project-DAT096-krishna/Board_1/Board_1/Board_2.srcs/sources_1/bd/design_2/ui/bd_1fdbff51.ui> 
generate_target all [get_files  C:/Users/qianzha/Desktop/DAT096-krishna/Embedded-System-Project-DAT096-krishna/Board_1/Board_1/Board_2.srcs/sources_1/bd/design_2/design_2.bd]
WARNING: [BD 41-2670] Found an incomplete address path from address space '/processing_system7_0/Data' to master interface '/processing_system7_0/M_AXI_GP0'. Please either complete or remove this path to resolve.
WARNING: [BD 5-699] No address segments matched 'get_bd_addr_segs -of_objects /processing_system7_0/Data'
WARNING: [IP_Flow 19-4684] Expected long value for param C_ILA_CLK_FREQ but, float/scientific notation value 5e+07 is provided. The value is converted to long type(50000000)
INFO: [xilinx.com:ip:clk_wiz:6.0-1] /clk_wiz_0 clk_wiz propagate
WARNING: [BD 41-1271] The connection to the pin: /bit_to_dac14_axi_0/m_axis_tdata has been overridden by the user. This pin will not be connected as a part of the interface connection: bit_to_dac14_axi_0_m_axis 
Wrote  : <C:\Users\qianzha\Desktop\DAT096-krishna\Embedded-System-Project-DAT096-krishna\Board_1\Board_1\Board_2.srcs\sources_1\bd\design_2\design_2.bd> 
VHDL Output written to : c:/Users/qianzha/Desktop/DAT096-krishna/Embedded-System-Project-DAT096-krishna/Board_1/Board_1/Board_2.gen/sources_1/bd/design_2/synth/design_2.vhd
VHDL Output written to : c:/Users/qianzha/Desktop/DAT096-krishna/Embedded-System-Project-DAT096-krishna/Board_1/Board_1/Board_2.gen/sources_1/bd/design_2/sim/design_2.vhd
VHDL Output written to : c:/Users/qianzha/Desktop/DAT096-krishna/Embedded-System-Project-DAT096-krishna/Board_1/Board_1/Board_2.gen/sources_1/bd/design_2/hdl/design_2_wrapper.vhd
INFO: [BD 41-1029] Generation completed for the IP Integrator block delay_measure_0 .
Exporting to file c:/Users/qianzha/Desktop/DAT096-krishna/Embedded-System-Project-DAT096-krishna/Board_1/Board_1/Board_2.gen/sources_1/bd/design_2/hw_handoff/design_2.hwh
Generated Hardware Definition File c:/Users/qianzha/Desktop/DAT096-krishna/Embedded-System-Project-DAT096-krishna/Board_1/Board_1/Board_2.gen/sources_1/bd/design_2/synth/design_2.hwdef
export_ip_user_files -of_objects [get_files C:/Users/qianzha/Desktop/DAT096-krishna/Embedded-System-Project-DAT096-krishna/Board_1/Board_1/Board_2.srcs/sources_1/bd/design_2/design_2.bd] -no_script -sync -force -quiet
create_ip_run [get_files -of_objects [get_fileset sources_1] C:/Users/qianzha/Desktop/DAT096-krishna/Embedded-System-Project-DAT096-krishna/Board_1/Board_1/Board_2.srcs/sources_1/bd/design_2/design_2.bd]
launch_runs design_2_delay_measure_0_0_synth_1 -jobs 28
[Wed Apr 29 16:22:02 2026] Launched design_2_delay_measure_0_0_synth_1...
Run output will be captured here: C:/Users/qianzha/Desktop/DAT096-krishna/Embedded-System-Project-DAT096-krishna/Board_1/Board_1/Board_2.runs/design_2_delay_measure_0_0_synth_1/runme.log
export_simulation -lib_map_path [list {modelsim=C:/Users/qianzha/Desktop/DAT096-krishna/Embedded-System-Project-DAT096-krishna/Board_1/Board_1/Board_2.cache/compile_simlib/modelsim} {questa=C:/Users/qianzha/Desktop/DAT096-krishna/Embedded-System-Project-DAT096-krishna/Board_1/Board_1/Board_2.cache/compile_simlib/questa} {riviera=C:/Users/qianzha/Desktop/DAT096-krishna/Embedded-System-Project-DAT096-krishna/Board_1/Board_1/Board_2.cache/compile_simlib/riviera} {activehdl=C:/Users/qianzha/Desktop/DAT096-krishna/Embedded-System-Project-DAT096-krishna/Board_1/Board_1/Board_2.cache/compile_simlib/activehdl}] -of_objects [get_files C:/Users/qianzha/Desktop/DAT096-krishna/Embedded-System-Project-DAT096-krishna/Board_1/Board_1/Board_2.srcs/sources_1/bd/design_2/design_2.bd] -directory C:/Users/qianzha/Desktop/DAT096-krishna/Embedded-System-Project-DAT096-krishna/Board_1/Board_1/Board_2.ip_user_files/sim_scripts -ip_user_files_dir C:/Users/qianzha/Desktop/DAT096-krishna/Embedded-System-Project-DAT096-krishna/Board_1/Board_1/Board_2.ip_user_files -ipstatic_source_dir C:/Users/qianzha/Desktop/DAT096-krishna/Embedded-System-Project-DAT096-krishna/Board_1/Board_1/Board_2.ip_user_files/ipstatic -use_ip_compiled_libs -force -quiet
report_ip_status -name ip_status 
update_module_reference design_2_bit_to_dac14_axi_0_2
INFO: [IP_Flow 19-5107] Inferred bus interface 'm_axis' of definition 'xilinx.com:interface:axis:1.0' (from Xilinx Repository).
INFO: [IP_Flow 19-5107] Inferred bus interface 'rst' of definition 'xilinx.com:signal:reset:1.0' (from Xilinx Repository).
INFO: [IP_Flow 19-5107] Inferred bus interface 'clk' of definition 'xilinx.com:signal:clock:1.0' (from Xilinx Repository).
INFO: [IP_Flow 19-4728] Bus Interface 'clk': Added interface parameter 'ASSOCIATED_BUSIF' with value 'm_axis'.
INFO: [IP_Flow 19-4728] Bus Interface 'clk': Added interface parameter 'ASSOCIATED_RESET' with value 'rst'.
WARNING: [IP_Flow 19-11770] Clock interface 'clk' has no FREQ_HZ parameter.
INFO: [IP_Flow 19-5107] Inferred bus interface 'm_axis' of definition 'xilinx.com:interface:axis:1.0' (from Xilinx Repository).
INFO: [IP_Flow 19-5107] Inferred bus interface 'rst' of definition 'xilinx.com:signal:reset:1.0' (from Xilinx Repository).
INFO: [IP_Flow 19-5107] Inferred bus interface 'clk' of definition 'xilinx.com:signal:clock:1.0' (from Xilinx Repository).
INFO: [IP_Flow 19-4728] Bus Interface 'clk': Added interface parameter 'ASSOCIATED_BUSIF' with value 'm_axis'.
INFO: [IP_Flow 19-4728] Bus Interface 'clk': Added interface parameter 'ASSOCIATED_RESET' with value 'rst'.
WARNING: [IP_Flow 19-11770] Clock interface 'clk' has no FREQ_HZ parameter.
Upgrading 'C:/Users/qianzha/Desktop/DAT096-krishna/Embedded-System-Project-DAT096-krishna/Board_1/Board_1/Board_2.srcs/sources_1/bd/design_2/design_2.bd'
INFO: [IP_Flow 19-3420] Updated design_2_bit_to_dac14_axi_0_2 to use current project options
WARNING: [IP_Flow 19-4700] Upgrade has removed port 'prbs_bit'
WARNING: [IP_Flow 19-3298] Detected external port differences while upgrading 'design_2_bit_to_dac14_axi_0_2'. These changes may impact your design.
CRITICAL WARNING: [Coretcl 2-1280] The upgrade of 'design_2_bit_to_dac14_axi_0_2' has identified issues that may require user intervention. Please verify that the instance is correctly configured, and review any upgrade messages.
Wrote  : <C:\Users\qianzha\Desktop\DAT096-krishna\Embedded-System-Project-DAT096-krishna\Board_1\Board_1\Board_2.srcs\sources_1\bd\design_2\design_2.bd> 
Wrote  : <C:/Users/qianzha/Desktop/DAT096-krishna/Embedded-System-Project-DAT096-krishna/Board_1/Board_1/Board_2.srcs/sources_1/bd/design_2/ui/bd_1fdbff51.ui> 
report_ip_status -name ip_status 
WARNING: [IP_Flow 19-4067] Ignoring invalid widget type specified checkbox.Providing a default widget
startgroup
set_property CONFIG.C_NUM_OF_PROBES {7} [get_bd_cells ila_0]
endgroup
connect_bd_net [get_bd_pins bit_to_dac14_axi_0/m_axis_tvalid] [get_bd_pins ila_0/probe5]
WARNING: [BD 41-1306] The connection to interface pin </bit_to_dac14_axi_0/m_axis_tvalid> is being overridden by the user with net <bit_to_dac14_axi_0_m_axis_tvalid>. This pin will not be connected as a part of interface connection <m_axis>, and might not recreate the connectivity as expected using the writ_bd_tcl command.
connect_bd_net [get_bd_pins ZmodAWGController_0/cDataAxisTready] [get_bd_pins ila_0/probe6]
WARNING: [BD 41-1306] The connection to interface pin </ZmodAWGController_0/cDataAxisTready> is being overridden by the user with net <ZmodAWGController_0_cDataAxisTready>. This pin will not be connected as a part of interface connection <InputDataStream>, and might not recreate the connectivity as expected using the writ_bd_tcl command.
validate_bd_design
WARNING: [BD 41-2670] Found an incomplete address path from address space '/processing_system7_0/Data' to master interface '/processing_system7_0/M_AXI_GP0'. Please either complete or remove this path to resolve.
WARNING: [BD 5-699] No address segments matched 'get_bd_addr_segs -of_objects /processing_system7_0/Data'
WARNING: [IP_Flow 19-4684] Expected long value for param C_ILA_CLK_FREQ but, float/scientific notation value 5e+07 is provided. The value is converted to long type(50000000)
INFO: [xilinx.com:ip:clk_wiz:6.0-1] /clk_wiz_0 clk_wiz propagate
WARNING: [BD 41-1271] The connection to the pin: /bit_to_dac14_axi_0/m_axis_tdata has been overridden by the user. This pin will not be connected as a part of the interface connection: bit_to_dac14_axi_0_m_axis 
WARNING: [BD 41-1271] The connection to the pin: /bit_to_dac14_axi_0/m_axis_tvalid has been overridden by the user. This pin will not be connected as a part of the interface connection: bit_to_dac14_axi_0_m_axis 
WARNING: [BD 41-1271] The connection to the pin: /ZmodAWGController_0/cDataAxisTready has been overridden by the user. This pin will not be connected as a part of the interface connection: bit_to_dac14_axi_0_m_axis 
CRITICAL WARNING: [BD 41-759] The input pins (listed below) are either not connected or do not have a source port, and they don't have a tie-off specified. These pins are tied-off to all 0's to avoid error in Implementation flow.
Please check your design and connect them as needed: 
/ZmodAWGController_0/cDataAxisTvalid

delete_bd_objs [get_bd_intf_nets bit_to_dac14_axi_0_m_axis]
connect_bd_net [get_bd_pins ZmodAWGController_0/cDataAxisTdata] [get_bd_pins bit_to_dac14_axi_0/m_axis_tdata]
WARNING: [BD 41-1306] The connection to interface pin </ZmodAWGController_0/cDataAxisTdata> is being overridden by the user with net </bit_to_dac14_axi_0_m_axis_tdata>. This pin will not be connected as a part of interface connection <InputDataStream>, and might not recreate the connectivity as expected using the writ_bd_tcl command.
connect_bd_net [get_bd_pins ZmodAWGController_0/cDataAxisTvalid] [get_bd_pins bit_to_dac14_axi_0/m_axis_tvalid]
WARNING: [BD 41-1306] The connection to interface pin </ZmodAWGController_0/cDataAxisTvalid> is being overridden by the user with net </bit_to_dac14_axi_0_m_axis_tvalid>. This pin will not be connected as a part of interface connection <InputDataStream>, and might not recreate the connectivity as expected using the writ_bd_tcl command.
connect_bd_net [get_bd_pins bit_to_dac14_axi_0/m_axis_tready] [get_bd_pins ZmodAWGController_0/cDataAxisTready]
WARNING: [BD 41-1306] The connection to interface pin </bit_to_dac14_axi_0/m_axis_tready> is being overridden by the user with net </ZmodAWGController_0_cDataAxisTready>. This pin will not be connected as a part of interface connection <m_axis>, and might not recreate the connectivity as expected using the writ_bd_tcl command.
validate_bd_design
WARNING: [BD 41-2670] Found an incomplete address path from address space '/processing_system7_0/Data' to master interface '/processing_system7_0/M_AXI_GP0'. Please either complete or remove this path to resolve.
WARNING: [BD 5-699] No address segments matched 'get_bd_addr_segs -of_objects /processing_system7_0/Data'
WARNING: [IP_Flow 19-4684] Expected long value for param C_ILA_CLK_FREQ but, float/scientific notation value 5e+07 is provided. The value is converted to long type(50000000)
INFO: [xilinx.com:ip:clk_wiz:6.0-1] /clk_wiz_0 clk_wiz propagate
generate_target all [get_files  C:/Users/qianzha/Desktop/DAT096-krishna/Embedded-System-Project-DAT096-krishna/Board_1/Board_1/Board_2.srcs/sources_1/bd/design_2/design_2.bd]
INFO: [BD 41-1662] The design 'design_2.bd' is already validated. Therefore parameter propagation will not be re-run.
Wrote  : <C:\Users\qianzha\Desktop\DAT096-krishna\Embedded-System-Project-DAT096-krishna\Board_1\Board_1\Board_2.srcs\sources_1\bd\design_2\design_2.bd> 
Wrote  : <C:/Users/qianzha/Desktop/DAT096-krishna/Embedded-System-Project-DAT096-krishna/Board_1/Board_1/Board_2.srcs/sources_1/bd/design_2/ui/bd_1fdbff51.ui> 
VHDL Output written to : c:/Users/qianzha/Desktop/DAT096-krishna/Embedded-System-Project-DAT096-krishna/Board_1/Board_1/Board_2.gen/sources_1/bd/design_2/synth/design_2.vhd
VHDL Output written to : c:/Users/qianzha/Desktop/DAT096-krishna/Embedded-System-Project-DAT096-krishna/Board_1/Board_1/Board_2.gen/sources_1/bd/design_2/sim/design_2.vhd
VHDL Output written to : c:/Users/qianzha/Desktop/DAT096-krishna/Embedded-System-Project-DAT096-krishna/Board_1/Board_1/Board_2.gen/sources_1/bd/design_2/hdl/design_2_wrapper.vhd
WARNING: [IP_Flow 19-4994] Overwriting existing constraint file 'c:/Users/qianzha/Desktop/DAT096-krishna/Embedded-System-Project-DAT096-krishna/Board_1/Board_1/Board_2.gen/sources_1/bd/design_2/ip/design_2_ila_0_0/design_2_ila_0_0_ooc.xdc'
INFO: [BD 41-1029] Generation completed for the IP Integrator block ila_0 .
INFO: [BD 41-1029] Generation completed for the IP Integrator block bit_to_dac14_axi_0 .
Exporting to file c:/Users/qianzha/Desktop/DAT096-krishna/Embedded-System-Project-DAT096-krishna/Board_1/Board_1/Board_2.gen/sources_1/bd/design_2/hw_handoff/design_2.hwh
Generated Hardware Definition File c:/Users/qianzha/Desktop/DAT096-krishna/Embedded-System-Project-DAT096-krishna/Board_1/Board_1/Board_2.gen/sources_1/bd/design_2/synth/design_2.hwdef
catch { config_ip_cache -export [get_ips -all design_2_ila_0_0] }
INFO: [IP_Flow 19-6924] IPCACHE: Running cache check for IP inst: design_2_ila_0_0
INFO: [IP_Flow 19-6922] IPCACHE: Exporting cached entry 97377caccc059945 to dir: c:/Users/qianzha/Desktop/DAT096-krishna/Embedded-System-Project-DAT096-krishna/Board_1/Board_1/Board_2.gen/sources_1/bd/design_2/ip/design_2_ila_0_0
INFO: [IP_Flow 19-6928] IPCACHE: copied cached file c:/Users/qianzha/Desktop/DAT096-krishna/Embedded-System-Project-DAT096-krishna/Board_1/Board_1/Board_2.cache/ip/2024.2/9/7/97377caccc059945/design_2_ila_0_0.dcp to c:/Users/qianzha/Desktop/DAT096-krishna/Embedded-System-Project-DAT096-krishna/Board_1/Board_1/Board_2.gen/sources_1/bd/design_2/ip/design_2_ila_0_0/design_2_ila_0_0.dcp.
INFO: [IP_Flow 19-6926] IPCACHE: added file to list for BOM: c:/Users/qianzha/Desktop/DAT096-krishna/Embedded-System-Project-DAT096-krishna/Board_1/Board_1/Board_2.gen/sources_1/bd/design_2/ip/design_2_ila_0_0/design_2_ila_0_0.dcp
INFO: [IP_Flow 19-6928] IPCACHE: copied cached file c:/Users/qianzha/Desktop/DAT096-krishna/Embedded-System-Project-DAT096-krishna/Board_1/Board_1/Board_2.cache/ip/2024.2/9/7/97377caccc059945/design_2_ila_0_0_sim_netlist.v to c:/Users/qianzha/Desktop/DAT096-krishna/Embedded-System-Project-DAT096-krishna/Board_1/Board_1/Board_2.gen/sources_1/bd/design_2/ip/design_2_ila_0_0/design_2_ila_0_0_sim_netlist.v.
INFO: [IP_Flow 19-6926] IPCACHE: added file to list for BOM: c:/Users/qianzha/Desktop/DAT096-krishna/Embedded-System-Project-DAT096-krishna/Board_1/Board_1/Board_2.gen/sources_1/bd/design_2/ip/design_2_ila_0_0/design_2_ila_0_0_sim_netlist.v
INFO: [IP_Flow 19-6928] IPCACHE: copied cached file c:/Users/qianzha/Desktop/DAT096-krishna/Embedded-System-Project-DAT096-krishna/Board_1/Board_1/Board_2.cache/ip/2024.2/9/7/97377caccc059945/design_2_ila_0_0_sim_netlist.vhdl to c:/Users/qianzha/Desktop/DAT096-krishna/Embedded-System-Project-DAT096-krishna/Board_1/Board_1/Board_2.gen/sources_1/bd/design_2/ip/design_2_ila_0_0/design_2_ila_0_0_sim_netlist.vhdl.
INFO: [IP_Flow 19-6926] IPCACHE: added file to list for BOM: c:/Users/qianzha/Desktop/DAT096-krishna/Embedded-System-Project-DAT096-krishna/Board_1/Board_1/Board_2.gen/sources_1/bd/design_2/ip/design_2_ila_0_0/design_2_ila_0_0_sim_netlist.vhdl
INFO: [IP_Flow 19-6928] IPCACHE: copied cached file c:/Users/qianzha/Desktop/DAT096-krishna/Embedded-System-Project-DAT096-krishna/Board_1/Board_1/Board_2.cache/ip/2024.2/9/7/97377caccc059945/design_2_ila_0_0_stub.v to c:/Users/qianzha/Desktop/DAT096-krishna/Embedded-System-Project-DAT096-krishna/Board_1/Board_1/Board_2.gen/sources_1/bd/design_2/ip/design_2_ila_0_0/design_2_ila_0_0_stub.v.
INFO: [IP_Flow 19-6926] IPCACHE: added file to list for BOM: c:/Users/qianzha/Desktop/DAT096-krishna/Embedded-System-Project-DAT096-krishna/Board_1/Board_1/Board_2.gen/sources_1/bd/design_2/ip/design_2_ila_0_0/design_2_ila_0_0_stub.v
INFO: [IP_Flow 19-6928] IPCACHE: copied cached file c:/Users/qianzha/Desktop/DAT096-krishna/Embedded-System-Project-DAT096-krishna/Board_1/Board_1/Board_2.cache/ip/2024.2/9/7/97377caccc059945/design_2_ila_0_0_stub.vhdl to c:/Users/qianzha/Desktop/DAT096-krishna/Embedded-System-Project-DAT096-krishna/Board_1/Board_1/Board_2.gen/sources_1/bd/design_2/ip/design_2_ila_0_0/design_2_ila_0_0_stub.vhdl.
INFO: [IP_Flow 19-6926] IPCACHE: added file to list for BOM: c:/Users/qianzha/Desktop/DAT096-krishna/Embedded-System-Project-DAT096-krishna/Board_1/Board_1/Board_2.gen/sources_1/bd/design_2/ip/design_2_ila_0_0/design_2_ila_0_0_stub.vhdl
INFO: [IP_Flow 19-4993] Using cached IP synthesis design for IP design_2_ila_0_0, cache-ID = 97377caccc059945; cache size = 75.388 MB.
export_ip_user_files -of_objects [get_files C:/Users/qianzha/Desktop/DAT096-krishna/Embedded-System-Project-DAT096-krishna/Board_1/Board_1/Board_2.srcs/sources_1/bd/design_2/design_2.bd] -no_script -sync -force -quiet
create_ip_run [get_files -of_objects [get_fileset sources_1] C:/Users/qianzha/Desktop/DAT096-krishna/Embedded-System-Project-DAT096-krishna/Board_1/Board_1/Board_2.srcs/sources_1/bd/design_2/design_2.bd]
launch_runs design_2_bit_to_dac14_axi_0_2_synth_1 -jobs 28
[Wed Apr 29 16:28:23 2026] Launched design_2_bit_to_dac14_axi_0_2_synth_1...
Run output will be captured here: C:/Users/qianzha/Desktop/DAT096-krishna/Embedded-System-Project-DAT096-krishna/Board_1/Board_1/Board_2.runs/design_2_bit_to_dac14_axi_0_2_synth_1/runme.log
export_simulation -lib_map_path [list {modelsim=C:/Users/qianzha/Desktop/DAT096-krishna/Embedded-System-Project-DAT096-krishna/Board_1/Board_1/Board_2.cache/compile_simlib/modelsim} {questa=C:/Users/qianzha/Desktop/DAT096-krishna/Embedded-System-Project-DAT096-krishna/Board_1/Board_1/Board_2.cache/compile_simlib/questa} {riviera=C:/Users/qianzha/Desktop/DAT096-krishna/Embedded-System-Project-DAT096-krishna/Board_1/Board_1/Board_2.cache/compile_simlib/riviera} {activehdl=C:/Users/qianzha/Desktop/DAT096-krishna/Embedded-System-Project-DAT096-krishna/Board_1/Board_1/Board_2.cache/compile_simlib/activehdl}] -of_objects [get_files C:/Users/qianzha/Desktop/DAT096-krishna/Embedded-System-Project-DAT096-krishna/Board_1/Board_1/Board_2.srcs/sources_1/bd/design_2/design_2.bd] -directory C:/Users/qianzha/Desktop/DAT096-krishna/Embedded-System-Project-DAT096-krishna/Board_1/Board_1/Board_2.ip_user_files/sim_scripts -ip_user_files_dir C:/Users/qianzha/Desktop/DAT096-krishna/Embedded-System-Project-DAT096-krishna/Board_1/Board_1/Board_2.ip_user_files -ipstatic_source_dir C:/Users/qianzha/Desktop/DAT096-krishna/Embedded-System-Project-DAT096-krishna/Board_1/Board_1/Board_2.ip_user_files/ipstatic -use_ip_compiled_libs -force -quiet
WARNING: [filemgmt 56-199] Attempt to get parsing info during refresh. "On-the-fly" syntax checking information may be incorrect. [C:\Users\qianzha\Desktop\DAT096-krishna\Embedded-System-Project-DAT096-krishna\Board_1\Board_1\Board_2.srcs\sources_1\new\prbs_axis_master_32.vhd:]
WARNING: [filemgmt 56-199] Attempt to get parsing info during refresh. "On-the-fly" syntax checking information may be incorrect. [C:\Users\qianzha\Desktop\DAT096-krishna\Embedded-System-Project-DAT096-krishna\Board_1\Board_1\Board_2.srcs\sources_1\new\u_gen.vhd:]
WARNING: [filemgmt 56-199] Attempt to get parsing info during refresh. "On-the-fly" syntax checking information may be incorrect. [C:\Users\qianzha\Desktop\DAT096-krishna\Embedded-System-Project-DAT096-krishna\Board_1\Board_1\Board_2.srcs\sources_1\new\bit to dac converter.vhd:]
WARNING: [filemgmt 56-199] Attempt to get parsing info during refresh. "On-the-fly" syntax checking information may be incorrect. [C:\Users\qianzha\Desktop\DAT096-krishna\Embedded-System-Project-DAT096-krishna\Board_1\Board_1\Board_2.srcs\sources_1\new\bit to dac converter.vhd:]
WARNING: [filemgmt 56-199] Attempt to get parsing info during refresh. "On-the-fly" syntax checking information may be incorrect. [C:\Users\qianzha\Desktop\DAT096-krishna\Embedded-System-Project-DAT096-krishna\Board_1\Board_1\Board_2.srcs\sources_1\new\bit to dac converter.vhd:]
WARNING: [filemgmt 56-199] Attempt to get parsing info during refresh. "On-the-fly" syntax checking information may be incorrect. [C:\Users\qianzha\Desktop\DAT096-krishna\Embedded-System-Project-DAT096-krishna\Board_1\Board_1\Board_2.srcs\sources_1\new\prbs_axis_master_32.vhd:]
WARNING: [filemgmt 56-199] Attempt to get parsing info during refresh. "On-the-fly" syntax checking information may be incorrect. [C:\Users\qianzha\Desktop\DAT096-krishna\Embedded-System-Project-DAT096-krishna\Board_1\Board_1\Board_2.srcs\sources_1\new\prbs_axis_master_32.vhd:]
WARNING: [filemgmt 56-199] Attempt to get parsing info during refresh. "On-the-fly" syntax checking information may be incorrect. [C:\Users\qianzha\Desktop\DAT096-krishna\Embedded-System-Project-DAT096-krishna\Board_1\Board_1\Board_2.srcs\sources_1\new\u_gen.vhd:]
WARNING: [filemgmt 56-199] Attempt to get parsing info during refresh. "On-the-fly" syntax checking information may be incorrect. [C:\Users\qianzha\Desktop\DAT096-krishna\Embedded-System-Project-DAT096-krishna\Board_1\Board_1\Board_2.srcs\sources_1\new\bit to dac converter.vhd:]
WARNING: [filemgmt 56-199] Attempt to get parsing info during refresh. "On-the-fly" syntax checking information may be incorrect. [C:\Users\qianzha\Desktop\DAT096-krishna\Embedded-System-Project-DAT096-krishna\Board_1\Board_1\Board_2.srcs\sources_1\new\u_gen.vhd:]
WARNING: [filemgmt 56-199] Attempt to get parsing info during refresh. "On-the-fly" syntax checking information may be incorrect. [C:\Users\qianzha\Desktop\DAT096-krishna\Embedded-System-Project-DAT096-krishna\Board_1\Board_1\Board_2.srcs\sources_1\new\u_gen.vhd:]
reset_run synth_1
INFO: [Project 1-1161] Replacing file C:/Users/qianzha/Desktop/DAT096-krishna/Embedded-System-Project-DAT096-krishna/Board_1/Board_1/Board_2.srcs/utils_1/imports/synth_1/design_2_wrapper.dcp with file C:/Users/qianzha/Desktop/DAT096-krishna/Embedded-System-Project-DAT096-krishna/Board_1/Board_1/Board_2.runs/synth_1/design_2_wrapper.dcp
WARNING: [filemgmt 56-199] Attempt to get parsing info during refresh. "On-the-fly" syntax checking information may be incorrect. [C:\Users\qianzha\Desktop\DAT096-krishna\Embedded-System-Project-DAT096-krishna\Board_1\Board_1\Board_2.srcs\sources_1\new\prbs_axis_master_32.vhd:]
WARNING: [filemgmt 56-199] Attempt to get parsing info during refresh. "On-the-fly" syntax checking information may be incorrect. [C:\Users\qianzha\Desktop\DAT096-krishna\Embedded-System-Project-DAT096-krishna\Board_1\Board_1\Board_2.srcs\sources_1\new\u_gen.vhd:]
WARNING: [filemgmt 56-199] Attempt to get parsing info during refresh. "On-the-fly" syntax checking information may be incorrect. [C:\Users\qianzha\Desktop\DAT096-krishna\Embedded-System-Project-DAT096-krishna\Board_1\Board_1\Board_2.srcs\sources_1\new\bit to dac converter.vhd:]
WARNING: [filemgmt 56-199] Attempt to get parsing info during refresh. "On-the-fly" syntax checking information may be incorrect. [C:\Users\qianzha\Desktop\DAT096-krishna\Embedded-System-Project-DAT096-krishna\Board_1\Board_1\Board_2.srcs\sources_1\new\prbs_axis_master_32.vhd:]
WARNING: [filemgmt 56-199] Attempt to get parsing info during refresh. "On-the-fly" syntax checking information may be incorrect. [C:\Users\qianzha\Desktop\DAT096-krishna\Embedded-System-Project-DAT096-krishna\Board_1\Board_1\Board_2.srcs\sources_1\new\prbs_axis_master_32.vhd:]
launch_runs synth_1 -jobs 28
[Wed Apr 29 16:29:06 2026] Launched synth_1...
Run output will be captured here: C:/Users/qianzha/Desktop/DAT096-krishna/Embedded-System-Project-DAT096-krishna/Board_1/Board_1/Board_2.runs/synth_1/runme.log
report_ip_status -name ip_status 
launch_runs impl_1 -jobs 28
[Wed Apr 29 16:29:50 2026] Launched impl_1...
Run output will be captured here: C:/Users/qianzha/Desktop/DAT096-krishna/Embedded-System-Project-DAT096-krishna/Board_1/Board_1/Board_2.runs/impl_1/runme.log
launch_runs impl_1 -to_step write_bitstream -jobs 28
[Wed Apr 29 16:31:33 2026] Launched impl_1...
Run output will be captured here: C:/Users/qianzha/Desktop/DAT096-krishna/Embedded-System-Project-DAT096-krishna/Board_1/Board_1/Board_2.runs/impl_1/runme.log
open_hw_manager
connect_hw_server -allow_non_jtag
INFO: [Labtools 27-2285] Connecting to hw_server url TCP:localhost:3121
INFO: [Labtools 27-2222] Launching hw_server...
INFO: [Labtools 27-2221] Launch Output:

****** Xilinx hw_server v2024.2
  **** Build date : Oct 29 2024 at 10:25:41
    ** Copyright 1986-2022 Xilinx, Inc. All Rights Reserved.


INFO: [Labtools 27-3415] Connecting to cs_server url TCP:localhost:0
INFO: [Labtools 27-3417] Launching cs_server...
INFO: [Labtools 27-2221] Launch Output:


******** Xilinx cs_server v2024.2.0
  ****** Build date   : Oct 30 2024-19:19:07
    **** Build number : 2024.2.1730312347
      ** Copyright 2017-2022 Xilinx, Inc. All Rights Reserved.
      ** Copyright 2022-2026 Advanced Micro Devices, Inc. All Rights Reserved.



connect_hw_server: Time (s): cpu = 00:00:01 ; elapsed = 00:00:14 . Memory (MB): peak = 1719.938 ; gain = 0.000
disconnect_hw_server localhost:3121
connect_hw_server -allow_non_jtag
INFO: [Labtools 27-2285] Connecting to hw_server url TCP:localhost:3121
INFO: [Labtools 27-3415] Connecting to cs_server url TCP:localhost:0
INFO: [Labtools 27-3417] Launching cs_server...
INFO: [Labtools 27-2221] Launch Output:


******** Xilinx cs_server v2024.2.0
  ****** Build date   : Oct 30 2024-19:19:07
    **** Build number : 2024.2.1730312347
      ** Copyright 2017-2022 Xilinx, Inc. All Rights Reserved.
      ** Copyright 2022-2026 Advanced Micro Devices, Inc. All Rights Reserved.



connect_hw_server: Time (s): cpu = 00:00:01 ; elapsed = 00:00:12 . Memory (MB): peak = 1719.938 ; gain = 0.000
open_hw_target
INFO: [Labtoolstcl 44-466] Opening hw_target localhost:3121/xilinx_tcf/Digilent/210393BB58A7A
set_property PROGRAM.FILE {C:/Users/qianzha/Desktop/DAT096-krishna/Embedded-System-Project-DAT096-krishna/Board_1/Board_1/Board_2.runs/impl_1/design_2_wrapper.bit} [get_hw_devices xc7z020_1]
set_property PROBES.FILE {C:/Users/qianzha/Desktop/DAT096-krishna/Embedded-System-Project-DAT096-krishna/Board_1/Board_1/Board_2.runs/impl_1/design_2_wrapper.ltx} [get_hw_devices xc7z020_1]
set_property FULL_PROBES.FILE {C:/Users/qianzha/Desktop/DAT096-krishna/Embedded-System-Project-DAT096-krishna/Board_1/Board_1/Board_2.runs/impl_1/design_2_wrapper.ltx} [get_hw_devices xc7z020_1]
current_hw_device [get_hw_devices xc7z020_1]
refresh_hw_device [lindex [get_hw_devices xc7z020_1] 0]
INFO: [Labtools 27-1434] Device xc7z020 (JTAG device index = 1) is programmed with a design that has no supported debug core(s) in it.
WARNING: [Labtools 27-3361] The debug hub core was not detected.
Resolution: 
1. Make sure the clock connected to the debug hub (dbg_hub) core is a free running clock and is active.
2. Make sure the BSCAN_SWITCH_USER_MASK device property in Vivado Hardware Manager reflects the user scan chain setting in the design and refresh the device.  To determine the user scan chain setting in the design, open the implemented design and use 'get_property C_USER_SCAN_CHAIN [get_debug_cores dbg_hub]'.
For more details on setting the scan chain property, consult the Vivado Debug and Programming User Guide (UG908).
WARNING: [Labtools 27-3413] Dropping logic core with cellname:'design_2_i/ila_0' at location 'uuid_F2A5A0E152865171A222BF15ACEC5622' from probes file, since it cannot be found on the programmed device.
set_property PROBES.FILE {C:/Users/qianzha/Desktop/DAT096-krishna/Embedded-System-Project-DAT096-krishna/Board_1/Board_1/Board_2.runs/impl_1/design_2_wrapper.ltx} [get_hw_devices xc7z020_1]
set_property FULL_PROBES.FILE {C:/Users/qianzha/Desktop/DAT096-krishna/Embedded-System-Project-DAT096-krishna/Board_1/Board_1/Board_2.runs/impl_1/design_2_wrapper.ltx} [get_hw_devices xc7z020_1]
set_property PROGRAM.FILE {C:/Users/qianzha/Desktop/DAT096-krishna/Embedded-System-Project-DAT096-krishna/Board_1/Board_1/Board_2.runs/impl_1/design_2_wrapper.bit} [get_hw_devices xc7z020_1]
program_hw_devices [get_hw_devices xc7z020_1]
INFO: [Labtools 27-3164] End of startup status: HIGH
refresh_hw_device [lindex [get_hw_devices xc7z020_1] 0]
INFO: [Labtools 27-2302] Device xc7z020 (JTAG device index = 1) is programmed with a design that has 1 ILA core(s).
display_hw_ila_data [ get_hw_ila_data hw_ila_data_1 -of_objects [get_hw_ilas -of_objects [get_hw_devices xc7z020_1] -filter {CELL_NAME=~"design_2_i/ila_0"}]]
run_hw_ila [get_hw_ilas -of_objects [get_hw_devices xc7z020_1] -filter {CELL_NAME=~"design_2_i/ila_0"}]
INFO: [Labtools 27-1964] The ILA core 'hw_ila_1' trigger was armed at 2026-Apr-29 16:33:05
wait_on_hw_ila [get_hw_ilas -of_objects [get_hw_devices xc7z020_1] -filter {CELL_NAME=~"design_2_i/ila_0"}]
display_hw_ila_data [upload_hw_ila_data [get_hw_ilas -of_objects [get_hw_devices xc7z020_1] -filter {CELL_NAME=~"design_2_i/ila_0"}]]
INFO: [Labtools 27-1966] The ILA core 'hw_ila_1' triggered at 2026-Apr-29 16:33:05
INFO: [Labtools 27-3304] ILA Waveform data saved to file C:/Users/qianzha/Desktop/DAT096-krishna/Embedded-System-Project-DAT096-krishna/Board_1/Board_1/Board_2.hw/backup/hw_ila_data_1.ila. Use Tcl command 'read_hw_ila_data' or Vivado File->Import->Import ILA Data menu item to import the previously saved data.
open_bd_design {C:/Users/qianzha/Desktop/DAT096-krishna/Embedded-System-Project-DAT096-krishna/Board_1/Board_1/Board_2.srcs/sources_1/bd/design_2/design_2.bd}
WARNING: [IP_Flow 19-4067] Ignoring invalid widget type specified checkbox.Providing a default widget
add_wave -into {hw_ila_data_1.wcfg} -radix hex { {design_2_i/ZmodAWGController_0_cDataAxisTready} }
add_wave -into {hw_ila_data_1.wcfg} -radix hex { {design_2_i/ZmodScopeController_0_cDataAxisTvalid} }
run_hw_ila [get_hw_ilas -of_objects [get_hw_devices xc7z020_1] -filter {CELL_NAME=~"design_2_i/ila_0"}]
INFO: [Labtools 27-1964] The ILA core 'hw_ila_1' trigger was armed at 2026-Apr-29 16:35:08
wait_on_hw_ila [get_hw_ilas -of_objects [get_hw_devices xc7z020_1] -filter {CELL_NAME=~"design_2_i/ila_0"}]
display_hw_ila_data [upload_hw_ila_data [get_hw_ilas -of_objects [get_hw_devices xc7z020_1] -filter {CELL_NAME=~"design_2_i/ila_0"}]]
INFO: [Labtools 27-1966] The ILA core 'hw_ila_1' triggered at 2026-Apr-29 16:35:08
INFO: [Labtools 27-3304] ILA Waveform data saved to file C:/Users/qianzha/Desktop/DAT096-krishna/Embedded-System-Project-DAT096-krishna/Board_1/Board_1/Board_2.hw/backup/hw_ila_data_1.ila. Use Tcl command 'read_hw_ila_data' or Vivado File->Import->Import ILA Data menu item to import the previously saved data.
set_property PROBES.FILE {C:/Users/qianzha/Desktop/DAT096-krishna/Embedded-System-Project-DAT096-krishna/Board_1/Board_1/Board_2.runs/impl_1/design_2_wrapper.ltx} [get_hw_devices xc7z020_1]
set_property FULL_PROBES.FILE {C:/Users/qianzha/Desktop/DAT096-krishna/Embedded-System-Project-DAT096-krishna/Board_1/Board_1/Board_2.runs/impl_1/design_2_wrapper.ltx} [get_hw_devices xc7z020_1]
set_property PROGRAM.FILE {C:/Users/qianzha/Desktop/DAT096-krishna/Embedded-System-Project-DAT096-krishna/Board_1/Board_1/Board_2.runs/impl_1/design_2_wrapper.bit} [get_hw_devices xc7z020_1]
program_hw_devices [get_hw_devices xc7z020_1]
INFO: [Labtools 27-3164] End of startup status: HIGH
refresh_hw_device [lindex [get_hw_devices xc7z020_1] 0]
INFO: [Labtools 27-2302] Device xc7z020 (JTAG device index = 1) is programmed with a design that has 1 ILA core(s).
run_hw_ila [get_hw_ilas -of_objects [get_hw_devices xc7z020_1] -filter {CELL_NAME=~"design_2_i/ila_0"}]
INFO: [Labtools 27-1964] The ILA core 'hw_ila_1' trigger was armed at 2026-Apr-29 16:37:46
wait_on_hw_ila [get_hw_ilas -of_objects [get_hw_devices xc7z020_1] -filter {CELL_NAME=~"design_2_i/ila_0"}]
display_hw_ila_data [upload_hw_ila_data [get_hw_ilas -of_objects [get_hw_devices xc7z020_1] -filter {CELL_NAME=~"design_2_i/ila_0"}]]
INFO: [Labtools 27-1966] The ILA core 'hw_ila_1' triggered at 2026-Apr-29 16:37:46
INFO: [Labtools 27-3304] ILA Waveform data saved to file C:/Users/qianzha/Desktop/DAT096-krishna/Embedded-System-Project-DAT096-krishna/Board_1/Board_1/Board_2.hw/backup/hw_ila_data_1.ila. Use Tcl command 'read_hw_ila_data' or Vivado File->Import->Import ILA Data menu item to import the previously saved data.
open_bd_design {C:/Users/qianzha/Desktop/DAT096-krishna/Embedded-System-Project-DAT096-krishna/Board_1/Board_1/Board_2.srcs/sources_1/bd/design_2/design_2.bd}
exit
INFO: [Common 17-206] Exiting Vivado at Wed Apr 29 16:53:58 2026...
