
*** Running vivado
    with args -log vcsel_block_design_wrapper.vds -m64 -product Vivado -mode batch -messageDb vivado.pb -notrace -source vcsel_block_design_wrapper.tcl



****** Vivado v2024.2 (64-bit)
  **** SW Build 5239630 on Fri Nov 08 22:35:27 MST 2024
  **** IP Build 5239520 on Sun Nov 10 16:12:51 MST 2024
  **** SharedData Build 5239561 on Fri Nov 08 14:39:27 MST 2024
  **** Start of session at: Mon Apr 20 21:30:24 2026
    ** Copyright 1986-2022 Xilinx, Inc. All Rights Reserved.
    ** Copyright 2022-2024 Advanced Micro Devices, Inc. All Rights Reserved.

source vcsel_block_design_wrapper.tcl -notrace
INFO: [IP_Flow 19-234] Refreshing IP repositories
INFO: [IP_Flow 19-1704] No user IP repositories specified
INFO: [IP_Flow 19-2313] Loaded Vivado IP repository 'C:/Progs/Xilinx/Vivado/2024.2/data/ip'.
Command: read_checkpoint -auto_incremental -incremental C:/Users/arikb/Desktop/VCSEL_implementation/VCSEL_implementation.srcs/utils_1/imports/synth_1/VCSEL_model.dcp
INFO: [Vivado 12-5825] Read reference checkpoint from C:/Users/arikb/Desktop/VCSEL_implementation/VCSEL_implementation.srcs/utils_1/imports/synth_1/VCSEL_model.dcp for incremental synthesis
INFO: [Vivado 12-7989] Please ensure there are no constraint changes
Command: synth_design -top vcsel_block_design_wrapper -part xc7z020clg484-1
Starting synth_design
Attempting to get a license for feature 'Synthesis' and/or device 'xc7z020'
INFO: [Common 17-349] Got license for feature 'Synthesis' and/or device 'xc7z020'
INFO: [Device 21-403] Loading part xc7z020clg484-1
INFO: [Designutils 20-5440] No compile time benefit to using incremental synthesis; A full resynthesis will be run
INFO: [Designutils 20-4379] Flow is switching to default flow due to incremental criteria not met. If you would like to alter this behaviour and have the flow terminate instead, please set the following parameter config_implementation {autoIncr.Synth.RejectBehavior Terminate}
INFO: [Synth 8-7079] Multithreading enabled for synth_design using a maximum of 2 processes.
INFO: [Synth 8-7078] Launching helper process for spawning children vivado processes
INFO: [Synth 8-7075] Helper process launched with PID 30644
---------------------------------------------------------------------------------
Starting RTL Elaboration : Time (s): cpu = 00:00:03 ; elapsed = 00:00:03 . Memory (MB): peak = 1110.297 ; gain = 471.035
---------------------------------------------------------------------------------
INFO: [Synth 8-638] synthesizing module 'vcsel_block_design_wrapper' [c:/Users/arikb/Desktop/VCSEL_implementation/VCSEL_implementation.gen/sources_1/bd/vcsel_block_design/hdl/vcsel_block_design_wrapper.vhd:29]
INFO: [Synth 8-3491] module 'vcsel_block_design' declared at 'c:/Users/arikb/Desktop/VCSEL_implementation/VCSEL_implementation.gen/sources_1/bd/vcsel_block_design/synth/vcsel_block_design.vhd:15' bound to instance 'vcsel_block_design_i' of component 'vcsel_block_design' [c:/Users/arikb/Desktop/VCSEL_implementation/VCSEL_implementation.gen/sources_1/bd/vcsel_block_design/hdl/vcsel_block_design_wrapper.vhd:44]
INFO: [Synth 8-638] synthesizing module 'vcsel_block_design' [c:/Users/arikb/Desktop/VCSEL_implementation/VCSEL_implementation.gen/sources_1/bd/vcsel_block_design/synth/vcsel_block_design.vhd:33]
INFO: [Synth 8-3491] module 'vcsel_block_design_clk_wiz_0_0' declared at 'C:/Users/arikb/Desktop/VCSEL_implementation/VCSEL_implementation.runs/synth_1/.Xil/Vivado-10704-FY-6302-06/realtime/vcsel_block_design_clk_wiz_0_0_stub.vhdl:6' bound to instance 'clk_wiz_0' of component 'vcsel_block_design_clk_wiz_0_0' [c:/Users/arikb/Desktop/VCSEL_implementation/VCSEL_implementation.gen/sources_1/bd/vcsel_block_design/synth/vcsel_block_design.vhd:73]
INFO: [Synth 8-638] synthesizing module 'vcsel_block_design_clk_wiz_0_0' [C:/Users/arikb/Desktop/VCSEL_implementation/VCSEL_implementation.runs/synth_1/.Xil/Vivado-10704-FY-6302-06/realtime/vcsel_block_design_clk_wiz_0_0_stub.vhdl:18]
INFO: [Synth 8-3491] module 'vcsel_block_design_ila_0_0' declared at 'C:/Users/arikb/Desktop/VCSEL_implementation/VCSEL_implementation.runs/synth_1/.Xil/Vivado-10704-FY-6302-06/realtime/vcsel_block_design_ila_0_0_stub.vhdl:6' bound to instance 'ila_0' of component 'vcsel_block_design_ila_0_0' [c:/Users/arikb/Desktop/VCSEL_implementation/VCSEL_implementation.gen/sources_1/bd/vcsel_block_design/synth/vcsel_block_design.vhd:80]
INFO: [Synth 8-638] synthesizing module 'vcsel_block_design_ila_0_0' [C:/Users/arikb/Desktop/VCSEL_implementation/VCSEL_implementation.runs/synth_1/.Xil/Vivado-10704-FY-6302-06/realtime/vcsel_block_design_ila_0_0_stub.vhdl:21]
INFO: [Synth 8-3491] module 'vcsel_block_design_vcsel_demo_top_0_0' declared at 'C:/Users/arikb/Desktop/VCSEL_implementation/VCSEL_implementation.runs/synth_1/.Xil/Vivado-10704-FY-6302-06/realtime/vcsel_block_design_vcsel_demo_top_0_0_stub.vhdl:6' bound to instance 'vcsel_demo_top_0' of component 'vcsel_block_design_vcsel_demo_top_0_0' [c:/Users/arikb/Desktop/VCSEL_implementation/VCSEL_implementation.gen/sources_1/bd/vcsel_block_design/synth/vcsel_block_design.vhd:86]
INFO: [Synth 8-638] synthesizing module 'vcsel_block_design_vcsel_demo_top_0_0' [C:/Users/arikb/Desktop/VCSEL_implementation/VCSEL_implementation.runs/synth_1/.Xil/Vivado-10704-FY-6302-06/realtime/vcsel_block_design_vcsel_demo_top_0_0_stub.vhdl:29]
INFO: [Synth 8-256] done synthesizing module 'vcsel_block_design' (0#1) [c:/Users/arikb/Desktop/VCSEL_implementation/VCSEL_implementation.gen/sources_1/bd/vcsel_block_design/synth/vcsel_block_design.vhd:33]
INFO: [Synth 8-256] done synthesizing module 'vcsel_block_design_wrapper' (0#1) [c:/Users/arikb/Desktop/VCSEL_implementation/VCSEL_implementation.gen/sources_1/bd/vcsel_block_design/hdl/vcsel_block_design_wrapper.vhd:29]
---------------------------------------------------------------------------------
Finished RTL Elaboration : Time (s): cpu = 00:00:04 ; elapsed = 00:00:04 . Memory (MB): peak = 1224.277 ; gain = 585.016
---------------------------------------------------------------------------------
---------------------------------------------------------------------------------
Start Handling Custom Attributes
---------------------------------------------------------------------------------
---------------------------------------------------------------------------------
Finished Handling Custom Attributes : Time (s): cpu = 00:00:04 ; elapsed = 00:00:04 . Memory (MB): peak = 1224.277 ; gain = 585.016
---------------------------------------------------------------------------------
---------------------------------------------------------------------------------
Finished RTL Optimization Phase 1 : Time (s): cpu = 00:00:04 ; elapsed = 00:00:04 . Memory (MB): peak = 1224.277 ; gain = 585.016
---------------------------------------------------------------------------------
Netlist sorting complete. Time (s): cpu = 00:00:00 ; elapsed = 00:00:00 . Memory (MB): peak = 1224.277 ; gain = 0.000
INFO: [Project 1-570] Preparing netlist for logic optimization

Processing XDC Constraints
Initializing timing engine
Parsing XDC File [c:/Users/arikb/Desktop/VCSEL_implementation/VCSEL_implementation.gen/sources_1/bd/vcsel_block_design/ip/vcsel_block_design_vcsel_demo_top_0_0/vcsel_block_design_vcsel_demo_top_0_0/vcsel_block_design_vcsel_demo_top_0_0_in_context.xdc] for cell 'vcsel_block_design_i/vcsel_demo_top_0'
Finished Parsing XDC File [c:/Users/arikb/Desktop/VCSEL_implementation/VCSEL_implementation.gen/sources_1/bd/vcsel_block_design/ip/vcsel_block_design_vcsel_demo_top_0_0/vcsel_block_design_vcsel_demo_top_0_0/vcsel_block_design_vcsel_demo_top_0_0_in_context.xdc] for cell 'vcsel_block_design_i/vcsel_demo_top_0'
Parsing XDC File [c:/Users/arikb/Desktop/VCSEL_implementation/VCSEL_implementation.gen/sources_1/bd/vcsel_block_design/ip/vcsel_block_design_clk_wiz_0_0/vcsel_block_design_clk_wiz_0_0/vcsel_block_design_clk_wiz_0_0_in_context.xdc] for cell 'vcsel_block_design_i/clk_wiz_0'
Finished Parsing XDC File [c:/Users/arikb/Desktop/VCSEL_implementation/VCSEL_implementation.gen/sources_1/bd/vcsel_block_design/ip/vcsel_block_design_clk_wiz_0_0/vcsel_block_design_clk_wiz_0_0/vcsel_block_design_clk_wiz_0_0_in_context.xdc] for cell 'vcsel_block_design_i/clk_wiz_0'
Parsing XDC File [c:/Users/arikb/Desktop/VCSEL_implementation/VCSEL_implementation.gen/sources_1/bd/vcsel_block_design/ip/vcsel_block_design_ila_0_0/vcsel_block_design_ila_0_0/VCSEL_design_ila_0_1_in_context.xdc] for cell 'vcsel_block_design_i/ila_0'
Finished Parsing XDC File [c:/Users/arikb/Desktop/VCSEL_implementation/VCSEL_implementation.gen/sources_1/bd/vcsel_block_design/ip/vcsel_block_design_ila_0_0/vcsel_block_design_ila_0_0/VCSEL_design_ila_0_1_in_context.xdc] for cell 'vcsel_block_design_i/ila_0'
Parsing XDC File [C:/Users/arikb/Desktop/Eclypse-Z7-Master.xdc]
Finished Parsing XDC File [C:/Users/arikb/Desktop/Eclypse-Z7-Master.xdc]
INFO: [Project 1-236] Implementation specific constraints were found while reading constraint file [C:/Users/arikb/Desktop/Eclypse-Z7-Master.xdc]. These constraints will be ignored for synthesis but will be used in implementation. Impacted constraints are listed in the file [.Xil/vcsel_block_design_wrapper_propImpl.xdc].
Resolution: To avoid this warning, move constraints listed in [.Xil/vcsel_block_design_wrapper_propImpl.xdc] to another XDC file and exclude this new file from synthesis with the used_in_synthesis property (File Properties dialog in GUI) and re-run elaboration/synthesis.
Parsing XDC File [C:/Users/arikb/Desktop/VCSEL_implementation/VCSEL_implementation.runs/synth_1/dont_touch.xdc]
Finished Parsing XDC File [C:/Users/arikb/Desktop/VCSEL_implementation/VCSEL_implementation.runs/synth_1/dont_touch.xdc]
Completed Processing XDC Constraints

Netlist sorting complete. Time (s): cpu = 00:00:00 ; elapsed = 00:00:00 . Memory (MB): peak = 1227.723 ; gain = 0.000
INFO: [Project 1-111] Unisim Transformation Summary:
No Unisim elements were transformed.

Constraint Validation Runtime : Time (s): cpu = 00:00:00 ; elapsed = 00:00:00.003 . Memory (MB): peak = 1227.723 ; gain = 0.000
WARNING: [Timing 38-316] Clock period '10.000' specified during out-of-context synthesis of instance 'vcsel_block_design_i/ila_0' at clock pin 'clk' is different from the actual clock period '8.000', this can lead to different synthesis results.
INFO: [Designutils 20-5440] No compile time benefit to using incremental synthesis; A full resynthesis will be run
INFO: [Designutils 20-4379] Flow is switching to default flow due to incremental criteria not met. If you would like to alter this behaviour and have the flow terminate instead, please set the following parameter config_implementation {autoIncr.Synth.RejectBehavior Terminate}
---------------------------------------------------------------------------------
Finished Constraint Validation : Time (s): cpu = 00:00:08 ; elapsed = 00:00:08 . Memory (MB): peak = 1228.238 ; gain = 588.977
---------------------------------------------------------------------------------
---------------------------------------------------------------------------------
Start Loading Part and Timing Information
---------------------------------------------------------------------------------
Loading part: xc7z020clg484-1
---------------------------------------------------------------------------------
Finished Loading Part and Timing Information : Time (s): cpu = 00:00:08 ; elapsed = 00:00:08 . Memory (MB): peak = 1228.238 ; gain = 588.977
---------------------------------------------------------------------------------
---------------------------------------------------------------------------------
Start Applying 'set_property' XDC Constraints
---------------------------------------------------------------------------------
Applied set_property IO_BUFFER_TYPE = NONE for clk. (constraint file  c:/Users/arikb/Desktop/VCSEL_implementation/VCSEL_implementation.gen/sources_1/bd/vcsel_block_design/ip/vcsel_block_design_clk_wiz_0_0/vcsel_block_design_clk_wiz_0_0/vcsel_block_design_clk_wiz_0_0_in_context.xdc, line 3).
Applied set_property CLOCK_BUFFER_TYPE = NONE for clk. (constraint file  c:/Users/arikb/Desktop/VCSEL_implementation/VCSEL_implementation.gen/sources_1/bd/vcsel_block_design/ip/vcsel_block_design_clk_wiz_0_0/vcsel_block_design_clk_wiz_0_0/vcsel_block_design_clk_wiz_0_0_in_context.xdc, line 4).
Applied set_property KEEP_HIERARCHY = SOFT for vcsel_block_design_i. (constraint file  auto generated constraint).
Applied set_property KEEP_HIERARCHY = SOFT for vcsel_block_design_i/vcsel_demo_top_0. (constraint file  auto generated constraint).
Applied set_property KEEP_HIERARCHY = SOFT for vcsel_block_design_i/clk_wiz_0. (constraint file  auto generated constraint).
Applied set_property KEEP_HIERARCHY = SOFT for vcsel_block_design_i/ila_0. (constraint file  auto generated constraint).
---------------------------------------------------------------------------------
Finished applying 'set_property' XDC Constraints : Time (s): cpu = 00:00:08 ; elapsed = 00:00:08 . Memory (MB): peak = 1228.238 ; gain = 588.977
---------------------------------------------------------------------------------
---------------------------------------------------------------------------------
Finished RTL Optimization Phase 2 : Time (s): cpu = 00:00:08 ; elapsed = 00:00:09 . Memory (MB): peak = 1228.238 ; gain = 588.977
---------------------------------------------------------------------------------
---------------------------------------------------------------------------------
Start RTL Component Statistics 
---------------------------------------------------------------------------------
Detailed RTL Component Info : 
---------------------------------------------------------------------------------
Finished RTL Component Statistics 
---------------------------------------------------------------------------------
---------------------------------------------------------------------------------
Start Part Resource Summary
---------------------------------------------------------------------------------
Part Resources:
DSPs: 220 (col length:60)
BRAMs: 280 (col length: RAMB18 60 RAMB36 30)
---------------------------------------------------------------------------------
Finished Part Resource Summary
---------------------------------------------------------------------------------
---------------------------------------------------------------------------------
Start Cross Boundary and Area Optimization
---------------------------------------------------------------------------------
WARNING: [Synth 8-7080] Parallel synthesis criteria is not met
---------------------------------------------------------------------------------
Finished Cross Boundary and Area Optimization : Time (s): cpu = 00:00:09 ; elapsed = 00:00:10 . Memory (MB): peak = 1228.238 ; gain = 588.977
---------------------------------------------------------------------------------
---------------------------------------------------------------------------------
Start Applying XDC Timing Constraints
---------------------------------------------------------------------------------
---------------------------------------------------------------------------------
Finished Applying XDC Timing Constraints : Time (s): cpu = 00:00:12 ; elapsed = 00:00:13 . Memory (MB): peak = 1391.199 ; gain = 751.938
---------------------------------------------------------------------------------
---------------------------------------------------------------------------------
Start Timing Optimization
---------------------------------------------------------------------------------
---------------------------------------------------------------------------------
Finished Timing Optimization : Time (s): cpu = 00:00:12 ; elapsed = 00:00:13 . Memory (MB): peak = 1391.199 ; gain = 751.938
---------------------------------------------------------------------------------
---------------------------------------------------------------------------------
Start Technology Mapping
---------------------------------------------------------------------------------
---------------------------------------------------------------------------------
Finished Technology Mapping : Time (s): cpu = 00:00:12 ; elapsed = 00:00:13 . Memory (MB): peak = 1400.773 ; gain = 761.512
---------------------------------------------------------------------------------
---------------------------------------------------------------------------------
Start IO Insertion
---------------------------------------------------------------------------------
---------------------------------------------------------------------------------
Start Flattening Before IO Insertion
---------------------------------------------------------------------------------
---------------------------------------------------------------------------------
Finished Flattening Before IO Insertion
---------------------------------------------------------------------------------
---------------------------------------------------------------------------------
Start Final Netlist Cleanup
---------------------------------------------------------------------------------
---------------------------------------------------------------------------------
Finished Final Netlist Cleanup
---------------------------------------------------------------------------------
---------------------------------------------------------------------------------
Finished IO Insertion : Time (s): cpu = 00:00:14 ; elapsed = 00:00:15 . Memory (MB): peak = 1617.777 ; gain = 978.516
---------------------------------------------------------------------------------
---------------------------------------------------------------------------------
Start Renaming Generated Instances
---------------------------------------------------------------------------------
---------------------------------------------------------------------------------
Finished Renaming Generated Instances : Time (s): cpu = 00:00:14 ; elapsed = 00:00:15 . Memory (MB): peak = 1617.777 ; gain = 978.516
---------------------------------------------------------------------------------
---------------------------------------------------------------------------------
Start Rebuilding User Hierarchy
---------------------------------------------------------------------------------
---------------------------------------------------------------------------------
Finished Rebuilding User Hierarchy : Time (s): cpu = 00:00:14 ; elapsed = 00:00:15 . Memory (MB): peak = 1617.777 ; gain = 978.516
---------------------------------------------------------------------------------
---------------------------------------------------------------------------------
Start Renaming Generated Ports
---------------------------------------------------------------------------------
---------------------------------------------------------------------------------
Finished Renaming Generated Ports : Time (s): cpu = 00:00:14 ; elapsed = 00:00:15 . Memory (MB): peak = 1617.777 ; gain = 978.516
---------------------------------------------------------------------------------
---------------------------------------------------------------------------------
Start Handling Custom Attributes
---------------------------------------------------------------------------------
---------------------------------------------------------------------------------
Finished Handling Custom Attributes : Time (s): cpu = 00:00:14 ; elapsed = 00:00:15 . Memory (MB): peak = 1617.777 ; gain = 978.516
---------------------------------------------------------------------------------
---------------------------------------------------------------------------------
Start Renaming Generated Nets
---------------------------------------------------------------------------------
---------------------------------------------------------------------------------
Finished Renaming Generated Nets : Time (s): cpu = 00:00:14 ; elapsed = 00:00:15 . Memory (MB): peak = 1617.777 ; gain = 978.516
---------------------------------------------------------------------------------
---------------------------------------------------------------------------------
Start Writing Synthesis Report
---------------------------------------------------------------------------------

Report BlackBoxes: 
+------+--------------------------------------+----------+
|      |BlackBox name                         |Instances |
+------+--------------------------------------+----------+
|1     |vcsel_block_design_clk_wiz_0_0        |         1|
|2     |vcsel_block_design_ila_0_0            |         1|
|3     |vcsel_block_design_vcsel_demo_top_0_0 |         1|
+------+--------------------------------------+----------+

Report Cell Usage: 
+------+-------------------------------------------+------+
|      |Cell                                       |Count |
+------+-------------------------------------------+------+
|1     |vcsel_block_design_clk_wiz_0_0_bbox        |     1|
|2     |vcsel_block_design_ila_0_0_bbox            |     1|
|3     |vcsel_block_design_vcsel_demo_top_0_0_bbox |     1|
|4     |IBUF                                       |     2|
|5     |OBUF                                       |    21|
+------+-------------------------------------------+------+
---------------------------------------------------------------------------------
Finished Writing Synthesis Report : Time (s): cpu = 00:00:14 ; elapsed = 00:00:15 . Memory (MB): peak = 1617.777 ; gain = 978.516
---------------------------------------------------------------------------------
Synthesis finished with 0 errors, 0 critical warnings and 1 warnings.
Synthesis Optimization Runtime : Time (s): cpu = 00:00:09 ; elapsed = 00:00:14 . Memory (MB): peak = 1617.777 ; gain = 974.555
Synthesis Optimization Complete : Time (s): cpu = 00:00:14 ; elapsed = 00:00:15 . Memory (MB): peak = 1617.777 ; gain = 978.516
INFO: [Project 1-571] Translating synthesized netlist
Netlist sorting complete. Time (s): cpu = 00:00:00 ; elapsed = 00:00:00 . Memory (MB): peak = 1617.777 ; gain = 0.000
INFO: [Project 1-570] Preparing netlist for logic optimization
INFO: [Opt 31-138] Pushed 0 inverter(s) to 0 load pin(s).
Netlist sorting complete. Time (s): cpu = 00:00:00 ; elapsed = 00:00:00 . Memory (MB): peak = 1617.777 ; gain = 0.000
INFO: [Project 1-111] Unisim Transformation Summary:
No Unisim elements were transformed.

Synth Design complete | Checksum: 215e3094
INFO: [Common 17-83] Releasing license: Synthesis
33 Infos, 2 Warnings, 0 Critical Warnings and 0 Errors encountered.
synth_design completed successfully
synth_design: Time (s): cpu = 00:00:17 ; elapsed = 00:00:21 . Memory (MB): peak = 1617.777 ; gain = 1204.773
Write ShapeDB Complete: Time (s): cpu = 00:00:00 ; elapsed = 00:00:00.001 . Memory (MB): peak = 1617.777 ; gain = 0.000
INFO: [Common 17-1381] The checkpoint 'C:/Users/arikb/Desktop/VCSEL_implementation/VCSEL_implementation.runs/synth_1/vcsel_block_design_wrapper.dcp' has been generated.
INFO: [Vivado 12-24828] Executing command : report_utilization -file vcsel_block_design_wrapper_utilization_synth.rpt -pb vcsel_block_design_wrapper_utilization_synth.pb
INFO: [Common 17-206] Exiting Vivado at Mon Apr 20 21:30:51 2026...
