Copyright 1986-2022 Xilinx, Inc. All Rights Reserved. Copyright 2022-2024 Advanced Micro Devices, Inc. All Rights Reserved.
----------------------------------------------------------------------------------------------------------------------------------------------------------------------
| Tool Version     : Vivado v.2024.2 (win64) Build 5239630 Fri Nov 08 22:35:27 MST 2024
| Date             : Wed Apr 29 15:46:09 2026
| Host             : FY-6302-12 running 64-bit major release  (build 9200)
| Command          : report_power -file design_2_wrapper_power_routed.rpt -pb design_2_wrapper_power_summary_routed.pb -rpx design_2_wrapper_power_routed.rpx
| Design           : design_2_wrapper
| Device           : xc7z020clg484-1
| Design State     : routed
| Grade            : commercial
| Process          : typical
| Characterization : Production
----------------------------------------------------------------------------------------------------------------------------------------------------------------------

Power Report

Table of Contents
-----------------
1. Summary
1.1 On-Chip Components
1.2 Power Supply Summary
1.3 Confidence Level
2. Settings
2.1 Environment
2.2 Clock Constraints
3. Detailed Reports
3.1 By Hierarchy

1. Summary
----------

+--------------------------+--------------+
| Total On-Chip Power (W)  | 1.892        |
| Design Power Budget (W)  | Unspecified* |
| Power Budget Margin (W)  | NA           |
| Dynamic (W)              | 1.748        |
| Device Static (W)        | 0.144        |
| Effective TJA (C/W)      | 11.5         |
| Max Ambient (C)          | 63.2         |
| Junction Temperature (C) | 46.8         |
| Confidence Level         | Low          |
| Setting File             | ---          |
| Simulation Activity File | ---          |
| Design Nets Matched      | NA           |
+--------------------------+--------------+
* Specify Design Power Budget using, set_operating_conditions -design_power_budget <value in Watts>


1.1 On-Chip Components
----------------------

+--------------------------+-----------+----------+-----------+-----------------+
| On-Chip                  | Power (W) | Used     | Available | Utilization (%) |
+--------------------------+-----------+----------+-----------+-----------------+
| Clocks                   |     0.008 |       16 |       --- |             --- |
| Slice Logic              |     0.001 |     4670 |       --- |             --- |
|   LUT as Logic           |    <0.001 |     1342 |     53200 |            2.52 |
|   Register               |    <0.001 |     2383 |    106400 |            2.24 |
|   CARRY4                 |    <0.001 |       50 |     13300 |            0.38 |
|   LUT as Distributed RAM |    <0.001 |       36 |     17400 |            0.21 |
|   LUT as Shift Register  |    <0.001 |       77 |     17400 |            0.44 |
|   F7/F8 Muxes            |    <0.001 |        2 |     53200 |           <0.01 |
|   Others                 |     0.000 |      435 |       --- |             --- |
| Signals                  |     0.001 |     3394 |       --- |             --- |
| Block RAM                |     0.002 |        6 |       140 |            4.29 |
| MMCM                     |     0.190 |        2 |         4 |           50.00 |
| DSPs                     |    <0.001 |        3 |       220 |            1.36 |
| I/O                      |     0.018 |       55 |       200 |           27.50 |
| PS7                      |     1.527 |        1 |       --- |             --- |
| Static Power             |     0.144 |          |           |                 |
| Total                    |     1.892 |          |           |                 |
+--------------------------+-----------+----------+-----------+-----------------+


1.2 Power Supply Summary
------------------------

+-----------+-------------+-----------+-------------+------------+-------------+-------------+------------+
| Source    | Voltage (V) | Total (A) | Dynamic (A) | Static (A) | Powerup (A) | Budget (A)  | Margin (A) |
+-----------+-------------+-----------+-------------+------------+-------------+-------------+------------+
| Vccint    |       1.000 |     0.031 |       0.015 |      0.017 |       NA    | Unspecified | NA         |
| Vccaux    |       1.800 |     0.123 |       0.107 |      0.016 |       NA    | Unspecified | NA         |
| Vcco33    |       3.300 |     0.000 |       0.000 |      0.000 |       NA    | Unspecified | NA         |
| Vcco25    |       2.500 |     0.000 |       0.000 |      0.000 |       NA    | Unspecified | NA         |
| Vcco18    |       1.800 |     0.009 |       0.008 |      0.001 |       NA    | Unspecified | NA         |
| Vcco15    |       1.500 |     0.000 |       0.000 |      0.000 |       NA    | Unspecified | NA         |
| Vcco135   |       1.350 |     0.000 |       0.000 |      0.000 |       NA    | Unspecified | NA         |
| Vcco12    |       1.200 |     0.000 |       0.000 |      0.000 |       NA    | Unspecified | NA         |
| Vccaux_io |       1.800 |     0.000 |       0.000 |      0.000 |       NA    | Unspecified | NA         |
| Vccbram   |       1.000 |     0.002 |       0.000 |      0.001 |       NA    | Unspecified | NA         |
| MGTAVcc   |       1.000 |     0.000 |       0.000 |      0.000 |       NA    | Unspecified | NA         |
| MGTAVtt   |       1.200 |     0.000 |       0.000 |      0.000 |       NA    | Unspecified | NA         |
| MGTVccaux |       1.800 |     0.000 |       0.000 |      0.000 |       NA    | Unspecified | NA         |
| Vccpint   |       1.000 |     0.756 |       0.723 |      0.033 |       NA    | Unspecified | NA         |
| Vccpaux   |       1.800 |     0.060 |       0.050 |      0.010 |       NA    | Unspecified | NA         |
| Vccpll    |       1.800 |     0.018 |       0.015 |      0.003 |       NA    | Unspecified | NA         |
| Vcco_ddr  |       1.500 |     0.459 |       0.457 |      0.002 |       NA    | Unspecified | NA         |
| Vcco_mio0 |       1.800 |     0.000 |       0.000 |      0.000 |       NA    | Unspecified | NA         |
| Vcco_mio1 |       1.800 |     0.000 |       0.000 |      0.000 |       NA    | Unspecified | NA         |
| Vccadc    |       1.800 |     0.020 |       0.000 |      0.020 |       NA    | Unspecified | NA         |
+-----------+-------------+-----------+-------------+------------+-------------+-------------+------------+


1.3 Confidence Level
--------------------

+-----------------------------+------------+--------------------------------------------------------+------------------------------------------------------------------------------------------------------------+
| User Input Data             | Confidence | Details                                                | Action                                                                                                     |
+-----------------------------+------------+--------------------------------------------------------+------------------------------------------------------------------------------------------------------------+
| Design implementation state | High       | Design is routed                                       |                                                                                                            |
| Clock nodes activity        | High       | User specified more than 95% of clocks                 |                                                                                                            |
| I/O nodes activity          | Low        | More than 75% of inputs are missing user specification | Provide missing input activity with simulation results or by editing the "By Resource Type -> I/Os" view   |
| Internal nodes activity     | Medium     | User specified less than 25% of internal nodes         | Provide missing internal nodes activity with simulation results or by editing the "By Resource Type" views |
| Device models               | High       | Device models are Production                           |                                                                                                            |
|                             |            |                                                        |                                                                                                            |
| Overall confidence level    | Low        |                                                        |                                                                                                            |
+-----------------------------+------------+--------------------------------------------------------+------------------------------------------------------------------------------------------------------------+


2. Settings
-----------

2.1 Environment
---------------

+-----------------------+------------------------+
| Ambient Temp (C)      | 25.0                   |
| ThetaJA (C/W)         | 11.5                   |
| Airflow (LFM)         | 250                    |
| Heat Sink             | none                   |
| ThetaSA (C/W)         | 0.0                    |
| Board Selection       | medium (10"x10")       |
| # of Board Layers     | 8to11 (8 to 11 Layers) |
| Board Temperature (C) | 25.0                   |
+-----------------------+------------------------+


2.2 Clock Constraints
---------------------

+--------------------------------------------------------------------------------------------+-------------------------------------------------------------------+-----------------+
| Clock                                                                                      | Domain                                                            | Constraint (ns) |
+--------------------------------------------------------------------------------------------+-------------------------------------------------------------------+-----------------+
| DcoPLL_Clk2                                                                                | design_2_i/ZmodScopeController_0/U0/InstDataPath/DcoPLL_Clk2      |            10.0 |
| FbinDcoClk                                                                                 | design_2_i/ZmodScopeController_0/U0/InstDataPath/FbinDcoClk       |            10.0 |
| FboutDcoClk                                                                                | design_2_i/ZmodScopeController_0/U0/InstDataPath/FboutDcoClk      |            10.0 |
| I                                                                                          | design_2_i/ZmodScopeController_0/U0/InstDataPath/I                |            10.0 |
| clk_fpga_0                                                                                 | design_2_i/processing_system7_0/inst/FCLK_CLK0                    |            20.0 |
| clk_fpga_0                                                                                 | design_2_i/processing_system7_0/inst/FCLK_CLK_unbuffered[0]       |            20.0 |
| clk_out1_design_2_clk_wiz_0_0                                                              | design_2_i/clk_wiz_0/inst/clk_out1_design_2_clk_wiz_0_0           |            20.0 |
| clkfbout_design_2_clk_wiz_0_0                                                              | design_2_i/clk_wiz_0/inst/clkfbout_design_2_clk_wiz_0_0           |            20.0 |
| dbg_hub/inst/BSCANID.u_xsdbm_id/SWITCH_N_EXT_BSCAN.bscan_inst/SERIES7_BSCAN.bscan_inst/TCK | dbg_hub/inst/BSCANID.u_xsdbm_id/SWITCH_N_EXT_BSCAN.bscan_inst/TCK |            33.0 |
| design_2_ZmodScopeController_0_2_ZmodDcoClk                                                | ZmodDcoClk_0                                                      |            10.0 |
| sys_clk_pin                                                                                | sys_clk                                                           |             8.0 |
+--------------------------------------------------------------------------------------------+-------------------------------------------------------------------+-----------------+


3. Detailed Reports
-------------------

3.1 By Hierarchy
----------------

+---------------------------+-----------+
| Name                      | Power (W) |
+---------------------------+-----------+
| design_2_wrapper          |     1.748 |
|   dbg_hub                 |     0.002 |
|     inst                  |     0.002 |
|       BSCANID.u_xsdbm_id  |     0.002 |
|   design_2_i              |     1.743 |
|     ZmodAWGController_0   |     0.005 |
|       U0                  |     0.005 |
|     ZmodScopeController_0 |     0.100 |
|       U0                  |     0.100 |
|     clk_wiz_0             |     0.105 |
|       inst                |     0.105 |
|     ila_0                 |     0.006 |
|       U0                  |     0.006 |
|     processing_system7_0  |     1.527 |
|       inst                |     1.527 |
+---------------------------+-----------+


