#-----------------------------------------------------------
# Vivado v2024.2 (64-bit)
# SW Build 5239630 on Fri Nov 08 22:35:27 MST 2024
# IP Build 5239520 on Sun Nov 10 16:12:51 MST 2024
# SharedData Build 5239561 on Fri Nov 08 14:39:27 MST 2024
# Start of session at: Wed Apr 22 16:47:50 2026
# Process ID         : 17724
# Current directory  : C:/Users/devandla/Desktop/Embedded-System-Project-DAT096/Board_2/Board_2
# Command line       : vivado.exe -gui_launcher_event rodinguilauncherevent11656 C:\Users\devandla\Desktop\Embedded-System-Project-DAT096\Board_2\Board_2\Board_2.xpr
# Log file           : C:/Users/devandla/Desktop/Embedded-System-Project-DAT096/Board_2/Board_2/vivado.log
# Journal file       : C:/Users/devandla/Desktop/Embedded-System-Project-DAT096/Board_2/Board_2\vivado.jou
# Running On         : FY-6302-12
# Platform           : Windows Server 2016 or Windows 10
# Operating System   : 26200
# Processor Detail   : Intel(R) Core(TM) i7-14700
# CPU Frequency      : 2112 MHz
# CPU Physical cores : 20
# CPU Logical cores  : 28
# Host memory        : 34031 MB
# Swap memory        : 5100 MB
# Total Virtual      : 39131 MB
# Available Virtual  : 27367 MB
#-----------------------------------------------------------
start_gui
open_project C:/Users/devandla/Desktop/Embedded-System-Project-DAT096/Board_2/Board_2/Board_2.xpr
WARNING: [filemgmt 56-3] IP Repository Path: Could not find the directory 'z:/DAT096/vivado-library-zmod-v2-2019.1-2/vivado-library-zmod-v2-2019.1-2'.
Scanning sources...
Finished scanning sources
INFO: [IP_Flow 19-234] Refreshing IP repositories
WARNING: [IP_Flow 19-2248] Failed to load user IP repository 'z:/DAT096/vivado-library-zmod-v2-2019.1-2/vivado-library-zmod-v2-2019.1-2'; Can't find the specified path.
If this directory should no longer be in your list of user repositories, go to the IP Settings dialog and remove it.
INFO: [IP_Flow 19-1700] Loaded user IP repository 'z:/embedded project/Eclypse-Z7-HW/Eclypse-Z7-HW.ipdefs/repo'.
INFO: [IP_Flow 19-1700] Loaded user IP repository 'z:/eda234/vivado-library-master'.
WARNING: [IP_Flow 19-3685] Ignored loading user repository 'z:/eda234/vivado-library-master/ip'. The path is contained within another repository.
INFO: [IP_Flow 19-2313] Loaded Vivado IP repository 'C:/Progs/Xilinx/Vivado/2024.2/data/ip'.
WARNING: [IP_Flow 19-1663] Duplicate IP found for 'digilent.com:user:ZmodAWGController:1.1'. The one found in IP location 'z:/embedded project/Eclypse-Z7-HW/Eclypse-Z7-HW.ipdefs/repo/vivado-library/ip/Zmods/ZmodAWGController' will take precedence over the same IP in location z:/eda234/vivado-library-master/ip/Zmods/ZmodAWGController
WARNING: [IP_Flow 19-1663] Duplicate IP found for 'digilent.com:user:ZmodScopeController:1.2'. The one found in IP location 'z:/embedded project/Eclypse-Z7-HW/Eclypse-Z7-HW.ipdefs/repo/vivado-library/ip/Zmods/ZmodScopeController' will take precedence over the same IP in location z:/eda234/vivado-library-master/ip/Zmods/ZmodScopeController
WARNING: [IP_Flow 19-4830] Duplicate Interface found for 'digilent.com:user:ZmodAWG_Calibration:1.0'. The one found in location 'z:/embedded project/Eclypse-Z7-HW/Eclypse-Z7-HW.ipdefs/repo/vivado-library/if/ZmodAWG_Calibration_v1_0/ZmodAWG_Calibration.xml' will take precedence over the same Interface in location 'z:/eda234/vivado-library-master/if/ZmodAWG_Calibration_v1_0/ZmodAWG_Calibration.xml'
WARNING: [IP_Flow 19-4830] Duplicate Interface found for 'natinst.com:user:ZmodScope_Calibration:1.0'. The one found in location 'z:/embedded project/Eclypse-Z7-HW/Eclypse-Z7-HW.ipdefs/repo/vivado-library/if/ZmodScope_Calibration_v1_0/ZmodScope_Calibration.xml' will take precedence over the same Interface in location 'z:/eda234/vivado-library-master/if/ZmodScope_Calibration_v1_0/ZmodScope_Calibration.xml'
INFO: [Project 1-5579] Found utility IPs instantiated in one or more block designs which have equivalent inline hdl with improved performance and reduced diskspace. It is recommended to migrate these utility IPs to inline hdl using the command upgrade_project -migrate_to_inline_hdl. The utility IPs may be deprecated in future releases. More information on inline hdl is available in UG994.
open_project: Time (s): cpu = 00:00:07 ; elapsed = 00:00:10 . Memory (MB): peak = 1263.059 ; gain = 145.484
update_compile_order -fileset sources_1
open_hw_manager
connect_hw_server -allow_non_jtag
INFO: [Labtools 27-2285] Connecting to hw_server url TCP:localhost:3121
INFO: [Labtools 27-3415] Connecting to cs_server url TCP:localhost:0
INFO: [Labtools 27-3417] Launching cs_server...
INFO: [Labtools 27-2221] Launch Output:


******** Xilinx cs_server v2024.2.0
  ****** Build date   : Oct 30 2024-19:19:07
    **** Build number : 2024.2.1730312347
      ** Copyright 2017-2022 Xilinx, Inc. All Rights Reserved.
      ** Copyright 2022-2026 Advanced Micro Devices, Inc. All Rights Reserved.



connect_hw_server: Time (s): cpu = 00:00:00 ; elapsed = 00:00:10 . Memory (MB): peak = 1313.824 ; gain = 6.613
open_hw_target
INFO: [Labtoolstcl 44-466] Opening hw_target localhost:3121/xilinx_tcf/Digilent/210393BB58A7A
set_property PROGRAM.FILE {C:/Users/devandla/Desktop/Embedded-System-Project-DAT096/Board_2/Board_2/Board_2.runs/impl_1/design_2_wrapper.bit} [get_hw_devices xc7z020_1]
set_property PROBES.FILE {C:/Users/devandla/Desktop/Embedded-System-Project-DAT096/Board_2/Board_2/Board_2.runs/impl_1/design_2_wrapper.ltx} [get_hw_devices xc7z020_1]
set_property FULL_PROBES.FILE {C:/Users/devandla/Desktop/Embedded-System-Project-DAT096/Board_2/Board_2/Board_2.runs/impl_1/design_2_wrapper.ltx} [get_hw_devices xc7z020_1]
current_hw_device [get_hw_devices xc7z020_1]
refresh_hw_device [lindex [get_hw_devices xc7z020_1] 0]
INFO: [Labtools 27-2302] Device xc7z020 (JTAG device index = 1) is programmed with a design that has 1 ILA core(s).
display_hw_ila_data [ get_hw_ila_data hw_ila_data_1 -of_objects [get_hw_ilas -of_objects [get_hw_devices xc7z020_1] -filter {CELL_NAME=~"design_2_i/ila_0"}]]
save_wave_config {C:/Users/devandla/Desktop/Embedded-System-Project-DAT096/Board_2/Board_2/Board_2.hw/hw_1/wave/hw_ila_data_1/hw_ila_data_1.wcfg}
close_hw_target {localhost:3121/xilinx_tcf/Digilent/210393BB58A7A}
INFO: [Labtoolstcl 44-464] Closing hw_target localhost:3121/xilinx_tcf/Digilent/210393BB58A7A
open_hw_target {localhost:3121/xilinx_tcf/Digilent/210393BB58C1A}
INFO: [Labtoolstcl 44-466] Opening hw_target localhost:3121/xilinx_tcf/Digilent/210393BB58C1A
set_property PROGRAM.FILE {C:/Users/devandla/Desktop/Embedded-System-Project-DAT096/Board_2/Board_2/Board_2.runs/impl_1/design_2_wrapper.bit} [get_hw_devices xc7z020_1_1]
set_property PROBES.FILE {C:/Users/devandla/Desktop/Embedded-System-Project-DAT096/Board_2/Board_2/Board_2.runs/impl_1/design_2_wrapper.ltx} [get_hw_devices xc7z020_1_1]
set_property FULL_PROBES.FILE {C:/Users/devandla/Desktop/Embedded-System-Project-DAT096/Board_2/Board_2/Board_2.runs/impl_1/design_2_wrapper.ltx} [get_hw_devices xc7z020_1_1]
current_hw_device [get_hw_devices xc7z020_1_1]
refresh_hw_device [lindex [get_hw_devices xc7z020_1_1] 0]
INFO: [Labtools 27-1434] Device xc7z020 (JTAG device index = 1) is programmed with a design that has no supported debug core(s) in it.
WARNING: [Labtools 27-3361] The debug hub core was not detected.
Resolution: 
1. Make sure the clock connected to the debug hub (dbg_hub) core is a free running clock and is active.
2. Make sure the BSCAN_SWITCH_USER_MASK device property in Vivado Hardware Manager reflects the user scan chain setting in the design and refresh the device.  To determine the user scan chain setting in the design, open the implemented design and use 'get_property C_USER_SCAN_CHAIN [get_debug_cores dbg_hub]'.
For more details on setting the scan chain property, consult the Vivado Debug and Programming User Guide (UG908).
WARNING: [Labtools 27-3413] Dropping logic core with cellname:'design_2_i/ila_0' at location 'uuid_F2A5A0E152865171A222BF15ACEC5622' from probes file, since it cannot be found on the programmed device.
set_property PROBES.FILE {C:/Users/devandla/Desktop/Embedded-System-Project-DAT096/Board_2/Board_2/Board_2.runs/impl_1/design_2_wrapper.ltx} [get_hw_devices xc7z020_1_1]
set_property FULL_PROBES.FILE {C:/Users/devandla/Desktop/Embedded-System-Project-DAT096/Board_2/Board_2/Board_2.runs/impl_1/design_2_wrapper.ltx} [get_hw_devices xc7z020_1_1]
set_property PROGRAM.FILE {C:/Users/devandla/Desktop/Embedded-System-Project-DAT096/Board_2/Board_2/Board_2.runs/impl_1/design_2_wrapper.bit} [get_hw_devices xc7z020_1_1]
program_hw_devices [get_hw_devices xc7z020_1_1]
INFO: [Labtools 27-3164] End of startup status: HIGH
refresh_hw_device [lindex [get_hw_devices xc7z020_1_1] 0]
INFO: [Labtools 27-2302] Device xc7z020 (JTAG device index = 1) is programmed with a design that has 1 ILA core(s).
display_hw_ila_data [ get_hw_ila_data hw_ila_data_1 -of_objects [get_hw_ilas -of_objects [get_hw_devices xc7z020_1_1] -filter {CELL_NAME=~"design_2_i/ila_0"}]]
run_hw_ila [get_hw_ilas -of_objects [get_hw_devices xc7z020_1_1] -filter {CELL_NAME=~"design_2_i/ila_0"}]
INFO: [Labtools 27-1964] The ILA core 'hw_ila_1' trigger was armed at 2026-Apr-22 16:50:41
wait_on_hw_ila [get_hw_ilas -of_objects [get_hw_devices xc7z020_1_1] -filter {CELL_NAME=~"design_2_i/ila_0"}]
display_hw_ila_data [upload_hw_ila_data [get_hw_ilas -of_objects [get_hw_devices xc7z020_1_1] -filter {CELL_NAME=~"design_2_i/ila_0"}]]
INFO: [Labtools 27-1966] The ILA core 'hw_ila_1' triggered at 2026-Apr-22 16:50:41
INFO: [Labtools 27-3304] ILA Waveform data saved to file C:/Users/devandla/Desktop/Embedded-System-Project-DAT096/Board_2/Board_2/Board_2.hw/backup/hw_ila_data_1.ila. Use Tcl command 'read_hw_ila_data' or Vivado File->Import->Import ILA Data menu item to import the previously saved data.
run_hw_ila [get_hw_ilas -of_objects [get_hw_devices xc7z020_1_1] -filter {CELL_NAME=~"design_2_i/ila_0"}]
INFO: [Labtools 27-1964] The ILA core 'hw_ila_1' trigger was armed at 2026-Apr-22 16:50:44
wait_on_hw_ila [get_hw_ilas -of_objects [get_hw_devices xc7z020_1_1] -filter {CELL_NAME=~"design_2_i/ila_0"}]
display_hw_ila_data [upload_hw_ila_data [get_hw_ilas -of_objects [get_hw_devices xc7z020_1_1] -filter {CELL_NAME=~"design_2_i/ila_0"}]]
INFO: [Labtools 27-1966] The ILA core 'hw_ila_1' triggered at 2026-Apr-22 16:50:44
INFO: [Labtools 27-3304] ILA Waveform data saved to file C:/Users/devandla/Desktop/Embedded-System-Project-DAT096/Board_2/Board_2/Board_2.hw/backup/hw_ila_data_1.ila. Use Tcl command 'read_hw_ila_data' or Vivado File->Import->Import ILA Data menu item to import the previously saved data.
run_hw_ila [get_hw_ilas -of_objects [get_hw_devices xc7z020_1_1] -filter {CELL_NAME=~"design_2_i/ila_0"}]
INFO: [Labtools 27-1964] The ILA core 'hw_ila_1' trigger was armed at 2026-Apr-22 16:51:46
wait_on_hw_ila [get_hw_ilas -of_objects [get_hw_devices xc7z020_1_1] -filter {CELL_NAME=~"design_2_i/ila_0"}]
display_hw_ila_data [upload_hw_ila_data [get_hw_ilas -of_objects [get_hw_devices xc7z020_1_1] -filter {CELL_NAME=~"design_2_i/ila_0"}]]
INFO: [Labtools 27-1966] The ILA core 'hw_ila_1' triggered at 2026-Apr-22 16:51:46
INFO: [Labtools 27-3304] ILA Waveform data saved to file C:/Users/devandla/Desktop/Embedded-System-Project-DAT096/Board_2/Board_2/Board_2.hw/backup/hw_ila_data_1.ila. Use Tcl command 'read_hw_ila_data' or Vivado File->Import->Import ILA Data menu item to import the previously saved data.
run_hw_ila [get_hw_ilas -of_objects [get_hw_devices xc7z020_1_1] -filter {CELL_NAME=~"design_2_i/ila_0"}]
INFO: [Labtools 27-1964] The ILA core 'hw_ila_1' trigger was armed at 2026-Apr-22 16:52:03
wait_on_hw_ila [get_hw_ilas -of_objects [get_hw_devices xc7z020_1_1] -filter {CELL_NAME=~"design_2_i/ila_0"}]
display_hw_ila_data [upload_hw_ila_data [get_hw_ilas -of_objects [get_hw_devices xc7z020_1_1] -filter {CELL_NAME=~"design_2_i/ila_0"}]]
INFO: [Labtools 27-1966] The ILA core 'hw_ila_1' triggered at 2026-Apr-22 16:52:03
INFO: [Labtools 27-3304] ILA Waveform data saved to file C:/Users/devandla/Desktop/Embedded-System-Project-DAT096/Board_2/Board_2/Board_2.hw/backup/hw_ila_data_1.ila. Use Tcl command 'read_hw_ila_data' or Vivado File->Import->Import ILA Data menu item to import the previously saved data.
save_wave_config {C:/Users/devandla/Desktop/Embedded-System-Project-DAT096/Board_2/Board_2/Board_2.hw/hw_1/wave/hw_ila_data_1/hw_ila_data_1.wcfg}
close_hw_manager
exit
INFO: [Common 17-206] Exiting Vivado at Wed Apr 22 17:17:37 2026...
