Copyright 1986-2022 Xilinx, Inc. All Rights Reserved. Copyright 2022-2024 Advanced Micro Devices, Inc. All Rights Reserved.
---------------------------------------------------------------------------------------------------------------------------------------------
| Tool Version : Vivado v.2024.2 (win64) Build 5239630 Fri Nov 08 22:35:27 MST 2024
| Date         : Tue Mar 10 11:50:42 2026
| Host         : FY-6302-05 running 64-bit major release  (build 9200)
| Command      : report_drc -file top_awgn_drc_opted.rpt -pb top_awgn_drc_opted.pb -rpx top_awgn_drc_opted.rpx
| Design       : top_awgn
| Device       : xc7z020clg484-1
| Speed File   : -1
| Design State : Synthesized
---------------------------------------------------------------------------------------------------------------------------------------------

Report DRC

Table of Contents
-----------------
1. REPORT SUMMARY
2. REPORT DETAILS

1. REPORT SUMMARY
-----------------
            Netlist: netlist
          Floorplan: design_1
      Design limits: <entire design considered>
           Ruledeck: default
             Max checks: <unlimited>
             Checks found: 12
+--------+----------+------------------------+--------+
| Rule   | Severity | Description            | Checks |
+--------+----------+------------------------+--------+
| DPOP-1 | Warning  | PREG Output pipelining | 3      |
| DPOP-2 | Warning  | MREG Output pipelining | 8      |
| ZPS7-1 | Warning  | PS7 block required     | 1      |
+--------+----------+------------------------+--------+

2. REPORT DETAILS
-----------------
DPOP-1#1 Warning
PREG Output pipelining  
DSP u_awgn/u_GaussianNoiseWithUnitVar/u_SqrtImplementation/u_SqrtEval/u_FunctionEvaluation/Product_mul_temp output u_awgn/u_GaussianNoiseWithUnitVar/u_SqrtImplementation/u_SqrtEval/u_FunctionEvaluation/Product_mul_temp/P[47:0] is not pipelined (PREG=0). Pipelining the DSP48 output will improve performance and often saves power so it is suggested whenever possible to fully pipeline this function.  If this DSP48 function was inferred, it is suggested to describe an additional register stage after this function.  If the DSP48 was instantiated in the design, it is suggested to set the PREG attribute to 1.
Related violations: <none>

DPOP-1#2 Warning
PREG Output pipelining  
DSP u_awgn/u_GaussianNoiseWithUnitVar/u_logImplementation/u_log/u_RangeReconstruction/Product_mul_temp output u_awgn/u_GaussianNoiseWithUnitVar/u_logImplementation/u_log/u_RangeReconstruction/Product_mul_temp/P[47:0] is not pipelined (PREG=0). Pipelining the DSP48 output will improve performance and often saves power so it is suggested whenever possible to fully pipeline this function.  If this DSP48 function was inferred, it is suggested to describe an additional register stage after this function.  If the DSP48 was instantiated in the design, it is suggested to set the PREG attribute to 1.
Related violations: <none>

DPOP-1#3 Warning
PREG Output pipelining  
DSP u_awgn/u_dBtoLinearConverter/Gain_out1 output u_awgn/u_dBtoLinearConverter/Gain_out1/P[47:0] is not pipelined (PREG=0). Pipelining the DSP48 output will improve performance and often saves power so it is suggested whenever possible to fully pipeline this function.  If this DSP48 function was inferred, it is suggested to describe an additional register stage after this function.  If the DSP48 was instantiated in the design, it is suggested to set the PREG attribute to 1.
Related violations: <none>

DPOP-2#1 Warning
MREG Output pipelining  
DSP u_awgn/u_GaussianNoiseWithUnitVar/u_SqrtImplementation/u_SqrtEval/u_FunctionEvaluation/Delay24_out1_reg multiplier stage u_awgn/u_GaussianNoiseWithUnitVar/u_SqrtImplementation/u_SqrtEval/u_FunctionEvaluation/Delay24_out1_reg/P[47:0] is not pipelined (MREG=0). Pipelining the multiplier function will improve performance and will save significant power so it is suggested whenever possible to fully pipeline this function.  If this multiplier was inferred, it is suggested to describe an additional register stage after this function.  If there is no registered adder/accumulator following the multiply function, two pipeline stages are suggested to allow both the MREG and PREG registers to be used.  If the DSP48 was instantiated in the design, it is suggested to set both the MREG and PREG attributes to 1 when performing multiply functions.
Related violations: <none>

DPOP-2#2 Warning
MREG Output pipelining  
DSP u_awgn/u_GaussianNoiseWithUnitVar/u_SqrtImplementation/u_SqrtEval/u_FunctionEvaluation/Delay27_out1_reg multiplier stage u_awgn/u_GaussianNoiseWithUnitVar/u_SqrtImplementation/u_SqrtEval/u_FunctionEvaluation/Delay27_out1_reg/P[47:0] is not pipelined (MREG=0). Pipelining the multiplier function will improve performance and will save significant power so it is suggested whenever possible to fully pipeline this function.  If this multiplier was inferred, it is suggested to describe an additional register stage after this function.  If there is no registered adder/accumulator following the multiply function, two pipeline stages are suggested to allow both the MREG and PREG registers to be used.  If the DSP48 was instantiated in the design, it is suggested to set both the MREG and PREG attributes to 1 when performing multiply functions.
Related violations: <none>

DPOP-2#3 Warning
MREG Output pipelining  
DSP u_awgn/u_GaussianNoiseWithUnitVar/u_SqrtImplementation/u_SqrtEval/u_FunctionEvaluation/Product_mul_temp multiplier stage u_awgn/u_GaussianNoiseWithUnitVar/u_SqrtImplementation/u_SqrtEval/u_FunctionEvaluation/Product_mul_temp/P[47:0] is not pipelined (MREG=0). Pipelining the multiplier function will improve performance and will save significant power so it is suggested whenever possible to fully pipeline this function.  If this multiplier was inferred, it is suggested to describe an additional register stage after this function.  If there is no registered adder/accumulator following the multiply function, two pipeline stages are suggested to allow both the MREG and PREG registers to be used.  If the DSP48 was instantiated in the design, it is suggested to set both the MREG and PREG attributes to 1 when performing multiply functions.
Related violations: <none>

DPOP-2#4 Warning
MREG Output pipelining  
DSP u_awgn/u_GaussianNoiseWithUnitVar/u_logImplementation/u_log/u_FunctionEvaluation/Delay13_out1_reg multiplier stage u_awgn/u_GaussianNoiseWithUnitVar/u_logImplementation/u_log/u_FunctionEvaluation/Delay13_out1_reg/P[47:0] is not pipelined (MREG=0). Pipelining the multiplier function will improve performance and will save significant power so it is suggested whenever possible to fully pipeline this function.  If this multiplier was inferred, it is suggested to describe an additional register stage after this function.  If there is no registered adder/accumulator following the multiply function, two pipeline stages are suggested to allow both the MREG and PREG registers to be used.  If the DSP48 was instantiated in the design, it is suggested to set both the MREG and PREG attributes to 1 when performing multiply functions.
Related violations: <none>

DPOP-2#5 Warning
MREG Output pipelining  
DSP u_awgn/u_GaussianNoiseWithUnitVar/u_logImplementation/u_log/u_FunctionEvaluation/Delay2_out1_reg multiplier stage u_awgn/u_GaussianNoiseWithUnitVar/u_logImplementation/u_log/u_FunctionEvaluation/Delay2_out1_reg/P[47:0] is not pipelined (MREG=0). Pipelining the multiplier function will improve performance and will save significant power so it is suggested whenever possible to fully pipeline this function.  If this multiplier was inferred, it is suggested to describe an additional register stage after this function.  If there is no registered adder/accumulator following the multiply function, two pipeline stages are suggested to allow both the MREG and PREG registers to be used.  If the DSP48 was instantiated in the design, it is suggested to set both the MREG and PREG attributes to 1 when performing multiply functions.
Related violations: <none>

DPOP-2#6 Warning
MREG Output pipelining  
DSP u_awgn/u_GaussianNoiseWithUnitVar/u_logImplementation/u_log/u_RangeReconstruction/Delay2_out1_reg multiplier stage u_awgn/u_GaussianNoiseWithUnitVar/u_logImplementation/u_log/u_RangeReconstruction/Delay2_out1_reg/P[47:0] is not pipelined (MREG=0). Pipelining the multiplier function will improve performance and will save significant power so it is suggested whenever possible to fully pipeline this function.  If this multiplier was inferred, it is suggested to describe an additional register stage after this function.  If there is no registered adder/accumulator following the multiply function, two pipeline stages are suggested to allow both the MREG and PREG registers to be used.  If the DSP48 was instantiated in the design, it is suggested to set both the MREG and PREG attributes to 1 when performing multiply functions.
Related violations: <none>

DPOP-2#7 Warning
MREG Output pipelining  
DSP u_awgn/u_GaussianNoiseWithUnitVar/u_logImplementation/u_log/u_RangeReconstruction/Product_mul_temp multiplier stage u_awgn/u_GaussianNoiseWithUnitVar/u_logImplementation/u_log/u_RangeReconstruction/Product_mul_temp/P[47:0] is not pipelined (MREG=0). Pipelining the multiplier function will improve performance and will save significant power so it is suggested whenever possible to fully pipeline this function.  If this multiplier was inferred, it is suggested to describe an additional register stage after this function.  If there is no registered adder/accumulator following the multiply function, two pipeline stages are suggested to allow both the MREG and PREG registers to be used.  If the DSP48 was instantiated in the design, it is suggested to set both the MREG and PREG attributes to 1 when performing multiply functions.
Related violations: <none>

DPOP-2#8 Warning
MREG Output pipelining  
DSP u_awgn/u_dBtoLinearConverter/Gain_out1 multiplier stage u_awgn/u_dBtoLinearConverter/Gain_out1/P[47:0] is not pipelined (MREG=0). Pipelining the multiplier function will improve performance and will save significant power so it is suggested whenever possible to fully pipeline this function.  If this multiplier was inferred, it is suggested to describe an additional register stage after this function.  If there is no registered adder/accumulator following the multiply function, two pipeline stages are suggested to allow both the MREG and PREG registers to be used.  If the DSP48 was instantiated in the design, it is suggested to set both the MREG and PREG attributes to 1 when performing multiply functions.
Related violations: <none>

ZPS7-1#1 Warning
PS7 block required  
The PS7 cell must be used in this Zynq design in order to enable correct default configuration.
Related violations: <none>


