Copyright 1986-2022 Xilinx, Inc. All Rights Reserved. Copyright 2022-2024 Advanced Micro Devices, Inc. All Rights Reserved.
---------------------------------------------------------------------------------------------------------------------------------------------
| Tool Version : Vivado v.2024.2 (win64) Build 5239630 Fri Nov 08 22:35:27 MST 2024
| Date         : Tue Mar 10 11:51:47 2026
| Host         : FY-6302-05 running 64-bit major release  (build 9200)
| Command      : report_drc -file top_awgn_drc_routed.rpt -pb top_awgn_drc_routed.pb -rpx top_awgn_drc_routed.rpx
| Design       : top_awgn
| Device       : xc7z020clg484-1
| Speed File   : -1
| Design State : Fully Routed
---------------------------------------------------------------------------------------------------------------------------------------------

Report DRC

Table of Contents
-----------------
1. REPORT SUMMARY
2. REPORT DETAILS

1. REPORT SUMMARY
-----------------
            Netlist: netlist
          Floorplan: design_1
      Design limits: <entire design considered>
           Ruledeck: default
             Max checks: <unlimited>
             Checks found: 22
+----------+----------+----------------------------+--------+
| Rule     | Severity | Description                | Checks |
+----------+----------+----------------------------+--------+
| DPOP-1   | Warning  | PREG Output pipelining     | 3      |
| DPOP-2   | Warning  | MREG Output pipelining     | 8      |
| PDRC-136 | Warning  | SLICE_PairEqSame_C6C5_WARN | 1      |
| PDRC-138 | Warning  | SLICE_PairEqSame_D6D5_WARN | 5      |
| PDRC-142 | Warning  | SLICE_PairEqSame_B6B5_WARN | 1      |
| PDRC-144 | Warning  | SLICE_PairEqSame_C6C5_WARN | 1      |
| PDRC-146 | Warning  | SLICE_PairEqSame_D6D5_WARN | 2      |
| ZPS7-1   | Warning  | PS7 block required         | 1      |
+----------+----------+----------------------------+--------+

2. REPORT DETAILS
-----------------
DPOP-1#1 Warning
PREG Output pipelining  
DSP u_awgn/u_GaussianNoiseWithUnitVar/u_SqrtImplementation/u_SqrtEval/u_FunctionEvaluation/Product_mul_temp output u_awgn/u_GaussianNoiseWithUnitVar/u_SqrtImplementation/u_SqrtEval/u_FunctionEvaluation/Product_mul_temp/P[47:0] is not pipelined (PREG=0). Pipelining the DSP48 output will improve performance and often saves power so it is suggested whenever possible to fully pipeline this function.  If this DSP48 function was inferred, it is suggested to describe an additional register stage after this function.  If the DSP48 was instantiated in the design, it is suggested to set the PREG attribute to 1.
Related violations: <none>

DPOP-1#2 Warning
PREG Output pipelining  
DSP u_awgn/u_GaussianNoiseWithUnitVar/u_logImplementation/u_log/u_RangeReconstruction/Product_mul_temp output u_awgn/u_GaussianNoiseWithUnitVar/u_logImplementation/u_log/u_RangeReconstruction/Product_mul_temp/P[47:0] is not pipelined (PREG=0). Pipelining the DSP48 output will improve performance and often saves power so it is suggested whenever possible to fully pipeline this function.  If this DSP48 function was inferred, it is suggested to describe an additional register stage after this function.  If the DSP48 was instantiated in the design, it is suggested to set the PREG attribute to 1.
Related violations: <none>

DPOP-1#3 Warning
PREG Output pipelining  
DSP u_awgn/u_dBtoLinearConverter/Gain_out1 output u_awgn/u_dBtoLinearConverter/Gain_out1/P[47:0] is not pipelined (PREG=0). Pipelining the DSP48 output will improve performance and often saves power so it is suggested whenever possible to fully pipeline this function.  If this DSP48 function was inferred, it is suggested to describe an additional register stage after this function.  If the DSP48 was instantiated in the design, it is suggested to set the PREG attribute to 1.
Related violations: <none>

DPOP-2#1 Warning
MREG Output pipelining  
DSP u_awgn/u_GaussianNoiseWithUnitVar/u_SqrtImplementation/u_SqrtEval/u_FunctionEvaluation/Delay24_out1_reg multiplier stage u_awgn/u_GaussianNoiseWithUnitVar/u_SqrtImplementation/u_SqrtEval/u_FunctionEvaluation/Delay24_out1_reg/P[47:0] is not pipelined (MREG=0). Pipelining the multiplier function will improve performance and will save significant power so it is suggested whenever possible to fully pipeline this function.  If this multiplier was inferred, it is suggested to describe an additional register stage after this function.  If there is no registered adder/accumulator following the multiply function, two pipeline stages are suggested to allow both the MREG and PREG registers to be used.  If the DSP48 was instantiated in the design, it is suggested to set both the MREG and PREG attributes to 1 when performing multiply functions.
Related violations: <none>

DPOP-2#2 Warning
MREG Output pipelining  
DSP u_awgn/u_GaussianNoiseWithUnitVar/u_SqrtImplementation/u_SqrtEval/u_FunctionEvaluation/Delay27_out1_reg multiplier stage u_awgn/u_GaussianNoiseWithUnitVar/u_SqrtImplementation/u_SqrtEval/u_FunctionEvaluation/Delay27_out1_reg/P[47:0] is not pipelined (MREG=0). Pipelining the multiplier function will improve performance and will save significant power so it is suggested whenever possible to fully pipeline this function.  If this multiplier was inferred, it is suggested to describe an additional register stage after this function.  If there is no registered adder/accumulator following the multiply function, two pipeline stages are suggested to allow both the MREG and PREG registers to be used.  If the DSP48 was instantiated in the design, it is suggested to set both the MREG and PREG attributes to 1 when performing multiply functions.
Related violations: <none>

DPOP-2#3 Warning
MREG Output pipelining  
DSP u_awgn/u_GaussianNoiseWithUnitVar/u_SqrtImplementation/u_SqrtEval/u_FunctionEvaluation/Product_mul_temp multiplier stage u_awgn/u_GaussianNoiseWithUnitVar/u_SqrtImplementation/u_SqrtEval/u_FunctionEvaluation/Product_mul_temp/P[47:0] is not pipelined (MREG=0). Pipelining the multiplier function will improve performance and will save significant power so it is suggested whenever possible to fully pipeline this function.  If this multiplier was inferred, it is suggested to describe an additional register stage after this function.  If there is no registered adder/accumulator following the multiply function, two pipeline stages are suggested to allow both the MREG and PREG registers to be used.  If the DSP48 was instantiated in the design, it is suggested to set both the MREG and PREG attributes to 1 when performing multiply functions.
Related violations: <none>

DPOP-2#4 Warning
MREG Output pipelining  
DSP u_awgn/u_GaussianNoiseWithUnitVar/u_logImplementation/u_log/u_FunctionEvaluation/Delay13_out1_reg multiplier stage u_awgn/u_GaussianNoiseWithUnitVar/u_logImplementation/u_log/u_FunctionEvaluation/Delay13_out1_reg/P[47:0] is not pipelined (MREG=0). Pipelining the multiplier function will improve performance and will save significant power so it is suggested whenever possible to fully pipeline this function.  If this multiplier was inferred, it is suggested to describe an additional register stage after this function.  If there is no registered adder/accumulator following the multiply function, two pipeline stages are suggested to allow both the MREG and PREG registers to be used.  If the DSP48 was instantiated in the design, it is suggested to set both the MREG and PREG attributes to 1 when performing multiply functions.
Related violations: <none>

DPOP-2#5 Warning
MREG Output pipelining  
DSP u_awgn/u_GaussianNoiseWithUnitVar/u_logImplementation/u_log/u_FunctionEvaluation/Delay2_out1_reg multiplier stage u_awgn/u_GaussianNoiseWithUnitVar/u_logImplementation/u_log/u_FunctionEvaluation/Delay2_out1_reg/P[47:0] is not pipelined (MREG=0). Pipelining the multiplier function will improve performance and will save significant power so it is suggested whenever possible to fully pipeline this function.  If this multiplier was inferred, it is suggested to describe an additional register stage after this function.  If there is no registered adder/accumulator following the multiply function, two pipeline stages are suggested to allow both the MREG and PREG registers to be used.  If the DSP48 was instantiated in the design, it is suggested to set both the MREG and PREG attributes to 1 when performing multiply functions.
Related violations: <none>

DPOP-2#6 Warning
MREG Output pipelining  
DSP u_awgn/u_GaussianNoiseWithUnitVar/u_logImplementation/u_log/u_RangeReconstruction/Delay2_out1_reg multiplier stage u_awgn/u_GaussianNoiseWithUnitVar/u_logImplementation/u_log/u_RangeReconstruction/Delay2_out1_reg/P[47:0] is not pipelined (MREG=0). Pipelining the multiplier function will improve performance and will save significant power so it is suggested whenever possible to fully pipeline this function.  If this multiplier was inferred, it is suggested to describe an additional register stage after this function.  If there is no registered adder/accumulator following the multiply function, two pipeline stages are suggested to allow both the MREG and PREG registers to be used.  If the DSP48 was instantiated in the design, it is suggested to set both the MREG and PREG attributes to 1 when performing multiply functions.
Related violations: <none>

DPOP-2#7 Warning
MREG Output pipelining  
DSP u_awgn/u_GaussianNoiseWithUnitVar/u_logImplementation/u_log/u_RangeReconstruction/Product_mul_temp multiplier stage u_awgn/u_GaussianNoiseWithUnitVar/u_logImplementation/u_log/u_RangeReconstruction/Product_mul_temp/P[47:0] is not pipelined (MREG=0). Pipelining the multiplier function will improve performance and will save significant power so it is suggested whenever possible to fully pipeline this function.  If this multiplier was inferred, it is suggested to describe an additional register stage after this function.  If there is no registered adder/accumulator following the multiply function, two pipeline stages are suggested to allow both the MREG and PREG registers to be used.  If the DSP48 was instantiated in the design, it is suggested to set both the MREG and PREG attributes to 1 when performing multiply functions.
Related violations: <none>

DPOP-2#8 Warning
MREG Output pipelining  
DSP u_awgn/u_dBtoLinearConverter/Gain_out1 multiplier stage u_awgn/u_dBtoLinearConverter/Gain_out1/P[47:0] is not pipelined (MREG=0). Pipelining the multiplier function will improve performance and will save significant power so it is suggested whenever possible to fully pipeline this function.  If this multiplier was inferred, it is suggested to describe an additional register stage after this function.  If there is no registered adder/accumulator following the multiply function, two pipeline stages are suggested to allow both the MREG and PREG registers to be used.  If the DSP48 was instantiated in the design, it is suggested to set both the MREG and PREG attributes to 1 when performing multiply functions.
Related violations: <none>

PDRC-136#1 Warning
SLICE_PairEqSame_C6C5_WARN  
Luts C6LUT and C5LUT in use in site SLICE_X105Y111 with different equations without A6 pin connected to Global Logic High.
Related violations: <none>

PDRC-138#1 Warning
SLICE_PairEqSame_D6D5_WARN  
Luts D6LUT and D5LUT in use in site SLICE_X83Y93 with different equations without A6 pin connected to Global Logic High.
Related violations: <none>

PDRC-138#2 Warning
SLICE_PairEqSame_D6D5_WARN  
Luts D6LUT and D5LUT in use in site SLICE_X84Y94 with different equations without A6 pin connected to Global Logic High.
Related violations: <none>

PDRC-138#3 Warning
SLICE_PairEqSame_D6D5_WARN  
Luts D6LUT and D5LUT in use in site SLICE_X85Y94 with different equations without A6 pin connected to Global Logic High.
Related violations: <none>

PDRC-138#4 Warning
SLICE_PairEqSame_D6D5_WARN  
Luts D6LUT and D5LUT in use in site SLICE_X87Y94 with different equations without A6 pin connected to Global Logic High.
Related violations: <none>

PDRC-138#5 Warning
SLICE_PairEqSame_D6D5_WARN  
Luts D6LUT and D5LUT in use in site SLICE_X88Y93 with different equations without A6 pin connected to Global Logic High.
Related violations: <none>

PDRC-142#1 Warning
SLICE_PairEqSame_B6B5_WARN  
Luts B6LUT and B5LUT in use in site SLICE_X50Y84 with different equations without A6 pin connected to Global Logic High.
Related violations: <none>

PDRC-144#1 Warning
SLICE_PairEqSame_C6C5_WARN  
Luts C6LUT and C5LUT in use in site SLICE_X50Y84 with different equations without A6 pin connected to Global Logic High.
Related violations: <none>

PDRC-146#1 Warning
SLICE_PairEqSame_D6D5_WARN  
Luts D6LUT and D5LUT in use in site SLICE_X50Y84 with different equations without A6 pin connected to Global Logic High.
Related violations: <none>

PDRC-146#2 Warning
SLICE_PairEqSame_D6D5_WARN  
Luts D6LUT and D5LUT in use in site SLICE_X90Y76 with different equations without A6 pin connected to Global Logic High.
Related violations: <none>

ZPS7-1#1 Warning
PS7 block required  
The PS7 cell must be used in this Zynq design in order to enable correct default configuration.
Related violations: <none>


