Copyright 1986-2022 Xilinx, Inc. All Rights Reserved. Copyright 2022-2024 Advanced Micro Devices, Inc. All Rights Reserved.
--------------------------------------------------------------------------------------------------------------------------------------------------------------
| Tool Version : Vivado v.2024.2 (win64) Build 5239630 Fri Nov 08 22:35:27 MST 2024
| Date         : Tue Mar 10 11:51:50 2026
| Host         : FY-6302-05 running 64-bit major release  (build 9200)
| Command      : report_methodology -file top_awgn_methodology_drc_routed.rpt -pb top_awgn_methodology_drc_routed.pb -rpx top_awgn_methodology_drc_routed.rpx
| Design       : top_awgn
| Device       : xc7z020clg484-1
| Speed File   : -1
| Design State : Fully Routed
--------------------------------------------------------------------------------------------------------------------------------------------------------------

Report Methodology

Table of Contents
-----------------
1. REPORT SUMMARY
2. REPORT DETAILS

1. REPORT SUMMARY
-----------------
            Netlist: netlist
          Floorplan: design_1
      Design limits: <entire design considered>
             Max checks: <unlimited>
             Checks found: 52
+-----------+----------+--------------------------------------------+--------+
| Rule      | Severity | Description                                | Checks |
+-----------+----------+--------------------------------------------+--------+
| SYNTH-6   | Warning  | Timing of a RAM block might be sub-optimal | 3      |
| TIMING-16 | Warning  | Large setup violation                      | 31     |
| TIMING-18 | Warning  | Missing input or output delay              | 18     |
+-----------+----------+--------------------------------------------+--------+

2. REPORT DETAILS
-----------------
SYNTH-6#1 Warning
Timing of a RAM block might be sub-optimal  
The timing for the instance u_awgn/Delay_reg_reg[0], implemented as a RAM block, might be sub-optimal as no output register was merged into the block.
Related violations: <none>

SYNTH-6#2 Warning
Timing of a RAM block might be sub-optimal  
The timing for the instance u_awgn/u_GaussianNoiseWithUnitVar/u_logImplementation/u_log/u_FunctionEvaluation/Delay1_reg_reg[0], implemented as a RAM block, might be sub-optimal as no output register was merged into the block.
Related violations: <none>

SYNTH-6#3 Warning
Timing of a RAM block might be sub-optimal  
The timing for the instance u_awgn/u_GaussianNoiseWithUnitVar/u_logImplementation/u_log/u_FunctionEvaluation/Delay5_reg_reg[0], implemented as a RAM block, might be sub-optimal as no output register was merged into the block.
Related violations: <none>

TIMING-16#1 Warning
Large setup violation  
There is a large setup violation of -1.291 ns between u_awgn/u_GaussianNoiseWithUnitVar/u_SinCos/Delay2_out1_reg[8]/C (clocked by sys_clk_pin) and u_awgn/u_GaussianNoiseWithUnitVar/Delay11_reg_reg[4][0]_srl27___u_awgn_u_GaussianNoiseWithReqVar_Delay1_reg_reg_r_23/D (clocked by sys_clk_pin). Large setup violations at the end of those stages might be difficult to fix during the post-placement implementation flow and could be the result of non-optimal XDC constraints or non-optimal design architecture
Related violations: <none>

TIMING-16#2 Warning
Large setup violation  
There is a large setup violation of -1.535 ns between u_awgn/u_GaussianNoiseWithUnitVar/u_SinCos/Delay2_out1_reg[9]/C (clocked by sys_clk_pin) and u_awgn/u_GaussianNoiseWithUnitVar/Delay10_reg_reg[4][9]_srl27___u_awgn_u_GaussianNoiseWithReqVar_Delay1_reg_reg_r_23_srlopt/D (clocked by sys_clk_pin). Large setup violations at the end of those stages might be difficult to fix during the post-placement implementation flow and could be the result of non-optimal XDC constraints or non-optimal design architecture
Related violations: <none>

TIMING-16#3 Warning
Large setup violation  
There is a large setup violation of -1.538 ns between u_awgn/u_GaussianNoiseWithUnitVar/u_SinCos/Delay2_out1_reg[9]/C (clocked by sys_clk_pin) and u_awgn/u_GaussianNoiseWithUnitVar/Delay10_reg_reg[4][11]_srl27___u_awgn_u_GaussianNoiseWithReqVar_Delay1_reg_reg_r_23_srlopt/D (clocked by sys_clk_pin). Large setup violations at the end of those stages might be difficult to fix during the post-placement implementation flow and could be the result of non-optimal XDC constraints or non-optimal design architecture
Related violations: <none>

TIMING-16#4 Warning
Large setup violation  
There is a large setup violation of -1.629 ns between u_awgn/u_GaussianNoiseWithUnitVar/u_SinCos/Delay2_out1_reg[9]/C (clocked by sys_clk_pin) and u_awgn/u_GaussianNoiseWithUnitVar/Delay10_reg_reg[4][6]_srl27___u_awgn_u_GaussianNoiseWithReqVar_Delay1_reg_reg_r_23_srlopt/D (clocked by sys_clk_pin). Large setup violations at the end of those stages might be difficult to fix during the post-placement implementation flow and could be the result of non-optimal XDC constraints or non-optimal design architecture
Related violations: <none>

TIMING-16#5 Warning
Large setup violation  
There is a large setup violation of -1.687 ns between u_awgn/u_GaussianNoiseWithUnitVar/u_SinCos/Delay2_out1_reg[9]/C (clocked by sys_clk_pin) and u_awgn/u_GaussianNoiseWithUnitVar/Delay10_reg_reg[4][10]_srl27___u_awgn_u_GaussianNoiseWithReqVar_Delay1_reg_reg_r_23_srlopt/D (clocked by sys_clk_pin). Large setup violations at the end of those stages might be difficult to fix during the post-placement implementation flow and could be the result of non-optimal XDC constraints or non-optimal design architecture
Related violations: <none>

TIMING-16#6 Warning
Large setup violation  
There is a large setup violation of -1.699 ns between u_awgn/u_GaussianNoiseWithUnitVar/u_SinCos/Delay2_out1_reg[9]/C (clocked by sys_clk_pin) and u_awgn/u_GaussianNoiseWithUnitVar/Delay10_reg_reg[4][1]_srl27___u_awgn_u_GaussianNoiseWithReqVar_Delay1_reg_reg_r_23_srlopt/D (clocked by sys_clk_pin). Large setup violations at the end of those stages might be difficult to fix during the post-placement implementation flow and could be the result of non-optimal XDC constraints or non-optimal design architecture
Related violations: <none>

TIMING-16#7 Warning
Large setup violation  
There is a large setup violation of -1.708 ns between u_awgn/u_GaussianNoiseWithUnitVar/u_SinCos/Delay2_out1_reg[9]/C (clocked by sys_clk_pin) and u_awgn/u_GaussianNoiseWithUnitVar/Delay10_reg_reg[4][12]_srl27___u_awgn_u_GaussianNoiseWithReqVar_Delay1_reg_reg_r_23_srlopt/D (clocked by sys_clk_pin). Large setup violations at the end of those stages might be difficult to fix during the post-placement implementation flow and could be the result of non-optimal XDC constraints or non-optimal design architecture
Related violations: <none>

TIMING-16#8 Warning
Large setup violation  
There is a large setup violation of -1.741 ns between u_awgn/u_GaussianNoiseWithUnitVar/u_SinCos/Delay2_out1_reg[9]/C (clocked by sys_clk_pin) and u_awgn/u_GaussianNoiseWithUnitVar/Delay10_reg_reg[4][7]_srl27___u_awgn_u_GaussianNoiseWithReqVar_Delay1_reg_reg_r_23_srlopt/D (clocked by sys_clk_pin). Large setup violations at the end of those stages might be difficult to fix during the post-placement implementation flow and could be the result of non-optimal XDC constraints or non-optimal design architecture
Related violations: <none>

TIMING-16#9 Warning
Large setup violation  
There is a large setup violation of -1.789 ns between u_awgn/u_GaussianNoiseWithUnitVar/u_SinCos/Delay2_out1_reg[8]/C (clocked by sys_clk_pin) and u_awgn/u_GaussianNoiseWithUnitVar/Delay11_reg_reg[4][1]_srl27___u_awgn_u_GaussianNoiseWithReqVar_Delay1_reg_reg_r_23_srlopt/D (clocked by sys_clk_pin). Large setup violations at the end of those stages might be difficult to fix during the post-placement implementation flow and could be the result of non-optimal XDC constraints or non-optimal design architecture
Related violations: <none>

TIMING-16#10 Warning
Large setup violation  
There is a large setup violation of -1.813 ns between u_awgn/u_GaussianNoiseWithUnitVar/u_SinCos/Delay2_out1_reg[9]/C (clocked by sys_clk_pin) and u_awgn/u_GaussianNoiseWithUnitVar/Delay10_reg_reg[4][3]_srl27___u_awgn_u_GaussianNoiseWithReqVar_Delay1_reg_reg_r_23_srlopt/D (clocked by sys_clk_pin). Large setup violations at the end of those stages might be difficult to fix during the post-placement implementation flow and could be the result of non-optimal XDC constraints or non-optimal design architecture
Related violations: <none>

TIMING-16#11 Warning
Large setup violation  
There is a large setup violation of -1.871 ns between u_awgn/u_GaussianNoiseWithUnitVar/u_SinCos/Delay2_out1_reg[9]/C (clocked by sys_clk_pin) and u_awgn/u_GaussianNoiseWithUnitVar/Delay10_reg_reg[4][2]_srl27___u_awgn_u_GaussianNoiseWithReqVar_Delay1_reg_reg_r_23_srlopt/D (clocked by sys_clk_pin). Large setup violations at the end of those stages might be difficult to fix during the post-placement implementation flow and could be the result of non-optimal XDC constraints or non-optimal design architecture
Related violations: <none>

TIMING-16#12 Warning
Large setup violation  
There is a large setup violation of -1.915 ns between u_awgn/u_GaussianNoiseWithUnitVar/u_SinCos/Delay2_out1_reg[9]/C (clocked by sys_clk_pin) and u_awgn/u_GaussianNoiseWithUnitVar/Delay10_reg_reg[4][14]_srl27___u_awgn_u_GaussianNoiseWithReqVar_Delay1_reg_reg_r_23_srlopt/D (clocked by sys_clk_pin). Large setup violations at the end of those stages might be difficult to fix during the post-placement implementation flow and could be the result of non-optimal XDC constraints or non-optimal design architecture
Related violations: <none>

TIMING-16#13 Warning
Large setup violation  
There is a large setup violation of -1.985 ns between u_awgn/u_GaussianNoiseWithUnitVar/u_SinCos/Delay2_out1_reg[8]/C (clocked by sys_clk_pin) and u_awgn/u_GaussianNoiseWithUnitVar/Delay11_reg_reg[4][5]_srl27___u_awgn_u_GaussianNoiseWithReqVar_Delay1_reg_reg_r_23_srlopt/D (clocked by sys_clk_pin). Large setup violations at the end of those stages might be difficult to fix during the post-placement implementation flow and could be the result of non-optimal XDC constraints or non-optimal design architecture
Related violations: <none>

TIMING-16#14 Warning
Large setup violation  
There is a large setup violation of -1.995 ns between u_awgn/u_GaussianNoiseWithUnitVar/u_SinCos/Delay2_out1_reg[9]/C (clocked by sys_clk_pin) and u_awgn/u_GaussianNoiseWithUnitVar/Delay10_reg_reg[4][4]_srl27___u_awgn_u_GaussianNoiseWithReqVar_Delay1_reg_reg_r_23/D (clocked by sys_clk_pin). Large setup violations at the end of those stages might be difficult to fix during the post-placement implementation flow and could be the result of non-optimal XDC constraints or non-optimal design architecture
Related violations: <none>

TIMING-16#15 Warning
Large setup violation  
There is a large setup violation of -2.009 ns between u_awgn/u_GaussianNoiseWithUnitVar/u_SinCos/Delay2_out1_reg[9]/C (clocked by sys_clk_pin) and u_awgn/u_GaussianNoiseWithUnitVar/Delay10_reg_reg[4][15]_srl27___u_awgn_u_GaussianNoiseWithReqVar_Delay1_reg_reg_r_23_srlopt/D (clocked by sys_clk_pin). Large setup violations at the end of those stages might be difficult to fix during the post-placement implementation flow and could be the result of non-optimal XDC constraints or non-optimal design architecture
Related violations: <none>

TIMING-16#16 Warning
Large setup violation  
There is a large setup violation of -2.014 ns between u_awgn/u_GaussianNoiseWithUnitVar/u_SinCos/Delay2_out1_reg[8]/C (clocked by sys_clk_pin) and u_awgn/u_GaussianNoiseWithUnitVar/Delay11_reg_reg[4][2]_srl27___u_awgn_u_GaussianNoiseWithReqVar_Delay1_reg_reg_r_23_srlopt/D (clocked by sys_clk_pin). Large setup violations at the end of those stages might be difficult to fix during the post-placement implementation flow and could be the result of non-optimal XDC constraints or non-optimal design architecture
Related violations: <none>

TIMING-16#17 Warning
Large setup violation  
There is a large setup violation of -2.016 ns between u_awgn/u_GaussianNoiseWithUnitVar/u_SinCos/Delay2_out1_reg[9]/C (clocked by sys_clk_pin) and u_awgn/u_GaussianNoiseWithUnitVar/Delay10_reg_reg[4][8]_srl27___u_awgn_u_GaussianNoiseWithReqVar_Delay1_reg_reg_r_23_srlopt/D (clocked by sys_clk_pin). Large setup violations at the end of those stages might be difficult to fix during the post-placement implementation flow and could be the result of non-optimal XDC constraints or non-optimal design architecture
Related violations: <none>

TIMING-16#18 Warning
Large setup violation  
There is a large setup violation of -2.025 ns between u_awgn/u_GaussianNoiseWithUnitVar/u_SinCos/Delay2_out1_reg[8]/C (clocked by sys_clk_pin) and u_awgn/u_GaussianNoiseWithUnitVar/Delay11_reg_reg[4][4]_srl27___u_awgn_u_GaussianNoiseWithReqVar_Delay1_reg_reg_r_23_srlopt/D (clocked by sys_clk_pin). Large setup violations at the end of those stages might be difficult to fix during the post-placement implementation flow and could be the result of non-optimal XDC constraints or non-optimal design architecture
Related violations: <none>

TIMING-16#19 Warning
Large setup violation  
There is a large setup violation of -2.052 ns between u_awgn/u_GaussianNoiseWithUnitVar/u_SinCos/Delay2_out1_reg[8]/C (clocked by sys_clk_pin) and u_awgn/u_GaussianNoiseWithUnitVar/Delay11_reg_reg[4][3]_srl27___u_awgn_u_GaussianNoiseWithReqVar_Delay1_reg_reg_r_23_srlopt/D (clocked by sys_clk_pin). Large setup violations at the end of those stages might be difficult to fix during the post-placement implementation flow and could be the result of non-optimal XDC constraints or non-optimal design architecture
Related violations: <none>

TIMING-16#20 Warning
Large setup violation  
There is a large setup violation of -2.070 ns between u_awgn/u_GaussianNoiseWithUnitVar/u_SinCos/Delay2_out1_reg[8]/C (clocked by sys_clk_pin) and u_awgn/u_GaussianNoiseWithUnitVar/Delay11_reg_reg[4][6]_srl27___u_awgn_u_GaussianNoiseWithReqVar_Delay1_reg_reg_r_23_srlopt/D (clocked by sys_clk_pin). Large setup violations at the end of those stages might be difficult to fix during the post-placement implementation flow and could be the result of non-optimal XDC constraints or non-optimal design architecture
Related violations: <none>

TIMING-16#21 Warning
Large setup violation  
There is a large setup violation of -2.075 ns between u_awgn/u_GaussianNoiseWithUnitVar/u_SinCos/Delay2_out1_reg[8]/C (clocked by sys_clk_pin) and u_awgn/u_GaussianNoiseWithUnitVar/Delay11_reg_reg[4][9]_srl27___u_awgn_u_GaussianNoiseWithReqVar_Delay1_reg_reg_r_23_srlopt/D (clocked by sys_clk_pin). Large setup violations at the end of those stages might be difficult to fix during the post-placement implementation flow and could be the result of non-optimal XDC constraints or non-optimal design architecture
Related violations: <none>

TIMING-16#22 Warning
Large setup violation  
There is a large setup violation of -2.156 ns between u_awgn/u_GaussianNoiseWithUnitVar/u_SinCos/Delay2_out1_reg[9]/C (clocked by sys_clk_pin) and u_awgn/u_GaussianNoiseWithUnitVar/Delay10_reg_reg[4][5]_srl27___u_awgn_u_GaussianNoiseWithReqVar_Delay1_reg_reg_r_23_srlopt/D (clocked by sys_clk_pin). Large setup violations at the end of those stages might be difficult to fix during the post-placement implementation flow and could be the result of non-optimal XDC constraints or non-optimal design architecture
Related violations: <none>

TIMING-16#23 Warning
Large setup violation  
There is a large setup violation of -2.164 ns between u_awgn/u_GaussianNoiseWithUnitVar/u_SinCos/Delay2_out1_reg[8]/C (clocked by sys_clk_pin) and u_awgn/u_GaussianNoiseWithUnitVar/Delay11_reg_reg[4][7]_srl27___u_awgn_u_GaussianNoiseWithReqVar_Delay1_reg_reg_r_23_srlopt/D (clocked by sys_clk_pin). Large setup violations at the end of those stages might be difficult to fix during the post-placement implementation flow and could be the result of non-optimal XDC constraints or non-optimal design architecture
Related violations: <none>

TIMING-16#24 Warning
Large setup violation  
There is a large setup violation of -2.208 ns between u_awgn/u_GaussianNoiseWithUnitVar/u_SinCos/Delay2_out1_reg[8]/C (clocked by sys_clk_pin) and u_awgn/u_GaussianNoiseWithUnitVar/Delay11_reg_reg[4][11]_srl27___u_awgn_u_GaussianNoiseWithReqVar_Delay1_reg_reg_r_23_srlopt/D (clocked by sys_clk_pin). Large setup violations at the end of those stages might be difficult to fix during the post-placement implementation flow and could be the result of non-optimal XDC constraints or non-optimal design architecture
Related violations: <none>

TIMING-16#25 Warning
Large setup violation  
There is a large setup violation of -2.214 ns between u_awgn/u_GaussianNoiseWithUnitVar/u_SinCos/Delay2_out1_reg[9]/C (clocked by sys_clk_pin) and u_awgn/u_GaussianNoiseWithUnitVar/Delay10_reg_reg[4][13]_srl27___u_awgn_u_GaussianNoiseWithReqVar_Delay1_reg_reg_r_23_srlopt/D (clocked by sys_clk_pin). Large setup violations at the end of those stages might be difficult to fix during the post-placement implementation flow and could be the result of non-optimal XDC constraints or non-optimal design architecture
Related violations: <none>

TIMING-16#26 Warning
Large setup violation  
There is a large setup violation of -2.231 ns between u_awgn/u_GaussianNoiseWithUnitVar/u_SinCos/Delay2_out1_reg[8]/C (clocked by sys_clk_pin) and u_awgn/u_GaussianNoiseWithUnitVar/Delay11_reg_reg[4][13]_srl27___u_awgn_u_GaussianNoiseWithReqVar_Delay1_reg_reg_r_23_srlopt/D (clocked by sys_clk_pin). Large setup violations at the end of those stages might be difficult to fix during the post-placement implementation flow and could be the result of non-optimal XDC constraints or non-optimal design architecture
Related violations: <none>

TIMING-16#27 Warning
Large setup violation  
There is a large setup violation of -2.241 ns between u_awgn/u_GaussianNoiseWithUnitVar/u_SinCos/Delay2_out1_reg[8]/C (clocked by sys_clk_pin) and u_awgn/u_GaussianNoiseWithUnitVar/Delay11_reg_reg[4][8]_srl27___u_awgn_u_GaussianNoiseWithReqVar_Delay1_reg_reg_r_23_srlopt/D (clocked by sys_clk_pin). Large setup violations at the end of those stages might be difficult to fix during the post-placement implementation flow and could be the result of non-optimal XDC constraints or non-optimal design architecture
Related violations: <none>

TIMING-16#28 Warning
Large setup violation  
There is a large setup violation of -2.318 ns between u_awgn/u_GaussianNoiseWithUnitVar/u_SinCos/Delay2_out1_reg[8]/C (clocked by sys_clk_pin) and u_awgn/u_GaussianNoiseWithUnitVar/Delay11_reg_reg[4][15]_srl27___u_awgn_u_GaussianNoiseWithReqVar_Delay1_reg_reg_r_23_srlopt/D (clocked by sys_clk_pin). Large setup violations at the end of those stages might be difficult to fix during the post-placement implementation flow and could be the result of non-optimal XDC constraints or non-optimal design architecture
Related violations: <none>

TIMING-16#29 Warning
Large setup violation  
There is a large setup violation of -2.362 ns between u_awgn/u_GaussianNoiseWithUnitVar/u_SinCos/Delay2_out1_reg[8]/C (clocked by sys_clk_pin) and u_awgn/u_GaussianNoiseWithUnitVar/Delay11_reg_reg[4][12]_srl27___u_awgn_u_GaussianNoiseWithReqVar_Delay1_reg_reg_r_23_srlopt/D (clocked by sys_clk_pin). Large setup violations at the end of those stages might be difficult to fix during the post-placement implementation flow and could be the result of non-optimal XDC constraints or non-optimal design architecture
Related violations: <none>

TIMING-16#30 Warning
Large setup violation  
There is a large setup violation of -2.459 ns between u_awgn/u_GaussianNoiseWithUnitVar/u_SinCos/Delay2_out1_reg[8]/C (clocked by sys_clk_pin) and u_awgn/u_GaussianNoiseWithUnitVar/Delay11_reg_reg[4][14]_srl27___u_awgn_u_GaussianNoiseWithReqVar_Delay1_reg_reg_r_23_srlopt/D (clocked by sys_clk_pin). Large setup violations at the end of those stages might be difficult to fix during the post-placement implementation flow and could be the result of non-optimal XDC constraints or non-optimal design architecture
Related violations: <none>

TIMING-16#31 Warning
Large setup violation  
There is a large setup violation of -2.561 ns between u_awgn/u_GaussianNoiseWithUnitVar/u_SinCos/Delay2_out1_reg[8]/C (clocked by sys_clk_pin) and u_awgn/u_GaussianNoiseWithUnitVar/Delay11_reg_reg[4][10]_srl27___u_awgn_u_GaussianNoiseWithReqVar_Delay1_reg_reg_r_23_srlopt/D (clocked by sys_clk_pin). Large setup violations at the end of those stages might be difficult to fix during the post-placement implementation flow and could be the result of non-optimal XDC constraints or non-optimal design architecture
Related violations: <none>

TIMING-18#1 Warning
Missing input or output delay  
An input delay is missing on reset relative to the rising and/or falling clock edge(s) of sys_clk_pin.
Related violations: <none>

TIMING-18#2 Warning
Missing input or output delay  
An output delay is missing on awgn_im_dbg[0] relative to the rising and/or falling clock edge(s) of sys_clk_pin.
Related violations: <none>

TIMING-18#3 Warning
Missing input or output delay  
An output delay is missing on awgn_im_dbg[1] relative to the rising and/or falling clock edge(s) of sys_clk_pin.
Related violations: <none>

TIMING-18#4 Warning
Missing input or output delay  
An output delay is missing on awgn_im_dbg[2] relative to the rising and/or falling clock edge(s) of sys_clk_pin.
Related violations: <none>

TIMING-18#5 Warning
Missing input or output delay  
An output delay is missing on awgn_im_dbg[3] relative to the rising and/or falling clock edge(s) of sys_clk_pin.
Related violations: <none>

TIMING-18#6 Warning
Missing input or output delay  
An output delay is missing on awgn_im_dbg[4] relative to the rising and/or falling clock edge(s) of sys_clk_pin.
Related violations: <none>

TIMING-18#7 Warning
Missing input or output delay  
An output delay is missing on awgn_im_dbg[5] relative to the rising and/or falling clock edge(s) of sys_clk_pin.
Related violations: <none>

TIMING-18#8 Warning
Missing input or output delay  
An output delay is missing on awgn_im_dbg[6] relative to the rising and/or falling clock edge(s) of sys_clk_pin.
Related violations: <none>

TIMING-18#9 Warning
Missing input or output delay  
An output delay is missing on awgn_im_dbg[7] relative to the rising and/or falling clock edge(s) of sys_clk_pin.
Related violations: <none>

TIMING-18#10 Warning
Missing input or output delay  
An output delay is missing on awgn_re_dbg[0] relative to the rising and/or falling clock edge(s) of sys_clk_pin.
Related violations: <none>

TIMING-18#11 Warning
Missing input or output delay  
An output delay is missing on awgn_re_dbg[1] relative to the rising and/or falling clock edge(s) of sys_clk_pin.
Related violations: <none>

TIMING-18#12 Warning
Missing input or output delay  
An output delay is missing on awgn_re_dbg[2] relative to the rising and/or falling clock edge(s) of sys_clk_pin.
Related violations: <none>

TIMING-18#13 Warning
Missing input or output delay  
An output delay is missing on awgn_re_dbg[3] relative to the rising and/or falling clock edge(s) of sys_clk_pin.
Related violations: <none>

TIMING-18#14 Warning
Missing input or output delay  
An output delay is missing on awgn_re_dbg[4] relative to the rising and/or falling clock edge(s) of sys_clk_pin.
Related violations: <none>

TIMING-18#15 Warning
Missing input or output delay  
An output delay is missing on awgn_re_dbg[5] relative to the rising and/or falling clock edge(s) of sys_clk_pin.
Related violations: <none>

TIMING-18#16 Warning
Missing input or output delay  
An output delay is missing on awgn_re_dbg[6] relative to the rising and/or falling clock edge(s) of sys_clk_pin.
Related violations: <none>

TIMING-18#17 Warning
Missing input or output delay  
An output delay is missing on awgn_re_dbg[7] relative to the rising and/or falling clock edge(s) of sys_clk_pin.
Related violations: <none>

TIMING-18#18 Warning
Missing input or output delay  
An output delay is missing on valid relative to the rising and/or falling clock edge(s) of sys_clk_pin.
Related violations: <none>


