INFO: [VRFC 10-2263] Analyzing Verilog file "C:/Users/devandla/Desktop/Embedded-System-Project-DAT096/Board_2/Board_2/Board_2.sim/sim_1/impl/timing/xsim/design_2_wrapper_time_impl.v" into library xil_defaultlib
INFO: [VRFC 10-311] analyzing module IOBUF_UNIQ_BASE_
INFO: [VRFC 10-311] analyzing module OBUFDS_DUAL_BUF_UNIQ_BASE_
INFO: [VRFC 10-311] analyzing module RAM32M_UNIQ_BASE_
INFO: [VRFC 10-311] analyzing module RAM32M_HD1
INFO: [VRFC 10-311] analyzing module RAM32M_HD2
INFO: [VRFC 10-311] analyzing module RAM32M_HD3
INFO: [VRFC 10-311] analyzing module RAM32M_HD4
INFO: [VRFC 10-311] analyzing module RAM32M_HD5
INFO: [VRFC 10-311] analyzing module RAM32M_HD6
INFO: [VRFC 10-311] analyzing module RAM32M_HD7
INFO: [VRFC 10-311] analyzing module RAM32M_HD8
INFO: [VRFC 10-311] analyzing module clk_x_pntrs
INFO: [VRFC 10-311] analyzing module clk_x_pntrs_7
INFO: [VRFC 10-311] analyzing module dbg_hub
INFO: [VRFC 10-311] analyzing module dmem
INFO: [VRFC 10-311] analyzing module dmem_13
INFO: [VRFC 10-311] analyzing module fifo_generator_ramfifo
INFO: [VRFC 10-311] analyzing module fifo_generator_ramfifo__parameterized0
INFO: [VRFC 10-311] analyzing module fifo_generator_top
INFO: [VRFC 10-311] analyzing module fifo_generator_top__parameterized0
INFO: [VRFC 10-311] analyzing module fifo_generator_v13_1_5
INFO: [VRFC 10-311] analyzing module fifo_generator_v13_1_5__parameterized0
INFO: [VRFC 10-311] analyzing module fifo_generator_v13_1_5_synth
INFO: [VRFC 10-311] analyzing module fifo_generator_v13_1_5_synth__parameterized0
INFO: [VRFC 10-311] analyzing module ltlib_v1_0_2_bscan
INFO: [VRFC 10-311] analyzing module ltlib_v1_0_2_generic_mux
INFO: [VRFC 10-311] analyzing module memory
INFO: [VRFC 10-311] analyzing module memory__parameterized0
INFO: [VRFC 10-311] analyzing module rd_bin_cntr
INFO: [VRFC 10-311] analyzing module rd_bin_cntr_18
INFO: [VRFC 10-311] analyzing module rd_fwft
INFO: [VRFC 10-311] analyzing module rd_handshaking_flags
INFO: [VRFC 10-311] analyzing module rd_handshaking_flags__parameterized0
INFO: [VRFC 10-311] analyzing module rd_logic
INFO: [VRFC 10-311] analyzing module rd_logic__parameterized0
INFO: [VRFC 10-311] analyzing module rd_status_flags_as
INFO: [VRFC 10-311] analyzing module rd_status_flags_as_17
INFO: [VRFC 10-311] analyzing module reset_blk_ramfifo
INFO: [VRFC 10-311] analyzing module reset_blk_ramfifo_8
INFO: [VRFC 10-311] analyzing module synchronizer_ff
INFO: [VRFC 10-311] analyzing module synchronizer_ff_1
INFO: [VRFC 10-311] analyzing module synchronizer_ff_10
INFO: [VRFC 10-311] analyzing module synchronizer_ff_11
INFO: [VRFC 10-311] analyzing module synchronizer_ff_12
INFO: [VRFC 10-311] analyzing module synchronizer_ff_2
INFO: [VRFC 10-311] analyzing module synchronizer_ff_3
INFO: [VRFC 10-311] analyzing module synchronizer_ff_9
INFO: [VRFC 10-311] analyzing module synchronizer_ff__parameterized0
INFO: [VRFC 10-311] analyzing module synchronizer_ff__parameterized0_19
INFO: [VRFC 10-311] analyzing module synchronizer_ff__parameterized0_20
INFO: [VRFC 10-311] analyzing module synchronizer_ff__parameterized0_21
INFO: [VRFC 10-311] analyzing module synchronizer_ff__parameterized0_22
INFO: [VRFC 10-311] analyzing module synchronizer_ff__parameterized0_4
INFO: [VRFC 10-311] analyzing module synchronizer_ff__parameterized0_5
INFO: [VRFC 10-311] analyzing module synchronizer_ff__parameterized0_6
INFO: [VRFC 10-311] analyzing module wr_bin_cntr
INFO: [VRFC 10-311] analyzing module wr_bin_cntr_16
INFO: [VRFC 10-311] analyzing module wr_handshaking_flags
INFO: [VRFC 10-311] analyzing module wr_handshaking_flags_15
INFO: [VRFC 10-311] analyzing module wr_logic
INFO: [VRFC 10-311] analyzing module wr_logic__parameterized0
INFO: [VRFC 10-311] analyzing module wr_status_flags_as
INFO: [VRFC 10-311] analyzing module wr_status_flags_as_14
INFO: [VRFC 10-311] analyzing module xsdbm_v3_0_3_addr_ctl
INFO: [VRFC 10-311] analyzing module xsdbm_v3_0_3_bscan_switch
INFO: [VRFC 10-311] analyzing module xsdbm_v3_0_3_burst_wdlen_ctl
INFO: [VRFC 10-311] analyzing module xsdbm_v3_0_3_bus_ctl
INFO: [VRFC 10-311] analyzing module xsdbm_v3_0_3_bus_ctl_cnt
INFO: [VRFC 10-311] analyzing module xsdbm_v3_0_3_bus_ctl_flg
INFO: [VRFC 10-311] analyzing module xsdbm_v3_0_3_bus_ctl_flg__parameterized0
INFO: [VRFC 10-311] analyzing module xsdbm_v3_0_3_bus_mstr2sl_if
INFO: [VRFC 10-311] analyzing module xsdbm_v3_0_3_cmd_decode
INFO: [VRFC 10-311] analyzing module xsdbm_v3_0_3_ctl_reg
INFO: [VRFC 10-311] analyzing module xsdbm_v3_0_3_ctl_reg__parameterized0
INFO: [VRFC 10-311] analyzing module xsdbm_v3_0_3_ctl_reg__parameterized1
INFO: [VRFC 10-311] analyzing module xsdbm_v3_0_3_ctl_reg__parameterized2
INFO: [VRFC 10-311] analyzing module xsdbm_v3_0_3_icon
INFO: [VRFC 10-311] analyzing module xsdbm_v3_0_3_icon2xsdb
INFO: [VRFC 10-311] analyzing module xsdbm_v3_0_3_if
INFO: [VRFC 10-311] analyzing module xsdbm_v3_0_3_if_static_status
INFO: [VRFC 10-311] analyzing module xsdbm_v3_0_3_rdfifo
INFO: [VRFC 10-311] analyzing module xsdbm_v3_0_3_rdreg
INFO: [VRFC 10-311] analyzing module xsdbm_v3_0_3_stat
INFO: [VRFC 10-311] analyzing module xsdbm_v3_0_3_stat_reg
INFO: [VRFC 10-311] analyzing module xsdbm_v3_0_3_stat_reg__parameterized0
INFO: [VRFC 10-311] analyzing module xsdbm_v3_0_3_stat_reg__parameterized0_0
INFO: [VRFC 10-311] analyzing module xsdbm_v3_0_3_sync
INFO: [VRFC 10-311] analyzing module xsdbm_v3_0_3_wrfifo
INFO: [VRFC 10-311] analyzing module xsdbm_v3_0_3_wrreg
INFO: [VRFC 10-311] analyzing module xsdbm_v3_0_3_xsdbm
INFO: [VRFC 10-311] analyzing module xsdbm_v3_0_3_xsdbm_id
INFO: [VRFC 10-311] analyzing module ADI_SPI
INFO: [VRFC 10-311] analyzing module ConfigADC
INFO: [VRFC 10-311] analyzing module ConfigRelays
INFO: [VRFC 10-311] analyzing module DataPath
INFO: [VRFC 10-311] analyzing module GainOffsetCalib
INFO: [VRFC 10-311] analyzing module GainOffsetCalib__parameterized0
INFO: [VRFC 10-311] analyzing module HandshakeData
INFO: [VRFC 10-311] analyzing module ResetBridge
INFO: [VRFC 10-311] analyzing module ResetBridge__1
INFO: [VRFC 10-311] analyzing module ResetBridge__parameterized0
INFO: [VRFC 10-311] analyzing module ResetBridge__parameterized0__1
INFO: [VRFC 10-311] analyzing module ResetBridge__parameterized0__2
INFO: [VRFC 10-311] analyzing module SyncAsync__1
INFO: [VRFC 10-311] analyzing module SyncAsync__10
INFO: [VRFC 10-311] analyzing module SyncAsync__2
INFO: [VRFC 10-311] analyzing module SyncAsync__3
INFO: [VRFC 10-311] analyzing module SyncAsync__4
INFO: [VRFC 10-311] analyzing module SyncAsync__5
INFO: [VRFC 10-311] analyzing module SyncAsync__6
INFO: [VRFC 10-311] analyzing module SyncAsync__8
INFO: [VRFC 10-311] analyzing module SyncAsync__parameterized0
INFO: [VRFC 10-311] analyzing module SyncAsync__parameterized0__1
INFO: [VRFC 10-311] analyzing module SyncAsync__parameterized0__2
INFO: [VRFC 10-311] analyzing module SyncAsync__parameterized1__1
INFO: [VRFC 10-311] analyzing module SyncBase
INFO: [VRFC 10-311] analyzing module ZmodADC_SynchonizationFIFO
INFO: [VRFC 10-311] analyzing module ZmodScopeController
INFO: [VRFC 10-311] analyzing module adc_bit_decoder
INFO: [VRFC 10-311] analyzing module design_2
INFO: [VRFC 10-311] analyzing module design_2_ZmodScopeController_0_1
INFO: [VRFC 10-311] analyzing module design_2_adc_bit_decoder_0_0
INFO: [VRFC 10-311] analyzing module design_2_ila_0_0
INFO: [VRFC 10-311] analyzing module design_2_processing_system7_0_0
INFO: [VRFC 10-311] analyzing module design_2_wrapper
INFO: [VRFC 10-311] analyzing module design_2_xlconstant_3_0
INFO: [VRFC 10-311] analyzing module design_2_xlslice_0_0
INFO: [VRFC 10-311] analyzing module processing_system7_v5_5_processing_system7
INFO: [VRFC 10-311] analyzing module xpm_cdc_async_rst
INFO: [VRFC 10-311] analyzing module xpm_cdc_async_rst__1
INFO: [VRFC 10-311] analyzing module xpm_cdc_gray
INFO: [VRFC 10-311] analyzing module xpm_cdc_gray__2
INFO: [VRFC 10-311] analyzing module xpm_cdc_single
INFO: [VRFC 10-311] analyzing module xpm_cdc_single__2
INFO: [VRFC 10-311] analyzing module CFGLUT5_UNIQ_BASE_
INFO: [VRFC 10-311] analyzing module CFGLUT5_HD10
INFO: [VRFC 10-311] analyzing module CFGLUT5_HD11
INFO: [VRFC 10-311] analyzing module CFGLUT5_HD12
INFO: [VRFC 10-311] analyzing module CFGLUT5_HD13
INFO: [VRFC 10-311] analyzing module CFGLUT5_HD14
INFO: [VRFC 10-311] analyzing module CFGLUT5_HD15
INFO: [VRFC 10-311] analyzing module CFGLUT5_HD16
INFO: [VRFC 10-311] analyzing module CFGLUT5_HD17
INFO: [VRFC 10-311] analyzing module CFGLUT5_HD18
INFO: [VRFC 10-311] analyzing module CFGLUT5_HD19
INFO: [VRFC 10-311] analyzing module CFGLUT5_HD20
INFO: [VRFC 10-311] analyzing module CFGLUT5_HD21
INFO: [VRFC 10-311] analyzing module CFGLUT5_HD22
INFO: [VRFC 10-311] analyzing module CFGLUT5_HD23
INFO: [VRFC 10-311] analyzing module CFGLUT5_HD24
INFO: [VRFC 10-311] analyzing module CFGLUT5_HD25
INFO: [VRFC 10-311] analyzing module CFGLUT5_HD26
INFO: [VRFC 10-311] analyzing module CFGLUT5_HD27
INFO: [VRFC 10-311] analyzing module CFGLUT5_HD28
INFO: [VRFC 10-311] analyzing module CFGLUT5_HD29
INFO: [VRFC 10-311] analyzing module CFGLUT5_HD30
INFO: [VRFC 10-311] analyzing module CFGLUT5_HD31
INFO: [VRFC 10-311] analyzing module CFGLUT5_HD32
INFO: [VRFC 10-311] analyzing module CFGLUT5_HD33
INFO: [VRFC 10-311] analyzing module CFGLUT5_HD34
INFO: [VRFC 10-311] analyzing module CFGLUT5_HD35
INFO: [VRFC 10-311] analyzing module CFGLUT5_HD36
INFO: [VRFC 10-311] analyzing module CFGLUT5_HD37
INFO: [VRFC 10-311] analyzing module CFGLUT5_HD38
INFO: [VRFC 10-311] analyzing module CFGLUT5_HD39
INFO: [VRFC 10-311] analyzing module CFGLUT5_HD9
INFO: [VRFC 10-311] analyzing module ila_v6_2_16_ila
INFO: [VRFC 10-311] analyzing module ila_v6_2_16_ila_cap_addrgen
INFO: [VRFC 10-311] analyzing module ila_v6_2_16_ila_cap_ctrl_legacy
INFO: [VRFC 10-311] analyzing module ila_v6_2_16_ila_cap_sample_counter
INFO: [VRFC 10-311] analyzing module ila_v6_2_16_ila_cap_window_counter
INFO: [VRFC 10-311] analyzing module ila_v6_2_16_ila_core
INFO: [VRFC 10-311] analyzing module ila_v6_2_16_ila_register
INFO: [VRFC 10-311] analyzing module ila_v6_2_16_ila_reset_ctrl
INFO: [VRFC 10-311] analyzing module ila_v6_2_16_ila_trace_memory
INFO: [VRFC 10-311] analyzing module ila_v6_2_16_ila_trig_match
INFO: [VRFC 10-311] analyzing module ila_v6_2_16_ila_trigger
INFO: [VRFC 10-311] analyzing module ltlib_v1_0_2_all_typeA
INFO: [VRFC 10-311] analyzing module ltlib_v1_0_2_all_typeA_0
INFO: [VRFC 10-311] analyzing module ltlib_v1_0_2_all_typeA__parameterized0
INFO: [VRFC 10-311] analyzing module ltlib_v1_0_2_all_typeA__parameterized0_20
INFO: [VRFC 10-311] analyzing module ltlib_v1_0_2_all_typeA__parameterized0_24
INFO: [VRFC 10-311] analyzing module ltlib_v1_0_2_all_typeA_slice
INFO: [VRFC 10-311] analyzing module ltlib_v1_0_2_all_typeA_slice_1
INFO: [VRFC 10-311] analyzing module ltlib_v1_0_2_all_typeA_slice__parameterized0
INFO: [VRFC 10-311] analyzing module ltlib_v1_0_2_all_typeA_slice__parameterized0_21
INFO: [VRFC 10-311] analyzing module ltlib_v1_0_2_all_typeA_slice__parameterized0_25
INFO: [VRFC 10-311] analyzing module ltlib_v1_0_2_all_typeA_slice__parameterized1
INFO: [VRFC 10-311] analyzing module ltlib_v1_0_2_all_typeA_slice__parameterized1_22
INFO: [VRFC 10-311] analyzing module ltlib_v1_0_2_all_typeA_slice__parameterized1_26
INFO: [VRFC 10-311] analyzing module ltlib_v1_0_2_allx_typeA
INFO: [VRFC 10-311] analyzing module ltlib_v1_0_2_allx_typeA__parameterized0
INFO: [VRFC 10-311] analyzing module ltlib_v1_0_2_allx_typeA_nodelay
INFO: [VRFC 10-311] analyzing module ltlib_v1_0_2_allx_typeA_nodelay_19
INFO: [VRFC 10-311] analyzing module ltlib_v1_0_2_allx_typeA_nodelay_23
INFO: [VRFC 10-311] analyzing module ltlib_v1_0_2_async_edge_xfer
INFO: [VRFC 10-311] analyzing module ltlib_v1_0_2_async_edge_xfer__1
INFO: [VRFC 10-311] analyzing module ltlib_v1_0_2_async_edge_xfer__2
INFO: [VRFC 10-311] analyzing module ltlib_v1_0_2_async_edge_xfer__3
INFO: [VRFC 10-311] analyzing module ltlib_v1_0_2_cfglut4
INFO: [VRFC 10-311] analyzing module ltlib_v1_0_2_cfglut4__1
INFO: [VRFC 10-311] analyzing module ltlib_v1_0_2_cfglut5
INFO: [VRFC 10-311] analyzing module ltlib_v1_0_2_cfglut5__1
INFO: [VRFC 10-311] analyzing module ltlib_v1_0_2_cfglut5__2
INFO: [VRFC 10-311] analyzing module ltlib_v1_0_2_cfglut6
INFO: [VRFC 10-311] analyzing module ltlib_v1_0_2_cfglut6__1
INFO: [VRFC 10-311] analyzing module ltlib_v1_0_2_cfglut6__parameterized0
INFO: [VRFC 10-311] analyzing module ltlib_v1_0_2_cfglut7
INFO: [VRFC 10-311] analyzing module ltlib_v1_0_2_cfglut7__1
INFO: [VRFC 10-311] analyzing module ltlib_v1_0_2_generic_memrd
INFO: [VRFC 10-311] analyzing module ltlib_v1_0_2_match
INFO: [VRFC 10-311] analyzing module ltlib_v1_0_2_match__parameterized0
INFO: [VRFC 10-311] analyzing module ltlib_v1_0_2_match_nodelay
INFO: [VRFC 10-311] analyzing module ltlib_v1_0_2_match_nodelay__1
INFO: [VRFC 10-311] analyzing module ltlib_v1_0_2_match_nodelay__2
INFO: [VRFC 10-311] analyzing module ltlib_v1_0_2_rising_edge_detection
INFO: [VRFC 10-311] analyzing module ltlib_v1_0_2_rising_edge_detection__1
INFO: [VRFC 10-311] analyzing module xsdbs_v1_0_4_reg__parameterized14
INFO: [VRFC 10-311] analyzing module xsdbs_v1_0_4_reg__parameterized15
INFO: [VRFC 10-311] analyzing module xsdbs_v1_0_4_reg__parameterized16
INFO: [VRFC 10-311] analyzing module xsdbs_v1_0_4_reg__parameterized17
INFO: [VRFC 10-311] analyzing module xsdbs_v1_0_4_reg__parameterized29
INFO: [VRFC 10-311] analyzing module xsdbs_v1_0_4_reg__parameterized30
INFO: [VRFC 10-311] analyzing module xsdbs_v1_0_4_reg__parameterized31
INFO: [VRFC 10-311] analyzing module xsdbs_v1_0_4_reg__parameterized32
INFO: [VRFC 10-311] analyzing module xsdbs_v1_0_4_reg__parameterized33
INFO: [VRFC 10-311] analyzing module xsdbs_v1_0_4_reg__parameterized34
INFO: [VRFC 10-311] analyzing module xsdbs_v1_0_4_reg__parameterized35
INFO: [VRFC 10-311] analyzing module xsdbs_v1_0_4_reg__parameterized36
INFO: [VRFC 10-311] analyzing module xsdbs_v1_0_4_reg__parameterized37
INFO: [VRFC 10-311] analyzing module xsdbs_v1_0_4_reg__parameterized38
INFO: [VRFC 10-311] analyzing module xsdbs_v1_0_4_reg__parameterized39
INFO: [VRFC 10-311] analyzing module xsdbs_v1_0_4_reg__parameterized40
INFO: [VRFC 10-311] analyzing module xsdbs_v1_0_4_reg__parameterized42
INFO: [VRFC 10-311] analyzing module xsdbs_v1_0_4_reg__parameterized44
INFO: [VRFC 10-311] analyzing module xsdbs_v1_0_4_reg__parameterized47
INFO: [VRFC 10-311] analyzing module xsdbs_v1_0_4_reg_ctl
INFO: [VRFC 10-311] analyzing module xsdbs_v1_0_4_reg_ctl_11
INFO: [VRFC 10-311] analyzing module xsdbs_v1_0_4_reg_ctl_12
INFO: [VRFC 10-311] analyzing module xsdbs_v1_0_4_reg_ctl_13
INFO: [VRFC 10-311] analyzing module xsdbs_v1_0_4_reg_ctl_14
INFO: [VRFC 10-311] analyzing module xsdbs_v1_0_4_reg_ctl_15
INFO: [VRFC 10-311] analyzing module xsdbs_v1_0_4_reg_ctl_18
INFO: [VRFC 10-311] analyzing module xsdbs_v1_0_4_reg_ctl_5
INFO: [VRFC 10-311] analyzing module xsdbs_v1_0_4_reg_ctl_6
INFO: [VRFC 10-311] analyzing module xsdbs_v1_0_4_reg_ctl_7
INFO: [VRFC 10-311] analyzing module xsdbs_v1_0_4_reg_ctl_8
INFO: [VRFC 10-311] analyzing module xsdbs_v1_0_4_reg_ctl__parameterized0
INFO: [VRFC 10-311] analyzing module xsdbs_v1_0_4_reg_ctl__parameterized1
INFO: [VRFC 10-311] analyzing module xsdbs_v1_0_4_reg_ctl__parameterized1_10
INFO: [VRFC 10-311] analyzing module xsdbs_v1_0_4_reg_ctl__parameterized1_9
INFO: [VRFC 10-311] analyzing module xsdbs_v1_0_4_reg_p2s
INFO: [VRFC 10-311] analyzing module xsdbs_v1_0_4_reg_p2s__parameterized0
INFO: [VRFC 10-311] analyzing module xsdbs_v1_0_4_reg_p2s__parameterized1
INFO: [VRFC 10-311] analyzing module xsdbs_v1_0_4_reg_stat
INFO: [VRFC 10-311] analyzing module xsdbs_v1_0_4_reg_stat_16
INFO: [VRFC 10-311] analyzing module xsdbs_v1_0_4_reg_stat_17
INFO: [VRFC 10-311] analyzing module xsdbs_v1_0_4_reg_stat_2
INFO: [VRFC 10-311] analyzing module xsdbs_v1_0_4_reg_stat_3
INFO: [VRFC 10-311] analyzing module xsdbs_v1_0_4_reg_stat_4
INFO: [VRFC 10-311] analyzing module xsdbs_v1_0_4_reg_stream
INFO: [VRFC 10-311] analyzing module xsdbs_v1_0_4_reg_stream__parameterized0
INFO: [VRFC 10-311] analyzing module xsdbs_v1_0_4_xsdbs
INFO: [VRFC 10-311] analyzing module blk_mem_gen_v8_4_9
INFO: [VRFC 10-311] analyzing module blk_mem_gen_v8_4_9_blk_mem_gen_generic_cstr
INFO: [VRFC 10-311] analyzing module blk_mem_gen_v8_4_9_blk_mem_gen_prim_width
INFO: [VRFC 10-311] analyzing module blk_mem_gen_v8_4_9_blk_mem_gen_prim_width__parameterized0
INFO: [VRFC 10-311] analyzing module blk_mem_gen_v8_4_9_blk_mem_gen_prim_wrapper
INFO: [VRFC 10-311] analyzing module blk_mem_gen_v8_4_9_blk_mem_gen_prim_wrapper__parameterized0
INFO: [VRFC 10-311] analyzing module blk_mem_gen_v8_4_9_blk_mem_gen_top
INFO: [VRFC 10-311] analyzing module blk_mem_gen_v8_4_9_synth
INFO: [VRFC 10-311] analyzing module fifo_generator_v13_2_11
INFO: [VRFC 10-311] analyzing module fifo_generator_v13_2_11_clk_x_pntrs
INFO: [VRFC 10-311] analyzing module fifo_generator_v13_2_11_dmem
INFO: [VRFC 10-311] analyzing module fifo_generator_v13_2_11_fifo_generator_ramfifo
INFO: [VRFC 10-311] analyzing module fifo_generator_v13_2_11_fifo_generator_top
INFO: [VRFC 10-311] analyzing module fifo_generator_v13_2_11_memory
INFO: [VRFC 10-311] analyzing module fifo_generator_v13_2_11_rd_bin_cntr
INFO: [VRFC 10-311] analyzing module fifo_generator_v13_2_11_rd_fwft
INFO: [VRFC 10-311] analyzing module fifo_generator_v13_2_11_rd_logic
INFO: [VRFC 10-311] analyzing module fifo_generator_v13_2_11_rd_status_flags_as
INFO: [VRFC 10-311] analyzing module fifo_generator_v13_2_11_reset_blk_ramfifo
INFO: [VRFC 10-311] analyzing module fifo_generator_v13_2_11_synth
INFO: [VRFC 10-311] analyzing module fifo_generator_v13_2_11_wr_bin_cntr
INFO: [VRFC 10-311] analyzing module fifo_generator_v13_2_11_wr_logic
INFO: [VRFC 10-311] analyzing module fifo_generator_v13_2_11_wr_status_flags_as
INFO: [VRFC 10-311] analyzing module glbl
