
*** Running vivado
    with args -log vcsel_block_design_wrapper.vdi -applog -m64 -product Vivado -messageDb vivado.pb -mode batch -source vcsel_block_design_wrapper.tcl -notrace



****** Vivado v2024.2 (64-bit)
  **** SW Build 5239630 on Fri Nov 08 22:35:27 MST 2024
  **** IP Build 5239520 on Sun Nov 10 16:12:51 MST 2024
  **** SharedData Build 5239561 on Fri Nov 08 14:39:27 MST 2024
  **** Start of session at: Mon Apr 20 21:30:58 2026
    ** Copyright 1986-2022 Xilinx, Inc. All Rights Reserved.
    ** Copyright 2022-2024 Advanced Micro Devices, Inc. All Rights Reserved.

source vcsel_block_design_wrapper.tcl -notrace
INFO: [IP_Flow 19-234] Refreshing IP repositories
INFO: [IP_Flow 19-1704] No user IP repositories specified
INFO: [IP_Flow 19-2313] Loaded Vivado IP repository 'C:/Progs/Xilinx/Vivado/2024.2/data/ip'.
Command: link_design -top vcsel_block_design_wrapper -part xc7z020clg484-1
Design is defaulting to srcset: sources_1
Design is defaulting to constrset: constrs_1
INFO: [Device 21-403] Loading part xc7z020clg484-1
INFO: [Project 1-454] Reading design checkpoint 'c:/Users/arikb/Desktop/VCSEL_implementation/VCSEL_implementation.gen/sources_1/bd/vcsel_block_design/ip/vcsel_block_design_clk_wiz_0_0/vcsel_block_design_clk_wiz_0_0.dcp' for cell 'vcsel_block_design_i/clk_wiz_0'
INFO: [Project 1-454] Reading design checkpoint 'c:/Users/arikb/Desktop/VCSEL_implementation/VCSEL_implementation.gen/sources_1/bd/vcsel_block_design/ip/vcsel_block_design_ila_0_0/vcsel_block_design_ila_0_0.dcp' for cell 'vcsel_block_design_i/ila_0'
INFO: [Project 1-454] Reading design checkpoint 'c:/Users/arikb/Desktop/VCSEL_implementation/VCSEL_implementation.gen/sources_1/bd/vcsel_block_design/ip/vcsel_block_design_vcsel_demo_top_0_0/vcsel_block_design_vcsel_demo_top_0_0.dcp' for cell 'vcsel_block_design_i/vcsel_demo_top_0'
Netlist sorting complete. Time (s): cpu = 00:00:00 ; elapsed = 00:00:00.014 . Memory (MB): peak = 659.320 ; gain = 0.000
INFO: [Netlist 29-17] Analyzing 139 Unisim elements for replacement
INFO: [Netlist 29-28] Unisim Transformation completed in 0 CPU seconds
INFO: [Project 1-479] Netlist was created with Vivado 2024.2
INFO: [Project 1-570] Preparing netlist for logic optimization
INFO: [Opt 31-140] Inserted 1 IBUFs to IO ports without IO buffers.
WARNING: [Opt 31-35] Removing redundant IBUF, vcsel_block_design_i/clk_wiz_0/inst/clkin1_ibufg, from the path connected to top-level port: clk 
Resolution: The tool has removed redundant IBUF. To resolve this warning, check for redundant IBUF in the input design.
WARNING: [Constraints 18-550] Could not create 'IBUF_LOW_PWR' constraint because net 'vcsel_block_design_i/clk_wiz_0/clk_in1' is not directly connected to top level port. 'IBUF_LOW_PWR' is ignored for synthesis but preserved for implementation.
INFO: [Chipscope 16-324] Core: vcsel_block_design_i/ila_0 UUID: 783a67da-ab6c-5d6d-b49d-70a4ad6c9b75 
Parsing XDC File [c:/Users/arikb/Desktop/VCSEL_implementation/VCSEL_implementation.gen/sources_1/bd/vcsel_block_design/ip/vcsel_block_design_clk_wiz_0_0/vcsel_block_design_clk_wiz_0_0_board.xdc] for cell 'vcsel_block_design_i/clk_wiz_0/inst'
Finished Parsing XDC File [c:/Users/arikb/Desktop/VCSEL_implementation/VCSEL_implementation.gen/sources_1/bd/vcsel_block_design/ip/vcsel_block_design_clk_wiz_0_0/vcsel_block_design_clk_wiz_0_0_board.xdc] for cell 'vcsel_block_design_i/clk_wiz_0/inst'
Parsing XDC File [c:/Users/arikb/Desktop/VCSEL_implementation/VCSEL_implementation.gen/sources_1/bd/vcsel_block_design/ip/vcsel_block_design_clk_wiz_0_0/vcsel_block_design_clk_wiz_0_0.xdc] for cell 'vcsel_block_design_i/clk_wiz_0/inst'
INFO: [Timing 38-35] Done setting XDC timing constraints. [c:/Users/arikb/Desktop/VCSEL_implementation/VCSEL_implementation.gen/sources_1/bd/vcsel_block_design/ip/vcsel_block_design_clk_wiz_0_0/vcsel_block_design_clk_wiz_0_0.xdc:54]
INFO: [Timing 38-2] Deriving generated clocks [c:/Users/arikb/Desktop/VCSEL_implementation/VCSEL_implementation.gen/sources_1/bd/vcsel_block_design/ip/vcsel_block_design_clk_wiz_0_0/vcsel_block_design_clk_wiz_0_0.xdc:54]
Finished Parsing XDC File [c:/Users/arikb/Desktop/VCSEL_implementation/VCSEL_implementation.gen/sources_1/bd/vcsel_block_design/ip/vcsel_block_design_clk_wiz_0_0/vcsel_block_design_clk_wiz_0_0.xdc] for cell 'vcsel_block_design_i/clk_wiz_0/inst'
Parsing XDC File [c:/Users/arikb/Desktop/VCSEL_implementation/VCSEL_implementation.gen/sources_1/bd/vcsel_block_design/ip/vcsel_block_design_ila_0_0/ila_v6_2/constraints/ila_impl.xdc] for cell 'vcsel_block_design_i/ila_0/U0'
Finished Parsing XDC File [c:/Users/arikb/Desktop/VCSEL_implementation/VCSEL_implementation.gen/sources_1/bd/vcsel_block_design/ip/vcsel_block_design_ila_0_0/ila_v6_2/constraints/ila_impl.xdc] for cell 'vcsel_block_design_i/ila_0/U0'
Parsing XDC File [c:/Users/arikb/Desktop/VCSEL_implementation/VCSEL_implementation.gen/sources_1/bd/vcsel_block_design/ip/vcsel_block_design_ila_0_0/ila_v6_2/constraints/ila.xdc] for cell 'vcsel_block_design_i/ila_0/U0'
Finished Parsing XDC File [c:/Users/arikb/Desktop/VCSEL_implementation/VCSEL_implementation.gen/sources_1/bd/vcsel_block_design/ip/vcsel_block_design_ila_0_0/ila_v6_2/constraints/ila.xdc] for cell 'vcsel_block_design_i/ila_0/U0'
Parsing XDC File [C:/Users/arikb/Desktop/Eclypse-Z7-Master.xdc]
Finished Parsing XDC File [C:/Users/arikb/Desktop/Eclypse-Z7-Master.xdc]
INFO: [Opt 31-138] Pushed 0 inverter(s) to 0 load pin(s).
INFO: [Project 1-1687] 2 scoped IP constraints or related sub-commands were skipped due to synthesis logic optimizations usually triggered by constant connectivity or unconnected output pins. To review the skipped constraints and messages, run the command 'set_param netlist.IPMsgFiltering false' before opening the design.
Netlist sorting complete. Time (s): cpu = 00:00:00 ; elapsed = 00:00:00 . Memory (MB): peak = 1340.250 ; gain = 0.000
INFO: [Project 1-111] Unisim Transformation Summary:
  A total of 36 instances were transformed.
  CFGLUT5 => CFGLUT5 (SRL16E, SRLC32E): 36 instances

18 Infos, 2 Warnings, 0 Critical Warnings and 0 Errors encountered.
link_design completed successfully
link_design: Time (s): cpu = 00:00:07 ; elapsed = 00:00:08 . Memory (MB): peak = 1340.250 ; gain = 926.891
Command: opt_design
Attempting to get a license for feature 'Implementation' and/or device 'xc7z020'
INFO: [Common 17-349] Got license for feature 'Implementation' and/or device 'xc7z020'
Running DRC as a precondition to command opt_design

Starting DRC Task
INFO: [DRC 23-27] Running DRC with 2 threads
INFO: [Project 1-461] DRC finished with 0 Errors
INFO: [Project 1-462] Please refer to the DRC report (report_drc) for more information.

Time (s): cpu = 00:00:01 ; elapsed = 00:00:00.566 . Memory (MB): peak = 1340.250 ; gain = 0.000

Starting Cache Timing Information Task
INFO: [Timing 38-35] Done setting XDC timing constraints.
Ending Cache Timing Information Task | Checksum: 1c094959e

Time (s): cpu = 00:00:00 ; elapsed = 00:00:00.058 . Memory (MB): peak = 1367.449 ; gain = 27.199

Starting Logic Optimization Task

Phase 1 Initialization

Phase 1.1 Core Generation And Design Setup

Phase 1.1.1 Generate And Synthesize Debug Cores
INFO: [Chipscope 16-329] Generating Script for core instance : dbg_hub 
INFO: [IP_Flow 19-3806] Processing IP xilinx.com:ip:xsdbm:3.0 for cell dbg_hub_CV.
INFO: [Chipscope 16-469] Using cached IP synthesis design for IP xilinx.com:ip:xsdbm:3.0, cache-ID = 35f9a0fa91973c7b.
Done building netlist checker database: Time (s): cpu = 00:00:00 ; elapsed = 00:00:00.001 . Memory (MB): peak = 1783.480 ; gain = 0.000
Netlist sorting complete. Time (s): cpu = 00:00:00 ; elapsed = 00:00:00.011 . Memory (MB): peak = 1783.480 ; gain = 0.000
Phase 1.1.1 Generate And Synthesize Debug Cores | Checksum: 20ebd175a

Time (s): cpu = 00:00:01 ; elapsed = 00:00:11 . Memory (MB): peak = 1783.480 ; gain = 22.363
Phase 1.1 Core Generation And Design Setup | Checksum: 20ebd175a

Time (s): cpu = 00:00:01 ; elapsed = 00:00:11 . Memory (MB): peak = 1783.480 ; gain = 22.363

Phase 1.2 Setup Constraints And Sort Netlist
Phase 1.2 Setup Constraints And Sort Netlist | Checksum: 20ebd175a

Time (s): cpu = 00:00:01 ; elapsed = 00:00:11 . Memory (MB): peak = 1783.480 ; gain = 22.363
Phase 1 Initialization | Checksum: 20ebd175a

Time (s): cpu = 00:00:01 ; elapsed = 00:00:11 . Memory (MB): peak = 1783.480 ; gain = 22.363

Phase 2 Timer Update And Timing Data Collection

Phase 2.1 Timer Update
Phase 2.1 Timer Update | Checksum: 20ebd175a

Time (s): cpu = 00:00:01 ; elapsed = 00:00:11 . Memory (MB): peak = 1783.480 ; gain = 22.363

Phase 2.2 Timing Data Collection
Phase 2.2 Timing Data Collection | Checksum: 20ebd175a

Time (s): cpu = 00:00:01 ; elapsed = 00:00:11 . Memory (MB): peak = 1783.480 ; gain = 22.363
Phase 2 Timer Update And Timing Data Collection | Checksum: 20ebd175a

Time (s): cpu = 00:00:01 ; elapsed = 00:00:11 . Memory (MB): peak = 1783.480 ; gain = 22.363

Phase 3 Retarget
INFO: [Opt 31-1851] Number of loadless carry chains removed were: 0
INFO: [Opt 31-1834] Total Chains To Be Transformed Were: 0 AND Number of Transformed insts Created are: 0
INFO: [Opt 31-1566] Pulled 1 inverters resulting in an inversion of 12 pins
INFO: [Opt 31-138] Pushed 1 inverter(s) to 1 load pin(s).
INFO: [Opt 31-49] Retargeted 0 cell(s).
Phase 3 Retarget | Checksum: 1fdf73a3f

Time (s): cpu = 00:00:01 ; elapsed = 00:00:11 . Memory (MB): peak = 1783.480 ; gain = 22.363
Retarget | Checksum: 1fdf73a3f
INFO: [Opt 31-389] Phase Retarget created 5 cells and removed 13 cells
INFO: [Opt 31-1021] In phase Retarget, 66 netlist objects are constrained preventing optimization. Please run opt_design with -debug_log to get more detail. 

Phase 4 Constant propagation
INFO: [Opt 31-138] Pushed 0 inverter(s) to 0 load pin(s).
Phase 4 Constant propagation | Checksum: 202c6156c

Time (s): cpu = 00:00:01 ; elapsed = 00:00:11 . Memory (MB): peak = 1783.480 ; gain = 22.363
Constant propagation | Checksum: 202c6156c
INFO: [Opt 31-389] Phase Constant propagation created 0 cells and removed 16 cells
INFO: [Opt 31-1021] In phase Constant propagation, 49 netlist objects are constrained preventing optimization. Please run opt_design with -debug_log to get more detail. 

Phase 5 Sweep
INFO: [Constraints 18-11670] Building netlist checker database with flags, 0x8
Done building netlist checker database: Time (s): cpu = 00:00:00 ; elapsed = 00:00:00.001 . Memory (MB): peak = 1783.480 ; gain = 0.000
INFO: [Constraints 18-11670] Building netlist checker database with flags, 0x8
Done building netlist checker database: Time (s): cpu = 00:00:00 ; elapsed = 00:00:00 . Memory (MB): peak = 1783.480 ; gain = 0.000
Phase 5 Sweep | Checksum: 21dd74ddd

Time (s): cpu = 00:00:01 ; elapsed = 00:00:11 . Memory (MB): peak = 1783.480 ; gain = 22.363
Sweep | Checksum: 21dd74ddd
INFO: [Opt 31-389] Phase Sweep created 0 cells and removed 47 cells
INFO: [Opt 31-1021] In phase Sweep, 873 netlist objects are constrained preventing optimization. Please run opt_design with -debug_log to get more detail. 

Phase 6 BUFG optimization
INFO: [Opt 31-194] Inserted BUFG clk_IBUF_BUFG_inst to drive 1508 load(s) on clock net clk_IBUF_BUFG
INFO: [Opt 31-193] Inserted 1 BUFG(s) on clock nets
Phase 6 BUFG optimization | Checksum: 20f6b4364

Time (s): cpu = 00:00:01 ; elapsed = 00:00:11 . Memory (MB): peak = 1783.480 ; gain = 22.363
BUFG optimization | Checksum: 20f6b4364
INFO: [Opt 31-662] Phase BUFG optimization created 1 cells of which 1 are BUFGs and removed 0 cells.

Phase 7 Shift Register Optimization
INFO: [Opt 31-1064] SRL Remap converted 0 SRLs to 0 registers and converted 0 registers of register chains to 0 SRLs
Phase 7 Shift Register Optimization | Checksum: 20f6b4364

Time (s): cpu = 00:00:01 ; elapsed = 00:00:11 . Memory (MB): peak = 1783.480 ; gain = 22.363
Shift Register Optimization | Checksum: 20f6b4364
INFO: [Opt 31-389] Phase Shift Register Optimization created 0 cells and removed 0 cells

Phase 8 Post Processing Netlist
Phase 8 Post Processing Netlist | Checksum: 20f6b4364

Time (s): cpu = 00:00:01 ; elapsed = 00:00:11 . Memory (MB): peak = 1783.480 ; gain = 22.363
Post Processing Netlist | Checksum: 20f6b4364
INFO: [Opt 31-389] Phase Post Processing Netlist created 0 cells and removed 0 cells
INFO: [Opt 31-1021] In phase Post Processing Netlist, 57 netlist objects are constrained preventing optimization. Please run opt_design with -debug_log to get more detail. 

Phase 9 Finalization

Phase 9.1 Finalizing Design Cores and Updating Shapes
Phase 9.1 Finalizing Design Cores and Updating Shapes | Checksum: 206399101

Time (s): cpu = 00:00:01 ; elapsed = 00:00:11 . Memory (MB): peak = 1783.480 ; gain = 22.363

Phase 9.2 Verifying Netlist Connectivity

Starting Connectivity Check Task

Time (s): cpu = 00:00:00 ; elapsed = 00:00:00.006 . Memory (MB): peak = 1783.480 ; gain = 0.000
Phase 9.2 Verifying Netlist Connectivity | Checksum: 206399101

Time (s): cpu = 00:00:01 ; elapsed = 00:00:11 . Memory (MB): peak = 1783.480 ; gain = 22.363
Phase 9 Finalization | Checksum: 206399101

Time (s): cpu = 00:00:01 ; elapsed = 00:00:11 . Memory (MB): peak = 1783.480 ; gain = 22.363
Opt_design Change Summary
=========================


-------------------------------------------------------------------------------------------------------------------------
|  Phase                        |  #Cells created  |  #Cells Removed  |  #Constrained objects preventing optimizations  |
-------------------------------------------------------------------------------------------------------------------------
|  Retarget                     |               5  |              13  |                                             66  |
|  Constant propagation         |               0  |              16  |                                             49  |
|  Sweep                        |               0  |              47  |                                            873  |
|  BUFG optimization            |               1  |               0  |                                              0  |
|  Shift Register Optimization  |               0  |               0  |                                              0  |
|  Post Processing Netlist      |               0  |               0  |                                             57  |
-------------------------------------------------------------------------------------------------------------------------


Ending Logic Optimization Task | Checksum: 206399101

Time (s): cpu = 00:00:01 ; elapsed = 00:00:11 . Memory (MB): peak = 1783.480 ; gain = 22.363

Starting Power Optimization Task
INFO: [Pwropt 34-132] Skipping clock gating for clocks with a period < 2.00 ns.
INFO: [Pwropt 34-9] Applying IDT optimizations ...
INFO: [Pwropt 34-10] Applying ODC optimizations ...
INFO: [Timing 38-35] Done setting XDC timing constraints.
Running Vector-less Activity Propagation...

Finished Running Vector-less Activity Propagation


Starting PowerOpt Patch Enables Task
INFO: [Pwropt 34-162] WRITE_MODE attribute of 0 BRAM(s) out of a total of 1 has been updated to save power. Run report_power_opt to get a complete listing of the BRAMs updated.
INFO: [Pwropt 34-201] Structural ODC has moved 0 WE to EN ports
Number of BRAM Ports augmented: 1 newly gated: 0 Total Ports: 2
Ending PowerOpt Patch Enables Task | Checksum: 271da9132

Time (s): cpu = 00:00:00 ; elapsed = 00:00:00.008 . Memory (MB): peak = 1872.543 ; gain = 0.000
Ending Power Optimization Task | Checksum: 271da9132

Time (s): cpu = 00:00:01 ; elapsed = 00:00:00.534 . Memory (MB): peak = 1872.543 ; gain = 89.062

Starting Final Cleanup Task
Ending Final Cleanup Task | Checksum: 271da9132

Time (s): cpu = 00:00:00 ; elapsed = 00:00:00 . Memory (MB): peak = 1872.543 ; gain = 0.000

Starting Netlist Obfuscation Task
Netlist sorting complete. Time (s): cpu = 00:00:00 ; elapsed = 00:00:00.001 . Memory (MB): peak = 1872.543 ; gain = 0.000
Ending Netlist Obfuscation Task | Checksum: 1e24ec612

Time (s): cpu = 00:00:00 ; elapsed = 00:00:00.001 . Memory (MB): peak = 1872.543 ; gain = 0.000
INFO: [Common 17-83] Releasing license: Implementation
58 Infos, 2 Warnings, 0 Critical Warnings and 0 Errors encountered.
opt_design completed successfully
opt_design: Time (s): cpu = 00:00:05 ; elapsed = 00:00:14 . Memory (MB): peak = 1872.543 ; gain = 532.293
INFO: [Vivado 12-24828] Executing command : report_drc -file vcsel_block_design_wrapper_drc_opted.rpt -pb vcsel_block_design_wrapper_drc_opted.pb -rpx vcsel_block_design_wrapper_drc_opted.rpx
Command: report_drc -file vcsel_block_design_wrapper_drc_opted.rpt -pb vcsel_block_design_wrapper_drc_opted.pb -rpx vcsel_block_design_wrapper_drc_opted.rpx
INFO: [IP_Flow 19-1839] IP Catalog is up to date.
INFO: [DRC 23-27] Running DRC with 2 threads
INFO: [Vivado_Tcl 2-168] The results of DRC are in file C:/Users/arikb/Desktop/VCSEL_implementation/VCSEL_implementation.runs/impl_1/vcsel_block_design_wrapper_drc_opted.rpt.
report_drc completed successfully
INFO: [Timing 38-35] Done setting XDC timing constraints.
INFO: [Timing 38-480] Writing timing data to binary archive.
Write ShapeDB Complete: Time (s): cpu = 00:00:00 ; elapsed = 00:00:00.004 . Memory (MB): peak = 1872.543 ; gain = 0.000
Wrote PlaceDB: Time (s): cpu = 00:00:00 ; elapsed = 00:00:00.003 . Memory (MB): peak = 1872.543 ; gain = 0.000
Wrote PulsedLatchDB: Time (s): cpu = 00:00:00 ; elapsed = 00:00:00 . Memory (MB): peak = 1872.543 ; gain = 0.000
Writing XDEF routing.
Writing XDEF routing logical nets.
Writing XDEF routing special nets.
Wrote RouteStorage: Time (s): cpu = 00:00:00 ; elapsed = 00:00:00.016 . Memory (MB): peak = 1872.543 ; gain = 0.000
Wrote Netlist Cache: Time (s): cpu = 00:00:00 ; elapsed = 00:00:00 . Memory (MB): peak = 1872.543 ; gain = 0.000
Wrote Device Cache: Time (s): cpu = 00:00:00 ; elapsed = 00:00:00.006 . Memory (MB): peak = 1872.543 ; gain = 0.000
Write Physdb Complete: Time (s): cpu = 00:00:00 ; elapsed = 00:00:00.028 . Memory (MB): peak = 1872.543 ; gain = 0.000
INFO: [Common 17-1381] The checkpoint 'C:/Users/arikb/Desktop/VCSEL_implementation/VCSEL_implementation.runs/impl_1/vcsel_block_design_wrapper_opt.dcp' has been generated.
INFO: [Chipscope 16-240] Debug cores have already been implemented
Command: place_design
Attempting to get a license for feature 'Implementation' and/or device 'xc7z020'
INFO: [Common 17-349] Got license for feature 'Implementation' and/or device 'xc7z020'
INFO: [Common 17-83] Releasing license: Implementation
INFO: [DRC 23-27] Running DRC with 2 threads
INFO: [Vivado_Tcl 4-198] DRC finished with 0 Errors
INFO: [Vivado_Tcl 4-199] Please refer to the DRC report (report_drc) for more information.
Running DRC as a precondition to command place_design
INFO: [DRC 23-27] Running DRC with 2 threads
INFO: [Vivado_Tcl 4-198] DRC finished with 0 Errors
INFO: [Vivado_Tcl 4-199] Please refer to the DRC report (report_drc) for more information.
INFO: [Place 30-611] Multithreading enabled for place_design using a maximum of 2 CPUs

Starting Placer Task

Phase 1 Placer Initialization

Phase 1.1 Placer Initialization Netlist Sorting
Netlist sorting complete. Time (s): cpu = 00:00:00 ; elapsed = 00:00:00 . Memory (MB): peak = 1872.543 ; gain = 0.000
Phase 1.1 Placer Initialization Netlist Sorting | Checksum: 18acaee06

Time (s): cpu = 00:00:00 ; elapsed = 00:00:00.002 . Memory (MB): peak = 1872.543 ; gain = 0.000
Netlist sorting complete. Time (s): cpu = 00:00:00 ; elapsed = 00:00:00.001 . Memory (MB): peak = 1872.543 ; gain = 0.000

Phase 1.2 IO Placement/ Clock Placement/ Build Placer Device
Phase 1.2 IO Placement/ Clock Placement/ Build Placer Device | Checksum: da866fa2

Time (s): cpu = 00:00:01 ; elapsed = 00:00:00.172 . Memory (MB): peak = 1872.543 ; gain = 0.000

Phase 1.3 Build Placer Netlist Model
Phase 1.3 Build Placer Netlist Model | Checksum: 1c53f3b6c

Time (s): cpu = 00:00:01 ; elapsed = 00:00:00.473 . Memory (MB): peak = 1872.543 ; gain = 0.000

Phase 1.4 Constrain Clocks/Macros
Phase 1.4 Constrain Clocks/Macros | Checksum: 1c53f3b6c

Time (s): cpu = 00:00:01 ; elapsed = 00:00:00.476 . Memory (MB): peak = 1872.543 ; gain = 0.000
Phase 1 Placer Initialization | Checksum: 1c53f3b6c

Time (s): cpu = 00:00:01 ; elapsed = 00:00:00.480 . Memory (MB): peak = 1872.543 ; gain = 0.000

Phase 2 Global Placement

Phase 2.1 Floorplanning
Phase 2.1 Floorplanning | Checksum: 140589627

Time (s): cpu = 00:00:01 ; elapsed = 00:00:00.601 . Memory (MB): peak = 1872.543 ; gain = 0.000

Phase 2.2 Update Timing before SLR Path Opt
Phase 2.2 Update Timing before SLR Path Opt | Checksum: 1c32d004f

Time (s): cpu = 00:00:02 ; elapsed = 00:00:00.678 . Memory (MB): peak = 1872.543 ; gain = 0.000

Phase 2.3 Post-Processing in Floorplanning
Phase 2.3 Post-Processing in Floorplanning | Checksum: 1c32d004f

Time (s): cpu = 00:00:02 ; elapsed = 00:00:00.682 . Memory (MB): peak = 1872.543 ; gain = 0.000

Phase 2.4 Global Place Phase1
Phase 2.4 Global Place Phase1 | Checksum: 210fe061c

Time (s): cpu = 00:00:04 ; elapsed = 00:00:02 . Memory (MB): peak = 1872.543 ; gain = 0.000

Phase 2.5 Global Place Phase2

Phase 2.5.1 UpdateTiming Before Physical Synthesis
Phase 2.5.1 UpdateTiming Before Physical Synthesis | Checksum: 20c0683d1

Time (s): cpu = 00:00:04 ; elapsed = 00:00:02 . Memory (MB): peak = 1872.543 ; gain = 0.000

Phase 2.5.2 Physical Synthesis In Placer
INFO: [Physopt 32-1035] Found 1 LUTNM shape to break, 111 LUT instances to create LUTNM shape
INFO: [Physopt 32-1044] Break lutnm for timing: one critical 0, two critical 1, total 1, new lutff created 0
INFO: [Physopt 32-1138] End 1 Pass. Optimized 53 nets or LUTs. Breaked 1 LUT, combined 52 existing LUTs and moved 0 existing LUT
INFO: [Physopt 32-65] No nets found for high-fanout optimization.
INFO: [Physopt 32-232] Optimized 0 net. Created 0 new instance.
INFO: [Physopt 32-775] End 1 Pass. Optimized 0 net or cell. Created 0 new cell, deleted 0 existing cell and moved 0 existing cell
INFO: [Physopt 32-457] Pass 1. Identified 2 candidate cells for DSP register optimization.
INFO: [Physopt 32-665] Processed cell vcsel_block_design_i/vcsel_demo_top_0/U0/u_dyn/v3. 15 registers were pushed out.
INFO: [Physopt 32-665] Processed cell vcsel_block_design_i/vcsel_demo_top_0/U0/u_dyn/v4. 15 registers were pushed out.
INFO: [Physopt 32-775] End 2 Pass. Optimized 2 nets or cells. Created 30 new cells, deleted 0 existing cell and moved 0 existing cell
Netlist sorting complete. Time (s): cpu = 00:00:00 ; elapsed = 00:00:00.002 . Memory (MB): peak = 1872.543 ; gain = 0.000
INFO: [Physopt 32-1123] No candidate cells found for Shift Register to Pipeline optimization
INFO: [Physopt 32-775] End 2 Pass. Optimized 0 net or cell. Created 0 new cell, deleted 0 existing cell and moved 0 existing cell
INFO: [Physopt 32-1401] No candidate cells found for Shift Register optimization.
INFO: [Physopt 32-677] No candidate cells for Shift Register optimization found in the design
INFO: [Physopt 32-775] End 1 Pass. Optimized 0 net or cell. Created 0 new cell, deleted 0 existing cell and moved 0 existing cell
INFO: [Physopt 32-526] No candidate cells for BRAM register optimization found in the design
INFO: [Physopt 32-775] End 1 Pass. Optimized 0 net or cell. Created 0 new cell, deleted 0 existing cell and moved 0 existing cell
INFO: [Physopt 32-846] No candidate cells for URAM register optimization found in the design
INFO: [Physopt 32-775] End 1 Pass. Optimized 0 net or cell. Created 0 new cell, deleted 0 existing cell and moved 0 existing cell
INFO: [Physopt 32-846] No candidate cells for URAM register optimization found in the design
INFO: [Physopt 32-775] End 1 Pass. Optimized 0 net or cell. Created 0 new cell, deleted 0 existing cell and moved 0 existing cell
INFO: [Physopt 32-949] No candidate nets found for dynamic/static region interface net replication
INFO: [Physopt 32-775] End 1 Pass. Optimized 0 net or cell. Created 0 new cell, deleted 0 existing cell and moved 0 existing cell
Netlist sorting complete. Time (s): cpu = 00:00:00 ; elapsed = 00:00:00.001 . Memory (MB): peak = 1872.543 ; gain = 0.000

Summary of Physical Synthesis Optimizations
============================================


-----------------------------------------------------------------------------------------------------------------------------------------------------------
|  Optimization                                     |  Added Cells  |  Removed Cells  |  Optimized Cells/Nets  |  Dont Touch  |  Iterations  |  Elapsed   |
-----------------------------------------------------------------------------------------------------------------------------------------------------------
|  LUT Combining                                    |            1  |             52  |                    53  |           0  |           1  |  00:00:00  |
|  Retime                                           |            0  |              0  |                     0  |           0  |           1  |  00:00:00  |
|  Very High Fanout                                 |            0  |              0  |                     0  |           0  |           1  |  00:00:00  |
|  DSP Register                                     |           30  |              0  |                     2  |           0  |           1  |  00:00:00  |
|  Shift Register to Pipeline                       |            0  |              0  |                     0  |           0  |           1  |  00:00:00  |
|  Shift Register                                   |            0  |              0  |                     0  |           0  |           1  |  00:00:00  |
|  BRAM Register                                    |            0  |              0  |                     0  |           0  |           1  |  00:00:00  |
|  URAM Register                                    |            0  |              0  |                     0  |           0  |           1  |  00:00:00  |
|  Dynamic/Static Region Interface Net Replication  |            0  |              0  |                     0  |           0  |           1  |  00:00:00  |
|  Total                                            |           31  |             52  |                    55  |           0  |           9  |  00:00:00  |
-----------------------------------------------------------------------------------------------------------------------------------------------------------


Phase 2.5.2 Physical Synthesis In Placer | Checksum: 1ee2c5275

Time (s): cpu = 00:00:04 ; elapsed = 00:00:02 . Memory (MB): peak = 1872.543 ; gain = 0.000
Phase 2.5 Global Place Phase2 | Checksum: 18dca240a

Time (s): cpu = 00:00:04 ; elapsed = 00:00:02 . Memory (MB): peak = 1872.543 ; gain = 0.000
Phase 2 Global Placement | Checksum: 18dca240a

Time (s): cpu = 00:00:04 ; elapsed = 00:00:02 . Memory (MB): peak = 1872.543 ; gain = 0.000

Phase 3 Detail Placement

Phase 3.1 Commit Multi Column Macros
Phase 3.1 Commit Multi Column Macros | Checksum: 1170eb303

Time (s): cpu = 00:00:04 ; elapsed = 00:00:02 . Memory (MB): peak = 1872.543 ; gain = 0.000

Phase 3.2 Commit Most Macros & LUTRAMs
Phase 3.2 Commit Most Macros & LUTRAMs | Checksum: 1479f28a4

Time (s): cpu = 00:00:05 ; elapsed = 00:00:03 . Memory (MB): peak = 1872.543 ; gain = 0.000

Phase 3.3 Area Swap Optimization
Phase 3.3 Area Swap Optimization | Checksum: 10936ce6b

Time (s): cpu = 00:00:05 ; elapsed = 00:00:03 . Memory (MB): peak = 1872.543 ; gain = 0.000

Phase 3.4 Pipeline Register Optimization
Phase 3.4 Pipeline Register Optimization | Checksum: 1a5a0987c

Time (s): cpu = 00:00:05 ; elapsed = 00:00:03 . Memory (MB): peak = 1872.543 ; gain = 0.000

Phase 3.5 Fast Optimization
Phase 3.5 Fast Optimization | Checksum: ffdfeb2b

Time (s): cpu = 00:00:06 ; elapsed = 00:00:04 . Memory (MB): peak = 1872.543 ; gain = 0.000

Phase 3.6 Small Shape Detail Placement
Phase 3.6 Small Shape Detail Placement | Checksum: 1ba4c4dde

Time (s): cpu = 00:00:06 ; elapsed = 00:00:04 . Memory (MB): peak = 1872.543 ; gain = 0.000

Phase 3.7 Re-assign LUT pins
Phase 3.7 Re-assign LUT pins | Checksum: 17b5ed28b

Time (s): cpu = 00:00:06 ; elapsed = 00:00:04 . Memory (MB): peak = 1872.543 ; gain = 0.000

Phase 3.8 Pipeline Register Optimization
Phase 3.8 Pipeline Register Optimization | Checksum: 161fa41af

Time (s): cpu = 00:00:06 ; elapsed = 00:00:04 . Memory (MB): peak = 1872.543 ; gain = 0.000

Phase 3.9 Fast Optimization
Phase 3.9 Fast Optimization | Checksum: 1d797e56d

Time (s): cpu = 00:00:07 ; elapsed = 00:00:06 . Memory (MB): peak = 1872.543 ; gain = 0.000
Phase 3 Detail Placement | Checksum: 1d797e56d

Time (s): cpu = 00:00:07 ; elapsed = 00:00:06 . Memory (MB): peak = 1872.543 ; gain = 0.000

Phase 4 Post Placement Optimization and Clean-Up

Phase 4.1 Post Commit Optimization
INFO: [Timing 38-35] Done setting XDC timing constraints.

Phase 4.1.1 Post Placement Optimization
Post Placement Optimization Initialization | Checksum: 28caa508f

Phase 4.1.1.1 BUFG Insertion

Starting Physical Synthesis Task

Phase 1 Physical Synthesis Initialization
INFO: [Physopt 32-721] Multithreading enabled for phys_opt_design using a maximum of 2 CPUs
INFO: [Physopt 32-619] Estimated Timing Summary | WNS=-20.816 | TNS=-1069.857 |
Phase 1 Physical Synthesis Initialization | Checksum: 27516cfc3

Time (s): cpu = 00:00:00 ; elapsed = 00:00:00.057 . Memory (MB): peak = 1872.543 ; gain = 0.000
INFO: [Place 46-56] BUFG insertion identified 0 candidate nets. Inserted BUFG: 0, Replicated BUFG Driver: 0, Skipped due to Placement/Routing Conflicts: 0, Skipped due to Timing Degradation: 0, Skipped due to netlist editing failed: 0.
Ending Physical Synthesis Task | Checksum: 2ab48a5e8

Time (s): cpu = 00:00:00 ; elapsed = 00:00:00.066 . Memory (MB): peak = 1872.543 ; gain = 0.000
Phase 4.1.1.1 BUFG Insertion | Checksum: 28caa508f

Time (s): cpu = 00:00:08 ; elapsed = 00:00:06 . Memory (MB): peak = 1872.543 ; gain = 0.000

Phase 4.1.1.2 Post Placement Timing Optimization
INFO: [Place 30-746] Post Placement Timing Summary WNS=-19.404. For the most accurate timing information please run report_timing.
Phase 4.1.1.2 Post Placement Timing Optimization | Checksum: 212b7e9bd

Time (s): cpu = 00:00:13 ; elapsed = 00:00:11 . Memory (MB): peak = 1872.543 ; gain = 0.000

Time (s): cpu = 00:00:13 ; elapsed = 00:00:11 . Memory (MB): peak = 1872.543 ; gain = 0.000
Phase 4.1 Post Commit Optimization | Checksum: 212b7e9bd

Time (s): cpu = 00:00:13 ; elapsed = 00:00:11 . Memory (MB): peak = 1872.543 ; gain = 0.000

Phase 4.2 Post Placement Cleanup
Phase 4.2 Post Placement Cleanup | Checksum: 212b7e9bd

Time (s): cpu = 00:00:13 ; elapsed = 00:00:11 . Memory (MB): peak = 1872.543 ; gain = 0.000

Phase 4.3 Placer Reporting

Phase 4.3.1 Print Estimated Congestion
INFO: [Place 30-612] Post-Placement Estimated Congestion 
 ____________________________________________________
|           | Global Congestion | Short Congestion  |
| Direction | Region Size       | Region Size       |
|___________|___________________|___________________|
|      North|                1x1|                1x1|
|___________|___________________|___________________|
|      South|                1x1|                1x1|
|___________|___________________|___________________|
|       East|                1x1|                1x1|
|___________|___________________|___________________|
|       West|                1x1|                1x1|
|___________|___________________|___________________|

Phase 4.3.1 Print Estimated Congestion | Checksum: 212b7e9bd

Time (s): cpu = 00:00:13 ; elapsed = 00:00:11 . Memory (MB): peak = 1872.543 ; gain = 0.000
Phase 4.3 Placer Reporting | Checksum: 212b7e9bd

Time (s): cpu = 00:00:13 ; elapsed = 00:00:11 . Memory (MB): peak = 1872.543 ; gain = 0.000

Phase 4.4 Final Placement Cleanup
Netlist sorting complete. Time (s): cpu = 00:00:00 ; elapsed = 00:00:00.001 . Memory (MB): peak = 1872.543 ; gain = 0.000

Time (s): cpu = 00:00:13 ; elapsed = 00:00:11 . Memory (MB): peak = 1872.543 ; gain = 0.000
Phase 4 Post Placement Optimization and Clean-Up | Checksum: 1a92b72a7

Time (s): cpu = 00:00:13 ; elapsed = 00:00:11 . Memory (MB): peak = 1872.543 ; gain = 0.000
Ending Placer Task | Checksum: b1f99914

Time (s): cpu = 00:00:13 ; elapsed = 00:00:11 . Memory (MB): peak = 1872.543 ; gain = 0.000
104 Infos, 2 Warnings, 0 Critical Warnings and 0 Errors encountered.
place_design completed successfully
place_design: Time (s): cpu = 00:00:14 ; elapsed = 00:00:12 . Memory (MB): peak = 1872.543 ; gain = 0.000
INFO: [Vivado 12-24838] Running report commands "report_control_sets, report_io, report_utilization" in parallel.
Running report generation with 2 threads.
INFO: [Vivado 12-24828] Executing command : report_io -file vcsel_block_design_wrapper_io_placed.rpt
report_io: Time (s): cpu = 00:00:00 ; elapsed = 00:00:00.039 . Memory (MB): peak = 1872.543 ; gain = 0.000
INFO: [Vivado 12-24828] Executing command : report_utilization -file vcsel_block_design_wrapper_utilization_placed.rpt -pb vcsel_block_design_wrapper_utilization_placed.pb
INFO: [Vivado 12-24828] Executing command : report_control_sets -verbose -file vcsel_block_design_wrapper_control_sets_placed.rpt
report_control_sets: Time (s): cpu = 00:00:00 ; elapsed = 00:00:00.007 . Memory (MB): peak = 1872.543 ; gain = 0.000
INFO: [Timing 38-480] Writing timing data to binary archive.
Write ShapeDB Complete: Time (s): cpu = 00:00:00 ; elapsed = 00:00:00.005 . Memory (MB): peak = 1872.543 ; gain = 0.000
Wrote PlaceDB: Time (s): cpu = 00:00:01 ; elapsed = 00:00:00.131 . Memory (MB): peak = 1872.543 ; gain = 0.000
Wrote PulsedLatchDB: Time (s): cpu = 00:00:00 ; elapsed = 00:00:00 . Memory (MB): peak = 1872.543 ; gain = 0.000
Writing XDEF routing.
Writing XDEF routing logical nets.
Writing XDEF routing special nets.
Wrote RouteStorage: Time (s): cpu = 00:00:00 ; elapsed = 00:00:00.016 . Memory (MB): peak = 1872.543 ; gain = 0.000
Wrote Netlist Cache: Time (s): cpu = 00:00:00 ; elapsed = 00:00:00.002 . Memory (MB): peak = 1872.543 ; gain = 0.000
Wrote Device Cache: Time (s): cpu = 00:00:00 ; elapsed = 00:00:00.005 . Memory (MB): peak = 1872.543 ; gain = 0.000
Write Physdb Complete: Time (s): cpu = 00:00:01 ; elapsed = 00:00:00.160 . Memory (MB): peak = 1872.543 ; gain = 0.000
INFO: [Common 17-1381] The checkpoint 'C:/Users/arikb/Desktop/VCSEL_implementation/VCSEL_implementation.runs/impl_1/vcsel_block_design_wrapper_placed.dcp' has been generated.
Command: phys_opt_design
Attempting to get a license for feature 'Implementation' and/or device 'xc7z020'
INFO: [Common 17-349] Got license for feature 'Implementation' and/or device 'xc7z020'

Starting Initial Update Timing Task

Time (s): cpu = 00:00:00 ; elapsed = 00:00:00.171 . Memory (MB): peak = 1872.543 ; gain = 0.000
INFO: [Vivado_Tcl 4-1435] PhysOpt_Tcl_Interface Runtime Before Starting Physical Synthesis Task | CPU: 0.00s |  WALL: 0.18s
Netlist sorting complete. Time (s): cpu = 00:00:00 ; elapsed = 00:00:00.001 . Memory (MB): peak = 1872.543 ; gain = 0.000

Starting Physical Synthesis Task

Phase 1 Physical Synthesis Initialization
INFO: [Physopt 32-721] Multithreading enabled for phys_opt_design using a maximum of 2 CPUs
INFO: [Physopt 32-619] Estimated Timing Summary | WNS=-19.404 | TNS=-1026.152 |
Phase 1 Physical Synthesis Initialization | Checksum: 12e338df9

Time (s): cpu = 00:00:01 ; elapsed = 00:00:00.140 . Memory (MB): peak = 1872.543 ; gain = 0.000
INFO: [Physopt 32-619] Estimated Timing Summary | WNS=-19.404 | TNS=-1026.152 |

Phase 2 DSP Register Optimization
INFO: [Physopt 32-456] No candidate cells for DSP register optimization found in the design.
INFO: [Physopt 32-775] End 2 Pass. Optimized 0 net or cell. Created 0 new cell, deleted 0 existing cell and moved 0 existing cell
Phase 2 DSP Register Optimization | Checksum: 12e338df9

Time (s): cpu = 00:00:01 ; elapsed = 00:00:00.152 . Memory (MB): peak = 1872.543 ; gain = 0.000

Phase 3 Critical Path Optimization
INFO: [Physopt 32-619] Estimated Timing Summary | WNS=-19.404 | TNS=-1026.152 |
INFO: [Physopt 32-663] Processed net vcsel_block_design_i/vcsel_demo_top_0/U0/u_dyn/Q[7].  Re-placed instance vcsel_block_design_i/vcsel_demo_top_0/U0/u_dyn/y0_reg[7]
INFO: [Physopt 32-735] Processed net vcsel_block_design_i/vcsel_demo_top_0/U0/u_dyn/Q[7]. Optimization improves timing on the net.
INFO: [Physopt 32-619] Estimated Timing Summary | WNS=-19.397 | TNS=-1026.145 |
INFO: [Physopt 32-702] Processed net vcsel_block_design_i/vcsel_demo_top_0/U0/u_dyn/Q[7]. Optimizations did not improve timing on the net.
INFO: [Physopt 32-702] Processed net vcsel_block_design_i/clk_wiz_0/inst/clk_out1_vcsel_block_design_clk_wiz_0_0. Optimizations did not improve timing on the net.
INFO: [Physopt 32-702] Processed net vcsel_block_design_i/vcsel_demo_top_0/U0/u_dyn/sat_flag1_inferred__0/i__carry__1_n_3. Optimizations did not improve timing on the net.
INFO: [Physopt 32-702] Processed net vcsel_block_design_i/vcsel_demo_top_0/U0/u_dyn/sat_flag1_inferred__0/i__carry__0_n_0. Optimizations did not improve timing on the net.
INFO: [Physopt 32-608] Optimized 1 net.  Swapped 20 pins.
INFO: [Physopt 32-735] Processed net vcsel_block_design_i/vcsel_demo_top_0/U0/u_dyn/i__carry__0_i_8_n_0. Optimization improves timing on the net.
INFO: [Physopt 32-619] Estimated Timing Summary | WNS=-19.292 | TNS=-1021.315 |
INFO: [Physopt 32-702] Processed net vcsel_block_design_i/vcsel_demo_top_0/U0/u_dyn/i__carry__0_i_8_n_0. Optimizations did not improve timing on the net.
INFO: [Physopt 32-702] Processed net vcsel_block_design_i/vcsel_demo_top_0/U0/u_dyn/sat_flag_reg_i_2_n_1. Optimizations did not improve timing on the net.
INFO: [Physopt 32-702] Processed net vcsel_block_design_i/vcsel_demo_top_0/U0/u_dyn/i__carry_i_9_n_0. Optimizations did not improve timing on the net.
INFO: [Physopt 32-608] Optimized 1 net.  Swapped 14 pins.
INFO: [Physopt 32-735] Processed net vcsel_block_design_i/vcsel_demo_top_0/U0/u_dyn/i__carry_i_12_n_0. Optimization improves timing on the net.
INFO: [Physopt 32-619] Estimated Timing Summary | WNS=-19.278 | TNS=-1020.671 |
INFO: [Physopt 32-608] Optimized 1 net.  Swapped 7 pins.
INFO: [Physopt 32-735] Processed net vcsel_block_design_i/vcsel_demo_top_0/U0/u_dyn/sat_flag_i_3_n_0. Optimization improves timing on the net.
INFO: [Physopt 32-619] Estimated Timing Summary | WNS=-19.200 | TNS=-1017.083 |
INFO: [Physopt 32-608] Optimized 1 net.  Swapped 14 pins.
INFO: [Physopt 32-735] Processed net vcsel_block_design_i/vcsel_demo_top_0/U0/u_dyn/i__carry_i_13_n_0. Optimization improves timing on the net.
INFO: [Physopt 32-619] Estimated Timing Summary | WNS=-19.170 | TNS=-1015.703 |
INFO: [Physopt 32-608] Optimized 1 net.  Swapped 7 pins.
INFO: [Physopt 32-735] Processed net vcsel_block_design_i/vcsel_demo_top_0/U0/u_dyn/sat_flag_i_4_n_0. Optimization improves timing on the net.
INFO: [Physopt 32-619] Estimated Timing Summary | WNS=-19.167 | TNS=-1015.565 |
INFO: [Physopt 32-608] Optimized 1 net.  Swapped 14 pins.
INFO: [Physopt 32-735] Processed net vcsel_block_design_i/vcsel_demo_top_0/U0/u_dyn/i__carry_i_10_n_0. Optimization improves timing on the net.
INFO: [Physopt 32-619] Estimated Timing Summary | WNS=-19.163 | TNS=-1015.381 |
INFO: [Physopt 32-702] Processed net vcsel_block_design_i/vcsel_demo_top_0/U0/u_dyn/v4_i_15_n_0. Optimizations did not improve timing on the net.
INFO: [Physopt 32-702] Processed net vcsel_block_design_i/vcsel_demo_top_0/U0/u_dyn/v4_i_16_n_0. Optimizations did not improve timing on the net.
INFO: [Physopt 32-702] Processed net vcsel_block_design_i/vcsel_demo_top_0/U0/u_dyn/y0_reg[7]_i_2_n_0. Optimizations did not improve timing on the net.
INFO: [Physopt 32-608] Optimized 1 net.  Swapped 14 pins.
INFO: [Physopt 32-735] Processed net vcsel_block_design_i/vcsel_demo_top_0/U0/u_dyn/y0[7]_i_5_n_0. Optimization improves timing on the net.
INFO: [Physopt 32-619] Estimated Timing Summary | WNS=-19.104 | TNS=-1012.667 |
INFO: [Physopt 32-702] Processed net vcsel_block_design_i/vcsel_demo_top_0/U0/u_dyn/y0_reg[4]_i_2_n_0. Optimizations did not improve timing on the net.
INFO: [Physopt 32-702] Processed net vcsel_block_design_i/vcsel_demo_top_0/U0/u_dyn/y0[4]_i_7_n_0. Optimizations did not improve timing on the net.
INFO: [Physopt 32-702] Processed net vcsel_block_design_i/vcsel_demo_top_0/U0/u_dyn/y0_reg[4]_i_8_n_7. Optimizations did not improve timing on the net.
INFO: [Physopt 32-702] Processed net vcsel_block_design_i/vcsel_demo_top_0/U0/u_dyn/y0_reg[0]_i_2_n_0. Optimizations did not improve timing on the net.
INFO: [Physopt 32-702] Processed net vcsel_block_design_i/vcsel_demo_top_0/U0/u_dyn/y0[0]_i_4_n_0. Optimizations did not improve timing on the net.
INFO: [Physopt 32-702] Processed net vcsel_block_design_i/vcsel_demo_top_0/U0/u_dyn/p_1_in[8]. Optimizations did not improve timing on the net.
INFO: [Physopt 32-702] Processed net vcsel_block_design_i/vcsel_demo_top_0/U0/u_dyn/v2__87_carry__0_n_0. Optimizations did not improve timing on the net.
INFO: [Physopt 32-702] Processed net vcsel_block_design_i/vcsel_demo_top_0/U0/u_dyn/v2__87_carry__0_i_3_n_0. Optimizations did not improve timing on the net.
INFO: [Physopt 32-702] Processed net vcsel_block_design_i/vcsel_demo_top_0/U0/u_dyn/v2__0_carry__0_n_7. Optimizations did not improve timing on the net.
INFO: [Physopt 32-702] Processed net vcsel_block_design_i/vcsel_demo_top_0/U0/u_dyn/v2__0_carry_n_0. Optimizations did not improve timing on the net.
INFO: [Physopt 32-608] Optimized 1 net.  Swapped 23 pins.
INFO: [Physopt 32-735] Processed net vcsel_block_design_i/vcsel_demo_top_0/U0/u_dyn/v2__0_carry_i_6_n_0. Optimization improves timing on the net.
INFO: [Physopt 32-619] Estimated Timing Summary | WNS=-19.056 | TNS=-1010.459 |
INFO: [Physopt 32-608] Optimized 1 net.  Swapped 12 pins.
INFO: [Physopt 32-735] Processed net vcsel_block_design_i/vcsel_demo_top_0/U0/u_dyn/v2__0_carry_i_2_n_0. Optimization improves timing on the net.
INFO: [Physopt 32-619] Estimated Timing Summary | WNS=-19.012 | TNS=-1008.435 |
INFO: [Physopt 32-702] Processed net vcsel_block_design_i/vcsel_demo_top_0/U0/u_dyn/sat_flag_i_4_n_0. Optimizations did not improve timing on the net.
INFO: [Physopt 32-702] Processed net vcsel_block_design_i/vcsel_demo_top_0/U0/u_dyn/sat_flag_reg_i_5_n_7. Optimizations did not improve timing on the net.
INFO: [Physopt 32-702] Processed net vcsel_block_design_i/vcsel_demo_top_0/U0/u_dyn/i__carry_i_14_n_0. Optimizations did not improve timing on the net.
INFO: [Physopt 32-702] Processed net vcsel_block_design_i/vcsel_demo_top_0/U0/u_dyn/i__carry_i_15_n_0. Optimizations did not improve timing on the net.
INFO: [Physopt 32-702] Processed net vcsel_block_design_i/vcsel_demo_top_0/U0/u_dyn/p_1_in[28]. Optimizations did not improve timing on the net.
INFO: [Physopt 32-702] Processed net vcsel_block_design_i/vcsel_demo_top_0/U0/u_dyn/v2__87_carry__5_n_0. Optimizations did not improve timing on the net.
INFO: [Physopt 32-663] Processed net vcsel_block_design_i/vcsel_demo_top_0/U0/u_dyn/v2__87_carry__5_i_4_n_0.  Re-placed instance vcsel_block_design_i/vcsel_demo_top_0/U0/u_dyn/v2__87_carry__5_i_4
INFO: [Physopt 32-735] Processed net vcsel_block_design_i/vcsel_demo_top_0/U0/u_dyn/v2__87_carry__5_i_4_n_0. Optimization improves timing on the net.
INFO: [Physopt 32-619] Estimated Timing Summary | WNS=-18.953 | TNS=-1005.721 |
INFO: [Physopt 32-608] Optimized 1 net.  Swapped 14 pins.
INFO: [Physopt 32-735] Processed net vcsel_block_design_i/vcsel_demo_top_0/U0/u_dyn/v2__0_carry_i_1_n_0. Optimization improves timing on the net.
INFO: [Physopt 32-619] Estimated Timing Summary | WNS=-18.936 | TNS=-1004.939 |
INFO: [Physopt 32-702] Processed net vcsel_block_design_i/vcsel_demo_top_0/U0/u_dyn/i__carry_i_13_n_0. Optimizations did not improve timing on the net.
INFO: [Physopt 32-702] Processed net vcsel_block_design_i/vcsel_demo_top_0/U0/u_dyn/i__carry_i_14_n_7. Optimizations did not improve timing on the net.
INFO: [Physopt 32-702] Processed net vcsel_block_design_i/vcsel_demo_top_0/U0/u_dyn/v4_i_25_n_0. Optimizations did not improve timing on the net.
INFO: [Physopt 32-702] Processed net vcsel_block_design_i/vcsel_demo_top_0/U0/u_dyn/v4_i_30_n_0. Optimizations did not improve timing on the net.
INFO: [Physopt 32-702] Processed net vcsel_block_design_i/vcsel_demo_top_0/U0/u_dyn/p_1_in[21]. Optimizations did not improve timing on the net.
INFO: [Physopt 32-702] Processed net vcsel_block_design_i/vcsel_demo_top_0/U0/u_dyn/v2__87_carry__3_n_0. Optimizations did not improve timing on the net.
INFO: [Physopt 32-702] Processed net vcsel_block_design_i/vcsel_demo_top_0/U0/u_dyn/v2__87_carry__2_n_0. Optimizations did not improve timing on the net.
INFO: [Physopt 32-702] Processed net vcsel_block_design_i/vcsel_demo_top_0/U0/u_dyn/v2__87_carry__1_n_0. Optimizations did not improve timing on the net.
INFO: [Physopt 32-702] Processed net vcsel_block_design_i/vcsel_demo_top_0/U0/u_dyn/v2__87_carry__1_i_1_n_0. Optimizations did not improve timing on the net.
INFO: [Physopt 32-702] Processed net vcsel_block_design_i/vcsel_demo_top_0/U0/u_dyn/v2__0_carry__1_n_5. Optimizations did not improve timing on the net.
INFO: [Physopt 32-702] Processed net vcsel_block_design_i/vcsel_demo_top_0/U0/u_dyn/v2__0_carry__0_n_0. Optimizations did not improve timing on the net.
INFO: [Physopt 32-608] Optimized 1 net.  Swapped 12 pins.
INFO: [Physopt 32-735] Processed net vcsel_block_design_i/vcsel_demo_top_0/U0/u_dyn/v2__0_carry__0_i_4_n_0. Optimization improves timing on the net.
INFO: [Physopt 32-619] Estimated Timing Summary | WNS=-18.932 | TNS=-1004.755 |
INFO: [Physopt 32-702] Processed net vcsel_block_design_i/vcsel_demo_top_0/U0/u_dyn/y0[0]_i_7_n_0. Optimizations did not improve timing on the net.
INFO: [Physopt 32-702] Processed net vcsel_block_design_i/vcsel_demo_top_0/U0/u_dyn/p_1_in[5]. Optimizations did not improve timing on the net.
INFO: [Physopt 32-702] Processed net vcsel_block_design_i/vcsel_demo_top_0/U0/u_dyn/v2__87_carry_n_0. Optimizations did not improve timing on the net.
INFO: [Physopt 32-663] Processed net vcsel_block_design_i/vcsel_demo_top_0/U0/u_dyn/v2__87_carry_i_2_n_0.  Re-placed instance vcsel_block_design_i/vcsel_demo_top_0/U0/u_dyn/v2__87_carry_i_2
INFO: [Physopt 32-735] Processed net vcsel_block_design_i/vcsel_demo_top_0/U0/u_dyn/v2__87_carry_i_2_n_0. Optimization improves timing on the net.
INFO: [Physopt 32-619] Estimated Timing Summary | WNS=-18.926 | TNS=-1004.479 |
INFO: [Physopt 32-608] Optimized 1 net.  Swapped 12 pins.
INFO: [Physopt 32-735] Processed net vcsel_block_design_i/vcsel_demo_top_0/U0/u_dyn/v2__0_carry__0_i_3_n_0. Optimization improves timing on the net.
INFO: [Physopt 32-619] Estimated Timing Summary | WNS=-18.871 | TNS=-1001.949 |
INFO: [Physopt 32-608] Optimized 1 net.  Swapped 12 pins.
INFO: [Physopt 32-735] Processed net vcsel_block_design_i/vcsel_demo_top_0/U0/u_dyn/v2__0_carry__0_i_1_n_0. Optimization improves timing on the net.
INFO: [Physopt 32-619] Estimated Timing Summary | WNS=-18.871 | TNS=-1001.949 |
INFO: [Physopt 32-702] Processed net vcsel_block_design_i/vcsel_demo_top_0/U0/u_dyn/v2__0_carry_i_3_n_0. Optimizations did not improve timing on the net.
INFO: [Physopt 32-702] Processed net vcsel_block_design_i/vcsel_demo_top_0/U0/u_dyn/clamp_u15[7]. Optimizations did not improve timing on the net.
INFO: [Physopt 32-663] Processed net vcsel_block_design_i/vcsel_demo_top_0/U0/u_static/clamp_u151_carry__0_0[11].  Re-placed instance vcsel_block_design_i/vcsel_demo_top_0/U0/u_static/v6_i_7
INFO: [Physopt 32-735] Processed net vcsel_block_design_i/vcsel_demo_top_0/U0/u_static/clamp_u151_carry__0_0[11]. Optimization improves timing on the net.
INFO: [Physopt 32-619] Estimated Timing Summary | WNS=-18.855 | TNS=-1001.029 |
INFO: [Physopt 32-663] Processed net vcsel_block_design_i/vcsel_demo_top_0/U0/u_static/clamp_u151_carry__0_0[10].  Re-placed instance vcsel_block_design_i/vcsel_demo_top_0/U0/u_static/v6_i_8
INFO: [Physopt 32-735] Processed net vcsel_block_design_i/vcsel_demo_top_0/U0/u_static/clamp_u151_carry__0_0[10]. Optimization improves timing on the net.
INFO: [Physopt 32-619] Estimated Timing Summary | WNS=-18.851 | TNS=-1000.651 |
INFO: [Physopt 32-663] Processed net vcsel_block_design_i/vcsel_demo_top_0/U0/u_static/clamp_u151_carry__0_0[13].  Re-placed instance vcsel_block_design_i/vcsel_demo_top_0/U0/u_static/v6_i_5
INFO: [Physopt 32-735] Processed net vcsel_block_design_i/vcsel_demo_top_0/U0/u_static/clamp_u151_carry__0_0[13]. Optimization improves timing on the net.
INFO: [Physopt 32-619] Estimated Timing Summary | WNS=-18.844 | TNS=-1000.102 |
INFO: [Physopt 32-81] Processed net vcsel_block_design_i/vcsel_demo_top_0/U0/u_static/clamp_u151_carry__0_0[14]. Replicated 1 times.
INFO: [Physopt 32-735] Processed net vcsel_block_design_i/vcsel_demo_top_0/U0/u_static/clamp_u151_carry__0_0[14]. Optimization improves timing on the net.
INFO: [Physopt 32-619] Estimated Timing Summary | WNS=-18.838 | TNS=-999.646 |
INFO: [Physopt 32-702] Processed net vcsel_block_design_i/vcsel_demo_top_0/U0/u_static/clamp_u151_carry__0_0[14]. Optimizations did not improve timing on the net.
INFO: [Physopt 32-702] Processed net vcsel_block_design_i/vcsel_demo_top_0/U0/u_static/clamp_u151. Optimizations did not improve timing on the net.
INFO: [Physopt 32-702] Processed net vcsel_block_design_i/vcsel_demo_top_0/U0/u_static/clamp_u151_carry__0_i_3_n_0. Optimizations did not improve timing on the net.
INFO: [Physopt 32-702] Processed net vcsel_block_design_i/vcsel_demo_top_0/U0/u_static/v[24]. Optimizations did not improve timing on the net.
INFO: [Physopt 32-702] Processed net vcsel_block_design_i/vcsel_demo_top_0/U0/u_static/v_carry__4_n_0. Optimizations did not improve timing on the net.
INFO: [Physopt 32-702] Processed net vcsel_block_design_i/vcsel_demo_top_0/U0/u_static/v_carry__3_n_0. Optimizations did not improve timing on the net.
INFO: [Physopt 32-702] Processed net vcsel_block_design_i/vcsel_demo_top_0/U0/u_static/v_carry__3_i_3_n_0. Optimizations did not improve timing on the net.
INFO: [Physopt 32-702] Processed net vcsel_block_design_i/vcsel_demo_top_0/U0/u_static/v_carry__3_i_5_n_3. Optimizations did not improve timing on the net.
INFO: [Physopt 32-702] Processed net vcsel_block_design_i/vcsel_demo_top_0/U0/u_static/v_carry__2_i_5_n_0. Optimizations did not improve timing on the net.
INFO: [Physopt 32-702] Processed net vcsel_block_design_i/vcsel_demo_top_0/U0/u_static/v_carry__1_i_5_n_0. Optimizations did not improve timing on the net.
INFO: [Physopt 32-702] Processed net vcsel_block_design_i/vcsel_demo_top_0/U0/u_static/v_carry__0_i_6_n_0. Optimizations did not improve timing on the net.
INFO: [Physopt 32-702] Processed net vcsel_block_design_i/vcsel_demo_top_0/U0/u_static/v_carry_i_9_n_0. Optimizations did not improve timing on the net.
INFO: [Physopt 32-702] Processed net vcsel_block_design_i/vcsel_demo_top_0/U0/u_static/v_carry_i_12_n_0. Optimizations did not improve timing on the net.
INFO: [Physopt 32-702] Processed net vcsel_block_design_i/vcsel_demo_top_0/U0/u_static/v3__0[8]. Optimizations did not improve timing on the net.
INFO: [Physopt 32-702] Processed net vcsel_block_design_i/vcsel_demo_top_0/U0/u_static/v_carry_i_17_n_0. Optimizations did not improve timing on the net.
INFO: [Physopt 32-702] Processed net vcsel_block_design_i/vcsel_demo_top_0/U0/u_static/v_carry_i_23_n_0. Optimizations did not improve timing on the net.
INFO: [Physopt 32-702] Processed net vcsel_block_design_i/vcsel_demo_top_0/U0/u_dyn/v6__0_n_105. Optimizations did not improve timing on the net.
INFO: [Physopt 32-608] Optimized 1 net.  Swapped 14 pins.
INFO: [Physopt 32-735] Processed net vcsel_block_design_i/vcsel_demo_top_0/U0/u_static/A[2]. Optimization improves timing on the net.
INFO: [Physopt 32-619] Estimated Timing Summary | WNS=-18.835 | TNS=-999.418 |
INFO: [Physopt 32-608] Optimized 1 net.  Swapped 14 pins.
INFO: [Physopt 32-735] Processed net vcsel_block_design_i/vcsel_demo_top_0/U0/u_static/A[2]. Optimization improves timing on the net.
INFO: [Physopt 32-619] Estimated Timing Summary | WNS=-18.825 | TNS=-998.658 |
INFO: [Physopt 32-608] Optimized 1 net.  Swapped 13 pins.
INFO: [Physopt 32-735] Processed net vcsel_block_design_i/vcsel_demo_top_0/U0/u_static/A[5]. Optimization improves timing on the net.
INFO: [Physopt 32-619] Estimated Timing Summary | WNS=-18.814 | TNS=-997.822 |
INFO: [Physopt 32-608] Optimized 1 net.  Swapped 14 pins.
INFO: [Physopt 32-735] Processed net vcsel_block_design_i/vcsel_demo_top_0/U0/u_static/A[4]. Optimization improves timing on the net.
INFO: [Physopt 32-619] Estimated Timing Summary | WNS=-18.779 | TNS=-995.162 |
INFO: [Physopt 32-702] Processed net vcsel_block_design_i/vcsel_demo_top_0/U0/u_static/A[5]. Optimizations did not improve timing on the net.
INFO: [Physopt 32-702] Processed net vcsel_block_design_i/vcsel_demo_top_0/U0/u_static/v3_n_105. Optimizations did not improve timing on the net.
INFO: [Physopt 32-81] Processed net vcsel_block_design_i/vcsel_demo_top_0/U0/temp_idx[1]. Replicated 2 times.
INFO: [Physopt 32-735] Processed net vcsel_block_design_i/vcsel_demo_top_0/U0/temp_idx[1]. Optimization improves timing on the net.
INFO: [Physopt 32-619] Estimated Timing Summary | WNS=-18.770 | TNS=-994.478 |
INFO: [Physopt 32-663] Processed net vcsel_block_design_i/vcsel_demo_top_0/U0/u_static/A[3].  Re-placed instance vcsel_block_design_i/vcsel_demo_top_0/U0/u_static/v3_i_4
INFO: [Physopt 32-735] Processed net vcsel_block_design_i/vcsel_demo_top_0/U0/u_static/A[3]. Optimization improves timing on the net.
INFO: [Physopt 32-619] Estimated Timing Summary | WNS=-18.761 | TNS=-993.794 |
INFO: [Physopt 32-608] Optimized 1 net.  Swapped 8 pins.
INFO: [Physopt 32-735] Processed net vcsel_block_design_i/vcsel_demo_top_0/U0/u_static/A[2]. Optimization improves timing on the net.
INFO: [Physopt 32-619] Estimated Timing Summary | WNS=-18.758 | TNS=-993.566 |
INFO: [Physopt 32-702] Processed net vcsel_block_design_i/vcsel_demo_top_0/U0/u_static/A[3]. Optimizations did not improve timing on the net.
INFO: [Physopt 32-81] Processed net vcsel_block_design_i/vcsel_demo_top_0/U0/temp_idx[0]. Replicated 1 times.
INFO: [Physopt 32-735] Processed net vcsel_block_design_i/vcsel_demo_top_0/U0/temp_idx[0]. Optimization improves timing on the net.
INFO: [Physopt 32-619] Estimated Timing Summary | WNS=-18.755 | TNS=-993.338 |
INFO: [Physopt 32-702] Processed net vcsel_block_design_i/vcsel_demo_top_0/U0/temp_idx[0]_repN. Optimizations did not improve timing on the net.
INFO: [Physopt 32-702] Processed net vcsel_block_design_i/vcsel_demo_top_0/U0/u_dyn/Q[7]. Optimizations did not improve timing on the net.
INFO: [Physopt 32-702] Processed net vcsel_block_design_i/clk_wiz_0/inst/clk_out1_vcsel_block_design_clk_wiz_0_0. Optimizations did not improve timing on the net.
INFO: [Physopt 32-702] Processed net vcsel_block_design_i/vcsel_demo_top_0/U0/u_dyn/sat_flag1_inferred__0/i__carry__1_n_3. Optimizations did not improve timing on the net.
INFO: [Physopt 32-702] Processed net vcsel_block_design_i/vcsel_demo_top_0/U0/u_dyn/i__carry__0_i_8_n_0. Optimizations did not improve timing on the net.
INFO: [Physopt 32-702] Processed net vcsel_block_design_i/vcsel_demo_top_0/U0/u_dyn/sat_flag_reg_i_2_n_1. Optimizations did not improve timing on the net.
INFO: [Physopt 32-702] Processed net vcsel_block_design_i/vcsel_demo_top_0/U0/u_dyn/y0[4]_i_7_n_0. Optimizations did not improve timing on the net.
INFO: [Physopt 32-702] Processed net vcsel_block_design_i/vcsel_demo_top_0/U0/u_dyn/y0_reg[4]_i_8_n_7. Optimizations did not improve timing on the net.
INFO: [Physopt 32-702] Processed net vcsel_block_design_i/vcsel_demo_top_0/U0/u_dyn/y0[0]_i_4_n_0. Optimizations did not improve timing on the net.
INFO: [Physopt 32-702] Processed net vcsel_block_design_i/vcsel_demo_top_0/U0/u_dyn/p_1_in[8]. Optimizations did not improve timing on the net.
INFO: [Physopt 32-702] Processed net vcsel_block_design_i/vcsel_demo_top_0/U0/u_dyn/v2__87_carry__0_i_3_n_0. Optimizations did not improve timing on the net.
INFO: [Physopt 32-702] Processed net vcsel_block_design_i/vcsel_demo_top_0/U0/u_dyn/v2__0_carry__0_n_7. Optimizations did not improve timing on the net.
INFO: [Physopt 32-702] Processed net vcsel_block_design_i/vcsel_demo_top_0/U0/u_dyn/v2__0_carry_i_3_n_0. Optimizations did not improve timing on the net.
INFO: [Physopt 32-702] Processed net vcsel_block_design_i/vcsel_demo_top_0/U0/u_dyn/clamp_u15[7]. Optimizations did not improve timing on the net.
INFO: [Physopt 32-702] Processed net vcsel_block_design_i/vcsel_demo_top_0/U0/u_static/clamp_u151_carry__0_0[14]. Optimizations did not improve timing on the net.
INFO: [Physopt 32-702] Processed net vcsel_block_design_i/vcsel_demo_top_0/U0/u_static/clamp_u151. Optimizations did not improve timing on the net.
INFO: [Physopt 32-702] Processed net vcsel_block_design_i/vcsel_demo_top_0/U0/u_static/clamp_u151_carry__0_i_3_n_0. Optimizations did not improve timing on the net.
INFO: [Physopt 32-702] Processed net vcsel_block_design_i/vcsel_demo_top_0/U0/u_static/v[24]. Optimizations did not improve timing on the net.
INFO: [Physopt 32-702] Processed net vcsel_block_design_i/vcsel_demo_top_0/U0/u_static/v_carry__3_i_3_n_0. Optimizations did not improve timing on the net.
INFO: [Physopt 32-702] Processed net vcsel_block_design_i/vcsel_demo_top_0/U0/u_static/v_carry__3_i_5_n_3. Optimizations did not improve timing on the net.
INFO: [Physopt 32-702] Processed net vcsel_block_design_i/vcsel_demo_top_0/U0/u_static/v_carry_i_12_n_0. Optimizations did not improve timing on the net.
INFO: [Physopt 32-702] Processed net vcsel_block_design_i/vcsel_demo_top_0/U0/u_static/v3__0[8]. Optimizations did not improve timing on the net.
INFO: [Physopt 32-702] Processed net vcsel_block_design_i/vcsel_demo_top_0/U0/u_static/v_carry_i_23_n_0. Optimizations did not improve timing on the net.
INFO: [Physopt 32-702] Processed net vcsel_block_design_i/vcsel_demo_top_0/U0/u_dyn/v6__0_n_105. Optimizations did not improve timing on the net.
INFO: [Physopt 32-663] Processed net vcsel_block_design_i/vcsel_demo_top_0/U0/u_static/A[3].  Re-placed instance vcsel_block_design_i/vcsel_demo_top_0/U0/u_static/v3_i_4
INFO: [Physopt 32-735] Processed net vcsel_block_design_i/vcsel_demo_top_0/U0/u_static/A[3]. Optimization improves timing on the net.
INFO: [Physopt 32-619] Estimated Timing Summary | WNS=-18.707 | TNS=-989.690 |
INFO: [Physopt 32-702] Processed net vcsel_block_design_i/vcsel_demo_top_0/U0/u_static/A[3]. Optimizations did not improve timing on the net.
INFO: [Physopt 32-702] Processed net vcsel_block_design_i/vcsel_demo_top_0/U0/u_static/v3_n_105. Optimizations did not improve timing on the net.
INFO: [Physopt 32-702] Processed net vcsel_block_design_i/vcsel_demo_top_0/U0/curr_idx[0]. Optimizations did not improve timing on the net.
INFO: [Physopt 32-619] Estimated Timing Summary | WNS=-18.707 | TNS=-989.690 |
Netlist sorting complete. Time (s): cpu = 00:00:00 ; elapsed = 00:00:00.004 . Memory (MB): peak = 1872.543 ; gain = 0.000
Phase 3 Critical Path Optimization | Checksum: 17e1ee149

Time (s): cpu = 00:00:03 ; elapsed = 00:00:01 . Memory (MB): peak = 1872.543 ; gain = 0.000

Phase 4 Critical Path Optimization
INFO: [Physopt 32-619] Estimated Timing Summary | WNS=-18.707 | TNS=-989.690 |
INFO: [Physopt 32-702] Processed net vcsel_block_design_i/vcsel_demo_top_0/U0/u_dyn/Q[7]. Optimizations did not improve timing on the net.
INFO: [Physopt 32-702] Processed net vcsel_block_design_i/clk_wiz_0/inst/clk_out1_vcsel_block_design_clk_wiz_0_0. Optimizations did not improve timing on the net.
INFO: [Physopt 32-702] Processed net vcsel_block_design_i/vcsel_demo_top_0/U0/u_dyn/sat_flag1_inferred__0/i__carry__1_n_3. Optimizations did not improve timing on the net.
INFO: [Physopt 32-702] Processed net vcsel_block_design_i/vcsel_demo_top_0/U0/u_dyn/sat_flag1_inferred__0/i__carry__0_n_0. Optimizations did not improve timing on the net.
INFO: [Physopt 32-702] Processed net vcsel_block_design_i/vcsel_demo_top_0/U0/u_dyn/i__carry__0_i_8_n_0. Optimizations did not improve timing on the net.
INFO: [Physopt 32-702] Processed net vcsel_block_design_i/vcsel_demo_top_0/U0/u_dyn/sat_flag_reg_i_2_n_1. Optimizations did not improve timing on the net.
INFO: [Physopt 32-702] Processed net vcsel_block_design_i/vcsel_demo_top_0/U0/u_dyn/i__carry_i_9_n_0. Optimizations did not improve timing on the net.
INFO: [Physopt 32-702] Processed net vcsel_block_design_i/vcsel_demo_top_0/U0/u_dyn/v4_i_15_n_0. Optimizations did not improve timing on the net.
INFO: [Physopt 32-702] Processed net vcsel_block_design_i/vcsel_demo_top_0/U0/u_dyn/v4_i_16_n_0. Optimizations did not improve timing on the net.
INFO: [Physopt 32-702] Processed net vcsel_block_design_i/vcsel_demo_top_0/U0/u_dyn/y0_reg[7]_i_2_n_0. Optimizations did not improve timing on the net.
INFO: [Physopt 32-702] Processed net vcsel_block_design_i/vcsel_demo_top_0/U0/u_dyn/y0_reg[4]_i_2_n_0. Optimizations did not improve timing on the net.
INFO: [Physopt 32-702] Processed net vcsel_block_design_i/vcsel_demo_top_0/U0/u_dyn/y0[4]_i_7_n_0. Optimizations did not improve timing on the net.
INFO: [Physopt 32-702] Processed net vcsel_block_design_i/vcsel_demo_top_0/U0/u_dyn/y0_reg[4]_i_8_n_7. Optimizations did not improve timing on the net.
INFO: [Physopt 32-702] Processed net vcsel_block_design_i/vcsel_demo_top_0/U0/u_dyn/y0_reg[0]_i_2_n_0. Optimizations did not improve timing on the net.
INFO: [Physopt 32-702] Processed net vcsel_block_design_i/vcsel_demo_top_0/U0/u_dyn/y0[0]_i_4_n_0. Optimizations did not improve timing on the net.
INFO: [Physopt 32-702] Processed net vcsel_block_design_i/vcsel_demo_top_0/U0/u_dyn/p_1_in[8]. Optimizations did not improve timing on the net.
INFO: [Physopt 32-702] Processed net vcsel_block_design_i/vcsel_demo_top_0/U0/u_dyn/v2__87_carry__0_n_0. Optimizations did not improve timing on the net.
INFO: [Physopt 32-702] Processed net vcsel_block_design_i/vcsel_demo_top_0/U0/u_dyn/v2__87_carry__0_i_3_n_0. Optimizations did not improve timing on the net.
INFO: [Physopt 32-702] Processed net vcsel_block_design_i/vcsel_demo_top_0/U0/u_dyn/v2__0_carry__0_n_7. Optimizations did not improve timing on the net.
INFO: [Physopt 32-702] Processed net vcsel_block_design_i/vcsel_demo_top_0/U0/u_dyn/v2__0_carry_n_0. Optimizations did not improve timing on the net.
INFO: [Physopt 32-702] Processed net vcsel_block_design_i/vcsel_demo_top_0/U0/u_dyn/v2__0_carry_i_3_n_0. Optimizations did not improve timing on the net.
INFO: [Physopt 32-702] Processed net vcsel_block_design_i/vcsel_demo_top_0/U0/u_dyn/clamp_u15[7]. Optimizations did not improve timing on the net.
INFO: [Physopt 32-702] Processed net vcsel_block_design_i/vcsel_demo_top_0/U0/u_static/clamp_u151_carry__0_0[14]. Optimizations did not improve timing on the net.
INFO: [Physopt 32-702] Processed net vcsel_block_design_i/vcsel_demo_top_0/U0/u_static/clamp_u151. Optimizations did not improve timing on the net.
INFO: [Physopt 32-702] Processed net vcsel_block_design_i/vcsel_demo_top_0/U0/u_static/clamp_u151_carry__0_i_3_n_0. Optimizations did not improve timing on the net.
INFO: [Physopt 32-702] Processed net vcsel_block_design_i/vcsel_demo_top_0/U0/u_static/v[24]. Optimizations did not improve timing on the net.
INFO: [Physopt 32-702] Processed net vcsel_block_design_i/vcsel_demo_top_0/U0/u_static/v_carry__4_n_0. Optimizations did not improve timing on the net.
INFO: [Physopt 32-702] Processed net vcsel_block_design_i/vcsel_demo_top_0/U0/u_static/v_carry__3_n_0. Optimizations did not improve timing on the net.
INFO: [Physopt 32-702] Processed net vcsel_block_design_i/vcsel_demo_top_0/U0/u_static/v_carry__3_i_3_n_0. Optimizations did not improve timing on the net.
INFO: [Physopt 32-702] Processed net vcsel_block_design_i/vcsel_demo_top_0/U0/u_static/v_carry__3_i_5_n_3. Optimizations did not improve timing on the net.
INFO: [Physopt 32-702] Processed net vcsel_block_design_i/vcsel_demo_top_0/U0/u_static/v_carry__2_i_5_n_0. Optimizations did not improve timing on the net.
INFO: [Physopt 32-702] Processed net vcsel_block_design_i/vcsel_demo_top_0/U0/u_static/v_carry__1_i_5_n_0. Optimizations did not improve timing on the net.
INFO: [Physopt 32-702] Processed net vcsel_block_design_i/vcsel_demo_top_0/U0/u_static/v_carry__0_i_6_n_0. Optimizations did not improve timing on the net.
INFO: [Physopt 32-702] Processed net vcsel_block_design_i/vcsel_demo_top_0/U0/u_static/v_carry_i_9_n_0. Optimizations did not improve timing on the net.
INFO: [Physopt 32-702] Processed net vcsel_block_design_i/vcsel_demo_top_0/U0/u_static/v_carry_i_12_n_0. Optimizations did not improve timing on the net.
INFO: [Physopt 32-702] Processed net vcsel_block_design_i/vcsel_demo_top_0/U0/u_static/v3__0[8]. Optimizations did not improve timing on the net.
INFO: [Physopt 32-702] Processed net vcsel_block_design_i/vcsel_demo_top_0/U0/u_static/v_carry_i_17_n_0. Optimizations did not improve timing on the net.
INFO: [Physopt 32-702] Processed net vcsel_block_design_i/vcsel_demo_top_0/U0/u_static/v_carry_i_23_n_0. Optimizations did not improve timing on the net.
INFO: [Physopt 32-702] Processed net vcsel_block_design_i/vcsel_demo_top_0/U0/u_dyn/v6__0_n_105. Optimizations did not improve timing on the net.
INFO: [Physopt 32-702] Processed net vcsel_block_design_i/vcsel_demo_top_0/U0/u_static/A[3]. Optimizations did not improve timing on the net.
INFO: [Physopt 32-702] Processed net vcsel_block_design_i/vcsel_demo_top_0/U0/u_static/v3_n_105. Optimizations did not improve timing on the net.
INFO: [Physopt 32-81] Processed net vcsel_block_design_i/vcsel_demo_top_0/U0/curr_idx[0]. Replicated 1 times.
INFO: [Physopt 32-735] Processed net vcsel_block_design_i/vcsel_demo_top_0/U0/curr_idx[0]. Optimization improves timing on the net.
INFO: [Physopt 32-619] Estimated Timing Summary | WNS=-18.702 | TNS=-989.310 |
INFO: [Physopt 32-81] Processed net vcsel_block_design_i/vcsel_demo_top_0/U0/curr_idx[0]. Replicated 1 times.
INFO: [Physopt 32-735] Processed net vcsel_block_design_i/vcsel_demo_top_0/U0/curr_idx[0]. Optimization improves timing on the net.
INFO: [Physopt 32-619] Estimated Timing Summary | WNS=-18.698 | TNS=-989.006 |
INFO: [Physopt 32-702] Processed net vcsel_block_design_i/vcsel_demo_top_0/U0/curr_idx[0]. Optimizations did not improve timing on the net.
INFO: [Physopt 32-702] Processed net vcsel_block_design_i/vcsel_demo_top_0/U0/u_dyn/Q[7]. Optimizations did not improve timing on the net.
INFO: [Physopt 32-702] Processed net vcsel_block_design_i/clk_wiz_0/inst/clk_out1_vcsel_block_design_clk_wiz_0_0. Optimizations did not improve timing on the net.
INFO: [Physopt 32-702] Processed net vcsel_block_design_i/vcsel_demo_top_0/U0/u_dyn/sat_flag1_inferred__0/i__carry__1_n_3. Optimizations did not improve timing on the net.
INFO: [Physopt 32-702] Processed net vcsel_block_design_i/vcsel_demo_top_0/U0/u_dyn/i__carry__0_i_8_n_0. Optimizations did not improve timing on the net.
INFO: [Physopt 32-702] Processed net vcsel_block_design_i/vcsel_demo_top_0/U0/u_dyn/sat_flag_reg_i_2_n_1. Optimizations did not improve timing on the net.
INFO: [Physopt 32-702] Processed net vcsel_block_design_i/vcsel_demo_top_0/U0/u_dyn/y0[4]_i_7_n_0. Optimizations did not improve timing on the net.
INFO: [Physopt 32-702] Processed net vcsel_block_design_i/vcsel_demo_top_0/U0/u_dyn/y0_reg[4]_i_8_n_7. Optimizations did not improve timing on the net.
INFO: [Physopt 32-702] Processed net vcsel_block_design_i/vcsel_demo_top_0/U0/u_dyn/y0[0]_i_4_n_0. Optimizations did not improve timing on the net.
INFO: [Physopt 32-702] Processed net vcsel_block_design_i/vcsel_demo_top_0/U0/u_dyn/p_1_in[8]. Optimizations did not improve timing on the net.
INFO: [Physopt 32-702] Processed net vcsel_block_design_i/vcsel_demo_top_0/U0/u_dyn/v2__87_carry__0_i_3_n_0. Optimizations did not improve timing on the net.
INFO: [Physopt 32-702] Processed net vcsel_block_design_i/vcsel_demo_top_0/U0/u_dyn/v2__0_carry__0_n_7. Optimizations did not improve timing on the net.
INFO: [Physopt 32-702] Processed net vcsel_block_design_i/vcsel_demo_top_0/U0/u_dyn/v2__0_carry_i_3_n_0. Optimizations did not improve timing on the net.
INFO: [Physopt 32-702] Processed net vcsel_block_design_i/vcsel_demo_top_0/U0/u_dyn/clamp_u15[7]. Optimizations did not improve timing on the net.
INFO: [Physopt 32-702] Processed net vcsel_block_design_i/vcsel_demo_top_0/U0/u_static/clamp_u151_carry__0_0[14]. Optimizations did not improve timing on the net.
INFO: [Physopt 32-702] Processed net vcsel_block_design_i/vcsel_demo_top_0/U0/u_static/clamp_u151. Optimizations did not improve timing on the net.
INFO: [Physopt 32-702] Processed net vcsel_block_design_i/vcsel_demo_top_0/U0/u_static/clamp_u151_carry__0_i_3_n_0. Optimizations did not improve timing on the net.
INFO: [Physopt 32-702] Processed net vcsel_block_design_i/vcsel_demo_top_0/U0/u_static/v[24]. Optimizations did not improve timing on the net.
INFO: [Physopt 32-702] Processed net vcsel_block_design_i/vcsel_demo_top_0/U0/u_static/v_carry__3_i_3_n_0. Optimizations did not improve timing on the net.
INFO: [Physopt 32-702] Processed net vcsel_block_design_i/vcsel_demo_top_0/U0/u_static/v_carry__3_i_5_n_3. Optimizations did not improve timing on the net.
INFO: [Physopt 32-702] Processed net vcsel_block_design_i/vcsel_demo_top_0/U0/u_static/v_carry_i_12_n_0. Optimizations did not improve timing on the net.
INFO: [Physopt 32-702] Processed net vcsel_block_design_i/vcsel_demo_top_0/U0/u_static/v3__0[8]. Optimizations did not improve timing on the net.
INFO: [Physopt 32-702] Processed net vcsel_block_design_i/vcsel_demo_top_0/U0/u_static/v_carry_i_23_n_0. Optimizations did not improve timing on the net.
INFO: [Physopt 32-702] Processed net vcsel_block_design_i/vcsel_demo_top_0/U0/u_dyn/v6__0_n_105. Optimizations did not improve timing on the net.
INFO: [Physopt 32-702] Processed net vcsel_block_design_i/vcsel_demo_top_0/U0/u_static/A[3]. Optimizations did not improve timing on the net.
INFO: [Physopt 32-702] Processed net vcsel_block_design_i/vcsel_demo_top_0/U0/u_static/v3_n_105. Optimizations did not improve timing on the net.
INFO: [Physopt 32-702] Processed net vcsel_block_design_i/vcsel_demo_top_0/U0/curr_idx[0]. Optimizations did not improve timing on the net.
INFO: [Physopt 32-619] Estimated Timing Summary | WNS=-18.698 | TNS=-989.006 |
Netlist sorting complete. Time (s): cpu = 00:00:00 ; elapsed = 00:00:00.003 . Memory (MB): peak = 1872.543 ; gain = 0.000
Phase 4 Critical Path Optimization | Checksum: 17e1ee149

Time (s): cpu = 00:00:04 ; elapsed = 00:00:02 . Memory (MB): peak = 1872.543 ; gain = 0.000
Netlist sorting complete. Time (s): cpu = 00:00:00 ; elapsed = 00:00:00 . Memory (MB): peak = 1872.543 ; gain = 0.000
INFO: [Physopt 32-603] Post Physical Optimization Timing Summary | WNS=-18.698 | TNS=-989.006 |

Summary of Physical Synthesis Optimizations
============================================


-------------------------------------------------------------------------------------------------------------------------------------------------------------
|  Optimization   |  WNS Gain (ns)  |  TNS Gain (ns)  |  Added Cells  |  Removed Cells  |  Optimized Cells/Nets  |  Dont Touch  |  Iterations  |  Elapsed   |
-------------------------------------------------------------------------------------------------------------------------------------------------------------
|  DSP Register   |          0.000  |          0.000  |            0  |              0  |                     0  |           0  |           1  |  00:00:00  |
|  Critical Path  |          0.706  |         37.146  |            6  |              0  |                    31  |           0  |           2  |  00:00:02  |
|  Total          |          0.706  |         37.146  |            6  |              0  |                    31  |           0  |           3  |  00:00:02  |
-------------------------------------------------------------------------------------------------------------------------------------------------------------


Netlist sorting complete. Time (s): cpu = 00:00:00 ; elapsed = 00:00:00.001 . Memory (MB): peak = 1872.543 ; gain = 0.000
Ending Physical Synthesis Task | Checksum: 1f8c686a2

Time (s): cpu = 00:00:04 ; elapsed = 00:00:02 . Memory (MB): peak = 1872.543 ; gain = 0.000
INFO: [Common 17-83] Releasing license: Implementation
373 Infos, 2 Warnings, 0 Critical Warnings and 0 Errors encountered.
phys_opt_design completed successfully
INFO: [Timing 38-480] Writing timing data to binary archive.
Write ShapeDB Complete: Time (s): cpu = 00:00:00 ; elapsed = 00:00:00.004 . Memory (MB): peak = 1872.543 ; gain = 0.000
Wrote PlaceDB: Time (s): cpu = 00:00:01 ; elapsed = 00:00:00.131 . Memory (MB): peak = 1872.543 ; gain = 0.000
Wrote PulsedLatchDB: Time (s): cpu = 00:00:00 ; elapsed = 00:00:00 . Memory (MB): peak = 1872.543 ; gain = 0.000
Writing XDEF routing.
Writing XDEF routing logical nets.
Writing XDEF routing special nets.
Wrote RouteStorage: Time (s): cpu = 00:00:00 ; elapsed = 00:00:00.016 . Memory (MB): peak = 1872.543 ; gain = 0.000
Wrote Netlist Cache: Time (s): cpu = 00:00:00 ; elapsed = 00:00:00.002 . Memory (MB): peak = 1872.543 ; gain = 0.000
Wrote Device Cache: Time (s): cpu = 00:00:00 ; elapsed = 00:00:00.005 . Memory (MB): peak = 1872.543 ; gain = 0.000
Write Physdb Complete: Time (s): cpu = 00:00:01 ; elapsed = 00:00:00.159 . Memory (MB): peak = 1872.543 ; gain = 0.000
INFO: [Common 17-1381] The checkpoint 'C:/Users/arikb/Desktop/VCSEL_implementation/VCSEL_implementation.runs/impl_1/vcsel_block_design_wrapper_physopt.dcp' has been generated.
Command: route_design
Attempting to get a license for feature 'Implementation' and/or device 'xc7z020'
INFO: [Common 17-349] Got license for feature 'Implementation' and/or device 'xc7z020'
INFO: [DRC 23-27] Running DRC with 2 threads
INFO: [Vivado_Tcl 4-198] DRC finished with 0 Errors
INFO: [Vivado_Tcl 4-199] Please refer to the DRC report (report_drc) for more information.


Starting Routing Task
INFO: [Route 35-254] Multithreading enabled for route_design using a maximum of 2 CPUs

Phase 1 Build RT Design
Checksum: PlaceDB: 9a481814 ConstDB: 0 ShapeSum: 98a12974 RouteDB: 15f972f0
Post Restoration Checksum: NetGraph: 86c596e3 | NumContArr: f7981579 | Constraints: c2a8fa9d | Timing: c2a8fa9d
Phase 1 Build RT Design | Checksum: 303afa196

Time (s): cpu = 00:00:15 ; elapsed = 00:00:13 . Memory (MB): peak = 1946.973 ; gain = 74.430

Phase 2 Router Initialization

Phase 2.1 Fix Topology Constraints
Phase 2.1 Fix Topology Constraints | Checksum: 303afa196

Time (s): cpu = 00:00:15 ; elapsed = 00:00:13 . Memory (MB): peak = 1946.973 ; gain = 74.430

Phase 2.2 Pre Route Cleanup
Phase 2.2 Pre Route Cleanup | Checksum: 303afa196

Time (s): cpu = 00:00:15 ; elapsed = 00:00:13 . Memory (MB): peak = 1946.973 ; gain = 74.430
 Number of Nodes with overlaps = 0

Phase 2.3 Update Timing
Phase 2.3 Update Timing | Checksum: 27614ee19

Time (s): cpu = 00:00:16 ; elapsed = 00:00:14 . Memory (MB): peak = 1987.031 ; gain = 114.488
INFO: [Route 35-416] Intermediate Timing Summary | WNS=-18.443| TNS=-975.493| WHS=-1.563 | THS=-108.521|


Phase 2.4 Update Timing for Bus Skew

Phase 2.4.1 Update Timing
Phase 2.4.1 Update Timing | Checksum: 249108faa

Time (s): cpu = 00:00:16 ; elapsed = 00:00:14 . Memory (MB): peak = 1992.961 ; gain = 120.418
INFO: [Route 35-416] Intermediate Timing Summary | WNS=-18.443| TNS=-988.257| WHS=-3.673 | THS=-93.345|

Phase 2.4 Update Timing for Bus Skew | Checksum: 1c7b7920f

Time (s): cpu = 00:00:16 ; elapsed = 00:00:14 . Memory (MB): peak = 2001.035 ; gain = 128.492

Router Utilization Summary
  Global Vertical Routing Utilization    = 0 %
  Global Horizontal Routing Utilization  = 0 %
  Routable Net Status*
  *Does not include unroutable nets such as driverless and loadless.
  Run report_route_status for detailed report.
  Number of Failed Nets               = 3267
    (Failed Nets is the sum of unrouted and partially routed nets)
  Number of Unrouted Nets             = 3267
  Number of Partially Routed Nets     = 0
  Number of Node Overlaps             = 0

Phase 2 Router Initialization | Checksum: 20bcf1867

Time (s): cpu = 00:00:16 ; elapsed = 00:00:14 . Memory (MB): peak = 2005.227 ; gain = 132.684

Phase 3 Global Routing
Phase 3 Global Routing | Checksum: 20bcf1867

Time (s): cpu = 00:00:17 ; elapsed = 00:00:14 . Memory (MB): peak = 2005.227 ; gain = 132.684

Phase 4 Initial Routing

Phase 4.1 Initial Net Routing Pass
Phase 4.1 Initial Net Routing Pass | Checksum: 2d1ff59dd

Time (s): cpu = 00:00:20 ; elapsed = 00:00:16 . Memory (MB): peak = 2029.598 ; gain = 157.055
Phase 4 Initial Routing | Checksum: 2d1ff59dd

Time (s): cpu = 00:00:20 ; elapsed = 00:00:16 . Memory (MB): peak = 2029.598 ; gain = 157.055
INFO: [Route 35-580] Design has 32 pins with tight setup and hold constraints.

The top 5 pins with tight setup and hold constraints:

+=========================================+=========================================+==============================================================================+
| Launch Setup Clock                      | Launch Hold Clock                       | Pin                                                                          |
+=========================================+=========================================+==============================================================================+
| clk_out1_vcsel_block_design_clk_wiz_0_0 | clk_out1_vcsel_block_design_clk_wiz_0_0 | vcsel_block_design_i/ila_0/U0/ila_core_inst/shifted_data_in_reg[7][7]_srl8/D |
| clk_out1_vcsel_block_design_clk_wiz_0_0 | clk_out1_vcsel_block_design_clk_wiz_0_0 | vcsel_block_design_i/ila_0/U0/ila_core_inst/shifted_data_in_reg[7][4]_srl8/D |
| clk_out1_vcsel_block_design_clk_wiz_0_0 | clk_out1_vcsel_block_design_clk_wiz_0_0 | vcsel_block_design_i/ila_0/U0/ila_core_inst/shifted_data_in_reg[7][5]_srl8/D |
| clk_out1_vcsel_block_design_clk_wiz_0_0 | clk_out1_vcsel_block_design_clk_wiz_0_0 | vcsel_block_design_i/ila_0/U0/ila_core_inst/shifted_data_in_reg[7][2]_srl8/D |
| clk_out1_vcsel_block_design_clk_wiz_0_0 | clk_out1_vcsel_block_design_clk_wiz_0_0 | vcsel_block_design_i/ila_0/U0/ila_core_inst/shifted_data_in_reg[7][3]_srl8/D |
+-----------------------------------------+-----------------------------------------+------------------------------------------------------------------------------+

File with complete list of pins: tight_setup_hold_pins.txt


Phase 5 Rip-up And Reroute

Phase 5.1 Global Iteration 0
 Number of Nodes with overlaps = 287
 Number of Nodes with overlaps = 50
 Number of Nodes with overlaps = 9
 Number of Nodes with overlaps = 4
 Number of Nodes with overlaps = 0
INFO: [Route 35-416] Intermediate Timing Summary | WNS=-19.429| TNS=-1037.524| WHS=N/A    | THS=N/A    |

Phase 5.1 Global Iteration 0 | Checksum: 35c1ef2e6

Time (s): cpu = 00:00:21 ; elapsed = 00:00:17 . Memory (MB): peak = 2051.629 ; gain = 179.086

Phase 5.2 Global Iteration 1
 Number of Nodes with overlaps = 126
 Number of Nodes with overlaps = 38
 Number of Nodes with overlaps = 16
 Number of Nodes with overlaps = 0
INFO: [Route 35-416] Intermediate Timing Summary | WNS=-20.169| TNS=-1075.824| WHS=N/A    | THS=N/A    |

Phase 5.2 Global Iteration 1 | Checksum: 15bd9a69e

Time (s): cpu = 00:00:22 ; elapsed = 00:00:18 . Memory (MB): peak = 2051.629 ; gain = 179.086
Phase 5 Rip-up And Reroute | Checksum: 15bd9a69e

Time (s): cpu = 00:00:22 ; elapsed = 00:00:18 . Memory (MB): peak = 2051.629 ; gain = 179.086

Phase 6 Delay and Skew Optimization

Phase 6.1 Delay CleanUp

Phase 6.1.1 Update Timing
Phase 6.1.1 Update Timing | Checksum: 19f3b66bf

Time (s): cpu = 00:00:22 ; elapsed = 00:00:18 . Memory (MB): peak = 2051.629 ; gain = 179.086
INFO: [Route 35-416] Intermediate Timing Summary | WNS=-19.297| TNS=-1027.055| WHS=N/A    | THS=N/A    |

 Number of Nodes with overlaps = 0
Phase 6.1 Delay CleanUp | Checksum: 2e61e57ee

Time (s): cpu = 00:00:22 ; elapsed = 00:00:18 . Memory (MB): peak = 2051.629 ; gain = 179.086

Phase 6.2 Clock Skew Optimization
Phase 6.2 Clock Skew Optimization | Checksum: 2e61e57ee

Time (s): cpu = 00:00:22 ; elapsed = 00:00:18 . Memory (MB): peak = 2051.629 ; gain = 179.086
Phase 6 Delay and Skew Optimization | Checksum: 2e61e57ee

Time (s): cpu = 00:00:22 ; elapsed = 00:00:18 . Memory (MB): peak = 2051.629 ; gain = 179.086

Phase 7 Post Hold Fix

Phase 7.1 Hold Fix Iter
INFO: [Route 35-416] Intermediate Timing Summary | WNS=-19.287| TNS=-1026.595| WHS=-0.673 | THS=-16.037|

Phase 7.1 Hold Fix Iter | Checksum: 2410fcceb

Time (s): cpu = 00:00:22 ; elapsed = 00:00:18 . Memory (MB): peak = 2051.629 ; gain = 179.086

Phase 7.2 Non Free Resource Hold Fix Iter
Phase 7.2 Non Free Resource Hold Fix Iter | Checksum: 1ea7cd2e7

Time (s): cpu = 00:00:22 ; elapsed = 00:00:18 . Memory (MB): peak = 2051.629 ; gain = 179.086
Phase 7 Post Hold Fix | Checksum: 1ea7cd2e7

Time (s): cpu = 00:00:22 ; elapsed = 00:00:18 . Memory (MB): peak = 2051.629 ; gain = 179.086

Phase 8 Route finalize

Router Utilization Summary
  Global Vertical Routing Utilization    = 0.602516 %
  Global Horizontal Routing Utilization  = 0.611562 %
  Routable Net Status*
  *Does not include unroutable nets such as driverless and loadless.
  Run report_route_status for detailed report.
  Number of Failed Nets               = 0
    (Failed Nets is the sum of unrouted and partially routed nets)
  Number of Unrouted Nets             = 0
  Number of Partially Routed Nets     = 0
  Number of Node Overlaps             = 0


--GLOBAL Congestion:
Utilization threshold used for congestion level computation: 0.85
Congestion Report
North Dir 1x1 Area, Max Cong = 45.9459%, No Congested Regions.
South Dir 1x1 Area, Max Cong = 46.8468%, No Congested Regions.
East Dir 1x1 Area, Max Cong = 44.1176%, No Congested Regions.
West Dir 1x1 Area, Max Cong = 36.7647%, No Congested Regions.

------------------------------
Reporting congestion hotspots
------------------------------
Direction: North
----------------
Congested clusters found at Level 0
Effective congestion level: 0 Aspect Ratio: 1 Sparse Ratio: 0
Direction: South
----------------
Congested clusters found at Level 0
Effective congestion level: 0 Aspect Ratio: 1 Sparse Ratio: 0
Direction: East
----------------
Congested clusters found at Level 0
Effective congestion level: 0 Aspect Ratio: 1 Sparse Ratio: 0
Direction: West
----------------
Congested clusters found at Level 0
Effective congestion level: 0 Aspect Ratio: 1 Sparse Ratio: 0

Phase 8 Route finalize | Checksum: 1ea7cd2e7

Time (s): cpu = 00:00:23 ; elapsed = 00:00:18 . Memory (MB): peak = 2051.629 ; gain = 179.086

Phase 9 Verifying routed nets

 Verification completed successfully
Phase 9 Verifying routed nets | Checksum: 1ea7cd2e7

Time (s): cpu = 00:00:23 ; elapsed = 00:00:18 . Memory (MB): peak = 2051.629 ; gain = 179.086

Phase 10 Depositing Routes
Phase 10 Depositing Routes | Checksum: 1cac6110b

Time (s): cpu = 00:00:23 ; elapsed = 00:00:18 . Memory (MB): peak = 2051.629 ; gain = 179.086

Phase 11 Post Process Routing
Phase 11 Post Process Routing | Checksum: 1cac6110b

Time (s): cpu = 00:00:23 ; elapsed = 00:00:18 . Memory (MB): peak = 2051.629 ; gain = 179.086

Phase 12 Post Router Timing

Phase 12.1 Update Timing
Phase 12.1 Update Timing | Checksum: 1cac6110b

Time (s): cpu = 00:00:23 ; elapsed = 00:00:18 . Memory (MB): peak = 2051.629 ; gain = 179.086
INFO: [Route 35-57] Estimated Timing Summary | WNS=-19.287| TNS=-1072.342| WHS=0.083  | THS=0.000  |

WARNING: [Route 35-328] Router estimated timing not met.
Resolution: For a complete and accurate timing signoff, report_timing_summary must be run after route_design. Alternatively, route_design can be run with the -timing_summary option to enable a complete timing signoff at the end of route_design.
Phase 12 Post Router Timing | Checksum: 1cac6110b

Time (s): cpu = 00:00:23 ; elapsed = 00:00:18 . Memory (MB): peak = 2051.629 ; gain = 179.086
Total Elapsed time in route_design: 18.435 secs

Phase 13 Post-Route Event Processing
Phase 13 Post-Route Event Processing | Checksum: 11ce015bd

Time (s): cpu = 00:00:23 ; elapsed = 00:00:18 . Memory (MB): peak = 2051.629 ; gain = 179.086
INFO: [Route 35-16] Router Completed Successfully
Ending Routing Task | Checksum: 11ce015bd

Time (s): cpu = 00:00:23 ; elapsed = 00:00:18 . Memory (MB): peak = 2051.629 ; gain = 179.086

Routing Is Done.
INFO: [Common 17-83] Releasing license: Implementation
390 Infos, 3 Warnings, 0 Critical Warnings and 0 Errors encountered.
route_design completed successfully
route_design: Time (s): cpu = 00:00:23 ; elapsed = 00:00:19 . Memory (MB): peak = 2051.629 ; gain = 179.086
INFO: [Vivado 12-24828] Executing command : report_drc -file vcsel_block_design_wrapper_drc_routed.rpt -pb vcsel_block_design_wrapper_drc_routed.pb -rpx vcsel_block_design_wrapper_drc_routed.rpx
Command: report_drc -file vcsel_block_design_wrapper_drc_routed.rpt -pb vcsel_block_design_wrapper_drc_routed.pb -rpx vcsel_block_design_wrapper_drc_routed.rpx
INFO: [IP_Flow 19-1839] IP Catalog is up to date.
INFO: [DRC 23-27] Running DRC with 2 threads
INFO: [Vivado_Tcl 2-168] The results of DRC are in file C:/Users/arikb/Desktop/VCSEL_implementation/VCSEL_implementation.runs/impl_1/vcsel_block_design_wrapper_drc_routed.rpt.
report_drc completed successfully
INFO: [Vivado 12-24828] Executing command : report_methodology -file vcsel_block_design_wrapper_methodology_drc_routed.rpt -pb vcsel_block_design_wrapper_methodology_drc_routed.pb -rpx vcsel_block_design_wrapper_methodology_drc_routed.rpx
Command: report_methodology -file vcsel_block_design_wrapper_methodology_drc_routed.rpt -pb vcsel_block_design_wrapper_methodology_drc_routed.pb -rpx vcsel_block_design_wrapper_methodology_drc_routed.rpx
INFO: [Timing 38-35] Done setting XDC timing constraints.
INFO: [DRC 23-133] Running Methodology with 2 threads
INFO: [Vivado_Tcl 2-1520] The results of Report Methodology are in file C:/Users/arikb/Desktop/VCSEL_implementation/VCSEL_implementation.runs/impl_1/vcsel_block_design_wrapper_methodology_drc_routed.rpt.
report_methodology completed successfully
INFO: [Vivado 12-24828] Executing command : report_timing_summary -max_paths 10 -report_unconstrained -file vcsel_block_design_wrapper_timing_summary_routed.rpt -pb vcsel_block_design_wrapper_timing_summary_routed.pb -rpx vcsel_block_design_wrapper_timing_summary_routed.rpx -warn_on_violation 
INFO: [Timing 38-35] Done setting XDC timing constraints.
INFO: [Timing 38-91] UpdateTimingParams: Speed grade: -1, Delay Type: min_max.
INFO: [Timing 38-191] Multithreading enabled for timing update using a maximum of 2 CPUs
CRITICAL WARNING: [Timing 38-282] The design failed to meet the timing requirements. Please see the timing summary report for details on the timing violations.
WARNING: [Timing 38-436] There are set_bus_skew constraint(s) in this design. Please run report_bus_skew to ensure that bus skew requirements are met.
INFO: [Vivado 12-24838] Running report commands "report_incremental_reuse, report_route_status" in parallel.
Running report generation with 2 threads.
INFO: [Vivado 12-24828] Executing command : report_route_status -file vcsel_block_design_wrapper_route_status.rpt -pb vcsel_block_design_wrapper_route_status.pb
INFO: [Vivado 12-24828] Executing command : report_incremental_reuse -file vcsel_block_design_wrapper_incremental_reuse_routed.rpt
INFO: [Vivado_Tcl 4-1062] Incremental flow is disabled. No incremental reuse Info to report.
INFO: [Vivado 12-24828] Executing command : report_power -file vcsel_block_design_wrapper_power_routed.rpt -pb vcsel_block_design_wrapper_power_summary_routed.pb -rpx vcsel_block_design_wrapper_power_routed.rpx
Command: report_power -file vcsel_block_design_wrapper_power_routed.rpt -pb vcsel_block_design_wrapper_power_summary_routed.pb -rpx vcsel_block_design_wrapper_power_routed.rpx
Running Vector-less Activity Propagation...

Finished Running Vector-less Activity Propagation
407 Infos, 4 Warnings, 1 Critical Warnings and 0 Errors encountered.
report_power completed successfully
INFO: [Vivado 12-24828] Executing command : report_clock_utilization -file vcsel_block_design_wrapper_clock_utilization_routed.rpt
INFO: [Vivado 12-24828] Executing command : report_bus_skew -warn_on_violation -file vcsel_block_design_wrapper_bus_skew_routed.rpt -pb vcsel_block_design_wrapper_bus_skew_routed.pb -rpx vcsel_block_design_wrapper_bus_skew_routed.rpx
INFO: [Timing 38-91] UpdateTimingParams: Speed grade: -1, Delay Type: min_max.
INFO: [Timing 38-191] Multithreading enabled for timing update using a maximum of 2 CPUs
generate_parallel_reports: Time (s): cpu = 00:00:09 ; elapsed = 00:00:05 . Memory (MB): peak = 2060.094 ; gain = 8.465
INFO: [Timing 38-480] Writing timing data to binary archive.
Write ShapeDB Complete: Time (s): cpu = 00:00:00 ; elapsed = 00:00:00.005 . Memory (MB): peak = 2068.051 ; gain = 7.957
Wrote PlaceDB: Time (s): cpu = 00:00:00 ; elapsed = 00:00:00.135 . Memory (MB): peak = 2076.676 ; gain = 8.625
Wrote PulsedLatchDB: Time (s): cpu = 00:00:00 ; elapsed = 00:00:00 . Memory (MB): peak = 2076.676 ; gain = 0.000
Writing XDEF routing.
Writing XDEF routing logical nets.
Writing XDEF routing special nets.
Wrote RouteStorage: Time (s): cpu = 00:00:00 ; elapsed = 00:00:00.028 . Memory (MB): peak = 2076.676 ; gain = 0.000
Wrote Netlist Cache: Time (s): cpu = 00:00:00 ; elapsed = 00:00:00.003 . Memory (MB): peak = 2076.676 ; gain = 0.000
Wrote Device Cache: Time (s): cpu = 00:00:00 ; elapsed = 00:00:00.005 . Memory (MB): peak = 2076.676 ; gain = 0.000
Write Physdb Complete: Time (s): cpu = 00:00:00 ; elapsed = 00:00:00.175 . Memory (MB): peak = 2076.676 ; gain = 8.625
INFO: [Common 17-1381] The checkpoint 'C:/Users/arikb/Desktop/VCSEL_implementation/VCSEL_implementation.runs/impl_1/vcsel_block_design_wrapper_routed.dcp' has been generated.
Command: write_bitstream -force vcsel_block_design_wrapper.bit
Attempting to get a license for feature 'Implementation' and/or device 'xc7z020'
INFO: [Common 17-349] Got license for feature 'Implementation' and/or device 'xc7z020'
Running DRC as a precondition to command write_bitstream
INFO: [IP_Flow 19-1839] IP Catalog is up to date.
INFO: [DRC 23-27] Running DRC with 2 threads
INFO: [Vivado 12-3199] DRC finished with 0 Errors
INFO: [Vivado 12-3200] Please refer to the DRC report (report_drc) for more information.
INFO: [Designutils 20-2272] Running write_bitstream with 2 threads.
Loading data files...
Loading site data...
Loading route data...
Processing options...
Creating bitmap...
Creating bitstream...
Writing bitstream ./vcsel_block_design_wrapper.bit...
INFO: [Vivado 12-1842] Bitgen Completed Successfully.
INFO: [Project 1-1876] WebTalk data collection is mandatory when using a ULT device. To see the specific WebTalk data collected for your design, open the usage_statistics_webtalk.html or usage_statistics_webtalk.xml file in the implementation directory.
INFO: [Common 17-83] Releasing license: Implementation
422 Infos, 4 Warnings, 1 Critical Warnings and 0 Errors encountered.
write_bitstream completed successfully
write_bitstream: Time (s): cpu = 00:00:09 ; elapsed = 00:00:07 . Memory (MB): peak = 2580.324 ; gain = 503.648
INFO: [Common 17-206] Exiting Vivado at Mon Apr 20 21:32:16 2026...
