Copyright 1986-2022 Xilinx, Inc. All Rights Reserved. Copyright 2022-2024 Advanced Micro Devices, Inc. All Rights Reserved.
---------------------------------------------------------------------------------------------------------------------------------------------------------------------
| Tool Version : Vivado v.2024.2 (win64) Build 5239630 Fri Nov 08 22:35:27 MST 2024
| Date         : Mon Apr 20 21:31:26 2026
| Host         : FY-6302-06 running 64-bit major release  (build 9200)
| Command      : report_drc -file vcsel_block_design_wrapper_drc_opted.rpt -pb vcsel_block_design_wrapper_drc_opted.pb -rpx vcsel_block_design_wrapper_drc_opted.rpx
| Design       : vcsel_block_design_wrapper
| Device       : xc7z020clg484-1
| Speed File   : -1
| Design State : Synthesized
---------------------------------------------------------------------------------------------------------------------------------------------------------------------

Report DRC

Table of Contents
-----------------
1. REPORT SUMMARY
2. REPORT DETAILS

1. REPORT SUMMARY
-----------------
            Netlist: netlist
          Floorplan: design_1
      Design limits: <entire design considered>
           Ruledeck: default
             Max checks: <unlimited>
             Checks found: 21
+--------+----------+------------------------+--------+
| Rule   | Severity | Description            | Checks |
+--------+----------+------------------------+--------+
| DPIP-1 | Warning  | Input pipelining       | 8      |
| DPOP-1 | Warning  | PREG Output pipelining | 6      |
| DPOP-2 | Warning  | MREG Output pipelining | 6      |
| ZPS7-1 | Warning  | PS7 block required     | 1      |
+--------+----------+------------------------+--------+

2. REPORT DETAILS
-----------------
DPIP-1#1 Warning
Input pipelining  
DSP vcsel_block_design_i/vcsel_demo_top_0/U0/u_dyn/v3 input vcsel_block_design_i/vcsel_demo_top_0/U0/u_dyn/v3/B[17:0] is not pipelined. Pipelining DSP48 input will improve performance.
Related violations: <none>

DPIP-1#2 Warning
Input pipelining  
DSP vcsel_block_design_i/vcsel_demo_top_0/U0/u_dyn/v4 input vcsel_block_design_i/vcsel_demo_top_0/U0/u_dyn/v4/B[17:0] is not pipelined. Pipelining DSP48 input will improve performance.
Related violations: <none>

DPIP-1#3 Warning
Input pipelining  
DSP vcsel_block_design_i/vcsel_demo_top_0/U0/u_dyn/v5 input vcsel_block_design_i/vcsel_demo_top_0/U0/u_dyn/v5/B[17:0] is not pipelined. Pipelining DSP48 input will improve performance.
Related violations: <none>

DPIP-1#4 Warning
Input pipelining  
DSP vcsel_block_design_i/vcsel_demo_top_0/U0/u_dyn/v6 input vcsel_block_design_i/vcsel_demo_top_0/U0/u_dyn/v6/B[17:0] is not pipelined. Pipelining DSP48 input will improve performance.
Related violations: <none>

DPIP-1#5 Warning
Input pipelining  
DSP vcsel_block_design_i/vcsel_demo_top_0/U0/u_dyn/v6__0 input vcsel_block_design_i/vcsel_demo_top_0/U0/u_dyn/v6__0/A[29:0] is not pipelined. Pipelining DSP48 input will improve performance.
Related violations: <none>

DPIP-1#6 Warning
Input pipelining  
DSP vcsel_block_design_i/vcsel_demo_top_0/U0/u_dyn/v6__0 input vcsel_block_design_i/vcsel_demo_top_0/U0/u_dyn/v6__0/B[17:0] is not pipelined. Pipelining DSP48 input will improve performance.
Related violations: <none>

DPIP-1#7 Warning
Input pipelining  
DSP vcsel_block_design_i/vcsel_demo_top_0/U0/u_static/v3 input vcsel_block_design_i/vcsel_demo_top_0/U0/u_static/v3/A[29:0] is not pipelined. Pipelining DSP48 input will improve performance.
Related violations: <none>

DPIP-1#8 Warning
Input pipelining  
DSP vcsel_block_design_i/vcsel_demo_top_0/U0/u_static/v3 input vcsel_block_design_i/vcsel_demo_top_0/U0/u_static/v3/B[17:0] is not pipelined. Pipelining DSP48 input will improve performance.
Related violations: <none>

DPOP-1#1 Warning
PREG Output pipelining  
DSP vcsel_block_design_i/vcsel_demo_top_0/U0/u_dyn/v3 output vcsel_block_design_i/vcsel_demo_top_0/U0/u_dyn/v3/P[47:0] is not pipelined (PREG=0). Pipelining the DSP48 output will improve performance and often saves power so it is suggested whenever possible to fully pipeline this function.  If this DSP48 function was inferred, it is suggested to describe an additional register stage after this function.  If the DSP48 was instantiated in the design, it is suggested to set the PREG attribute to 1.
Related violations: <none>

DPOP-1#2 Warning
PREG Output pipelining  
DSP vcsel_block_design_i/vcsel_demo_top_0/U0/u_dyn/v4 output vcsel_block_design_i/vcsel_demo_top_0/U0/u_dyn/v4/P[47:0] is not pipelined (PREG=0). Pipelining the DSP48 output will improve performance and often saves power so it is suggested whenever possible to fully pipeline this function.  If this DSP48 function was inferred, it is suggested to describe an additional register stage after this function.  If the DSP48 was instantiated in the design, it is suggested to set the PREG attribute to 1.
Related violations: <none>

DPOP-1#3 Warning
PREG Output pipelining  
DSP vcsel_block_design_i/vcsel_demo_top_0/U0/u_dyn/v5 output vcsel_block_design_i/vcsel_demo_top_0/U0/u_dyn/v5/P[47:0] is not pipelined (PREG=0). Pipelining the DSP48 output will improve performance and often saves power so it is suggested whenever possible to fully pipeline this function.  If this DSP48 function was inferred, it is suggested to describe an additional register stage after this function.  If the DSP48 was instantiated in the design, it is suggested to set the PREG attribute to 1.
Related violations: <none>

DPOP-1#4 Warning
PREG Output pipelining  
DSP vcsel_block_design_i/vcsel_demo_top_0/U0/u_dyn/v6 output vcsel_block_design_i/vcsel_demo_top_0/U0/u_dyn/v6/P[47:0] is not pipelined (PREG=0). Pipelining the DSP48 output will improve performance and often saves power so it is suggested whenever possible to fully pipeline this function.  If this DSP48 function was inferred, it is suggested to describe an additional register stage after this function.  If the DSP48 was instantiated in the design, it is suggested to set the PREG attribute to 1.
Related violations: <none>

DPOP-1#5 Warning
PREG Output pipelining  
DSP vcsel_block_design_i/vcsel_demo_top_0/U0/u_dyn/v6__0 output vcsel_block_design_i/vcsel_demo_top_0/U0/u_dyn/v6__0/P[47:0] is not pipelined (PREG=0). Pipelining the DSP48 output will improve performance and often saves power so it is suggested whenever possible to fully pipeline this function.  If this DSP48 function was inferred, it is suggested to describe an additional register stage after this function.  If the DSP48 was instantiated in the design, it is suggested to set the PREG attribute to 1.
Related violations: <none>

DPOP-1#6 Warning
PREG Output pipelining  
DSP vcsel_block_design_i/vcsel_demo_top_0/U0/u_static/v3 output vcsel_block_design_i/vcsel_demo_top_0/U0/u_static/v3/P[47:0] is not pipelined (PREG=0). Pipelining the DSP48 output will improve performance and often saves power so it is suggested whenever possible to fully pipeline this function.  If this DSP48 function was inferred, it is suggested to describe an additional register stage after this function.  If the DSP48 was instantiated in the design, it is suggested to set the PREG attribute to 1.
Related violations: <none>

DPOP-2#1 Warning
MREG Output pipelining  
DSP vcsel_block_design_i/vcsel_demo_top_0/U0/u_dyn/v3 multiplier stage vcsel_block_design_i/vcsel_demo_top_0/U0/u_dyn/v3/P[47:0] is not pipelined (MREG=0). Pipelining the multiplier function will improve performance and will save significant power so it is suggested whenever possible to fully pipeline this function.  If this multiplier was inferred, it is suggested to describe an additional register stage after this function.  If there is no registered adder/accumulator following the multiply function, two pipeline stages are suggested to allow both the MREG and PREG registers to be used.  If the DSP48 was instantiated in the design, it is suggested to set both the MREG and PREG attributes to 1 when performing multiply functions.
Related violations: <none>

DPOP-2#2 Warning
MREG Output pipelining  
DSP vcsel_block_design_i/vcsel_demo_top_0/U0/u_dyn/v4 multiplier stage vcsel_block_design_i/vcsel_demo_top_0/U0/u_dyn/v4/P[47:0] is not pipelined (MREG=0). Pipelining the multiplier function will improve performance and will save significant power so it is suggested whenever possible to fully pipeline this function.  If this multiplier was inferred, it is suggested to describe an additional register stage after this function.  If there is no registered adder/accumulator following the multiply function, two pipeline stages are suggested to allow both the MREG and PREG registers to be used.  If the DSP48 was instantiated in the design, it is suggested to set both the MREG and PREG attributes to 1 when performing multiply functions.
Related violations: <none>

DPOP-2#3 Warning
MREG Output pipelining  
DSP vcsel_block_design_i/vcsel_demo_top_0/U0/u_dyn/v5 multiplier stage vcsel_block_design_i/vcsel_demo_top_0/U0/u_dyn/v5/P[47:0] is not pipelined (MREG=0). Pipelining the multiplier function will improve performance and will save significant power so it is suggested whenever possible to fully pipeline this function.  If this multiplier was inferred, it is suggested to describe an additional register stage after this function.  If there is no registered adder/accumulator following the multiply function, two pipeline stages are suggested to allow both the MREG and PREG registers to be used.  If the DSP48 was instantiated in the design, it is suggested to set both the MREG and PREG attributes to 1 when performing multiply functions.
Related violations: <none>

DPOP-2#4 Warning
MREG Output pipelining  
DSP vcsel_block_design_i/vcsel_demo_top_0/U0/u_dyn/v6 multiplier stage vcsel_block_design_i/vcsel_demo_top_0/U0/u_dyn/v6/P[47:0] is not pipelined (MREG=0). Pipelining the multiplier function will improve performance and will save significant power so it is suggested whenever possible to fully pipeline this function.  If this multiplier was inferred, it is suggested to describe an additional register stage after this function.  If there is no registered adder/accumulator following the multiply function, two pipeline stages are suggested to allow both the MREG and PREG registers to be used.  If the DSP48 was instantiated in the design, it is suggested to set both the MREG and PREG attributes to 1 when performing multiply functions.
Related violations: <none>

DPOP-2#5 Warning
MREG Output pipelining  
DSP vcsel_block_design_i/vcsel_demo_top_0/U0/u_dyn/v6__0 multiplier stage vcsel_block_design_i/vcsel_demo_top_0/U0/u_dyn/v6__0/P[47:0] is not pipelined (MREG=0). Pipelining the multiplier function will improve performance and will save significant power so it is suggested whenever possible to fully pipeline this function.  If this multiplier was inferred, it is suggested to describe an additional register stage after this function.  If there is no registered adder/accumulator following the multiply function, two pipeline stages are suggested to allow both the MREG and PREG registers to be used.  If the DSP48 was instantiated in the design, it is suggested to set both the MREG and PREG attributes to 1 when performing multiply functions.
Related violations: <none>

DPOP-2#6 Warning
MREG Output pipelining  
DSP vcsel_block_design_i/vcsel_demo_top_0/U0/u_static/v3 multiplier stage vcsel_block_design_i/vcsel_demo_top_0/U0/u_static/v3/P[47:0] is not pipelined (MREG=0). Pipelining the multiplier function will improve performance and will save significant power so it is suggested whenever possible to fully pipeline this function.  If this multiplier was inferred, it is suggested to describe an additional register stage after this function.  If there is no registered adder/accumulator following the multiply function, two pipeline stages are suggested to allow both the MREG and PREG registers to be used.  If the DSP48 was instantiated in the design, it is suggested to set both the MREG and PREG attributes to 1 when performing multiply functions.
Related violations: <none>

ZPS7-1#1 Warning
PS7 block required  
The PS7 cell must be used in this Zynq design in order to enable correct default configuration.
Related violations: <none>


