Copyright 1986-2022 Xilinx, Inc. All Rights Reserved. Copyright 2022-2024 Advanced Micro Devices, Inc. All Rights Reserved.
--------------------------------------------------------------------------------------------------------------------------------------------------------------------------------------------------------------------
| Tool Version : Vivado v.2024.2 (win64) Build 5239630 Fri Nov 08 22:35:27 MST 2024
| Date         : Mon Apr 20 21:32:05 2026
| Host         : FY-6302-06 running 64-bit major release  (build 9200)
| Command      : report_methodology -file vcsel_block_design_wrapper_methodology_drc_routed.rpt -pb vcsel_block_design_wrapper_methodology_drc_routed.pb -rpx vcsel_block_design_wrapper_methodology_drc_routed.rpx
| Design       : vcsel_block_design_wrapper
| Device       : xc7z020clg484-1
| Speed File   : -1
| Design State : Fully Routed
--------------------------------------------------------------------------------------------------------------------------------------------------------------------------------------------------------------------

Report Methodology

Table of Contents
-----------------
1. REPORT SUMMARY
2. REPORT DETAILS

1. REPORT SUMMARY
-----------------
            Netlist: netlist
          Floorplan: design_1
      Design limits: <entire design considered>
             Max checks: <unlimited>
             Checks found: 137
+-----------+------------------+----------------------------------------------------+--------+
| Rule      | Severity         | Description                                        | Checks |
+-----------+------------------+----------------------------------------------------+--------+
| TIMING-4  | Critical Warning | Invalid primary clock redefinition on a clock tree | 1      |
| TIMING-6  | Critical Warning | No common primary clock between related clocks     | 1      |
| TIMING-7  | Critical Warning | No common node between related clocks              | 1      |
| TIMING-27 | Critical Warning | Invalid primary clock on hierarchical pin          | 1      |
| LUTAR-1   | Warning          | LUT drives async reset alert                       | 4      |
| TIMING-16 | Warning          | Large setup violation                              | 104    |
| TIMING-18 | Warning          | Missing input or output delay                      | 23     |
| XDCB-5    | Warning          | Runtime inefficient way to find pin objects        | 2      |
+-----------+------------------+----------------------------------------------------+--------+

2. REPORT DETAILS
-----------------
TIMING-4#1 Critical Warning
Invalid primary clock redefinition on a clock tree  
Invalid clock redefinition on a clock tree. The primary clock vcsel_block_design_i/clk_wiz_0/inst/clk_in1 is defined downstream of clock sys_clk_pin and overrides its insertion delay and/or waveform definition
Related violations: <none>

TIMING-6#1 Critical Warning
No common primary clock between related clocks  
The clocks clk_out1_vcsel_block_design_clk_wiz_0_0 and sys_clk_pin are related (timed together) but they have no common primary clock. The design could fail in hardware. To find a timing path between these clocks, run the following command: report_timing -from [get_clocks clk_out1_vcsel_block_design_clk_wiz_0_0] -to [get_clocks sys_clk_pin]
Related violations: <none>

TIMING-7#1 Critical Warning
No common node between related clocks  
The clocks clk_out1_vcsel_block_design_clk_wiz_0_0 and sys_clk_pin are related (timed together) but they have no common node. The design could fail in hardware. To find a timing path between these clocks, run the following command: report_timing -from [get_clocks clk_out1_vcsel_block_design_clk_wiz_0_0] -to [get_clocks sys_clk_pin]
Related violations: <none>

TIMING-27#1 Critical Warning
Invalid primary clock on hierarchical pin  
A primary clock vcsel_block_design_i/clk_wiz_0/inst/clk_in1 is created on an inappropriate internal pin vcsel_block_design_i/clk_wiz_0/inst/clk_in1. It is not recommended to create a primary clock on a hierarchical pin when its driver pin has a fanout connected to multiple clock pins
Related violations: <none>

LUTAR-1#1 Warning
LUT drives async reset alert  
LUT cell dbg_hub/inst/BSCANID.u_xsdbm_id/CORE_XSDB.UUT_MASTER/U_ICON_INTERFACE/U_CMD6_RD/U_RD_FIFO/SUBCORE_FIFO.xsdbm_v3_0_3_rdfifo_inst/inst_fifo_gen/gconvfifo.rf/grf.rf/rstblk/ngwrdrst.grst.g7serrst.gwrrd_rst_sync_stage[2].rrst_inst/ngwrdrst.grst.g7serrst.rd_rst_reg[2]_i_1, with 2 or more inputs, drives asynchronous preset/clear pin(s) dbg_hub/inst/BSCANID.u_xsdbm_id/CORE_XSDB.UUT_MASTER/U_ICON_INTERFACE/U_CMD6_RD/U_RD_FIFO/SUBCORE_FIFO.xsdbm_v3_0_3_rdfifo_inst/inst_fifo_gen/gconvfifo.rf/grf.rf/rstblk/ngwrdrst.grst.g7serrst.rd_rst_reg_reg[0]/PRE,
dbg_hub/inst/BSCANID.u_xsdbm_id/CORE_XSDB.UUT_MASTER/U_ICON_INTERFACE/U_CMD6_RD/U_RD_FIFO/SUBCORE_FIFO.xsdbm_v3_0_3_rdfifo_inst/inst_fifo_gen/gconvfifo.rf/grf.rf/rstblk/ngwrdrst.grst.g7serrst.rd_rst_reg_reg[1]/PRE
dbg_hub/inst/BSCANID.u_xsdbm_id/CORE_XSDB.UUT_MASTER/U_ICON_INTERFACE/U_CMD6_RD/U_RD_FIFO/SUBCORE_FIFO.xsdbm_v3_0_3_rdfifo_inst/inst_fifo_gen/gconvfifo.rf/grf.rf/rstblk/ngwrdrst.grst.g7serrst.rd_rst_reg_reg[2]/PRE. The LUT may glitch and trigger an unexpected reset, even if it is a properly timed path.
Related violations: <none>

LUTAR-1#2 Warning
LUT drives async reset alert  
LUT cell dbg_hub/inst/BSCANID.u_xsdbm_id/CORE_XSDB.UUT_MASTER/U_ICON_INTERFACE/U_CMD6_RD/U_RD_FIFO/SUBCORE_FIFO.xsdbm_v3_0_3_rdfifo_inst/inst_fifo_gen/gconvfifo.rf/grf.rf/rstblk/ngwrdrst.grst.g7serrst.gwrrd_rst_sync_stage[2].wrst_inst/ngwrdrst.grst.g7serrst.wr_rst_reg[2]_i_1, with 2 or more inputs, drives asynchronous preset/clear pin(s) dbg_hub/inst/BSCANID.u_xsdbm_id/CORE_XSDB.UUT_MASTER/U_ICON_INTERFACE/U_CMD6_RD/U_RD_FIFO/SUBCORE_FIFO.xsdbm_v3_0_3_rdfifo_inst/inst_fifo_gen/gconvfifo.rf/grf.rf/rstblk/ngwrdrst.grst.g7serrst.wr_rst_reg_reg[0]/PRE,
dbg_hub/inst/BSCANID.u_xsdbm_id/CORE_XSDB.UUT_MASTER/U_ICON_INTERFACE/U_CMD6_RD/U_RD_FIFO/SUBCORE_FIFO.xsdbm_v3_0_3_rdfifo_inst/inst_fifo_gen/gconvfifo.rf/grf.rf/rstblk/ngwrdrst.grst.g7serrst.wr_rst_reg_reg[1]/PRE
dbg_hub/inst/BSCANID.u_xsdbm_id/CORE_XSDB.UUT_MASTER/U_ICON_INTERFACE/U_CMD6_RD/U_RD_FIFO/SUBCORE_FIFO.xsdbm_v3_0_3_rdfifo_inst/inst_fifo_gen/gconvfifo.rf/grf.rf/rstblk/ngwrdrst.grst.g7serrst.wr_rst_reg_reg[2]/PRE. The LUT may glitch and trigger an unexpected reset, even if it is a properly timed path.
Related violations: <none>

LUTAR-1#3 Warning
LUT drives async reset alert  
LUT cell dbg_hub/inst/BSCANID.u_xsdbm_id/CORE_XSDB.UUT_MASTER/U_ICON_INTERFACE/U_CMD6_WR/U_WR_FIFO/SUBCORE_FIFO.xsdbm_v3_0_3_wrfifo_inst/inst_fifo_gen/gconvfifo.rf/grf.rf/rstblk/ngwrdrst.grst.g7serrst.gwrrd_rst_sync_stage[2].rrst_inst/ngwrdrst.grst.g7serrst.rd_rst_reg[2]_i_1, with 2 or more inputs, drives asynchronous preset/clear pin(s) dbg_hub/inst/BSCANID.u_xsdbm_id/CORE_XSDB.UUT_MASTER/U_ICON_INTERFACE/U_CMD6_WR/U_WR_FIFO/SUBCORE_FIFO.xsdbm_v3_0_3_wrfifo_inst/inst_fifo_gen/gconvfifo.rf/grf.rf/rstblk/ngwrdrst.grst.g7serrst.rd_rst_reg_reg[0]/PRE,
dbg_hub/inst/BSCANID.u_xsdbm_id/CORE_XSDB.UUT_MASTER/U_ICON_INTERFACE/U_CMD6_WR/U_WR_FIFO/SUBCORE_FIFO.xsdbm_v3_0_3_wrfifo_inst/inst_fifo_gen/gconvfifo.rf/grf.rf/rstblk/ngwrdrst.grst.g7serrst.rd_rst_reg_reg[1]/PRE
dbg_hub/inst/BSCANID.u_xsdbm_id/CORE_XSDB.UUT_MASTER/U_ICON_INTERFACE/U_CMD6_WR/U_WR_FIFO/SUBCORE_FIFO.xsdbm_v3_0_3_wrfifo_inst/inst_fifo_gen/gconvfifo.rf/grf.rf/rstblk/ngwrdrst.grst.g7serrst.rd_rst_reg_reg[2]/PRE. The LUT may glitch and trigger an unexpected reset, even if it is a properly timed path.
Related violations: <none>

LUTAR-1#4 Warning
LUT drives async reset alert  
LUT cell dbg_hub/inst/BSCANID.u_xsdbm_id/CORE_XSDB.UUT_MASTER/U_ICON_INTERFACE/U_CMD6_WR/U_WR_FIFO/SUBCORE_FIFO.xsdbm_v3_0_3_wrfifo_inst/inst_fifo_gen/gconvfifo.rf/grf.rf/rstblk/ngwrdrst.grst.g7serrst.gwrrd_rst_sync_stage[2].wrst_inst/ngwrdrst.grst.g7serrst.wr_rst_reg[2]_i_1, with 2 or more inputs, drives asynchronous preset/clear pin(s) dbg_hub/inst/BSCANID.u_xsdbm_id/CORE_XSDB.UUT_MASTER/U_ICON_INTERFACE/U_CMD6_WR/U_WR_FIFO/SUBCORE_FIFO.xsdbm_v3_0_3_wrfifo_inst/inst_fifo_gen/gconvfifo.rf/grf.rf/rstblk/ngwrdrst.grst.g7serrst.wr_rst_reg_reg[0]/PRE,
dbg_hub/inst/BSCANID.u_xsdbm_id/CORE_XSDB.UUT_MASTER/U_ICON_INTERFACE/U_CMD6_WR/U_WR_FIFO/SUBCORE_FIFO.xsdbm_v3_0_3_wrfifo_inst/inst_fifo_gen/gconvfifo.rf/grf.rf/rstblk/ngwrdrst.grst.g7serrst.wr_rst_reg_reg[1]/PRE
dbg_hub/inst/BSCANID.u_xsdbm_id/CORE_XSDB.UUT_MASTER/U_ICON_INTERFACE/U_CMD6_WR/U_WR_FIFO/SUBCORE_FIFO.xsdbm_v3_0_3_wrfifo_inst/inst_fifo_gen/gconvfifo.rf/grf.rf/rstblk/ngwrdrst.grst.g7serrst.wr_rst_reg_reg[2]/PRE. The LUT may glitch and trigger an unexpected reset, even if it is a properly timed path.
Related violations: <none>

TIMING-16#1 Warning
Large setup violation  
There is a large setup violation of -1.009 ns between vcsel_block_design_i/vcsel_demo_top_0/U0/i_in_reg[4]/C (clocked by clk_out1_vcsel_block_design_clk_wiz_0_0) and vcsel_block_design_i/ila_0/U0/ila_core_inst/shifted_data_in_reg[7][4]_srl8/D (clocked by sys_clk_pin). Large setup violations at the end of those stages might be difficult to fix during the post-placement implementation flow and could be the result of non-optimal XDC constraints or non-optimal design architecture
Related violations: <none>

TIMING-16#2 Warning
Large setup violation  
There is a large setup violation of -1.065 ns between vcsel_block_design_i/vcsel_demo_top_0/U0/u_dyn/y0_reg[2]/C (clocked by clk_out1_vcsel_block_design_clk_wiz_0_0) and vcsel_block_design_i/ila_0/U0/ila_core_inst/u_trig/U_TM/N_DDR_MODE.G_NMU[1].U_M/allx_typeA_match_detection.ltlib_v1_0_2_allx_typeA_inst/probeDelay1_reg[2]/D (clocked by sys_clk_pin). Large setup violations at the end of those stages might be difficult to fix during the post-placement implementation flow and could be the result of non-optimal XDC constraints or non-optimal design architecture
Related violations: <none>

TIMING-16#3 Warning
Large setup violation  
There is a large setup violation of -1.097 ns between vcsel_block_design_i/vcsel_demo_top_0/U0/u_dyn/y0_reg[5]/C (clocked by clk_out1_vcsel_block_design_clk_wiz_0_0) and vcsel_block_design_i/ila_0/U0/ila_core_inst/u_trig/U_TM/N_DDR_MODE.G_NMU[1].U_M/allx_typeA_match_detection.ltlib_v1_0_2_allx_typeA_inst/probeDelay1_reg[5]/D (clocked by sys_clk_pin). Large setup violations at the end of those stages might be difficult to fix during the post-placement implementation flow and could be the result of non-optimal XDC constraints or non-optimal design architecture
Related violations: <none>

TIMING-16#4 Warning
Large setup violation  
There is a large setup violation of -1.098 ns between vcsel_block_design_i/vcsel_demo_top_0/U0/u_dyn/y0_reg[4]/C (clocked by clk_out1_vcsel_block_design_clk_wiz_0_0) and vcsel_block_design_i/ila_0/U0/ila_core_inst/u_trig/U_TM/N_DDR_MODE.G_NMU[1].U_M/allx_typeA_match_detection.ltlib_v1_0_2_allx_typeA_inst/probeDelay1_reg[4]/D (clocked by sys_clk_pin). Large setup violations at the end of those stages might be difficult to fix during the post-placement implementation flow and could be the result of non-optimal XDC constraints or non-optimal design architecture
Related violations: <none>

TIMING-16#5 Warning
Large setup violation  
There is a large setup violation of -1.114 ns between vcsel_block_design_i/vcsel_demo_top_0/U0/i_in_reg[1]/C (clocked by clk_out1_vcsel_block_design_clk_wiz_0_0) and vcsel_block_design_i/ila_0/U0/ila_core_inst/u_trig/U_TM/N_DDR_MODE.G_NMU[0].U_M/allx_typeA_match_detection.ltlib_v1_0_2_allx_typeA_inst/probeDelay1_reg[1]/D (clocked by sys_clk_pin). Large setup violations at the end of those stages might be difficult to fix during the post-placement implementation flow and could be the result of non-optimal XDC constraints or non-optimal design architecture
Related violations: <none>

TIMING-16#6 Warning
Large setup violation  
There is a large setup violation of -1.173 ns between vcsel_block_design_i/vcsel_demo_top_0/U0/u_dyn/y0_reg[1]/C (clocked by clk_out1_vcsel_block_design_clk_wiz_0_0) and vcsel_block_design_i/ila_0/U0/ila_core_inst/u_trig/U_TM/N_DDR_MODE.G_NMU[1].U_M/allx_typeA_match_detection.ltlib_v1_0_2_allx_typeA_inst/probeDelay1_reg[1]/D (clocked by sys_clk_pin). Large setup violations at the end of those stages might be difficult to fix during the post-placement implementation flow and could be the result of non-optimal XDC constraints or non-optimal design architecture
Related violations: <none>

TIMING-16#7 Warning
Large setup violation  
There is a large setup violation of -1.201 ns between vcsel_block_design_i/vcsel_demo_top_0/U0/u_dyn/y0_reg[1]/C (clocked by clk_out1_vcsel_block_design_clk_wiz_0_0) and vcsel_block_design_i/ila_0/U0/ila_core_inst/shifted_data_in_reg[7][9]_srl8/D (clocked by sys_clk_pin). Large setup violations at the end of those stages might be difficult to fix during the post-placement implementation flow and could be the result of non-optimal XDC constraints or non-optimal design architecture
Related violations: <none>

TIMING-16#8 Warning
Large setup violation  
There is a large setup violation of -1.316 ns between vcsel_block_design_i/vcsel_demo_top_0/U0/i_in_reg[1]/C (clocked by clk_out1_vcsel_block_design_clk_wiz_0_0) and vcsel_block_design_i/ila_0/U0/ila_core_inst/shifted_data_in_reg[7][1]_srl8/D (clocked by sys_clk_pin). Large setup violations at the end of those stages might be difficult to fix during the post-placement implementation flow and could be the result of non-optimal XDC constraints or non-optimal design architecture
Related violations: <none>

TIMING-16#9 Warning
Large setup violation  
There is a large setup violation of -1.319 ns between vcsel_block_design_i/vcsel_demo_top_0/U0/u_dyn/y0_reg[7]/C (clocked by clk_out1_vcsel_block_design_clk_wiz_0_0) and vcsel_block_design_i/ila_0/U0/ila_core_inst/u_trig/U_TM/N_DDR_MODE.G_NMU[1].U_M/allx_typeA_match_detection.ltlib_v1_0_2_allx_typeA_inst/probeDelay1_reg[7]/D (clocked by sys_clk_pin). Large setup violations at the end of those stages might be difficult to fix during the post-placement implementation flow and could be the result of non-optimal XDC constraints or non-optimal design architecture
Related violations: <none>

TIMING-16#10 Warning
Large setup violation  
There is a large setup violation of -1.325 ns between vcsel_block_design_i/vcsel_demo_top_0/U0/u_dyn/y0_reg[2]/C (clocked by clk_out1_vcsel_block_design_clk_wiz_0_0) and vcsel_block_design_i/ila_0/U0/ila_core_inst/shifted_data_in_reg[7][10]_srl8/D (clocked by sys_clk_pin). Large setup violations at the end of those stages might be difficult to fix during the post-placement implementation flow and could be the result of non-optimal XDC constraints or non-optimal design architecture
Related violations: <none>

TIMING-16#11 Warning
Large setup violation  
There is a large setup violation of -1.370 ns between vcsel_block_design_i/vcsel_demo_top_0/U0/i_in_reg[3]/C (clocked by clk_out1_vcsel_block_design_clk_wiz_0_0) and vcsel_block_design_i/ila_0/U0/ila_core_inst/u_trig/U_TM/N_DDR_MODE.G_NMU[0].U_M/allx_typeA_match_detection.ltlib_v1_0_2_allx_typeA_inst/probeDelay1_reg[3]/D (clocked by sys_clk_pin). Large setup violations at the end of those stages might be difficult to fix during the post-placement implementation flow and could be the result of non-optimal XDC constraints or non-optimal design architecture
Related violations: <none>

TIMING-16#12 Warning
Large setup violation  
There is a large setup violation of -1.381 ns between vcsel_block_design_i/vcsel_demo_top_0/U0/i_in_reg[5]/C (clocked by clk_out1_vcsel_block_design_clk_wiz_0_0) and vcsel_block_design_i/ila_0/U0/ila_core_inst/shifted_data_in_reg[7][5]_srl8/D (clocked by sys_clk_pin). Large setup violations at the end of those stages might be difficult to fix during the post-placement implementation flow and could be the result of non-optimal XDC constraints or non-optimal design architecture
Related violations: <none>

TIMING-16#13 Warning
Large setup violation  
There is a large setup violation of -1.386 ns between vcsel_block_design_i/vcsel_demo_top_0/U0/i_in_reg[6]/C (clocked by clk_out1_vcsel_block_design_clk_wiz_0_0) and vcsel_block_design_i/ila_0/U0/ila_core_inst/shifted_data_in_reg[7][6]_srl8/D (clocked by sys_clk_pin). Large setup violations at the end of those stages might be difficult to fix during the post-placement implementation flow and could be the result of non-optimal XDC constraints or non-optimal design architecture
Related violations: <none>

TIMING-16#14 Warning
Large setup violation  
There is a large setup violation of -1.403 ns between vcsel_block_design_i/vcsel_demo_top_0/U0/i_in_reg[0]/C (clocked by clk_out1_vcsel_block_design_clk_wiz_0_0) and vcsel_block_design_i/ila_0/U0/ila_core_inst/shifted_data_in_reg[7][0]_srl8/D (clocked by sys_clk_pin). Large setup violations at the end of those stages might be difficult to fix during the post-placement implementation flow and could be the result of non-optimal XDC constraints or non-optimal design architecture
Related violations: <none>

TIMING-16#15 Warning
Large setup violation  
There is a large setup violation of -1.408 ns between vcsel_block_design_i/vcsel_demo_top_0/U0/i_in_reg[2]/C (clocked by clk_out1_vcsel_block_design_clk_wiz_0_0) and vcsel_block_design_i/ila_0/U0/ila_core_inst/shifted_data_in_reg[7][2]_srl8/D (clocked by sys_clk_pin). Large setup violations at the end of those stages might be difficult to fix during the post-placement implementation flow and could be the result of non-optimal XDC constraints or non-optimal design architecture
Related violations: <none>

TIMING-16#16 Warning
Large setup violation  
There is a large setup violation of -1.421 ns between vcsel_block_design_i/vcsel_demo_top_0/U0/i_in_reg[3]/C (clocked by clk_out1_vcsel_block_design_clk_wiz_0_0) and vcsel_block_design_i/ila_0/U0/ila_core_inst/shifted_data_in_reg[7][3]_srl8/D (clocked by sys_clk_pin). Large setup violations at the end of those stages might be difficult to fix during the post-placement implementation flow and could be the result of non-optimal XDC constraints or non-optimal design architecture
Related violations: <none>

TIMING-16#17 Warning
Large setup violation  
There is a large setup violation of -1.504 ns between vcsel_block_design_i/vcsel_demo_top_0/U0/u_dyn/y0_reg[3]/C (clocked by clk_out1_vcsel_block_design_clk_wiz_0_0) and vcsel_block_design_i/ila_0/U0/ila_core_inst/u_trig/U_TM/N_DDR_MODE.G_NMU[1].U_M/allx_typeA_match_detection.ltlib_v1_0_2_allx_typeA_inst/probeDelay1_reg[3]/D (clocked by sys_clk_pin). Large setup violations at the end of those stages might be difficult to fix during the post-placement implementation flow and could be the result of non-optimal XDC constraints or non-optimal design architecture
Related violations: <none>

TIMING-16#18 Warning
Large setup violation  
There is a large setup violation of -1.512 ns between vcsel_block_design_i/vcsel_demo_top_0/U0/u_dyn/y0_reg[6]/C (clocked by clk_out1_vcsel_block_design_clk_wiz_0_0) and vcsel_block_design_i/ila_0/U0/ila_core_inst/u_trig/U_TM/N_DDR_MODE.G_NMU[1].U_M/allx_typeA_match_detection.ltlib_v1_0_2_allx_typeA_inst/probeDelay1_reg[6]/D (clocked by sys_clk_pin). Large setup violations at the end of those stages might be difficult to fix during the post-placement implementation flow and could be the result of non-optimal XDC constraints or non-optimal design architecture
Related violations: <none>

TIMING-16#19 Warning
Large setup violation  
There is a large setup violation of -1.519 ns between vcsel_block_design_i/vcsel_demo_top_0/U0/i_in_reg[0]/C (clocked by clk_out1_vcsel_block_design_clk_wiz_0_0) and vcsel_block_design_i/ila_0/U0/ila_core_inst/u_trig/U_TM/N_DDR_MODE.G_NMU[0].U_M/allx_typeA_match_detection.ltlib_v1_0_2_allx_typeA_inst/probeDelay1_reg[0]/D (clocked by sys_clk_pin). Large setup violations at the end of those stages might be difficult to fix during the post-placement implementation flow and could be the result of non-optimal XDC constraints or non-optimal design architecture
Related violations: <none>

TIMING-16#20 Warning
Large setup violation  
There is a large setup violation of -1.521 ns between vcsel_block_design_i/vcsel_demo_top_0/U0/i_in_reg[5]/C (clocked by clk_out1_vcsel_block_design_clk_wiz_0_0) and vcsel_block_design_i/ila_0/U0/ila_core_inst/u_trig/U_TM/N_DDR_MODE.G_NMU[0].U_M/allx_typeA_match_detection.ltlib_v1_0_2_allx_typeA_inst/probeDelay1_reg[5]/D (clocked by sys_clk_pin). Large setup violations at the end of those stages might be difficult to fix during the post-placement implementation flow and could be the result of non-optimal XDC constraints or non-optimal design architecture
Related violations: <none>

TIMING-16#21 Warning
Large setup violation  
There is a large setup violation of -1.717 ns between vcsel_block_design_i/vcsel_demo_top_0/U0/i_in_reg[2]/C (clocked by clk_out1_vcsel_block_design_clk_wiz_0_0) and vcsel_block_design_i/ila_0/U0/ila_core_inst/u_trig/U_TM/N_DDR_MODE.G_NMU[0].U_M/allx_typeA_match_detection.ltlib_v1_0_2_allx_typeA_inst/probeDelay1_reg[2]/D (clocked by sys_clk_pin). Large setup violations at the end of those stages might be difficult to fix during the post-placement implementation flow and could be the result of non-optimal XDC constraints or non-optimal design architecture
Related violations: <none>

TIMING-16#22 Warning
Large setup violation  
There is a large setup violation of -1.720 ns between vcsel_block_design_i/vcsel_demo_top_0/U0/u_dyn/y0_reg[0]/C (clocked by clk_out1_vcsel_block_design_clk_wiz_0_0) and vcsel_block_design_i/ila_0/U0/ila_core_inst/u_trig/U_TM/N_DDR_MODE.G_NMU[1].U_M/allx_typeA_match_detection.ltlib_v1_0_2_allx_typeA_inst/probeDelay1_reg[0]/D (clocked by sys_clk_pin). Large setup violations at the end of those stages might be difficult to fix during the post-placement implementation flow and could be the result of non-optimal XDC constraints or non-optimal design architecture
Related violations: <none>

TIMING-16#23 Warning
Large setup violation  
There is a large setup violation of -1.747 ns between vcsel_block_design_i/vcsel_demo_top_0/U0/i_in_reg[7]/C (clocked by clk_out1_vcsel_block_design_clk_wiz_0_0) and vcsel_block_design_i/ila_0/U0/ila_core_inst/shifted_data_in_reg[7][7]_srl8/D (clocked by sys_clk_pin). Large setup violations at the end of those stages might be difficult to fix during the post-placement implementation flow and could be the result of non-optimal XDC constraints or non-optimal design architecture
Related violations: <none>

TIMING-16#24 Warning
Large setup violation  
There is a large setup violation of -1.797 ns between vcsel_block_design_i/vcsel_demo_top_0/U0/u_dyn/y0_reg[7]/C (clocked by clk_out1_vcsel_block_design_clk_wiz_0_0) and vcsel_block_design_i/ila_0/U0/ila_core_inst/shifted_data_in_reg[7][15]_srl8/D (clocked by sys_clk_pin). Large setup violations at the end of those stages might be difficult to fix during the post-placement implementation flow and could be the result of non-optimal XDC constraints or non-optimal design architecture
Related violations: <none>

TIMING-16#25 Warning
Large setup violation  
There is a large setup violation of -1.848 ns between vcsel_block_design_i/vcsel_demo_top_0/U0/u_dyn/y0_reg[3]/C (clocked by clk_out1_vcsel_block_design_clk_wiz_0_0) and vcsel_block_design_i/ila_0/U0/ila_core_inst/shifted_data_in_reg[7][11]_srl8/D (clocked by sys_clk_pin). Large setup violations at the end of those stages might be difficult to fix during the post-placement implementation flow and could be the result of non-optimal XDC constraints or non-optimal design architecture
Related violations: <none>

TIMING-16#26 Warning
Large setup violation  
There is a large setup violation of -1.945 ns between vcsel_block_design_i/vcsel_demo_top_0/U0/u_dyn/y0_reg[0]/C (clocked by clk_out1_vcsel_block_design_clk_wiz_0_0) and vcsel_block_design_i/ila_0/U0/ila_core_inst/shifted_data_in_reg[7][8]_srl8/D (clocked by sys_clk_pin). Large setup violations at the end of those stages might be difficult to fix during the post-placement implementation flow and could be the result of non-optimal XDC constraints or non-optimal design architecture
Related violations: <none>

TIMING-16#27 Warning
Large setup violation  
There is a large setup violation of -18.645 ns between vcsel_block_design_i/vcsel_demo_top_0/U0/curr_idx_reg[1]/C (clocked by clk_out1_vcsel_block_design_clk_wiz_0_0) and vcsel_block_design_i/vcsel_demo_top_0/U0/u_dyn/y0_reg[14]/D (clocked by clk_out1_vcsel_block_design_clk_wiz_0_0). Large setup violations at the end of those stages might be difficult to fix during the post-placement implementation flow and could be the result of non-optimal XDC constraints or non-optimal design architecture
Related violations: <none>

TIMING-16#28 Warning
Large setup violation  
There is a large setup violation of -18.652 ns between vcsel_block_design_i/vcsel_demo_top_0/U0/curr_idx_reg[1]/C (clocked by clk_out1_vcsel_block_design_clk_wiz_0_0) and vcsel_block_design_i/vcsel_demo_top_0/U0/u_dyn/y0_reg[0]/D (clocked by clk_out1_vcsel_block_design_clk_wiz_0_0). Large setup violations at the end of those stages might be difficult to fix during the post-placement implementation flow and could be the result of non-optimal XDC constraints or non-optimal design architecture
Related violations: <none>

TIMING-16#29 Warning
Large setup violation  
There is a large setup violation of -18.654 ns between vcsel_block_design_i/vcsel_demo_top_0/U0/curr_idx_reg[1]/C (clocked by clk_out1_vcsel_block_design_clk_wiz_0_0) and vcsel_block_design_i/vcsel_demo_top_0/U0/u_dyn/v4_i_12_psdsp/D (clocked by clk_out1_vcsel_block_design_clk_wiz_0_0). Large setup violations at the end of those stages might be difficult to fix during the post-placement implementation flow and could be the result of non-optimal XDC constraints or non-optimal design architecture
Related violations: <none>

TIMING-16#30 Warning
Large setup violation  
There is a large setup violation of -18.661 ns between vcsel_block_design_i/vcsel_demo_top_0/U0/curr_idx_reg[1]/C (clocked by clk_out1_vcsel_block_design_clk_wiz_0_0) and vcsel_block_design_i/vcsel_demo_top_0/U0/u_dyn/sat_flag_reg/D (clocked by clk_out1_vcsel_block_design_clk_wiz_0_0). Large setup violations at the end of those stages might be difficult to fix during the post-placement implementation flow and could be the result of non-optimal XDC constraints or non-optimal design architecture
Related violations: <none>

TIMING-16#31 Warning
Large setup violation  
There is a large setup violation of -18.664 ns between vcsel_block_design_i/vcsel_demo_top_0/U0/curr_idx_reg[1]/C (clocked by clk_out1_vcsel_block_design_clk_wiz_0_0) and vcsel_block_design_i/vcsel_demo_top_0/U0/u_dyn/y0_reg[8]/D (clocked by clk_out1_vcsel_block_design_clk_wiz_0_0). Large setup violations at the end of those stages might be difficult to fix during the post-placement implementation flow and could be the result of non-optimal XDC constraints or non-optimal design architecture
Related violations: <none>

TIMING-16#32 Warning
Large setup violation  
There is a large setup violation of -18.671 ns between vcsel_block_design_i/vcsel_demo_top_0/U0/curr_idx_reg[1]/C (clocked by clk_out1_vcsel_block_design_clk_wiz_0_0) and vcsel_block_design_i/vcsel_demo_top_0/U0/u_dyn/y0_reg[11]/D (clocked by clk_out1_vcsel_block_design_clk_wiz_0_0). Large setup violations at the end of those stages might be difficult to fix during the post-placement implementation flow and could be the result of non-optimal XDC constraints or non-optimal design architecture
Related violations: <none>

TIMING-16#33 Warning
Large setup violation  
There is a large setup violation of -18.675 ns between vcsel_block_design_i/vcsel_demo_top_0/U0/curr_idx_reg[1]/C (clocked by clk_out1_vcsel_block_design_clk_wiz_0_0) and vcsel_block_design_i/vcsel_demo_top_0/U0/u_dyn/y0_reg[9]/D (clocked by clk_out1_vcsel_block_design_clk_wiz_0_0). Large setup violations at the end of those stages might be difficult to fix during the post-placement implementation flow and could be the result of non-optimal XDC constraints or non-optimal design architecture
Related violations: <none>

TIMING-16#34 Warning
Large setup violation  
There is a large setup violation of -18.684 ns between vcsel_block_design_i/vcsel_demo_top_0/U0/curr_idx_reg[1]/C (clocked by clk_out1_vcsel_block_design_clk_wiz_0_0) and vcsel_block_design_i/vcsel_demo_top_0/U0/u_dyn/v4_i_10_psdsp/D (clocked by clk_out1_vcsel_block_design_clk_wiz_0_0). Large setup violations at the end of those stages might be difficult to fix during the post-placement implementation flow and could be the result of non-optimal XDC constraints or non-optimal design architecture
Related violations: <none>

TIMING-16#35 Warning
Large setup violation  
There is a large setup violation of -18.690 ns between vcsel_block_design_i/vcsel_demo_top_0/U0/curr_idx_reg[1]/C (clocked by clk_out1_vcsel_block_design_clk_wiz_0_0) and vcsel_block_design_i/vcsel_demo_top_0/U0/u_dyn/y0[3]_i_1_psdsp/D (clocked by clk_out1_vcsel_block_design_clk_wiz_0_0). Large setup violations at the end of those stages might be difficult to fix during the post-placement implementation flow and could be the result of non-optimal XDC constraints or non-optimal design architecture
Related violations: <none>

TIMING-16#36 Warning
Large setup violation  
There is a large setup violation of -18.694 ns between vcsel_block_design_i/vcsel_demo_top_0/U0/curr_idx_reg[1]/C (clocked by clk_out1_vcsel_block_design_clk_wiz_0_0) and vcsel_block_design_i/vcsel_demo_top_0/U0/u_dyn/y0[2]_i_1_psdsp/D (clocked by clk_out1_vcsel_block_design_clk_wiz_0_0). Large setup violations at the end of those stages might be difficult to fix during the post-placement implementation flow and could be the result of non-optimal XDC constraints or non-optimal design architecture
Related violations: <none>

TIMING-16#37 Warning
Large setup violation  
There is a large setup violation of -18.698 ns between vcsel_block_design_i/vcsel_demo_top_0/U0/curr_idx_reg[1]/C (clocked by clk_out1_vcsel_block_design_clk_wiz_0_0) and vcsel_block_design_i/vcsel_demo_top_0/U0/u_dyn/y0[1]_i_1_psdsp_1/D (clocked by clk_out1_vcsel_block_design_clk_wiz_0_0). Large setup violations at the end of those stages might be difficult to fix during the post-placement implementation flow and could be the result of non-optimal XDC constraints or non-optimal design architecture
Related violations: <none>

TIMING-16#38 Warning
Large setup violation  
There is a large setup violation of -18.798 ns between vcsel_block_design_i/vcsel_demo_top_0/U0/curr_idx_reg[1]/C (clocked by clk_out1_vcsel_block_design_clk_wiz_0_0) and vcsel_block_design_i/vcsel_demo_top_0/U0/u_dyn/y0[7]_i_1_psdsp/D (clocked by clk_out1_vcsel_block_design_clk_wiz_0_0). Large setup violations at the end of those stages might be difficult to fix during the post-placement implementation flow and could be the result of non-optimal XDC constraints or non-optimal design architecture
Related violations: <none>

TIMING-16#39 Warning
Large setup violation  
There is a large setup violation of -18.903 ns between vcsel_block_design_i/vcsel_demo_top_0/U0/curr_idx_reg[1]/C (clocked by clk_out1_vcsel_block_design_clk_wiz_0_0) and vcsel_block_design_i/vcsel_demo_top_0/U0/u_dyn/v4_i_9_psdsp_1/D (clocked by clk_out1_vcsel_block_design_clk_wiz_0_0). Large setup violations at the end of those stages might be difficult to fix during the post-placement implementation flow and could be the result of non-optimal XDC constraints or non-optimal design architecture
Related violations: <none>

TIMING-16#40 Warning
Large setup violation  
There is a large setup violation of -18.979 ns between vcsel_block_design_i/vcsel_demo_top_0/U0/curr_idx_reg[1]/C (clocked by clk_out1_vcsel_block_design_clk_wiz_0_0) and vcsel_block_design_i/vcsel_demo_top_0/U0/u_dyn/y0[0]_i_1_psdsp_1/D (clocked by clk_out1_vcsel_block_design_clk_wiz_0_0). Large setup violations at the end of those stages might be difficult to fix during the post-placement implementation flow and could be the result of non-optimal XDC constraints or non-optimal design architecture
Related violations: <none>

TIMING-16#41 Warning
Large setup violation  
There is a large setup violation of -19.092 ns between vcsel_block_design_i/vcsel_demo_top_0/U0/curr_idx_reg[1]/C (clocked by clk_out1_vcsel_block_design_clk_wiz_0_0) and vcsel_block_design_i/vcsel_demo_top_0/U0/u_dyn/y0_reg[12]/D (clocked by clk_out1_vcsel_block_design_clk_wiz_0_0). Large setup violations at the end of those stages might be difficult to fix during the post-placement implementation flow and could be the result of non-optimal XDC constraints or non-optimal design architecture
Related violations: <none>

TIMING-16#42 Warning
Large setup violation  
There is a large setup violation of -19.098 ns between vcsel_block_design_i/vcsel_demo_top_0/U0/curr_idx_reg[1]/C (clocked by clk_out1_vcsel_block_design_clk_wiz_0_0) and vcsel_block_design_i/vcsel_demo_top_0/U0/u_dyn/v4_i_10_psdsp_1/D (clocked by clk_out1_vcsel_block_design_clk_wiz_0_0). Large setup violations at the end of those stages might be difficult to fix during the post-placement implementation flow and could be the result of non-optimal XDC constraints or non-optimal design architecture
Related violations: <none>

TIMING-16#43 Warning
Large setup violation  
There is a large setup violation of -19.100 ns between vcsel_block_design_i/vcsel_demo_top_0/U0/curr_idx_reg[1]/C (clocked by clk_out1_vcsel_block_design_clk_wiz_0_0) and vcsel_block_design_i/vcsel_demo_top_0/U0/u_dyn/y0[0]_i_1_psdsp/D (clocked by clk_out1_vcsel_block_design_clk_wiz_0_0). Large setup violations at the end of those stages might be difficult to fix during the post-placement implementation flow and could be the result of non-optimal XDC constraints or non-optimal design architecture
Related violations: <none>

TIMING-16#44 Warning
Large setup violation  
There is a large setup violation of -19.109 ns between vcsel_block_design_i/vcsel_demo_top_0/U0/curr_idx_reg[1]/C (clocked by clk_out1_vcsel_block_design_clk_wiz_0_0) and vcsel_block_design_i/vcsel_demo_top_0/U0/u_dyn/y0_reg[1]/D (clocked by clk_out1_vcsel_block_design_clk_wiz_0_0). Large setup violations at the end of those stages might be difficult to fix during the post-placement implementation flow and could be the result of non-optimal XDC constraints or non-optimal design architecture
Related violations: <none>

TIMING-16#45 Warning
Large setup violation  
There is a large setup violation of -19.116 ns between vcsel_block_design_i/vcsel_demo_top_0/U0/curr_idx_reg[1]/C (clocked by clk_out1_vcsel_block_design_clk_wiz_0_0) and vcsel_block_design_i/vcsel_demo_top_0/U0/u_dyn/y0[1]_i_1_psdsp/D (clocked by clk_out1_vcsel_block_design_clk_wiz_0_0). Large setup violations at the end of those stages might be difficult to fix during the post-placement implementation flow and could be the result of non-optimal XDC constraints or non-optimal design architecture
Related violations: <none>

TIMING-16#46 Warning
Large setup violation  
There is a large setup violation of -19.120 ns between vcsel_block_design_i/vcsel_demo_top_0/U0/curr_idx_reg[1]/C (clocked by clk_out1_vcsel_block_design_clk_wiz_0_0) and vcsel_block_design_i/vcsel_demo_top_0/U0/u_dyn/y0[3]_i_1_psdsp_1/D (clocked by clk_out1_vcsel_block_design_clk_wiz_0_0). Large setup violations at the end of those stages might be difficult to fix during the post-placement implementation flow and could be the result of non-optimal XDC constraints or non-optimal design architecture
Related violations: <none>

TIMING-16#47 Warning
Large setup violation  
There is a large setup violation of -19.121 ns between vcsel_block_design_i/vcsel_demo_top_0/U0/curr_idx_reg[1]/C (clocked by clk_out1_vcsel_block_design_clk_wiz_0_0) and vcsel_block_design_i/vcsel_demo_top_0/U0/u_dyn/y0_reg[2]/D (clocked by clk_out1_vcsel_block_design_clk_wiz_0_0). Large setup violations at the end of those stages might be difficult to fix during the post-placement implementation flow and could be the result of non-optimal XDC constraints or non-optimal design architecture
Related violations: <none>

TIMING-16#48 Warning
Large setup violation  
There is a large setup violation of -19.126 ns between vcsel_block_design_i/vcsel_demo_top_0/U0/curr_idx_reg[1]/C (clocked by clk_out1_vcsel_block_design_clk_wiz_0_0) and vcsel_block_design_i/vcsel_demo_top_0/U0/u_dyn/v4_i_8_psdsp/D (clocked by clk_out1_vcsel_block_design_clk_wiz_0_0). Large setup violations at the end of those stages might be difficult to fix during the post-placement implementation flow and could be the result of non-optimal XDC constraints or non-optimal design architecture
Related violations: <none>

TIMING-16#49 Warning
Large setup violation  
There is a large setup violation of -19.130 ns between vcsel_block_design_i/vcsel_demo_top_0/U0/curr_idx_reg[1]/C (clocked by clk_out1_vcsel_block_design_clk_wiz_0_0) and vcsel_block_design_i/vcsel_demo_top_0/U0/u_dyn/y0_reg[5]/D (clocked by clk_out1_vcsel_block_design_clk_wiz_0_0). Large setup violations at the end of those stages might be difficult to fix during the post-placement implementation flow and could be the result of non-optimal XDC constraints or non-optimal design architecture
Related violations: <none>

TIMING-16#50 Warning
Large setup violation  
There is a large setup violation of -19.131 ns between vcsel_block_design_i/vcsel_demo_top_0/U0/curr_idx_reg[1]/C (clocked by clk_out1_vcsel_block_design_clk_wiz_0_0) and vcsel_block_design_i/vcsel_demo_top_0/U0/u_dyn/v4_i_14_psdsp_1/D (clocked by clk_out1_vcsel_block_design_clk_wiz_0_0). Large setup violations at the end of those stages might be difficult to fix during the post-placement implementation flow and could be the result of non-optimal XDC constraints or non-optimal design architecture
Related violations: <none>

TIMING-16#51 Warning
Large setup violation  
There is a large setup violation of -19.133 ns between vcsel_block_design_i/vcsel_demo_top_0/U0/curr_idx_reg[1]/C (clocked by clk_out1_vcsel_block_design_clk_wiz_0_0) and vcsel_block_design_i/vcsel_demo_top_0/U0/u_dyn/y0[2]_i_1_psdsp_1/D (clocked by clk_out1_vcsel_block_design_clk_wiz_0_0). Large setup violations at the end of those stages might be difficult to fix during the post-placement implementation flow and could be the result of non-optimal XDC constraints or non-optimal design architecture
Related violations: <none>

TIMING-16#52 Warning
Large setup violation  
There is a large setup violation of -19.134 ns between vcsel_block_design_i/vcsel_demo_top_0/U0/curr_idx_reg[1]/C (clocked by clk_out1_vcsel_block_design_clk_wiz_0_0) and vcsel_block_design_i/vcsel_demo_top_0/U0/u_dyn/v4_i_12_psdsp_1/D (clocked by clk_out1_vcsel_block_design_clk_wiz_0_0). Large setup violations at the end of those stages might be difficult to fix during the post-placement implementation flow and could be the result of non-optimal XDC constraints or non-optimal design architecture
Related violations: <none>

TIMING-16#53 Warning
Large setup violation  
There is a large setup violation of -19.134 ns between vcsel_block_design_i/vcsel_demo_top_0/U0/curr_idx_reg[1]/C (clocked by clk_out1_vcsel_block_design_clk_wiz_0_0) and vcsel_block_design_i/vcsel_demo_top_0/U0/u_dyn/y0[4]_i_1_psdsp/D (clocked by clk_out1_vcsel_block_design_clk_wiz_0_0). Large setup violations at the end of those stages might be difficult to fix during the post-placement implementation flow and could be the result of non-optimal XDC constraints or non-optimal design architecture
Related violations: <none>

TIMING-16#54 Warning
Large setup violation  
There is a large setup violation of -19.134 ns between vcsel_block_design_i/vcsel_demo_top_0/U0/curr_idx_reg[1]/C (clocked by clk_out1_vcsel_block_design_clk_wiz_0_0) and vcsel_block_design_i/vcsel_demo_top_0/U0/u_dyn/y0[4]_i_1_psdsp_1/D (clocked by clk_out1_vcsel_block_design_clk_wiz_0_0). Large setup violations at the end of those stages might be difficult to fix during the post-placement implementation flow and could be the result of non-optimal XDC constraints or non-optimal design architecture
Related violations: <none>

TIMING-16#55 Warning
Large setup violation  
There is a large setup violation of -19.135 ns between vcsel_block_design_i/vcsel_demo_top_0/U0/curr_idx_reg[1]/C (clocked by clk_out1_vcsel_block_design_clk_wiz_0_0) and vcsel_block_design_i/vcsel_demo_top_0/U0/u_dyn/y0[5]_i_1_psdsp/D (clocked by clk_out1_vcsel_block_design_clk_wiz_0_0). Large setup violations at the end of those stages might be difficult to fix during the post-placement implementation flow and could be the result of non-optimal XDC constraints or non-optimal design architecture
Related violations: <none>

TIMING-16#56 Warning
Large setup violation  
There is a large setup violation of -19.138 ns between vcsel_block_design_i/vcsel_demo_top_0/U0/curr_idx_reg[1]/C (clocked by clk_out1_vcsel_block_design_clk_wiz_0_0) and vcsel_block_design_i/vcsel_demo_top_0/U0/u_dyn/v4_i_14_psdsp/D (clocked by clk_out1_vcsel_block_design_clk_wiz_0_0). Large setup violations at the end of those stages might be difficult to fix during the post-placement implementation flow and could be the result of non-optimal XDC constraints or non-optimal design architecture
Related violations: <none>

TIMING-16#57 Warning
Large setup violation  
There is a large setup violation of -19.140 ns between vcsel_block_design_i/vcsel_demo_top_0/U0/curr_idx_reg[1]/C (clocked by clk_out1_vcsel_block_design_clk_wiz_0_0) and vcsel_block_design_i/vcsel_demo_top_0/U0/u_dyn/v4_i_13_psdsp_1/D (clocked by clk_out1_vcsel_block_design_clk_wiz_0_0). Large setup violations at the end of those stages might be difficult to fix during the post-placement implementation flow and could be the result of non-optimal XDC constraints or non-optimal design architecture
Related violations: <none>

TIMING-16#58 Warning
Large setup violation  
There is a large setup violation of -19.143 ns between vcsel_block_design_i/vcsel_demo_top_0/U0/curr_idx_reg[1]/C (clocked by clk_out1_vcsel_block_design_clk_wiz_0_0) and vcsel_block_design_i/vcsel_demo_top_0/U0/u_dyn/v4_i_13_psdsp/D (clocked by clk_out1_vcsel_block_design_clk_wiz_0_0). Large setup violations at the end of those stages might be difficult to fix during the post-placement implementation flow and could be the result of non-optimal XDC constraints or non-optimal design architecture
Related violations: <none>

TIMING-16#59 Warning
Large setup violation  
There is a large setup violation of -19.151 ns between vcsel_block_design_i/vcsel_demo_top_0/U0/curr_idx_reg[1]/C (clocked by clk_out1_vcsel_block_design_clk_wiz_0_0) and vcsel_block_design_i/vcsel_demo_top_0/U0/u_dyn/v4_i_8_psdsp_1/D (clocked by clk_out1_vcsel_block_design_clk_wiz_0_0). Large setup violations at the end of those stages might be difficult to fix during the post-placement implementation flow and could be the result of non-optimal XDC constraints or non-optimal design architecture
Related violations: <none>

TIMING-16#60 Warning
Large setup violation  
There is a large setup violation of -19.156 ns between vcsel_block_design_i/vcsel_demo_top_0/U0/curr_idx_reg[1]/C (clocked by clk_out1_vcsel_block_design_clk_wiz_0_0) and vcsel_block_design_i/vcsel_demo_top_0/U0/u_dyn/y0[5]_i_1_psdsp_1/D (clocked by clk_out1_vcsel_block_design_clk_wiz_0_0). Large setup violations at the end of those stages might be difficult to fix during the post-placement implementation flow and could be the result of non-optimal XDC constraints or non-optimal design architecture
Related violations: <none>

TIMING-16#61 Warning
Large setup violation  
There is a large setup violation of -19.165 ns between vcsel_block_design_i/vcsel_demo_top_0/U0/curr_idx_reg[1]/C (clocked by clk_out1_vcsel_block_design_clk_wiz_0_0) and vcsel_block_design_i/vcsel_demo_top_0/U0/u_dyn/y0_reg[4]/D (clocked by clk_out1_vcsel_block_design_clk_wiz_0_0). Large setup violations at the end of those stages might be difficult to fix during the post-placement implementation flow and could be the result of non-optimal XDC constraints or non-optimal design architecture
Related violations: <none>

TIMING-16#62 Warning
Large setup violation  
There is a large setup violation of -19.194 ns between vcsel_block_design_i/vcsel_demo_top_0/U0/curr_idx_reg[1]/C (clocked by clk_out1_vcsel_block_design_clk_wiz_0_0) and vcsel_block_design_i/vcsel_demo_top_0/U0/u_dyn/y0_reg[3]/D (clocked by clk_out1_vcsel_block_design_clk_wiz_0_0). Large setup violations at the end of those stages might be difficult to fix during the post-placement implementation flow and could be the result of non-optimal XDC constraints or non-optimal design architecture
Related violations: <none>

TIMING-16#63 Warning
Large setup violation  
There is a large setup violation of -19.225 ns between vcsel_block_design_i/vcsel_demo_top_0/U0/curr_idx_reg[1]/C (clocked by clk_out1_vcsel_block_design_clk_wiz_0_0) and vcsel_block_design_i/vcsel_demo_top_0/U0/u_dyn/v4_i_9_psdsp/D (clocked by clk_out1_vcsel_block_design_clk_wiz_0_0). Large setup violations at the end of those stages might be difficult to fix during the post-placement implementation flow and could be the result of non-optimal XDC constraints or non-optimal design architecture
Related violations: <none>

TIMING-16#64 Warning
Large setup violation  
There is a large setup violation of -19.226 ns between vcsel_block_design_i/vcsel_demo_top_0/U0/curr_idx_reg[1]/C (clocked by clk_out1_vcsel_block_design_clk_wiz_0_0) and vcsel_block_design_i/vcsel_demo_top_0/U0/u_dyn/y0[6]_i_1_psdsp/D (clocked by clk_out1_vcsel_block_design_clk_wiz_0_0). Large setup violations at the end of those stages might be difficult to fix during the post-placement implementation flow and could be the result of non-optimal XDC constraints or non-optimal design architecture
Related violations: <none>

TIMING-16#65 Warning
Large setup violation  
There is a large setup violation of -19.236 ns between vcsel_block_design_i/vcsel_demo_top_0/U0/curr_idx_reg[1]/C (clocked by clk_out1_vcsel_block_design_clk_wiz_0_0) and vcsel_block_design_i/vcsel_demo_top_0/U0/u_dyn/y0[7]_i_1_psdsp_1/D (clocked by clk_out1_vcsel_block_design_clk_wiz_0_0). Large setup violations at the end of those stages might be difficult to fix during the post-placement implementation flow and could be the result of non-optimal XDC constraints or non-optimal design architecture
Related violations: <none>

TIMING-16#66 Warning
Large setup violation  
There is a large setup violation of -19.237 ns between vcsel_block_design_i/vcsel_demo_top_0/U0/curr_idx_reg[1]/C (clocked by clk_out1_vcsel_block_design_clk_wiz_0_0) and vcsel_block_design_i/vcsel_demo_top_0/U0/u_dyn/y0_reg[13]/D (clocked by clk_out1_vcsel_block_design_clk_wiz_0_0). Large setup violations at the end of those stages might be difficult to fix during the post-placement implementation flow and could be the result of non-optimal XDC constraints or non-optimal design architecture
Related violations: <none>

TIMING-16#67 Warning
Large setup violation  
There is a large setup violation of -19.247 ns between vcsel_block_design_i/vcsel_demo_top_0/U0/curr_idx_reg[1]/C (clocked by clk_out1_vcsel_block_design_clk_wiz_0_0) and vcsel_block_design_i/vcsel_demo_top_0/U0/u_dyn/y0[6]_i_1_psdsp_1/D (clocked by clk_out1_vcsel_block_design_clk_wiz_0_0). Large setup violations at the end of those stages might be difficult to fix during the post-placement implementation flow and could be the result of non-optimal XDC constraints or non-optimal design architecture
Related violations: <none>

TIMING-16#68 Warning
Large setup violation  
There is a large setup violation of -19.258 ns between vcsel_block_design_i/vcsel_demo_top_0/U0/curr_idx_reg[1]/C (clocked by clk_out1_vcsel_block_design_clk_wiz_0_0) and vcsel_block_design_i/vcsel_demo_top_0/U0/u_dyn/y0_reg[7]/D (clocked by clk_out1_vcsel_block_design_clk_wiz_0_0). Large setup violations at the end of those stages might be difficult to fix during the post-placement implementation flow and could be the result of non-optimal XDC constraints or non-optimal design architecture
Related violations: <none>

TIMING-16#69 Warning
Large setup violation  
There is a large setup violation of -19.262 ns between vcsel_block_design_i/vcsel_demo_top_0/U0/curr_idx_reg[1]/C (clocked by clk_out1_vcsel_block_design_clk_wiz_0_0) and vcsel_block_design_i/vcsel_demo_top_0/U0/u_dyn/y0_reg[6]/D (clocked by clk_out1_vcsel_block_design_clk_wiz_0_0). Large setup violations at the end of those stages might be difficult to fix during the post-placement implementation flow and could be the result of non-optimal XDC constraints or non-optimal design architecture
Related violations: <none>

TIMING-16#70 Warning
Large setup violation  
There is a large setup violation of -19.266 ns between vcsel_block_design_i/vcsel_demo_top_0/U0/curr_idx_reg[1]/C (clocked by clk_out1_vcsel_block_design_clk_wiz_0_0) and vcsel_block_design_i/vcsel_demo_top_0/U0/u_dyn/v4_i_11_psdsp_1/D (clocked by clk_out1_vcsel_block_design_clk_wiz_0_0). Large setup violations at the end of those stages might be difficult to fix during the post-placement implementation flow and could be the result of non-optimal XDC constraints or non-optimal design architecture
Related violations: <none>

TIMING-16#71 Warning
Large setup violation  
There is a large setup violation of -19.276 ns between vcsel_block_design_i/vcsel_demo_top_0/U0/curr_idx_reg[1]/C (clocked by clk_out1_vcsel_block_design_clk_wiz_0_0) and vcsel_block_design_i/vcsel_demo_top_0/U0/u_dyn/v4_i_11_psdsp/D (clocked by clk_out1_vcsel_block_design_clk_wiz_0_0). Large setup violations at the end of those stages might be difficult to fix during the post-placement implementation flow and could be the result of non-optimal XDC constraints or non-optimal design architecture
Related violations: <none>

TIMING-16#72 Warning
Large setup violation  
There is a large setup violation of -19.277 ns between vcsel_block_design_i/vcsel_demo_top_0/U0/curr_idx_reg[1]/C (clocked by clk_out1_vcsel_block_design_clk_wiz_0_0) and vcsel_block_design_i/vcsel_demo_top_0/U0/u_dyn/y0_reg[10]/D (clocked by clk_out1_vcsel_block_design_clk_wiz_0_0). Large setup violations at the end of those stages might be difficult to fix during the post-placement implementation flow and could be the result of non-optimal XDC constraints or non-optimal design architecture
Related violations: <none>

TIMING-16#73 Warning
Large setup violation  
There is a large setup violation of -2.412 ns between vcsel_block_design_i/vcsel_demo_top_0/U0/i_in_reg[6]/C (clocked by clk_out1_vcsel_block_design_clk_wiz_0_0) and vcsel_block_design_i/ila_0/U0/ila_core_inst/u_trig/U_TM/N_DDR_MODE.G_NMU[0].U_M/allx_typeA_match_detection.ltlib_v1_0_2_allx_typeA_inst/probeDelay1_reg[6]/D (clocked by sys_clk_pin). Large setup violations at the end of those stages might be difficult to fix during the post-placement implementation flow and could be the result of non-optimal XDC constraints or non-optimal design architecture
Related violations: <none>

TIMING-16#74 Warning
Large setup violation  
There is a large setup violation of -2.503 ns between vcsel_block_design_i/vcsel_demo_top_0/U0/i_in_reg[7]/C (clocked by clk_out1_vcsel_block_design_clk_wiz_0_0) and vcsel_block_design_i/ila_0/U0/ila_core_inst/u_trig/U_TM/N_DDR_MODE.G_NMU[0].U_M/allx_typeA_match_detection.ltlib_v1_0_2_allx_typeA_inst/probeDelay1_reg[7]/D (clocked by sys_clk_pin). Large setup violations at the end of those stages might be difficult to fix during the post-placement implementation flow and could be the result of non-optimal XDC constraints or non-optimal design architecture
Related violations: <none>

TIMING-16#75 Warning
Large setup violation  
There is a large setup violation of -4.841 ns between vcsel_block_design_i/vcsel_demo_top_0/U0/curr_idx_reg[1]/C (clocked by clk_out1_vcsel_block_design_clk_wiz_0_0) and vcsel_block_design_i/vcsel_demo_top_0/U0/u_dyn/v6/A[5] (clocked by clk_out1_vcsel_block_design_clk_wiz_0_0). Large setup violations at the end of those stages might be difficult to fix during the post-placement implementation flow and could be the result of non-optimal XDC constraints or non-optimal design architecture
Related violations: <none>

TIMING-16#76 Warning
Large setup violation  
There is a large setup violation of -4.842 ns between vcsel_block_design_i/vcsel_demo_top_0/U0/curr_idx_reg[1]/C (clocked by clk_out1_vcsel_block_design_clk_wiz_0_0) and vcsel_block_design_i/vcsel_demo_top_0/U0/u_dyn/v6/A[8] (clocked by clk_out1_vcsel_block_design_clk_wiz_0_0). Large setup violations at the end of those stages might be difficult to fix during the post-placement implementation flow and could be the result of non-optimal XDC constraints or non-optimal design architecture
Related violations: <none>

TIMING-16#77 Warning
Large setup violation  
There is a large setup violation of -4.861 ns between vcsel_block_design_i/vcsel_demo_top_0/U0/curr_idx_reg[1]/C (clocked by clk_out1_vcsel_block_design_clk_wiz_0_0) and vcsel_block_design_i/vcsel_demo_top_0/U0/u_dyn/v6/A[6] (clocked by clk_out1_vcsel_block_design_clk_wiz_0_0). Large setup violations at the end of those stages might be difficult to fix during the post-placement implementation flow and could be the result of non-optimal XDC constraints or non-optimal design architecture
Related violations: <none>

TIMING-16#78 Warning
Large setup violation  
There is a large setup violation of -4.864 ns between vcsel_block_design_i/vcsel_demo_top_0/U0/curr_idx_reg[1]/C (clocked by clk_out1_vcsel_block_design_clk_wiz_0_0) and vcsel_block_design_i/vcsel_demo_top_0/U0/u_dyn/v6/A[2] (clocked by clk_out1_vcsel_block_design_clk_wiz_0_0). Large setup violations at the end of those stages might be difficult to fix during the post-placement implementation flow and could be the result of non-optimal XDC constraints or non-optimal design architecture
Related violations: <none>

TIMING-16#79 Warning
Large setup violation  
There is a large setup violation of -4.865 ns between vcsel_block_design_i/vcsel_demo_top_0/U0/curr_idx_reg[1]/C (clocked by clk_out1_vcsel_block_design_clk_wiz_0_0) and vcsel_block_design_i/vcsel_demo_top_0/U0/u_dyn/v6/A[4] (clocked by clk_out1_vcsel_block_design_clk_wiz_0_0). Large setup violations at the end of those stages might be difficult to fix during the post-placement implementation flow and could be the result of non-optimal XDC constraints or non-optimal design architecture
Related violations: <none>

TIMING-16#80 Warning
Large setup violation  
There is a large setup violation of -4.868 ns between vcsel_block_design_i/vcsel_demo_top_0/U0/curr_idx_reg[1]/C (clocked by clk_out1_vcsel_block_design_clk_wiz_0_0) and vcsel_block_design_i/vcsel_demo_top_0/U0/u_dyn/v6/A[0] (clocked by clk_out1_vcsel_block_design_clk_wiz_0_0). Large setup violations at the end of those stages might be difficult to fix during the post-placement implementation flow and could be the result of non-optimal XDC constraints or non-optimal design architecture
Related violations: <none>

TIMING-16#81 Warning
Large setup violation  
There is a large setup violation of -4.873 ns between vcsel_block_design_i/vcsel_demo_top_0/U0/curr_idx_reg[1]/C (clocked by clk_out1_vcsel_block_design_clk_wiz_0_0) and vcsel_block_design_i/vcsel_demo_top_0/U0/u_dyn/v6/A[10] (clocked by clk_out1_vcsel_block_design_clk_wiz_0_0). Large setup violations at the end of those stages might be difficult to fix during the post-placement implementation flow and could be the result of non-optimal XDC constraints or non-optimal design architecture
Related violations: <none>

TIMING-16#82 Warning
Large setup violation  
There is a large setup violation of -4.878 ns between vcsel_block_design_i/vcsel_demo_top_0/U0/curr_idx_reg[1]/C (clocked by clk_out1_vcsel_block_design_clk_wiz_0_0) and vcsel_block_design_i/vcsel_demo_top_0/U0/u_dyn/v6/A[7] (clocked by clk_out1_vcsel_block_design_clk_wiz_0_0). Large setup violations at the end of those stages might be difficult to fix during the post-placement implementation flow and could be the result of non-optimal XDC constraints or non-optimal design architecture
Related violations: <none>

TIMING-16#83 Warning
Large setup violation  
There is a large setup violation of -4.885 ns between vcsel_block_design_i/vcsel_demo_top_0/U0/curr_idx_reg[1]/C (clocked by clk_out1_vcsel_block_design_clk_wiz_0_0) and vcsel_block_design_i/vcsel_demo_top_0/U0/u_dyn/v6/A[9] (clocked by clk_out1_vcsel_block_design_clk_wiz_0_0). Large setup violations at the end of those stages might be difficult to fix during the post-placement implementation flow and could be the result of non-optimal XDC constraints or non-optimal design architecture
Related violations: <none>

TIMING-16#84 Warning
Large setup violation  
There is a large setup violation of -4.887 ns between vcsel_block_design_i/vcsel_demo_top_0/U0/curr_idx_reg[1]/C (clocked by clk_out1_vcsel_block_design_clk_wiz_0_0) and vcsel_block_design_i/vcsel_demo_top_0/U0/u_dyn/v6/A[11] (clocked by clk_out1_vcsel_block_design_clk_wiz_0_0). Large setup violations at the end of those stages might be difficult to fix during the post-placement implementation flow and could be the result of non-optimal XDC constraints or non-optimal design architecture
Related violations: <none>

TIMING-16#85 Warning
Large setup violation  
There is a large setup violation of -4.910 ns between vcsel_block_design_i/vcsel_demo_top_0/U0/curr_idx_reg[1]/C (clocked by clk_out1_vcsel_block_design_clk_wiz_0_0) and vcsel_block_design_i/vcsel_demo_top_0/U0/u_dyn/v6/A[1] (clocked by clk_out1_vcsel_block_design_clk_wiz_0_0). Large setup violations at the end of those stages might be difficult to fix during the post-placement implementation flow and could be the result of non-optimal XDC constraints or non-optimal design architecture
Related violations: <none>

TIMING-16#86 Warning
Large setup violation  
There is a large setup violation of -4.913 ns between vcsel_block_design_i/vcsel_demo_top_0/U0/curr_idx_reg[1]/C (clocked by clk_out1_vcsel_block_design_clk_wiz_0_0) and vcsel_block_design_i/vcsel_demo_top_0/U0/u_dyn/v5/A[7] (clocked by clk_out1_vcsel_block_design_clk_wiz_0_0). Large setup violations at the end of those stages might be difficult to fix during the post-placement implementation flow and could be the result of non-optimal XDC constraints or non-optimal design architecture
Related violations: <none>

TIMING-16#87 Warning
Large setup violation  
There is a large setup violation of -4.914 ns between vcsel_block_design_i/vcsel_demo_top_0/U0/curr_idx_reg[1]/C (clocked by clk_out1_vcsel_block_design_clk_wiz_0_0) and vcsel_block_design_i/vcsel_demo_top_0/U0/u_dyn/v6/A[3] (clocked by clk_out1_vcsel_block_design_clk_wiz_0_0). Large setup violations at the end of those stages might be difficult to fix during the post-placement implementation flow and could be the result of non-optimal XDC constraints or non-optimal design architecture
Related violations: <none>

TIMING-16#88 Warning
Large setup violation  
There is a large setup violation of -5.035 ns between vcsel_block_design_i/vcsel_demo_top_0/U0/curr_idx_reg[1]/C (clocked by clk_out1_vcsel_block_design_clk_wiz_0_0) and vcsel_block_design_i/vcsel_demo_top_0/U0/u_dyn/v5/A[2] (clocked by clk_out1_vcsel_block_design_clk_wiz_0_0). Large setup violations at the end of those stages might be difficult to fix during the post-placement implementation flow and could be the result of non-optimal XDC constraints or non-optimal design architecture
Related violations: <none>

TIMING-16#89 Warning
Large setup violation  
There is a large setup violation of -5.039 ns between vcsel_block_design_i/vcsel_demo_top_0/U0/curr_idx_reg[1]/C (clocked by clk_out1_vcsel_block_design_clk_wiz_0_0) and vcsel_block_design_i/vcsel_demo_top_0/U0/u_dyn/v5/A[0] (clocked by clk_out1_vcsel_block_design_clk_wiz_0_0). Large setup violations at the end of those stages might be difficult to fix during the post-placement implementation flow and could be the result of non-optimal XDC constraints or non-optimal design architecture
Related violations: <none>

TIMING-16#90 Warning
Large setup violation  
There is a large setup violation of -5.044 ns between vcsel_block_design_i/vcsel_demo_top_0/U0/curr_idx_reg[1]/C (clocked by clk_out1_vcsel_block_design_clk_wiz_0_0) and vcsel_block_design_i/vcsel_demo_top_0/U0/u_dyn/v5/A[10] (clocked by clk_out1_vcsel_block_design_clk_wiz_0_0). Large setup violations at the end of those stages might be difficult to fix during the post-placement implementation flow and could be the result of non-optimal XDC constraints or non-optimal design architecture
Related violations: <none>

TIMING-16#91 Warning
Large setup violation  
There is a large setup violation of -5.053 ns between vcsel_block_design_i/vcsel_demo_top_0/U0/curr_idx_reg[1]/C (clocked by clk_out1_vcsel_block_design_clk_wiz_0_0) and vcsel_block_design_i/vcsel_demo_top_0/U0/u_dyn/v5/A[11] (clocked by clk_out1_vcsel_block_design_clk_wiz_0_0). Large setup violations at the end of those stages might be difficult to fix during the post-placement implementation flow and could be the result of non-optimal XDC constraints or non-optimal design architecture
Related violations: <none>

TIMING-16#92 Warning
Large setup violation  
There is a large setup violation of -5.059 ns between vcsel_block_design_i/vcsel_demo_top_0/U0/curr_idx_reg[1]/C (clocked by clk_out1_vcsel_block_design_clk_wiz_0_0) and vcsel_block_design_i/vcsel_demo_top_0/U0/u_dyn/v5/A[9] (clocked by clk_out1_vcsel_block_design_clk_wiz_0_0). Large setup violations at the end of those stages might be difficult to fix during the post-placement implementation flow and could be the result of non-optimal XDC constraints or non-optimal design architecture
Related violations: <none>

TIMING-16#93 Warning
Large setup violation  
There is a large setup violation of -5.062 ns between vcsel_block_design_i/vcsel_demo_top_0/U0/curr_idx_reg[1]/C (clocked by clk_out1_vcsel_block_design_clk_wiz_0_0) and vcsel_block_design_i/vcsel_demo_top_0/U0/u_dyn/v6/A[12] (clocked by clk_out1_vcsel_block_design_clk_wiz_0_0). Large setup violations at the end of those stages might be difficult to fix during the post-placement implementation flow and could be the result of non-optimal XDC constraints or non-optimal design architecture
Related violations: <none>

TIMING-16#94 Warning
Large setup violation  
There is a large setup violation of -5.071 ns between vcsel_block_design_i/vcsel_demo_top_0/U0/curr_idx_reg[1]/C (clocked by clk_out1_vcsel_block_design_clk_wiz_0_0) and vcsel_block_design_i/vcsel_demo_top_0/U0/u_dyn/v6/A[14] (clocked by clk_out1_vcsel_block_design_clk_wiz_0_0). Large setup violations at the end of those stages might be difficult to fix during the post-placement implementation flow and could be the result of non-optimal XDC constraints or non-optimal design architecture
Related violations: <none>

TIMING-16#95 Warning
Large setup violation  
There is a large setup violation of -5.076 ns between vcsel_block_design_i/vcsel_demo_top_0/U0/curr_idx_reg[1]/C (clocked by clk_out1_vcsel_block_design_clk_wiz_0_0) and vcsel_block_design_i/vcsel_demo_top_0/U0/u_dyn/v5/A[1] (clocked by clk_out1_vcsel_block_design_clk_wiz_0_0). Large setup violations at the end of those stages might be difficult to fix during the post-placement implementation flow and could be the result of non-optimal XDC constraints or non-optimal design architecture
Related violations: <none>

TIMING-16#96 Warning
Large setup violation  
There is a large setup violation of -5.080 ns between vcsel_block_design_i/vcsel_demo_top_0/U0/curr_idx_reg[1]/C (clocked by clk_out1_vcsel_block_design_clk_wiz_0_0) and vcsel_block_design_i/vcsel_demo_top_0/U0/u_dyn/v5/A[3] (clocked by clk_out1_vcsel_block_design_clk_wiz_0_0). Large setup violations at the end of those stages might be difficult to fix during the post-placement implementation flow and could be the result of non-optimal XDC constraints or non-optimal design architecture
Related violations: <none>

TIMING-16#97 Warning
Large setup violation  
There is a large setup violation of -5.086 ns between vcsel_block_design_i/vcsel_demo_top_0/U0/curr_idx_reg[1]/C (clocked by clk_out1_vcsel_block_design_clk_wiz_0_0) and vcsel_block_design_i/vcsel_demo_top_0/U0/u_dyn/v5/A[13] (clocked by clk_out1_vcsel_block_design_clk_wiz_0_0). Large setup violations at the end of those stages might be difficult to fix during the post-placement implementation flow and could be the result of non-optimal XDC constraints or non-optimal design architecture
Related violations: <none>

TIMING-16#98 Warning
Large setup violation  
There is a large setup violation of -5.105 ns between vcsel_block_design_i/vcsel_demo_top_0/U0/curr_idx_reg[1]/C (clocked by clk_out1_vcsel_block_design_clk_wiz_0_0) and vcsel_block_design_i/vcsel_demo_top_0/U0/u_dyn/v5/A[5] (clocked by clk_out1_vcsel_block_design_clk_wiz_0_0). Large setup violations at the end of those stages might be difficult to fix during the post-placement implementation flow and could be the result of non-optimal XDC constraints or non-optimal design architecture
Related violations: <none>

TIMING-16#99 Warning
Large setup violation  
There is a large setup violation of -5.130 ns between vcsel_block_design_i/vcsel_demo_top_0/U0/curr_idx_reg[1]/C (clocked by clk_out1_vcsel_block_design_clk_wiz_0_0) and vcsel_block_design_i/vcsel_demo_top_0/U0/u_dyn/v5/A[6] (clocked by clk_out1_vcsel_block_design_clk_wiz_0_0). Large setup violations at the end of those stages might be difficult to fix during the post-placement implementation flow and could be the result of non-optimal XDC constraints or non-optimal design architecture
Related violations: <none>

TIMING-16#100 Warning
Large setup violation  
There is a large setup violation of -5.134 ns between vcsel_block_design_i/vcsel_demo_top_0/U0/curr_idx_reg[1]/C (clocked by clk_out1_vcsel_block_design_clk_wiz_0_0) and vcsel_block_design_i/vcsel_demo_top_0/U0/u_dyn/v5/A[4] (clocked by clk_out1_vcsel_block_design_clk_wiz_0_0). Large setup violations at the end of those stages might be difficult to fix during the post-placement implementation flow and could be the result of non-optimal XDC constraints or non-optimal design architecture
Related violations: <none>

TIMING-16#101 Warning
Large setup violation  
There is a large setup violation of -5.160 ns between vcsel_block_design_i/vcsel_demo_top_0/U0/curr_idx_reg[1]/C (clocked by clk_out1_vcsel_block_design_clk_wiz_0_0) and vcsel_block_design_i/vcsel_demo_top_0/U0/u_dyn/v5/A[8] (clocked by clk_out1_vcsel_block_design_clk_wiz_0_0). Large setup violations at the end of those stages might be difficult to fix during the post-placement implementation flow and could be the result of non-optimal XDC constraints or non-optimal design architecture
Related violations: <none>

TIMING-16#102 Warning
Large setup violation  
There is a large setup violation of -5.180 ns between vcsel_block_design_i/vcsel_demo_top_0/U0/curr_idx_reg[1]/C (clocked by clk_out1_vcsel_block_design_clk_wiz_0_0) and vcsel_block_design_i/vcsel_demo_top_0/U0/u_dyn/v6/A[13] (clocked by clk_out1_vcsel_block_design_clk_wiz_0_0). Large setup violations at the end of those stages might be difficult to fix during the post-placement implementation flow and could be the result of non-optimal XDC constraints or non-optimal design architecture
Related violations: <none>

TIMING-16#103 Warning
Large setup violation  
There is a large setup violation of -5.192 ns between vcsel_block_design_i/vcsel_demo_top_0/U0/curr_idx_reg[1]/C (clocked by clk_out1_vcsel_block_design_clk_wiz_0_0) and vcsel_block_design_i/vcsel_demo_top_0/U0/u_dyn/v5/A[12] (clocked by clk_out1_vcsel_block_design_clk_wiz_0_0). Large setup violations at the end of those stages might be difficult to fix during the post-placement implementation flow and could be the result of non-optimal XDC constraints or non-optimal design architecture
Related violations: <none>

TIMING-16#104 Warning
Large setup violation  
There is a large setup violation of -5.582 ns between vcsel_block_design_i/vcsel_demo_top_0/U0/curr_idx_reg[1]/C (clocked by clk_out1_vcsel_block_design_clk_wiz_0_0) and vcsel_block_design_i/vcsel_demo_top_0/U0/u_dyn/v5/A[14] (clocked by clk_out1_vcsel_block_design_clk_wiz_0_0). Large setup violations at the end of those stages might be difficult to fix during the post-placement implementation flow and could be the result of non-optimal XDC constraints or non-optimal design architecture
Related violations: <none>

TIMING-18#1 Warning
Missing input or output delay  
An input delay is missing on btn[0] relative to the rising and/or falling clock edge(s) of vcsel_block_design_i/clk_wiz_0/inst/clk_in1.
Related violations: <none>

TIMING-18#2 Warning
Missing input or output delay  
An input delay is missing on btn[1] relative to the rising and/or falling clock edge(s) of vcsel_block_design_i/clk_wiz_0/inst/clk_in1.
Related violations: <none>

TIMING-18#3 Warning
Missing input or output delay  
An output delay is missing on ja[0] relative to the rising and/or falling clock edge(s) of vcsel_block_design_i/clk_wiz_0/inst/clk_in1.
Related violations: <none>

TIMING-18#4 Warning
Missing input or output delay  
An output delay is missing on ja[1] relative to the rising and/or falling clock edge(s) of vcsel_block_design_i/clk_wiz_0/inst/clk_in1.
Related violations: <none>

TIMING-18#5 Warning
Missing input or output delay  
An output delay is missing on ja[2] relative to the rising and/or falling clock edge(s) of vcsel_block_design_i/clk_wiz_0/inst/clk_in1.
Related violations: <none>

TIMING-18#6 Warning
Missing input or output delay  
An output delay is missing on ja[3] relative to the rising and/or falling clock edge(s) of vcsel_block_design_i/clk_wiz_0/inst/clk_in1.
Related violations: <none>

TIMING-18#7 Warning
Missing input or output delay  
An output delay is missing on ja[4] relative to the rising and/or falling clock edge(s) of vcsel_block_design_i/clk_wiz_0/inst/clk_in1.
Related violations: <none>

TIMING-18#8 Warning
Missing input or output delay  
An output delay is missing on ja[5] relative to the rising and/or falling clock edge(s) of vcsel_block_design_i/clk_wiz_0/inst/clk_in1.
Related violations: <none>

TIMING-18#9 Warning
Missing input or output delay  
An output delay is missing on ja[6] relative to the rising and/or falling clock edge(s) of vcsel_block_design_i/clk_wiz_0/inst/clk_in1.
Related violations: <none>

TIMING-18#10 Warning
Missing input or output delay  
An output delay is missing on ja[7] relative to the rising and/or falling clock edge(s) of vcsel_block_design_i/clk_wiz_0/inst/clk_in1.
Related violations: <none>

TIMING-18#11 Warning
Missing input or output delay  
An output delay is missing on jb[0] relative to the rising and/or falling clock edge(s) of vcsel_block_design_i/clk_wiz_0/inst/clk_in1.
Related violations: <none>

TIMING-18#12 Warning
Missing input or output delay  
An output delay is missing on jb[1] relative to the rising and/or falling clock edge(s) of vcsel_block_design_i/clk_wiz_0/inst/clk_in1.
Related violations: <none>

TIMING-18#13 Warning
Missing input or output delay  
An output delay is missing on jb[2] relative to the rising and/or falling clock edge(s) of vcsel_block_design_i/clk_wiz_0/inst/clk_in1.
Related violations: <none>

TIMING-18#14 Warning
Missing input or output delay  
An output delay is missing on jb[3] relative to the rising and/or falling clock edge(s) of vcsel_block_design_i/clk_wiz_0/inst/clk_in1.
Related violations: <none>

TIMING-18#15 Warning
Missing input or output delay  
An output delay is missing on jb[4] relative to the rising and/or falling clock edge(s) of vcsel_block_design_i/clk_wiz_0/inst/clk_in1.
Related violations: <none>

TIMING-18#16 Warning
Missing input or output delay  
An output delay is missing on jb[5] relative to the rising and/or falling clock edge(s) of vcsel_block_design_i/clk_wiz_0/inst/clk_in1.
Related violations: <none>

TIMING-18#17 Warning
Missing input or output delay  
An output delay is missing on jb[6] relative to the rising and/or falling clock edge(s) of vcsel_block_design_i/clk_wiz_0/inst/clk_in1.
Related violations: <none>

TIMING-18#18 Warning
Missing input or output delay  
An output delay is missing on jb[7] relative to the rising and/or falling clock edge(s) of vcsel_block_design_i/clk_wiz_0/inst/clk_in1.
Related violations: <none>

TIMING-18#19 Warning
Missing input or output delay  
An output delay is missing on led0_b relative to the rising and/or falling clock edge(s) of vcsel_block_design_i/clk_wiz_0/inst/clk_in1.
Related violations: <none>

TIMING-18#20 Warning
Missing input or output delay  
An output delay is missing on led0_r relative to the rising and/or falling clock edge(s) of vcsel_block_design_i/clk_wiz_0/inst/clk_in1.
Related violations: <none>

TIMING-18#21 Warning
Missing input or output delay  
An output delay is missing on led1_b relative to the rising and/or falling clock edge(s) of vcsel_block_design_i/clk_wiz_0/inst/clk_in1.
Related violations: <none>

TIMING-18#22 Warning
Missing input or output delay  
An output delay is missing on led1_g relative to the rising and/or falling clock edge(s) of vcsel_block_design_i/clk_wiz_0/inst/clk_in1.
Related violations: <none>

TIMING-18#23 Warning
Missing input or output delay  
An output delay is missing on led1_r relative to the rising and/or falling clock edge(s) of vcsel_block_design_i/clk_wiz_0/inst/clk_in1.
Related violations: <none>

XDCB-5#1 Warning
Runtime inefficient way to find pin objects  
The option '-from : [get_pins -hierarchical -filter {NAME =~ *ila_core_inst/u_trig/N_DDR_TC.N_DDR_TC_INST[*].U_TC/allx_typeA_match_detection.ltlib_v1_0_2_allx_typeA_inst/DUT/u_srl_drive/CLK}]' of constraint 'set_false_path' uses inefficient query to find pin objects (see constraint position '44' in the Timing Constraint window in Vivado IDE). To reduce runtime, it is recommended to get the pins through the cell objects. Please refer to Using Constraints Guide (Constraints Efficiency). An example of optimal query is: get_pins -filter {REF_PIN_NAME=~yy*} -of_objects [get_cells -hierarchical xx*].
Current XDC: c:/Users/arikb/Desktop/VCSEL_implementation/VCSEL_implementation.gen/sources_1/bd/vcsel_block_design/ip/vcsel_block_design_ila_0_0/ila_v6_2/constraints/ila.xdc (Line: 72)
Related violations: <none>

XDCB-5#2 Warning
Runtime inefficient way to find pin objects  
The option '-to : [get_pins -hierarchical -filter {NAME =~ *ila_core_inst/u_trig/N_DDR_TC.N_DDR_TC_INST[*].U_TC/yes_output_reg.dout_reg_reg/D}]' of constraint 'set_false_path' uses inefficient query to find pin objects (see constraint position '44' in the Timing Constraint window in Vivado IDE). To reduce runtime, it is recommended to get the pins through the cell objects. Please refer to Using Constraints Guide (Constraints Efficiency). An example of optimal query is: get_pins -filter {REF_PIN_NAME=~yy*} -of_objects [get_cells -hierarchical xx*].
Current XDC: c:/Users/arikb/Desktop/VCSEL_implementation/VCSEL_implementation.gen/sources_1/bd/vcsel_block_design/ip/vcsel_block_design_ila_0_0/ila_v6_2/constraints/ila.xdc (Line: 72)
Related violations: <none>


