
*** Running vivado
    with args -log design_2_bit_to_dac14_axi_0_0.vds -m64 -product Vivado -mode batch -messageDb vivado.pb -notrace -source design_2_bit_to_dac14_axi_0_0.tcl



****** Vivado v2024.2 (64-bit)
  **** SW Build 5239630 on Fri Nov 08 22:35:27 MST 2024
  **** IP Build 5239520 on Sun Nov 10 16:12:51 MST 2024
  **** SharedData Build 5239561 on Fri Nov 08 14:39:27 MST 2024
  **** Start of session at: Wed May 13 15:30:07 2026
    ** Copyright 1986-2022 Xilinx, Inc. All Rights Reserved.
    ** Copyright 2022-2024 Advanced Micro Devices, Inc. All Rights Reserved.

source design_2_bit_to_dac14_axi_0_0.tcl -notrace
INFO: [IP_Flow 19-234] Refreshing IP repositories
INFO: [IP_Flow 19-1700] Loaded user IP repository 'z:/DAT096/vivado-library-master/vivado-library-master'.
INFO: [IP_Flow 19-2313] Loaded Vivado IP repository 'C:/Progs/Xilinx/Vivado/2024.2/data/ip'.
update_ip_catalog: Time (s): cpu = 00:00:01 ; elapsed = 00:00:08 . Memory (MB): peak = 367.836 ; gain = 2.984
WARNING: [IP_Flow 19-4995] The host OS only allows 260 characters in a normal path. The IP cache path is more than 80 characters. If you experience issues with IP caching, please consider changing the IP cache to a location with a shorter path. Alternately consider using the OS subst command to map part of the path to a drive letter. 
Current IP cache path is c:/Users/qianzha/Desktop/Embedded-System-Project-DAT096/Board_1/Board_1/Board_2.cache/ip 
Command: synth_design -top design_2_bit_to_dac14_axi_0_0 -part xc7z020clg484-1 -incremental_mode off -mode out_of_context
Starting synth_design
Attempting to get a license for feature 'Synthesis' and/or device 'xc7z020'
INFO: [Common 17-349] Got license for feature 'Synthesis' and/or device 'xc7z020'
INFO: [Device 21-403] Loading part xc7z020clg484-1
INFO: [Synth 8-7079] Multithreading enabled for synth_design using a maximum of 2 processes.
INFO: [Synth 8-7078] Launching helper process for spawning children vivado processes
INFO: [Synth 8-7075] Helper process launched with PID 21972
---------------------------------------------------------------------------------
Starting RTL Elaboration : Time (s): cpu = 00:00:03 ; elapsed = 00:00:03 . Memory (MB): peak = 1092.262 ; gain = 466.801
---------------------------------------------------------------------------------
INFO: [Synth 8-638] synthesizing module 'design_2_bit_to_dac14_axi_0_0' [c:/Users/qianzha/Desktop/Embedded-System-Project-DAT096/Board_1/Board_1/Board_2.gen/sources_1/bd/design_2/ip/design_2_bit_to_dac14_axi_0_0/synth/design_2_bit_to_dac14_axi_0_0.vhd:67]
	Parameter DAC_WIDTH bound to: 14 - type: integer 
	Parameter MID_CODE bound to: 8192 - type: integer 
	Parameter AMP_CODE bound to: 5000 - type: integer 
INFO: [Synth 8-3491] module 'bit_to_dac14_axi' declared at 'C:/Users/qianzha/Desktop/Embedded-System-Project-DAT096/Board_1/Board_1/Board_2.srcs/sources_1/new/bit to dac converter.vhd:5' bound to instance 'U0' of component 'bit_to_dac14_axi' [c:/Users/qianzha/Desktop/Embedded-System-Project-DAT096/Board_1/Board_1/Board_2.gen/sources_1/bd/design_2/ip/design_2_bit_to_dac14_axi_0_0/synth/design_2_bit_to_dac14_axi_0_0.vhd:108]
INFO: [Synth 8-638] synthesizing module 'bit_to_dac14_axi' [C:/Users/qianzha/Desktop/Embedded-System-Project-DAT096/Board_1/Board_1/Board_2.srcs/sources_1/new/bit to dac converter.vhd:25]
INFO: [Synth 8-256] done synthesizing module 'bit_to_dac14_axi' (0#1) [C:/Users/qianzha/Desktop/Embedded-System-Project-DAT096/Board_1/Board_1/Board_2.srcs/sources_1/new/bit to dac converter.vhd:25]
INFO: [Synth 8-256] done synthesizing module 'design_2_bit_to_dac14_axi_0_0' (0#1) [c:/Users/qianzha/Desktop/Embedded-System-Project-DAT096/Board_1/Board_1/Board_2.gen/sources_1/bd/design_2/ip/design_2_bit_to_dac14_axi_0_0/synth/design_2_bit_to_dac14_axi_0_0.vhd:67]
---------------------------------------------------------------------------------
Finished RTL Elaboration : Time (s): cpu = 00:00:04 ; elapsed = 00:00:04 . Memory (MB): peak = 1200.535 ; gain = 575.074
---------------------------------------------------------------------------------
---------------------------------------------------------------------------------
Start Handling Custom Attributes
---------------------------------------------------------------------------------
---------------------------------------------------------------------------------
Finished Handling Custom Attributes : Time (s): cpu = 00:00:04 ; elapsed = 00:00:04 . Memory (MB): peak = 1200.535 ; gain = 575.074
---------------------------------------------------------------------------------
---------------------------------------------------------------------------------
Finished RTL Optimization Phase 1 : Time (s): cpu = 00:00:04 ; elapsed = 00:00:04 . Memory (MB): peak = 1200.535 ; gain = 575.074
---------------------------------------------------------------------------------
Netlist sorting complete. Time (s): cpu = 00:00:00 ; elapsed = 00:00:00.001 . Memory (MB): peak = 1200.535 ; gain = 0.000
INFO: [Project 1-570] Preparing netlist for logic optimization

Processing XDC Constraints
Initializing timing engine
Completed Processing XDC Constraints

Netlist sorting complete. Time (s): cpu = 00:00:00 ; elapsed = 00:00:00 . Memory (MB): peak = 1251.434 ; gain = 0.000
INFO: [Project 1-111] Unisim Transformation Summary:
No Unisim elements were transformed.

Constraint Validation Runtime : Time (s): cpu = 00:00:00 ; elapsed = 00:00:00.010 . Memory (MB): peak = 1251.965 ; gain = 0.531
INFO: [Designutils 20-5008] Incremental synthesis strategy off
---------------------------------------------------------------------------------
Finished Constraint Validation : Time (s): cpu = 00:00:08 ; elapsed = 00:00:08 . Memory (MB): peak = 1251.965 ; gain = 626.504
---------------------------------------------------------------------------------
---------------------------------------------------------------------------------
Start Loading Part and Timing Information
---------------------------------------------------------------------------------
Loading part: xc7z020clg484-1
---------------------------------------------------------------------------------
Finished Loading Part and Timing Information : Time (s): cpu = 00:00:08 ; elapsed = 00:00:08 . Memory (MB): peak = 1251.965 ; gain = 626.504
---------------------------------------------------------------------------------
---------------------------------------------------------------------------------
Start Applying 'set_property' XDC Constraints
---------------------------------------------------------------------------------
---------------------------------------------------------------------------------
Finished applying 'set_property' XDC Constraints : Time (s): cpu = 00:00:08 ; elapsed = 00:00:08 . Memory (MB): peak = 1251.965 ; gain = 626.504
---------------------------------------------------------------------------------
---------------------------------------------------------------------------------
Finished RTL Optimization Phase 2 : Time (s): cpu = 00:00:08 ; elapsed = 00:00:09 . Memory (MB): peak = 1251.965 ; gain = 626.504
---------------------------------------------------------------------------------
---------------------------------------------------------------------------------
Start RTL Component Statistics 
---------------------------------------------------------------------------------
Detailed RTL Component Info : 
+---Registers : 
	               14 Bit    Registers := 1     
+---Muxes : 
	   2 Input   14 Bit        Muxes := 2     
	   2 Input    1 Bit        Muxes := 1     
---------------------------------------------------------------------------------
Finished RTL Component Statistics 
---------------------------------------------------------------------------------
---------------------------------------------------------------------------------
Start Part Resource Summary
---------------------------------------------------------------------------------
Part Resources:
DSPs: 220 (col length:60)
BRAMs: 280 (col length: RAMB18 60 RAMB36 30)
---------------------------------------------------------------------------------
Finished Part Resource Summary
---------------------------------------------------------------------------------
---------------------------------------------------------------------------------
Start Cross Boundary and Area Optimization
---------------------------------------------------------------------------------
WARNING: [Synth 8-7080] Parallel synthesis criteria is not met
INFO: [Synth 8-3917] design design_2_bit_to_dac14_axi_0_0 has port m_axis_tdata[31] driven by constant 0
INFO: [Synth 8-3917] design design_2_bit_to_dac14_axi_0_0 has port m_axis_tdata[30] driven by constant 0
INFO: [Synth 8-3917] design design_2_bit_to_dac14_axi_0_0 has port m_axis_tdata[29] driven by constant 0
INFO: [Synth 8-3917] design design_2_bit_to_dac14_axi_0_0 has port m_axis_tdata[28] driven by constant 0
INFO: [Synth 8-3917] design design_2_bit_to_dac14_axi_0_0 has port m_axis_tdata[27] driven by constant 0
INFO: [Synth 8-3917] design design_2_bit_to_dac14_axi_0_0 has port m_axis_tdata[26] driven by constant 0
INFO: [Synth 8-3917] design design_2_bit_to_dac14_axi_0_0 has port m_axis_tdata[25] driven by constant 0
INFO: [Synth 8-3917] design design_2_bit_to_dac14_axi_0_0 has port m_axis_tdata[24] driven by constant 0
INFO: [Synth 8-3917] design design_2_bit_to_dac14_axi_0_0 has port m_axis_tdata[23] driven by constant 0
INFO: [Synth 8-3917] design design_2_bit_to_dac14_axi_0_0 has port m_axis_tdata[22] driven by constant 0
INFO: [Synth 8-3917] design design_2_bit_to_dac14_axi_0_0 has port m_axis_tdata[21] driven by constant 0
INFO: [Synth 8-3917] design design_2_bit_to_dac14_axi_0_0 has port m_axis_tdata[20] driven by constant 0
INFO: [Synth 8-3917] design design_2_bit_to_dac14_axi_0_0 has port m_axis_tdata[19] driven by constant 0
INFO: [Synth 8-3917] design design_2_bit_to_dac14_axi_0_0 has port m_axis_tdata[18] driven by constant 0
INFO: [Synth 8-3917] design design_2_bit_to_dac14_axi_0_0 has port m_axis_tdata[17] driven by constant 0
INFO: [Synth 8-3917] design design_2_bit_to_dac14_axi_0_0 has port m_axis_tdata[16] driven by constant 0
INFO: [Synth 8-3917] design design_2_bit_to_dac14_axi_0_0 has port m_axis_tdata[15] driven by constant 0
INFO: [Synth 8-3917] design design_2_bit_to_dac14_axi_0_0 has port m_axis_tdata[0] driven by constant 0
INFO: [Synth 8-3917] design design_2_bit_to_dac14_axi_0_0 has port m_axis_tvalid driven by constant 1
---------------------------------------------------------------------------------
Finished Cross Boundary and Area Optimization : Time (s): cpu = 00:00:09 ; elapsed = 00:00:09 . Memory (MB): peak = 1251.965 ; gain = 626.504
---------------------------------------------------------------------------------
---------------------------------------------------------------------------------
Start Applying XDC Timing Constraints
---------------------------------------------------------------------------------
---------------------------------------------------------------------------------
Finished Applying XDC Timing Constraints : Time (s): cpu = 00:00:13 ; elapsed = 00:00:13 . Memory (MB): peak = 1390.555 ; gain = 765.094
---------------------------------------------------------------------------------
---------------------------------------------------------------------------------
Start Timing Optimization
---------------------------------------------------------------------------------
---------------------------------------------------------------------------------
Finished Timing Optimization : Time (s): cpu = 00:00:13 ; elapsed = 00:00:13 . Memory (MB): peak = 1390.555 ; gain = 765.094
---------------------------------------------------------------------------------
---------------------------------------------------------------------------------
Start Technology Mapping
---------------------------------------------------------------------------------
---------------------------------------------------------------------------------
Finished Technology Mapping : Time (s): cpu = 00:00:13 ; elapsed = 00:00:13 . Memory (MB): peak = 1409.633 ; gain = 784.172
---------------------------------------------------------------------------------
---------------------------------------------------------------------------------
Start IO Insertion
---------------------------------------------------------------------------------
---------------------------------------------------------------------------------
Start Flattening Before IO Insertion
---------------------------------------------------------------------------------
---------------------------------------------------------------------------------
Finished Flattening Before IO Insertion
---------------------------------------------------------------------------------
---------------------------------------------------------------------------------
Start Final Netlist Cleanup
---------------------------------------------------------------------------------
---------------------------------------------------------------------------------
Finished Final Netlist Cleanup
---------------------------------------------------------------------------------
---------------------------------------------------------------------------------
Finished IO Insertion : Time (s): cpu = 00:00:14 ; elapsed = 00:00:15 . Memory (MB): peak = 1616.965 ; gain = 991.504
---------------------------------------------------------------------------------
---------------------------------------------------------------------------------
Start Renaming Generated Instances
---------------------------------------------------------------------------------
---------------------------------------------------------------------------------
Finished Renaming Generated Instances : Time (s): cpu = 00:00:14 ; elapsed = 00:00:15 . Memory (MB): peak = 1616.965 ; gain = 991.504
---------------------------------------------------------------------------------
---------------------------------------------------------------------------------
Start Rebuilding User Hierarchy
---------------------------------------------------------------------------------
---------------------------------------------------------------------------------
Finished Rebuilding User Hierarchy : Time (s): cpu = 00:00:14 ; elapsed = 00:00:15 . Memory (MB): peak = 1616.965 ; gain = 991.504
---------------------------------------------------------------------------------
---------------------------------------------------------------------------------
Start Renaming Generated Ports
---------------------------------------------------------------------------------
---------------------------------------------------------------------------------
Finished Renaming Generated Ports : Time (s): cpu = 00:00:14 ; elapsed = 00:00:15 . Memory (MB): peak = 1616.965 ; gain = 991.504
---------------------------------------------------------------------------------
---------------------------------------------------------------------------------
Start Handling Custom Attributes
---------------------------------------------------------------------------------
---------------------------------------------------------------------------------
Finished Handling Custom Attributes : Time (s): cpu = 00:00:14 ; elapsed = 00:00:15 . Memory (MB): peak = 1616.965 ; gain = 991.504
---------------------------------------------------------------------------------
---------------------------------------------------------------------------------
Start Renaming Generated Nets
---------------------------------------------------------------------------------
---------------------------------------------------------------------------------
Finished Renaming Generated Nets : Time (s): cpu = 00:00:14 ; elapsed = 00:00:15 . Memory (MB): peak = 1616.965 ; gain = 991.504
---------------------------------------------------------------------------------
---------------------------------------------------------------------------------
Start Writing Synthesis Report
---------------------------------------------------------------------------------

Report BlackBoxes: 
+-+--------------+----------+
| |BlackBox name |Instances |
+-+--------------+----------+
+-+--------------+----------+

Report Cell Usage: 
+------+-----+------+
|      |Cell |Count |
+------+-----+------+
|1     |LUT2 |     4|
|2     |FDRE |     4|
+------+-----+------+
---------------------------------------------------------------------------------
Finished Writing Synthesis Report : Time (s): cpu = 00:00:14 ; elapsed = 00:00:15 . Memory (MB): peak = 1616.965 ; gain = 991.504
---------------------------------------------------------------------------------
Synthesis finished with 0 errors, 0 critical warnings and 1 warnings.
Synthesis Optimization Runtime : Time (s): cpu = 00:00:10 ; elapsed = 00:00:14 . Memory (MB): peak = 1616.965 ; gain = 940.074
Synthesis Optimization Complete : Time (s): cpu = 00:00:15 ; elapsed = 00:00:15 . Memory (MB): peak = 1616.965 ; gain = 991.504
INFO: [Project 1-571] Translating synthesized netlist
Netlist sorting complete. Time (s): cpu = 00:00:00 ; elapsed = 00:00:00 . Memory (MB): peak = 1626.086 ; gain = 0.000
INFO: [Project 1-570] Preparing netlist for logic optimization
INFO: [Opt 31-138] Pushed 0 inverter(s) to 0 load pin(s).
Netlist sorting complete. Time (s): cpu = 00:00:00 ; elapsed = 00:00:00 . Memory (MB): peak = 1629.770 ; gain = 0.000
INFO: [Project 1-111] Unisim Transformation Summary:
No Unisim elements were transformed.

Synth Design complete | Checksum: 8da48d35
INFO: [Common 17-83] Releasing license: Synthesis
40 Infos, 2 Warnings, 0 Critical Warnings and 0 Errors encountered.
synth_design completed successfully
synth_design: Time (s): cpu = 00:00:17 ; elapsed = 00:00:20 . Memory (MB): peak = 1629.770 ; gain = 1232.742
Write ShapeDB Complete: Time (s): cpu = 00:00:00 ; elapsed = 00:00:00.001 . Memory (MB): peak = 1629.770 ; gain = 0.000
INFO: [Common 17-1381] The checkpoint 'C:/Users/qianzha/Desktop/Embedded-System-Project-DAT096/Board_1/Board_1/Board_2.runs/design_2_bit_to_dac14_axi_0_0_synth_1/design_2_bit_to_dac14_axi_0_0.dcp' has been generated.
INFO: [Vivado 12-24828] Executing command : report_utilization -file design_2_bit_to_dac14_axi_0_0_utilization_synth.rpt -pb design_2_bit_to_dac14_axi_0_0_utilization_synth.pb
INFO: [Common 17-206] Exiting Vivado at Wed May 13 15:30:39 2026...
