
*** Running vivado
    with args -log design_1_wrapper.vdi -applog -m64 -product Vivado -messageDb vivado.pb -mode batch -source design_1_wrapper.tcl -notrace



****** Vivado v2024.2 (64-bit)
  **** SW Build 5239630 on Fri Nov 08 22:35:27 MST 2024
  **** IP Build 5239520 on Sun Nov 10 16:12:51 MST 2024
  **** SharedData Build 5239561 on Fri Nov 08 14:39:27 MST 2024
  **** Start of session at: Fri Apr 10 14:09:07 2026
    ** Copyright 1986-2022 Xilinx, Inc. All Rights Reserved.
    ** Copyright 2022-2024 Advanced Micro Devices, Inc. All Rights Reserved.

source design_1_wrapper.tcl -notrace
INFO: [IP_Flow 19-234] Refreshing IP repositories
WARNING: [IP_Flow 19-2248] Failed to load user IP repository 'z:/DAT096/vivado-library-zmod-v2-2019.1-2/vivado-library-zmod-v2-2019.1-2'; Can't find the specified path.
If this directory should no longer be in your list of user repositories, go to the IP Settings dialog and remove it.
INFO: [IP_Flow 19-1700] Loaded user IP repository 'z:/eda234/vivado-library-master'.
INFO: [IP_Flow 19-2313] Loaded Vivado IP repository 'C:/Progs/Xilinx/Vivado/2024.2/data/ip'.
update_ip_catalog: Time (s): cpu = 00:00:01 ; elapsed = 00:00:09 . Memory (MB): peak = 369.262 ; gain = 2.945
WARNING: [IP_Flow 19-4995] The host OS only allows 260 characters in a normal path. The IP cache path is more than 80 characters. If you experience issues with IP caching, please consider changing the IP cache to a location with a shorter path. Alternately consider using the OS subst command to map part of the path to a drive letter. 
Current IP cache path is C:/Users/devandla/Desktop/Embedded-System-Project-DAT096/Board_1/project_2/project_2.cache/ip 
Command: link_design -top design_1_wrapper -part xc7z020clg484-1
Design is defaulting to srcset: sources_1
Design is defaulting to constrset: constrs_1
INFO: [Device 21-403] Loading part xc7z020clg484-1
INFO: [Project 1-454] Reading design checkpoint 'c:/Users/devandla/Desktop/Embedded-System-Project-DAT096/Board_1/project_2/project_2.srcs/sources_1/bd/design_1/ip/design_1_ZmodAWGController_0_0/design_1_ZmodAWGController_0_0.dcp' for cell 'design_1_i/ZmodAWGController_0'
INFO: [Project 1-454] Reading design checkpoint 'c:/Users/devandla/Desktop/Embedded-System-Project-DAT096/Board_1/project_2/project_2.gen/sources_1/bd/design_1/ip/design_1_ZmodScopeController_0_0/design_1_ZmodScopeController_0_0.dcp' for cell 'design_1_i/ZmodScopeController_0'
INFO: [Project 1-454] Reading design checkpoint 'c:/Users/devandla/Desktop/Embedded-System-Project-DAT096/Board_1/project_2/project_2.gen/sources_1/bd/design_1/ip/design_1_adc_bit_decoder_0_0/design_1_adc_bit_decoder_0_0.dcp' for cell 'design_1_i/adc_bit_decoder_0'
INFO: [Project 1-454] Reading design checkpoint 'c:/Users/devandla/Desktop/Embedded-System-Project-DAT096/Board_1/project_2/project_2.gen/sources_1/bd/design_1/ip/design_1_clk_wiz_0_0/design_1_clk_wiz_0_0.dcp' for cell 'design_1_i/clk_wiz_0'
INFO: [Project 1-454] Reading design checkpoint 'c:/Users/devandla/Desktop/Embedded-System-Project-DAT096/Board_1/project_2/project_2.gen/sources_1/bd/design_1/ip/design_1_ila_0_0/design_1_ila_0_0.dcp' for cell 'design_1_i/ila_0'
INFO: [Project 1-454] Reading design checkpoint 'c:/Users/devandla/Desktop/Embedded-System-Project-DAT096/Board_1/project_2/project_2.gen/sources_1/bd/design_1/ip/design_1_prbs_axis_master_32_0_0/design_1_prbs_axis_master_32_0_0.dcp' for cell 'design_1_i/prbs_axis_master_32_0'
Netlist sorting complete. Time (s): cpu = 00:00:00 ; elapsed = 00:00:00.019 . Memory (MB): peak = 679.504 ; gain = 0.000
INFO: [Netlist 29-17] Analyzing 109 Unisim elements for replacement
INFO: [Netlist 29-28] Unisim Transformation completed in 0 CPU seconds
INFO: [Project 1-479] Netlist was created with Vivado 2024.2
INFO: [Project 1-570] Preparing netlist for logic optimization
INFO: [Chipscope 16-324] Core: design_1_i/ila_0 UUID: be177176-557e-59fe-ace2-fe04795a2b22 
Parsing XDC File [c:/Users/devandla/Desktop/Embedded-System-Project-DAT096/Board_1/project_2/project_2.gen/sources_1/bd/design_1/ip/design_1_clk_wiz_0_0/design_1_clk_wiz_0_0_board.xdc] for cell 'design_1_i/clk_wiz_0/inst'
Finished Parsing XDC File [c:/Users/devandla/Desktop/Embedded-System-Project-DAT096/Board_1/project_2/project_2.gen/sources_1/bd/design_1/ip/design_1_clk_wiz_0_0/design_1_clk_wiz_0_0_board.xdc] for cell 'design_1_i/clk_wiz_0/inst'
Parsing XDC File [c:/Users/devandla/Desktop/Embedded-System-Project-DAT096/Board_1/project_2/project_2.gen/sources_1/bd/design_1/ip/design_1_clk_wiz_0_0/design_1_clk_wiz_0_0.xdc] for cell 'design_1_i/clk_wiz_0/inst'
INFO: [Timing 38-35] Done setting XDC timing constraints. [c:/Users/devandla/Desktop/Embedded-System-Project-DAT096/Board_1/project_2/project_2.gen/sources_1/bd/design_1/ip/design_1_clk_wiz_0_0/design_1_clk_wiz_0_0.xdc:54]
INFO: [Timing 38-2] Deriving generated clocks [c:/Users/devandla/Desktop/Embedded-System-Project-DAT096/Board_1/project_2/project_2.gen/sources_1/bd/design_1/ip/design_1_clk_wiz_0_0/design_1_clk_wiz_0_0.xdc:54]
Finished Parsing XDC File [c:/Users/devandla/Desktop/Embedded-System-Project-DAT096/Board_1/project_2/project_2.gen/sources_1/bd/design_1/ip/design_1_clk_wiz_0_0/design_1_clk_wiz_0_0.xdc] for cell 'design_1_i/clk_wiz_0/inst'
Parsing XDC File [c:/Users/devandla/Desktop/Embedded-System-Project-DAT096/Board_1/project_2/project_2.srcs/sources_1/bd/design_1/ip/design_1_ZmodAWGController_0_0/constr/ConstrZmodDAC1411_ooc.xdc] for cell 'design_1_i/ZmodAWGController_0/U0'
Finished Parsing XDC File [c:/Users/devandla/Desktop/Embedded-System-Project-DAT096/Board_1/project_2/project_2.srcs/sources_1/bd/design_1/ip/design_1_ZmodAWGController_0_0/constr/ConstrZmodDAC1411_ooc.xdc] for cell 'design_1_i/ZmodAWGController_0/U0'
Parsing XDC File [c:/Users/devandla/Desktop/Embedded-System-Project-DAT096/Board_1/project_2/project_2.srcs/sources_1/bd/design_1/ip/design_1_ZmodAWGController_0_0/constr/ConstrsZmodDAC1411.xdc] for cell 'design_1_i/ZmodAWGController_0/U0'
Finished Parsing XDC File [c:/Users/devandla/Desktop/Embedded-System-Project-DAT096/Board_1/project_2/project_2.srcs/sources_1/bd/design_1/ip/design_1_ZmodAWGController_0_0/constr/ConstrsZmodDAC1411.xdc] for cell 'design_1_i/ZmodAWGController_0/U0'
Parsing XDC File [c:/Users/devandla/Desktop/Embedded-System-Project-DAT096/Board_1/project_2/project_2.gen/sources_1/bd/design_1/ip/design_1_ZmodScopeController_0_0/src/ZmodADC_SynchonizationFIFO/ZmodADC_SynchonizationFIFO.xdc] for cell 'design_1_i/ZmodScopeController_0/U0/InstDataPath/InstADC_FIFO/U0'
Finished Parsing XDC File [c:/Users/devandla/Desktop/Embedded-System-Project-DAT096/Board_1/project_2/project_2.gen/sources_1/bd/design_1/ip/design_1_ZmodScopeController_0_0/src/ZmodADC_SynchonizationFIFO/ZmodADC_SynchonizationFIFO.xdc] for cell 'design_1_i/ZmodScopeController_0/U0/InstDataPath/InstADC_FIFO/U0'
Parsing XDC File [c:/Users/devandla/Desktop/Embedded-System-Project-DAT096/Board_1/project_2/project_2.gen/sources_1/bd/design_1/ip/design_1_ila_0_0/ila_v6_2/constraints/ila_impl.xdc] for cell 'design_1_i/ila_0/U0'
Finished Parsing XDC File [c:/Users/devandla/Desktop/Embedded-System-Project-DAT096/Board_1/project_2/project_2.gen/sources_1/bd/design_1/ip/design_1_ila_0_0/ila_v6_2/constraints/ila_impl.xdc] for cell 'design_1_i/ila_0/U0'
Parsing XDC File [c:/Users/devandla/Desktop/Embedded-System-Project-DAT096/Board_1/project_2/project_2.gen/sources_1/bd/design_1/ip/design_1_ila_0_0/ila_v6_2/constraints/ila.xdc] for cell 'design_1_i/ila_0/U0'
Finished Parsing XDC File [c:/Users/devandla/Desktop/Embedded-System-Project-DAT096/Board_1/project_2/project_2.gen/sources_1/bd/design_1/ip/design_1_ila_0_0/ila_v6_2/constraints/ila.xdc] for cell 'design_1_i/ila_0/U0'
Parsing XDC File [C:/Users/devandla/Desktop/Embedded-System-Project-DAT096/Board_1/project_2/project_2.srcs/constrs_1/new/Eclypse Z7.xdc]
WARNING: [Vivado 12-584] No ports matched 'clk'. [C:/Users/devandla/Desktop/Embedded-System-Project-DAT096/Board_1/project_2/project_2.srcs/constrs_1/new/Eclypse Z7.xdc:20]
CRITICAL WARNING: [Common 17-55] 'set_property' expects at least one object. [C:/Users/devandla/Desktop/Embedded-System-Project-DAT096/Board_1/project_2/project_2.srcs/constrs_1/new/Eclypse Z7.xdc:20]
Resolution: If [get_<value>] was used to populate the object, check to make sure this command returns at least one valid object.
WARNING: [Vivado 12-584] No ports matched 'prbs_bit'. [C:/Users/devandla/Desktop/Embedded-System-Project-DAT096/Board_1/project_2/project_2.srcs/constrs_1/new/Eclypse Z7.xdc:21]
CRITICAL WARNING: [Common 17-55] 'set_property' expects at least one object. [C:/Users/devandla/Desktop/Embedded-System-Project-DAT096/Board_1/project_2/project_2.srcs/constrs_1/new/Eclypse Z7.xdc:21]
Resolution: If [get_<value>] was used to populate the object, check to make sure this command returns at least one valid object.
WARNING: [Constraints 18-619] A clock with name 'ZmodDAC_ClkIn' already exists, overwriting the previous clock with the same name. [C:/Users/devandla/Desktop/Embedded-System-Project-DAT096/Board_1/project_2/project_2.srcs/constrs_1/new/Eclypse Z7.xdc:84]
WARNING: [Constraints 18-619] A clock with name 'ZmodDAC_ClkIO' already exists, overwriting the previous clock with the same name. [C:/Users/devandla/Desktop/Embedded-System-Project-DAT096/Board_1/project_2/project_2.srcs/constrs_1/new/Eclypse Z7.xdc:90]
Finished Parsing XDC File [C:/Users/devandla/Desktop/Embedded-System-Project-DAT096/Board_1/project_2/project_2.srcs/constrs_1/new/Eclypse Z7.xdc]
Parsing XDC File [c:/Users/devandla/Desktop/Embedded-System-Project-DAT096/Board_1/project_2/project_2.gen/sources_1/bd/design_1/ip/design_1_ZmodScopeController_0_0/src/ZmodADC_SynchonizationFIFO/ZmodADC_SynchonizationFIFO_clocks.xdc] for cell 'design_1_i/ZmodScopeController_0/U0/InstDataPath/InstADC_FIFO/U0'
Finished Parsing XDC File [c:/Users/devandla/Desktop/Embedded-System-Project-DAT096/Board_1/project_2/project_2.gen/sources_1/bd/design_1/ip/design_1_ZmodScopeController_0_0/src/ZmodADC_SynchonizationFIFO/ZmodADC_SynchonizationFIFO_clocks.xdc] for cell 'design_1_i/ZmodScopeController_0/U0/InstDataPath/InstADC_FIFO/U0'
INFO: [Project 1-1714] 6 XPM XDC files have been applied to the design.
INFO: [Opt 31-138] Pushed 0 inverter(s) to 0 load pin(s).
INFO: [Project 1-1687] 2 scoped IP constraints or related sub-commands were skipped due to synthesis logic optimizations usually triggered by constant connectivity or unconnected output pins. To review the skipped constraints and messages, run the command 'set_param netlist.IPMsgFiltering false' before opening the design.
Netlist sorting complete. Time (s): cpu = 00:00:00 ; elapsed = 00:00:00.001 . Memory (MB): peak = 1347.676 ; gain = 0.000
INFO: [Project 1-111] Unisim Transformation Summary:
  A total of 39 instances were transformed.
  CFGLUT5 => CFGLUT5 (SRL16E, SRLC32E): 32 instances
  IOBUF => IOBUF (IBUF, OBUFT): 1 instance 
  OBUFDS => OBUFDS_DUAL_BUF (INV, OBUFDS(x2)): 1 instance 
  RAM32M => RAM32M (RAMD32(x6), RAMS32(x2)): 5 instances

21 Infos, 6 Warnings, 2 Critical Warnings and 0 Errors encountered.
link_design completed successfully
link_design: Time (s): cpu = 00:00:07 ; elapsed = 00:00:08 . Memory (MB): peak = 1347.676 ; gain = 918.234
Command: opt_design
Attempting to get a license for feature 'Implementation' and/or device 'xc7z020'
INFO: [Common 17-349] Got license for feature 'Implementation' and/or device 'xc7z020'
Running DRC as a precondition to command opt_design

Starting DRC Task
INFO: [DRC 23-27] Running DRC with 2 threads
INFO: [Project 1-461] DRC finished with 0 Errors, 1 Warnings
INFO: [Project 1-462] Please refer to the DRC report (report_drc) for more information.

Time (s): cpu = 00:00:01 ; elapsed = 00:00:01 . Memory (MB): peak = 1362.531 ; gain = 14.855

Starting Cache Timing Information Task
INFO: [Timing 38-35] Done setting XDC timing constraints.
Ending Cache Timing Information Task | Checksum: 18263776a

Time (s): cpu = 00:00:00 ; elapsed = 00:00:00.066 . Memory (MB): peak = 1369.348 ; gain = 6.816

Starting Logic Optimization Task

Phase 1 Initialization

Phase 1.1 Core Generation And Design Setup

Phase 1.1.1 Generate And Synthesize Debug Cores
INFO: [Chipscope 16-329] Generating Script for core instance : dbg_hub 
INFO: [IP_Flow 19-3806] Processing IP xilinx.com:ip:xsdbm:3.0 for cell dbg_hub_CV.
Done building netlist checker database: Time (s): cpu = 00:00:00 ; elapsed = 00:00:00.001 . Memory (MB): peak = 1782.082 ; gain = 0.000
Netlist sorting complete. Time (s): cpu = 00:00:00 ; elapsed = 00:00:00.011 . Memory (MB): peak = 1782.082 ; gain = 0.000
Phase 1.1.1 Generate And Synthesize Debug Cores | Checksum: 119aa5aad

Time (s): cpu = 00:00:01 ; elapsed = 00:01:01 . Memory (MB): peak = 1782.082 ; gain = 19.742
Phase 1.1 Core Generation And Design Setup | Checksum: 119aa5aad

Time (s): cpu = 00:00:01 ; elapsed = 00:01:01 . Memory (MB): peak = 1782.082 ; gain = 19.742

Phase 1.2 Setup Constraints And Sort Netlist
Phase 1.2 Setup Constraints And Sort Netlist | Checksum: 119aa5aad

Time (s): cpu = 00:00:01 ; elapsed = 00:01:01 . Memory (MB): peak = 1782.082 ; gain = 19.742
Phase 1 Initialization | Checksum: 119aa5aad

Time (s): cpu = 00:00:01 ; elapsed = 00:01:01 . Memory (MB): peak = 1782.082 ; gain = 19.742

Phase 2 Timer Update And Timing Data Collection

Phase 2.1 Timer Update
Phase 2.1 Timer Update | Checksum: 119aa5aad

Time (s): cpu = 00:00:01 ; elapsed = 00:01:01 . Memory (MB): peak = 1782.082 ; gain = 19.742

Phase 2.2 Timing Data Collection
Phase 2.2 Timing Data Collection | Checksum: 119aa5aad

Time (s): cpu = 00:00:01 ; elapsed = 00:01:01 . Memory (MB): peak = 1782.082 ; gain = 19.742
Phase 2 Timer Update And Timing Data Collection | Checksum: 119aa5aad

Time (s): cpu = 00:00:01 ; elapsed = 00:01:01 . Memory (MB): peak = 1782.082 ; gain = 19.742

Phase 3 Retarget
INFO: [Opt 31-1851] Number of loadless carry chains removed were: 0
INFO: [Opt 31-1834] Total Chains To Be Transformed Were: 0 AND Number of Transformed insts Created are: 0
INFO: [Opt 31-1566] Pulled 2 inverters resulting in an inversion of 27 pins
INFO: [Opt 31-138] Pushed 2 inverter(s) to 10 load pin(s).
INFO: [Opt 31-49] Retargeted 0 cell(s).
Phase 3 Retarget | Checksum: 1d8a387ab

Time (s): cpu = 00:00:01 ; elapsed = 00:01:01 . Memory (MB): peak = 1782.082 ; gain = 19.742
Retarget | Checksum: 1d8a387ab
INFO: [Opt 31-389] Phase Retarget created 6 cells and removed 22 cells
INFO: [Opt 31-1021] In phase Retarget, 75 netlist objects are constrained preventing optimization. Please run opt_design with -debug_log to get more detail. 

Phase 4 Constant propagation
INFO: [Opt 31-138] Pushed 0 inverter(s) to 0 load pin(s).
Phase 4 Constant propagation | Checksum: 164c68490

Time (s): cpu = 00:00:01 ; elapsed = 00:01:01 . Memory (MB): peak = 1782.082 ; gain = 19.742
Constant propagation | Checksum: 164c68490
INFO: [Opt 31-389] Phase Constant propagation created 16 cells and removed 56 cells
INFO: [Opt 31-1021] In phase Constant propagation, 55 netlist objects are constrained preventing optimization. Please run opt_design with -debug_log to get more detail. 

Phase 5 Sweep
INFO: [Constraints 18-11670] Building netlist checker database with flags, 0x8
Done building netlist checker database: Time (s): cpu = 00:00:00 ; elapsed = 00:00:00.001 . Memory (MB): peak = 1782.082 ; gain = 0.000
INFO: [Constraints 18-11670] Building netlist checker database with flags, 0x8
Done building netlist checker database: Time (s): cpu = 00:00:00 ; elapsed = 00:00:00 . Memory (MB): peak = 1782.082 ; gain = 0.000
Phase 5 Sweep | Checksum: 172fa51a9

Time (s): cpu = 00:00:01 ; elapsed = 00:01:02 . Memory (MB): peak = 1782.082 ; gain = 19.742
Sweep | Checksum: 172fa51a9
INFO: [Opt 31-389] Phase Sweep created 0 cells and removed 230 cells
INFO: [Opt 31-1021] In phase Sweep, 905 netlist objects are constrained preventing optimization. Please run opt_design with -debug_log to get more detail. 

Phase 6 BUFG optimization
Phase 6 BUFG optimization | Checksum: 172fa51a9

Time (s): cpu = 00:00:01 ; elapsed = 00:01:02 . Memory (MB): peak = 1782.082 ; gain = 19.742
BUFG optimization | Checksum: 172fa51a9
INFO: [Opt 31-662] Phase BUFG optimization created 0 cells of which 0 are BUFGs and removed 0 cells.

Phase 7 Shift Register Optimization
INFO: [Opt 31-1064] SRL Remap converted 0 SRLs to 0 registers and converted 0 registers of register chains to 0 SRLs
Phase 7 Shift Register Optimization | Checksum: 172fa51a9

Time (s): cpu = 00:00:01 ; elapsed = 00:01:02 . Memory (MB): peak = 1782.082 ; gain = 19.742
Shift Register Optimization | Checksum: 172fa51a9
INFO: [Opt 31-389] Phase Shift Register Optimization created 0 cells and removed 0 cells

Phase 8 Post Processing Netlist
Phase 8 Post Processing Netlist | Checksum: 172fa51a9

Time (s): cpu = 00:00:01 ; elapsed = 00:01:02 . Memory (MB): peak = 1782.082 ; gain = 19.742
Post Processing Netlist | Checksum: 172fa51a9
INFO: [Opt 31-389] Phase Post Processing Netlist created 0 cells and removed 0 cells
INFO: [Opt 31-1021] In phase Post Processing Netlist, 66 netlist objects are constrained preventing optimization. Please run opt_design with -debug_log to get more detail. 

Phase 9 Finalization

Phase 9.1 Finalizing Design Cores and Updating Shapes
Phase 9.1 Finalizing Design Cores and Updating Shapes | Checksum: 10d3482e0

Time (s): cpu = 00:00:01 ; elapsed = 00:01:02 . Memory (MB): peak = 1782.082 ; gain = 19.742

Phase 9.2 Verifying Netlist Connectivity

Starting Connectivity Check Task

Time (s): cpu = 00:00:00 ; elapsed = 00:00:00.005 . Memory (MB): peak = 1782.082 ; gain = 0.000
Phase 9.2 Verifying Netlist Connectivity | Checksum: 10d3482e0

Time (s): cpu = 00:00:01 ; elapsed = 00:01:02 . Memory (MB): peak = 1782.082 ; gain = 19.742
Phase 9 Finalization | Checksum: 10d3482e0

Time (s): cpu = 00:00:01 ; elapsed = 00:01:02 . Memory (MB): peak = 1782.082 ; gain = 19.742
Opt_design Change Summary
=========================


-------------------------------------------------------------------------------------------------------------------------
|  Phase                        |  #Cells created  |  #Cells Removed  |  #Constrained objects preventing optimizations  |
-------------------------------------------------------------------------------------------------------------------------
|  Retarget                     |               6  |              22  |                                             75  |
|  Constant propagation         |              16  |              56  |                                             55  |
|  Sweep                        |               0  |             230  |                                            905  |
|  BUFG optimization            |               0  |               0  |                                              0  |
|  Shift Register Optimization  |               0  |               0  |                                              0  |
|  Post Processing Netlist      |               0  |               0  |                                             66  |
-------------------------------------------------------------------------------------------------------------------------


Ending Logic Optimization Task | Checksum: 10d3482e0

Time (s): cpu = 00:00:01 ; elapsed = 00:01:02 . Memory (MB): peak = 1782.082 ; gain = 19.742

Starting Power Optimization Task
INFO: [Pwropt 34-132] Skipping clock gating for clocks with a period < 2.00 ns.
INFO: [Pwropt 34-9] Applying IDT optimizations ...
INFO: [Pwropt 34-10] Applying ODC optimizations ...
INFO: [Timing 38-35] Done setting XDC timing constraints.
Running Vector-less Activity Propagation...

Finished Running Vector-less Activity Propagation


Starting PowerOpt Patch Enables Task
INFO: [Pwropt 34-162] WRITE_MODE attribute of 0 BRAM(s) out of a total of 1 has been updated to save power. Run report_power_opt to get a complete listing of the BRAMs updated.
INFO: [Pwropt 34-201] Structural ODC has moved 0 WE to EN ports
Number of BRAM Ports augmented: 1 newly gated: 0 Total Ports: 2
Ending PowerOpt Patch Enables Task | Checksum: d58e4a33

Time (s): cpu = 00:00:00 ; elapsed = 00:00:00.009 . Memory (MB): peak = 1918.891 ; gain = 0.000
Ending Power Optimization Task | Checksum: d58e4a33

Time (s): cpu = 00:00:01 ; elapsed = 00:00:00.570 . Memory (MB): peak = 1918.891 ; gain = 136.809

Starting Final Cleanup Task
Ending Final Cleanup Task | Checksum: d58e4a33

Time (s): cpu = 00:00:00 ; elapsed = 00:00:00.001 . Memory (MB): peak = 1918.891 ; gain = 0.000

Starting Netlist Obfuscation Task
Netlist sorting complete. Time (s): cpu = 00:00:00 ; elapsed = 00:00:00.001 . Memory (MB): peak = 1918.891 ; gain = 0.000
Ending Netlist Obfuscation Task | Checksum: 19b9723f9

Time (s): cpu = 00:00:00 ; elapsed = 00:00:00.001 . Memory (MB): peak = 1918.891 ; gain = 0.000
INFO: [Common 17-83] Releasing license: Implementation
58 Infos, 6 Warnings, 2 Critical Warnings and 0 Errors encountered.
opt_design completed successfully
opt_design: Time (s): cpu = 00:00:05 ; elapsed = 00:01:05 . Memory (MB): peak = 1918.891 ; gain = 571.215
INFO: [Vivado 12-24828] Executing command : report_drc -file design_1_wrapper_drc_opted.rpt -pb design_1_wrapper_drc_opted.pb -rpx design_1_wrapper_drc_opted.rpx
Command: report_drc -file design_1_wrapper_drc_opted.rpt -pb design_1_wrapper_drc_opted.pb -rpx design_1_wrapper_drc_opted.rpx
INFO: [IP_Flow 19-1839] IP Catalog is up to date.
INFO: [DRC 23-27] Running DRC with 2 threads
INFO: [Vivado_Tcl 2-168] The results of DRC are in file C:/Users/devandla/Desktop/Embedded-System-Project-DAT096/Board_1/project_2/project_2.runs/impl_1/design_1_wrapper_drc_opted.rpt.
report_drc completed successfully
INFO: [Timing 38-35] Done setting XDC timing constraints.
INFO: [Timing 38-480] Writing timing data to binary archive.
Write ShapeDB Complete: Time (s): cpu = 00:00:00 ; elapsed = 00:00:00.003 . Memory (MB): peak = 1918.891 ; gain = 0.000
Wrote PlaceDB: Time (s): cpu = 00:00:00 ; elapsed = 00:00:00.003 . Memory (MB): peak = 1918.891 ; gain = 0.000
Wrote PulsedLatchDB: Time (s): cpu = 00:00:00 ; elapsed = 00:00:00 . Memory (MB): peak = 1918.891 ; gain = 0.000
Writing XDEF routing.
Writing XDEF routing logical nets.
Writing XDEF routing special nets.
Wrote RouteStorage: Time (s): cpu = 00:00:00 ; elapsed = 00:00:00.018 . Memory (MB): peak = 1918.891 ; gain = 0.000
Wrote Netlist Cache: Time (s): cpu = 00:00:00 ; elapsed = 00:00:00.001 . Memory (MB): peak = 1918.891 ; gain = 0.000
Wrote Device Cache: Time (s): cpu = 00:00:00 ; elapsed = 00:00:00.005 . Memory (MB): peak = 1918.891 ; gain = 0.000
Write Physdb Complete: Time (s): cpu = 00:00:00 ; elapsed = 00:00:00.033 . Memory (MB): peak = 1918.891 ; gain = 0.000
INFO: [Common 17-1381] The checkpoint 'C:/Users/devandla/Desktop/Embedded-System-Project-DAT096/Board_1/project_2/project_2.runs/impl_1/design_1_wrapper_opt.dcp' has been generated.
INFO: [Chipscope 16-240] Debug cores have already been implemented
Command: place_design
Attempting to get a license for feature 'Implementation' and/or device 'xc7z020'
INFO: [Common 17-349] Got license for feature 'Implementation' and/or device 'xc7z020'
INFO: [Common 17-83] Releasing license: Implementation
INFO: [DRC 23-27] Running DRC with 2 threads
INFO: [Vivado_Tcl 4-198] DRC finished with 0 Errors
INFO: [Vivado_Tcl 4-199] Please refer to the DRC report (report_drc) for more information.
Running DRC as a precondition to command place_design
INFO: [DRC 23-27] Running DRC with 2 threads
INFO: [Vivado_Tcl 4-198] DRC finished with 0 Errors
INFO: [Vivado_Tcl 4-199] Please refer to the DRC report (report_drc) for more information.
INFO: [Place 30-611] Multithreading enabled for place_design using a maximum of 2 CPUs

Starting Placer Task

Phase 1 Placer Initialization

Phase 1.1 Placer Initialization Netlist Sorting
Netlist sorting complete. Time (s): cpu = 00:00:00 ; elapsed = 00:00:00.001 . Memory (MB): peak = 1918.891 ; gain = 0.000
Phase 1.1 Placer Initialization Netlist Sorting | Checksum: b0e5bb3a

Time (s): cpu = 00:00:00 ; elapsed = 00:00:00.002 . Memory (MB): peak = 1918.891 ; gain = 0.000
Netlist sorting complete. Time (s): cpu = 00:00:00 ; elapsed = 00:00:00.001 . Memory (MB): peak = 1918.891 ; gain = 0.000

Phase 1.2 IO Placement/ Clock Placement/ Build Placer Device
Phase 1.2 IO Placement/ Clock Placement/ Build Placer Device | Checksum: d4fe6944

Time (s): cpu = 00:00:00 ; elapsed = 00:00:00.138 . Memory (MB): peak = 1918.891 ; gain = 0.000

Phase 1.3 Build Placer Netlist Model
INFO: [Place 30-896] Complex timing constraints detected. Disabling fast timing updates
Phase 1.3 Build Placer Netlist Model | Checksum: 1c4333d7f

Time (s): cpu = 00:00:01 ; elapsed = 00:00:00.379 . Memory (MB): peak = 1918.891 ; gain = 0.000

Phase 1.4 Constrain Clocks/Macros
Phase 1.4 Constrain Clocks/Macros | Checksum: 1c4333d7f

Time (s): cpu = 00:00:01 ; elapsed = 00:00:00.388 . Memory (MB): peak = 1918.891 ; gain = 0.000
Phase 1 Placer Initialization | Checksum: 1c4333d7f

Time (s): cpu = 00:00:01 ; elapsed = 00:00:00.391 . Memory (MB): peak = 1918.891 ; gain = 0.000

Phase 2 Global Placement

Phase 2.1 Floorplanning
Phase 2.1 Floorplanning | Checksum: 10eadcff0

Time (s): cpu = 00:00:01 ; elapsed = 00:00:00.482 . Memory (MB): peak = 1918.891 ; gain = 0.000

Phase 2.2 Update Timing before SLR Path Opt
Phase 2.2 Update Timing before SLR Path Opt | Checksum: 146166f67

Time (s): cpu = 00:00:01 ; elapsed = 00:00:00.552 . Memory (MB): peak = 1918.891 ; gain = 0.000

Phase 2.3 Post-Processing in Floorplanning
Phase 2.3 Post-Processing in Floorplanning | Checksum: 146166f67

Time (s): cpu = 00:00:01 ; elapsed = 00:00:00.556 . Memory (MB): peak = 1918.891 ; gain = 0.000

Phase 2.4 Global Place Phase1
Phase 2.4 Global Place Phase1 | Checksum: 14ea64662

Time (s): cpu = 00:00:03 ; elapsed = 00:00:02 . Memory (MB): peak = 1918.891 ; gain = 0.000

Phase 2.5 Global Place Phase2
INFO: [Place 46-58] Complex timing constraints like using -rise or -fall are detected, physical synthesis in placer is disabled.
Phase 2.5 Global Place Phase2 | Checksum: 1a0a020a0

Time (s): cpu = 00:00:03 ; elapsed = 00:00:02 . Memory (MB): peak = 1918.891 ; gain = 0.000
Phase 2 Global Placement | Checksum: 1a0a020a0

Time (s): cpu = 00:00:03 ; elapsed = 00:00:02 . Memory (MB): peak = 1918.891 ; gain = 0.000

Phase 3 Detail Placement

Phase 3.1 Commit Multi Column Macros
Phase 3.1 Commit Multi Column Macros | Checksum: 19d87d7dd

Time (s): cpu = 00:00:03 ; elapsed = 00:00:02 . Memory (MB): peak = 1918.891 ; gain = 0.000

Phase 3.2 Commit Most Macros & LUTRAMs
Phase 3.2 Commit Most Macros & LUTRAMs | Checksum: 14d883bfc

Time (s): cpu = 00:00:04 ; elapsed = 00:00:02 . Memory (MB): peak = 1918.891 ; gain = 0.000

Phase 3.3 Area Swap Optimization
Phase 3.3 Area Swap Optimization | Checksum: b80d2e2f

Time (s): cpu = 00:00:04 ; elapsed = 00:00:02 . Memory (MB): peak = 1918.891 ; gain = 0.000

Phase 3.4 Pipeline Register Optimization
Phase 3.4 Pipeline Register Optimization | Checksum: fcb260db

Time (s): cpu = 00:00:04 ; elapsed = 00:00:02 . Memory (MB): peak = 1918.891 ; gain = 0.000

Phase 3.5 Small Shape Detail Placement
Phase 3.5 Small Shape Detail Placement | Checksum: 1e562bf6b

Time (s): cpu = 00:00:04 ; elapsed = 00:00:02 . Memory (MB): peak = 1918.891 ; gain = 0.000

Phase 3.6 Re-assign LUT pins
Phase 3.6 Re-assign LUT pins | Checksum: 14f53f3fa

Time (s): cpu = 00:00:04 ; elapsed = 00:00:02 . Memory (MB): peak = 1918.891 ; gain = 0.000

Phase 3.7 Pipeline Register Optimization
Phase 3.7 Pipeline Register Optimization | Checksum: d9aca1c3

Time (s): cpu = 00:00:04 ; elapsed = 00:00:02 . Memory (MB): peak = 1918.891 ; gain = 0.000
Phase 3 Detail Placement | Checksum: d9aca1c3

Time (s): cpu = 00:00:04 ; elapsed = 00:00:02 . Memory (MB): peak = 1918.891 ; gain = 0.000

Phase 4 Post Placement Optimization and Clean-Up

Phase 4.1 Post Commit Optimization

Phase 4.1.1 Post Placement Optimization
Post Placement Optimization Initialization | Checksum: 88a090b1

Phase 4.1.1.1 BUFG Insertion

Starting Physical Synthesis Task

Phase 1 Physical Synthesis Initialization
INFO: [Physopt 32-721] Multithreading enabled for phys_opt_design using a maximum of 2 CPUs
INFO: [Physopt 32-619] Estimated Timing Summary | WNS=1.150 | TNS=0.000 |
Phase 1 Physical Synthesis Initialization | Checksum: 148e76e06

Time (s): cpu = 00:00:00 ; elapsed = 00:00:00.018 . Memory (MB): peak = 1918.891 ; gain = 0.000
INFO: [Place 46-56] BUFG insertion identified 0 candidate nets. Inserted BUFG: 0, Replicated BUFG Driver: 0, Skipped due to Placement/Routing Conflicts: 0, Skipped due to Timing Degradation: 0, Skipped due to netlist editing failed: 0.
Ending Physical Synthesis Task | Checksum: 12038bf04

Time (s): cpu = 00:00:00 ; elapsed = 00:00:00.027 . Memory (MB): peak = 1918.891 ; gain = 0.000
Phase 4.1.1.1 BUFG Insertion | Checksum: 88a090b1

Time (s): cpu = 00:00:05 ; elapsed = 00:00:03 . Memory (MB): peak = 1918.891 ; gain = 0.000

Phase 4.1.1.2 Post Placement Timing Optimization
INFO: [Place 30-746] Post Placement Timing Summary WNS=1.150. For the most accurate timing information please run report_timing.
Phase 4.1.1.2 Post Placement Timing Optimization | Checksum: 4cc19d65

Time (s): cpu = 00:00:05 ; elapsed = 00:00:03 . Memory (MB): peak = 1918.891 ; gain = 0.000

Time (s): cpu = 00:00:05 ; elapsed = 00:00:03 . Memory (MB): peak = 1918.891 ; gain = 0.000
Phase 4.1 Post Commit Optimization | Checksum: 4cc19d65

Time (s): cpu = 00:00:05 ; elapsed = 00:00:03 . Memory (MB): peak = 1918.891 ; gain = 0.000

Phase 4.2 Post Placement Cleanup
Phase 4.2 Post Placement Cleanup | Checksum: 4cc19d65

Time (s): cpu = 00:00:05 ; elapsed = 00:00:03 . Memory (MB): peak = 1918.891 ; gain = 0.000

Phase 4.3 Placer Reporting

Phase 4.3.1 Print Estimated Congestion
INFO: [Place 30-612] Post-Placement Estimated Congestion 
 ____________________________________________________
|           | Global Congestion | Short Congestion  |
| Direction | Region Size       | Region Size       |
|___________|___________________|___________________|
|      North|                1x1|                1x1|
|___________|___________________|___________________|
|      South|                1x1|                1x1|
|___________|___________________|___________________|
|       East|                1x1|                1x1|
|___________|___________________|___________________|
|       West|                1x1|                1x1|
|___________|___________________|___________________|

Phase 4.3.1 Print Estimated Congestion | Checksum: 4cc19d65

Time (s): cpu = 00:00:05 ; elapsed = 00:00:03 . Memory (MB): peak = 1918.891 ; gain = 0.000
Phase 4.3 Placer Reporting | Checksum: 4cc19d65

Time (s): cpu = 00:00:05 ; elapsed = 00:00:03 . Memory (MB): peak = 1918.891 ; gain = 0.000

Phase 4.4 Final Placement Cleanup
Netlist sorting complete. Time (s): cpu = 00:00:00 ; elapsed = 00:00:00.001 . Memory (MB): peak = 1918.891 ; gain = 0.000

Time (s): cpu = 00:00:05 ; elapsed = 00:00:03 . Memory (MB): peak = 1918.891 ; gain = 0.000
Phase 4 Post Placement Optimization and Clean-Up | Checksum: 13ba3d408

Time (s): cpu = 00:00:05 ; elapsed = 00:00:03 . Memory (MB): peak = 1918.891 ; gain = 0.000
Ending Placer Task | Checksum: 124698ce8

Time (s): cpu = 00:00:05 ; elapsed = 00:00:03 . Memory (MB): peak = 1918.891 ; gain = 0.000
82 Infos, 6 Warnings, 2 Critical Warnings and 0 Errors encountered.
place_design completed successfully
INFO: [Vivado 12-24838] Running report commands "report_control_sets, report_io, report_utilization" in parallel.
Running report generation with 2 threads.
INFO: [Vivado 12-24828] Executing command : report_utilization -file design_1_wrapper_utilization_placed.rpt -pb design_1_wrapper_utilization_placed.pb
INFO: [Vivado 12-24828] Executing command : report_io -file design_1_wrapper_io_placed.rpt
report_io: Time (s): cpu = 00:00:00 ; elapsed = 00:00:00.044 . Memory (MB): peak = 1918.891 ; gain = 0.000
INFO: [Vivado 12-24828] Executing command : report_control_sets -verbose -file design_1_wrapper_control_sets_placed.rpt
report_control_sets: Time (s): cpu = 00:00:00 ; elapsed = 00:00:00.008 . Memory (MB): peak = 1918.891 ; gain = 0.000
INFO: [Timing 38-480] Writing timing data to binary archive.
Write ShapeDB Complete: Time (s): cpu = 00:00:00 ; elapsed = 00:00:00.006 . Memory (MB): peak = 1918.891 ; gain = 0.000
Wrote PlaceDB: Time (s): cpu = 00:00:01 ; elapsed = 00:00:00.127 . Memory (MB): peak = 1918.891 ; gain = 0.000
Wrote PulsedLatchDB: Time (s): cpu = 00:00:00 ; elapsed = 00:00:00 . Memory (MB): peak = 1918.891 ; gain = 0.000
Writing XDEF routing.
Writing XDEF routing logical nets.
Writing XDEF routing special nets.
Wrote RouteStorage: Time (s): cpu = 00:00:00 ; elapsed = 00:00:00.017 . Memory (MB): peak = 1918.891 ; gain = 0.000
Wrote Netlist Cache: Time (s): cpu = 00:00:00 ; elapsed = 00:00:00.003 . Memory (MB): peak = 1918.891 ; gain = 0.000
Wrote Device Cache: Time (s): cpu = 00:00:00 ; elapsed = 00:00:00.005 . Memory (MB): peak = 1918.891 ; gain = 0.000
Write Physdb Complete: Time (s): cpu = 00:00:01 ; elapsed = 00:00:00.158 . Memory (MB): peak = 1918.891 ; gain = 0.000
INFO: [Common 17-1381] The checkpoint 'C:/Users/devandla/Desktop/Embedded-System-Project-DAT096/Board_1/project_2/project_2.runs/impl_1/design_1_wrapper_placed.dcp' has been generated.
Command: phys_opt_design
Attempting to get a license for feature 'Implementation' and/or device 'xc7z020'
INFO: [Common 17-349] Got license for feature 'Implementation' and/or device 'xc7z020'

Starting Initial Update Timing Task

Time (s): cpu = 00:00:00 ; elapsed = 00:00:00.177 . Memory (MB): peak = 1918.891 ; gain = 0.000
INFO: [Vivado_Tcl 4-2279] Estimated Timing Summary | WNS= 1.150 | TNS= 0.000 | 
INFO: [Vivado_Tcl 4-383] Design worst setup slack (WNS) is greater than or equal to 0.000 ns. All physical synthesis setup optimizations will be skipped.
INFO: [Vivado_Tcl 4-232] No setup violation found. The netlist was not modified.
INFO: [Common 17-83] Releasing license: Implementation
93 Infos, 6 Warnings, 2 Critical Warnings and 0 Errors encountered.
phys_opt_design completed successfully
INFO: [Timing 38-480] Writing timing data to binary archive.
Write ShapeDB Complete: Time (s): cpu = 00:00:00 ; elapsed = 00:00:00.006 . Memory (MB): peak = 1918.891 ; gain = 0.000
Wrote PlaceDB: Time (s): cpu = 00:00:01 ; elapsed = 00:00:00.135 . Memory (MB): peak = 1918.891 ; gain = 0.000
Wrote PulsedLatchDB: Time (s): cpu = 00:00:00 ; elapsed = 00:00:00 . Memory (MB): peak = 1918.891 ; gain = 0.000
Writing XDEF routing.
Writing XDEF routing logical nets.
Writing XDEF routing special nets.
Wrote RouteStorage: Time (s): cpu = 00:00:00 ; elapsed = 00:00:00.016 . Memory (MB): peak = 1918.891 ; gain = 0.000
Wrote Netlist Cache: Time (s): cpu = 00:00:00 ; elapsed = 00:00:00.002 . Memory (MB): peak = 1918.891 ; gain = 0.000
Wrote Device Cache: Time (s): cpu = 00:00:00 ; elapsed = 00:00:00.005 . Memory (MB): peak = 1918.891 ; gain = 0.000
Write Physdb Complete: Time (s): cpu = 00:00:01 ; elapsed = 00:00:00.164 . Memory (MB): peak = 1918.891 ; gain = 0.000
INFO: [Common 17-1381] The checkpoint 'C:/Users/devandla/Desktop/Embedded-System-Project-DAT096/Board_1/project_2/project_2.runs/impl_1/design_1_wrapper_physopt.dcp' has been generated.
Command: route_design
Attempting to get a license for feature 'Implementation' and/or device 'xc7z020'
INFO: [Common 17-349] Got license for feature 'Implementation' and/or device 'xc7z020'


Starting Routing Task
INFO: [Route 35-254] Multithreading enabled for route_design using a maximum of 2 CPUs

Phase 1 Build RT Design
Checksum: PlaceDB: 1471187a ConstDB: 0 ShapeSum: f9ff017e RouteDB: 15f972f0
Post Restoration Checksum: NetGraph: fecb604a | NumContArr: b2fa3520 | Constraints: c2a8fa9d | Timing: c2a8fa9d
Phase 1 Build RT Design | Checksum: 337178aa4

Time (s): cpu = 00:00:14 ; elapsed = 00:00:13 . Memory (MB): peak = 1984.637 ; gain = 65.746

Phase 2 Router Initialization

Phase 2.1 Fix Topology Constraints
Phase 2.1 Fix Topology Constraints | Checksum: 337178aa4

Time (s): cpu = 00:00:14 ; elapsed = 00:00:13 . Memory (MB): peak = 1984.637 ; gain = 65.746

Phase 2.2 Pre Route Cleanup
Phase 2.2 Pre Route Cleanup | Checksum: 337178aa4

Time (s): cpu = 00:00:14 ; elapsed = 00:00:13 . Memory (MB): peak = 1984.637 ; gain = 65.746
 Number of Nodes with overlaps = 0

Phase 2.3 Update Timing
Phase 2.3 Update Timing | Checksum: 286c12a2f

Time (s): cpu = 00:00:15 ; elapsed = 00:00:14 . Memory (MB): peak = 2022.660 ; gain = 103.770
INFO: [Route 35-416] Intermediate Timing Summary | WNS=1.117  | TNS=0.000  | WHS=-0.256 | THS=-78.429|


Phase 2.4 Update Timing for Bus Skew

Phase 2.4.1 Update Timing
Phase 2.4.1 Update Timing | Checksum: 264546d3d

Time (s): cpu = 00:00:16 ; elapsed = 00:00:14 . Memory (MB): peak = 2022.660 ; gain = 103.770
INFO: [Route 35-416] Intermediate Timing Summary | WNS=1.117  | TNS=0.000  | WHS=0.008  | THS=0.000  |

Phase 2.4 Update Timing for Bus Skew | Checksum: 2f5b5b2a4

Time (s): cpu = 00:00:16 ; elapsed = 00:00:14 . Memory (MB): peak = 2027.359 ; gain = 108.469

Router Utilization Summary
  Global Vertical Routing Utilization    = 0 %
  Global Horizontal Routing Utilization  = 0 %
  Routable Net Status*
  *Does not include unroutable nets such as driverless and loadless.
  Run report_route_status for detailed report.
  Number of Failed Nets               = 3112
    (Failed Nets is the sum of unrouted and partially routed nets)
  Number of Unrouted Nets             = 3112
  Number of Partially Routed Nets     = 0
  Number of Node Overlaps             = 0

Phase 2 Router Initialization | Checksum: 2323281f3

Time (s): cpu = 00:00:16 ; elapsed = 00:00:14 . Memory (MB): peak = 2031.434 ; gain = 112.543

Phase 3 Global Routing
Phase 3 Global Routing | Checksum: 2323281f3

Time (s): cpu = 00:00:16 ; elapsed = 00:00:14 . Memory (MB): peak = 2031.434 ; gain = 112.543

Phase 4 Initial Routing

Phase 4.1 Initial Net Routing Pass
Phase 4.1 Initial Net Routing Pass | Checksum: 27784a413

Time (s): cpu = 00:00:17 ; elapsed = 00:00:15 . Memory (MB): peak = 2031.434 ; gain = 112.543
Phase 4 Initial Routing | Checksum: 27784a413

Time (s): cpu = 00:00:17 ; elapsed = 00:00:15 . Memory (MB): peak = 2031.434 ; gain = 112.543

Phase 5 Rip-up And Reroute

Phase 5.1 Global Iteration 0
 Number of Nodes with overlaps = 196
 Number of Nodes with overlaps = 9
 Number of Nodes with overlaps = 0
INFO: [Route 35-416] Intermediate Timing Summary | WNS=1.117  | TNS=0.000  | WHS=N/A    | THS=N/A    |

Phase 5.1 Global Iteration 0 | Checksum: 1f9b2a675

Time (s): cpu = 00:00:17 ; elapsed = 00:00:15 . Memory (MB): peak = 2031.434 ; gain = 112.543

Phase 5.2 Global Iteration 1
 Number of Nodes with overlaps = 1
 Number of Nodes with overlaps = 0
INFO: [Route 35-416] Intermediate Timing Summary | WNS=1.117  | TNS=0.000  | WHS=N/A    | THS=N/A    |

Phase 5.2 Global Iteration 1 | Checksum: 25cadbfa8

Time (s): cpu = 00:00:17 ; elapsed = 00:00:15 . Memory (MB): peak = 2031.434 ; gain = 112.543
Phase 5 Rip-up And Reroute | Checksum: 25cadbfa8

Time (s): cpu = 00:00:17 ; elapsed = 00:00:15 . Memory (MB): peak = 2031.434 ; gain = 112.543

Phase 6 Delay and Skew Optimization

Phase 6.1 Delay CleanUp
Phase 6.1 Delay CleanUp | Checksum: 25cadbfa8

Time (s): cpu = 00:00:17 ; elapsed = 00:00:15 . Memory (MB): peak = 2031.434 ; gain = 112.543

Phase 6.2 Clock Skew Optimization
Phase 6.2 Clock Skew Optimization | Checksum: 25cadbfa8

Time (s): cpu = 00:00:17 ; elapsed = 00:00:15 . Memory (MB): peak = 2031.434 ; gain = 112.543
Phase 6 Delay and Skew Optimization | Checksum: 25cadbfa8

Time (s): cpu = 00:00:17 ; elapsed = 00:00:15 . Memory (MB): peak = 2031.434 ; gain = 112.543

Phase 7 Post Hold Fix

Phase 7.1 Hold Fix Iter
INFO: [Route 35-416] Intermediate Timing Summary | WNS=1.117  | TNS=0.000  | WHS=0.055  | THS=0.000  |

Phase 7.1 Hold Fix Iter | Checksum: 2279de2b4

Time (s): cpu = 00:00:17 ; elapsed = 00:00:15 . Memory (MB): peak = 2031.434 ; gain = 112.543
Phase 7 Post Hold Fix | Checksum: 2279de2b4

Time (s): cpu = 00:00:17 ; elapsed = 00:00:15 . Memory (MB): peak = 2031.434 ; gain = 112.543

Phase 8 Route finalize

Router Utilization Summary
  Global Vertical Routing Utilization    = 0.362483 %
  Global Horizontal Routing Utilization  = 0.484956 %
  Routable Net Status*
  *Does not include unroutable nets such as driverless and loadless.
  Run report_route_status for detailed report.
  Number of Failed Nets               = 0
    (Failed Nets is the sum of unrouted and partially routed nets)
  Number of Unrouted Nets             = 0
  Number of Partially Routed Nets     = 0
  Number of Node Overlaps             = 0

Phase 8 Route finalize | Checksum: 2279de2b4

Time (s): cpu = 00:00:17 ; elapsed = 00:00:15 . Memory (MB): peak = 2031.434 ; gain = 112.543

Phase 9 Verifying routed nets

 Verification completed successfully
Phase 9 Verifying routed nets | Checksum: 2279de2b4

Time (s): cpu = 00:00:18 ; elapsed = 00:00:15 . Memory (MB): peak = 2031.434 ; gain = 112.543

Phase 10 Depositing Routes
Phase 10 Depositing Routes | Checksum: 24779e42d

Time (s): cpu = 00:00:18 ; elapsed = 00:00:15 . Memory (MB): peak = 2031.434 ; gain = 112.543

Phase 11 Post Process Routing
Phase 11 Post Process Routing | Checksum: 24779e42d

Time (s): cpu = 00:00:18 ; elapsed = 00:00:15 . Memory (MB): peak = 2031.434 ; gain = 112.543

Phase 12 Post Router Timing
INFO: [Route 35-57] Estimated Timing Summary | WNS=1.117  | TNS=0.000  | WHS=0.055  | THS=0.000  |

INFO: [Route 35-327] The final timing numbers are based on the router estimated timing analysis. For a complete and accurate timing signoff, please run report_timing_summary.
Phase 12 Post Router Timing | Checksum: 24779e42d

Time (s): cpu = 00:00:18 ; elapsed = 00:00:15 . Memory (MB): peak = 2031.434 ; gain = 112.543
Total Elapsed time in route_design: 15.324 secs

Phase 13 Post-Route Event Processing
Phase 13 Post-Route Event Processing | Checksum: 221e30ee5

Time (s): cpu = 00:00:18 ; elapsed = 00:00:15 . Memory (MB): peak = 2031.434 ; gain = 112.543
INFO: [Route 35-16] Router Completed Successfully
Ending Routing Task | Checksum: 221e30ee5

Time (s): cpu = 00:00:18 ; elapsed = 00:00:15 . Memory (MB): peak = 2031.434 ; gain = 112.543

Routing Is Done.
INFO: [Common 17-83] Releasing license: Implementation
106 Infos, 6 Warnings, 2 Critical Warnings and 0 Errors encountered.
route_design completed successfully
route_design: Time (s): cpu = 00:00:18 ; elapsed = 00:00:15 . Memory (MB): peak = 2031.434 ; gain = 112.543
INFO: [Vivado 12-24828] Executing command : report_drc -file design_1_wrapper_drc_routed.rpt -pb design_1_wrapper_drc_routed.pb -rpx design_1_wrapper_drc_routed.rpx
Command: report_drc -file design_1_wrapper_drc_routed.rpt -pb design_1_wrapper_drc_routed.pb -rpx design_1_wrapper_drc_routed.rpx
INFO: [IP_Flow 19-1839] IP Catalog is up to date.
INFO: [DRC 23-27] Running DRC with 2 threads
INFO: [Vivado_Tcl 2-168] The results of DRC are in file C:/Users/devandla/Desktop/Embedded-System-Project-DAT096/Board_1/project_2/project_2.runs/impl_1/design_1_wrapper_drc_routed.rpt.
report_drc completed successfully
INFO: [Vivado 12-24828] Executing command : report_methodology -file design_1_wrapper_methodology_drc_routed.rpt -pb design_1_wrapper_methodology_drc_routed.pb -rpx design_1_wrapper_methodology_drc_routed.rpx
Command: report_methodology -file design_1_wrapper_methodology_drc_routed.rpt -pb design_1_wrapper_methodology_drc_routed.pb -rpx design_1_wrapper_methodology_drc_routed.rpx
INFO: [Timing 38-35] Done setting XDC timing constraints.
INFO: [DRC 23-133] Running Methodology with 2 threads
INFO: [Vivado_Tcl 2-1520] The results of Report Methodology are in file C:/Users/devandla/Desktop/Embedded-System-Project-DAT096/Board_1/project_2/project_2.runs/impl_1/design_1_wrapper_methodology_drc_routed.rpt.
report_methodology completed successfully
INFO: [Vivado 12-24828] Executing command : report_timing_summary -max_paths 10 -report_unconstrained -file design_1_wrapper_timing_summary_routed.rpt -pb design_1_wrapper_timing_summary_routed.pb -rpx design_1_wrapper_timing_summary_routed.rpx -warn_on_violation 
INFO: [Timing 38-35] Done setting XDC timing constraints.
INFO: [Timing 38-91] UpdateTimingParams: Speed grade: -1, Delay Type: min_max.
INFO: [Timing 38-191] Multithreading enabled for timing update using a maximum of 2 CPUs
WARNING: [Timing 38-436] There are set_bus_skew constraint(s) in this design. Please run report_bus_skew to ensure that bus skew requirements are met.
INFO: [Vivado 12-24838] Running report commands "report_incremental_reuse, report_route_status" in parallel.
Running report generation with 2 threads.
INFO: [Vivado 12-24828] Executing command : report_route_status -file design_1_wrapper_route_status.rpt -pb design_1_wrapper_route_status.pb
INFO: [Vivado 12-24828] Executing command : report_incremental_reuse -file design_1_wrapper_incremental_reuse_routed.rpt
INFO: [Vivado_Tcl 4-1062] Incremental flow is disabled. No incremental reuse Info to report.
INFO: [Vivado 12-24828] Executing command : report_power -file design_1_wrapper_power_routed.rpt -pb design_1_wrapper_power_summary_routed.pb -rpx design_1_wrapper_power_routed.rpx
Command: report_power -file design_1_wrapper_power_routed.rpt -pb design_1_wrapper_power_summary_routed.pb -rpx design_1_wrapper_power_routed.rpx
Running Vector-less Activity Propagation...

Finished Running Vector-less Activity Propagation
123 Infos, 7 Warnings, 2 Critical Warnings and 0 Errors encountered.
report_power completed successfully
INFO: [Vivado 12-24828] Executing command : report_clock_utilization -file design_1_wrapper_clock_utilization_routed.rpt
INFO: [Vivado 12-24828] Executing command : report_bus_skew -warn_on_violation -file design_1_wrapper_bus_skew_routed.rpt -pb design_1_wrapper_bus_skew_routed.pb -rpx design_1_wrapper_bus_skew_routed.rpx
INFO: [Timing 38-91] UpdateTimingParams: Speed grade: -1, Delay Type: min_max.
INFO: [Timing 38-191] Multithreading enabled for timing update using a maximum of 2 CPUs
generate_parallel_reports: Time (s): cpu = 00:00:09 ; elapsed = 00:00:05 . Memory (MB): peak = 2099.656 ; gain = 68.223
INFO: [Timing 38-480] Writing timing data to binary archive.
Write ShapeDB Complete: Time (s): cpu = 00:00:00 ; elapsed = 00:00:00.006 . Memory (MB): peak = 2103.477 ; gain = 3.820
Wrote PlaceDB: Time (s): cpu = 00:00:01 ; elapsed = 00:00:00.127 . Memory (MB): peak = 2115.316 ; gain = 15.660
Wrote PulsedLatchDB: Time (s): cpu = 00:00:00 ; elapsed = 00:00:00 . Memory (MB): peak = 2115.316 ; gain = 0.000
Writing XDEF routing.
Writing XDEF routing logical nets.
Writing XDEF routing special nets.
Wrote RouteStorage: Time (s): cpu = 00:00:00 ; elapsed = 00:00:00.028 . Memory (MB): peak = 2115.316 ; gain = 0.000
Wrote Netlist Cache: Time (s): cpu = 00:00:00 ; elapsed = 00:00:00.003 . Memory (MB): peak = 2115.316 ; gain = 0.000
Wrote Device Cache: Time (s): cpu = 00:00:00 ; elapsed = 00:00:00.005 . Memory (MB): peak = 2115.316 ; gain = 0.000
Write Physdb Complete: Time (s): cpu = 00:00:01 ; elapsed = 00:00:00.168 . Memory (MB): peak = 2115.316 ; gain = 15.660
INFO: [Common 17-1381] The checkpoint 'C:/Users/devandla/Desktop/Embedded-System-Project-DAT096/Board_1/project_2/project_2.runs/impl_1/design_1_wrapper_routed.dcp' has been generated.
Command: write_bitstream -force design_1_wrapper.bit
Attempting to get a license for feature 'Implementation' and/or device 'xc7z020'
INFO: [Common 17-349] Got license for feature 'Implementation' and/or device 'xc7z020'
Running DRC as a precondition to command write_bitstream
INFO: [IP_Flow 19-1839] IP Catalog is up to date.
INFO: [DRC 23-27] Running DRC with 2 threads
INFO: [Vivado 12-3199] DRC finished with 0 Errors
INFO: [Vivado 12-3200] Please refer to the DRC report (report_drc) for more information.
INFO: [Designutils 20-2272] Running write_bitstream with 2 threads.
Loading data files...
Loading site data...
Loading route data...
Processing options...
Creating bitmap...
Creating bitstream...
Writing bitstream ./design_1_wrapper.bit...
INFO: [Vivado 12-1842] Bitgen Completed Successfully.
INFO: [Project 1-1876] WebTalk data collection is mandatory when using a ULT device. To see the specific WebTalk data collected for your design, open the usage_statistics_webtalk.html or usage_statistics_webtalk.xml file in the implementation directory.
INFO: [Common 17-83] Releasing license: Implementation
138 Infos, 7 Warnings, 2 Critical Warnings and 0 Errors encountered.
write_bitstream completed successfully
write_bitstream: Time (s): cpu = 00:00:10 ; elapsed = 00:00:07 . Memory (MB): peak = 2620.789 ; gain = 505.473
INFO: [Common 17-206] Exiting Vivado at Fri Apr 10 14:11:10 2026...

*** Running vivado
    with args -log design_1_wrapper.vdi -applog -m64 -product Vivado -messageDb vivado.pb -mode batch -source design_1_wrapper.tcl -notrace



****** Vivado v2024.2 (64-bit)
  **** SW Build 5239630 on Fri Nov 08 22:35:27 MST 2024
  **** IP Build 5239520 on Sun Nov 10 16:12:51 MST 2024
  **** SharedData Build 5239561 on Fri Nov 08 14:39:27 MST 2024
  **** Start of session at: Fri Apr 10 14:27:47 2026
    ** Copyright 1986-2022 Xilinx, Inc. All Rights Reserved.
    ** Copyright 2022-2024 Advanced Micro Devices, Inc. All Rights Reserved.

source design_1_wrapper.tcl -notrace
Command: open_checkpoint design_1_wrapper_routed.dcp
INFO: [Device 21-403] Loading part xc7z020clg484-1
Netlist sorting complete. Time (s): cpu = 00:00:00 ; elapsed = 00:00:00.028 . Memory (MB): peak = 620.566 ; gain = 0.000
INFO: [Netlist 29-17] Analyzing 120 Unisim elements for replacement
INFO: [Netlist 29-28] Unisim Transformation completed in 0 CPU seconds
INFO: [Project 1-479] Netlist was created with Vivado 2024.2
INFO: [Project 1-570] Preparing netlist for logic optimization
Read ShapeDB Complete: Time (s): cpu = 00:00:00 ; elapsed = 00:00:00.010 . Memory (MB): peak = 767.129 ; gain = 0.000
INFO: [Timing 38-478] Restoring timing data from binary archive.
INFO: [Timing 38-479] Binary timing data restore complete.
INFO: [Project 1-856] Restoring constraints from binary archive.
INFO: [Project 1-853] Binary constraint restore complete.
INFO: [Designutils 20-5722] Start Reading Physical Databases.
Reading placement.
Read Netlist Cache: Time (s): cpu = 00:00:00 ; elapsed = 00:00:00.003 . Memory (MB): peak = 1290.758 ; gain = 0.000
Reading placer database...
Read Device Cache: Time (s): cpu = 00:00:00 ; elapsed = 00:00:00.009 . Memory (MB): peak = 1290.758 ; gain = 0.000
Read PlaceDB: Time (s): cpu = 00:00:00 ; elapsed = 00:00:00.078 . Memory (MB): peak = 1290.758 ; gain = 0.000
Read PulsedLatchDB: Time (s): cpu = 00:00:00 ; elapsed = 00:00:00 . Memory (MB): peak = 1290.758 ; gain = 0.000
Reading routing.
Read RouteStorage: Time (s): cpu = 00:00:00 ; elapsed = 00:00:00.022 . Memory (MB): peak = 1290.758 ; gain = 0.000
Read Physdb Files: Time (s): cpu = 00:00:00 ; elapsed = 00:00:00.124 . Memory (MB): peak = 1290.758 ; gain = 0.000
Restored from archive | CPU: 0.000000 secs | Memory: 0.000000 MB |
Finished XDEF File Restore: Time (s): cpu = 00:00:00 ; elapsed = 00:00:00.156 . Memory (MB): peak = 1290.758 ; gain = 5.832
Netlist sorting complete. Time (s): cpu = 00:00:00 ; elapsed = 00:00:00.001 . Memory (MB): peak = 1290.758 ; gain = 0.000
INFO: [Project 1-111] Unisim Transformation Summary:
  A total of 43 instances were transformed.
  CFGLUT5 => CFGLUT5 (SRL16E, SRLC32E): 32 instances
  IOBUF => IOBUF (IBUF, OBUFT): 1 instance 
  OBUFDS => OBUFDS_DUAL_BUF (INV, OBUFDS(x2)): 1 instance 
  RAM32M => RAM32M (RAMD32(x6), RAMS32(x2)): 9 instances

INFO: [Project 1-604] Checkpoint was created with Vivado v2024.2 (64-bit) build 5239630
WARNING: [Vivado 12-23575] Critical violations of the methodology design rules detected. Critical violations may contribute to timing failures or cause functional issues in hardware. Run report_methodology for more information.
open_checkpoint: Time (s): cpu = 00:00:08 ; elapsed = 00:00:09 . Memory (MB): peak = 1290.758 ; gain = 989.652
Command: write_bitstream -force design_1_wrapper.bit
Attempting to get a license for feature 'Implementation' and/or device 'xc7z020'
INFO: [Common 17-349] Got license for feature 'Implementation' and/or device 'xc7z020'
Running DRC as a precondition to command write_bitstream
INFO: [IP_Flow 19-234] Refreshing IP repositories
INFO: [IP_Flow 19-1704] No user IP repositories specified
INFO: [IP_Flow 19-2313] Loaded Vivado IP repository 'C:/Progs/Xilinx/Vivado/2024.2/data/ip'.
INFO: [DRC 23-27] Running DRC with 2 threads
INFO: [Vivado 12-3199] DRC finished with 0 Errors
INFO: [Vivado 12-3200] Please refer to the DRC report (report_drc) for more information.
INFO: [Designutils 20-2272] Running write_bitstream with 2 threads.
Loading data files...
Loading site data...
Loading route data...
Processing options...
Creating bitmap...
Creating bitstream...
Writing bitstream ./design_1_wrapper.bit...
INFO: [Vivado 12-1842] Bitgen Completed Successfully.
INFO: [Project 1-1876] WebTalk data collection is mandatory when using a ULT device. To see the specific WebTalk data collected for your design, open the usage_statistics_webtalk.html or usage_statistics_webtalk.xml file in the implementation directory.
INFO: [Common 17-83] Releasing license: Implementation
23 Infos, 1 Warnings, 0 Critical Warnings and 0 Errors encountered.
write_bitstream completed successfully
write_bitstream: Time (s): cpu = 00:00:10 ; elapsed = 00:00:08 . Memory (MB): peak = 1893.000 ; gain = 602.242
INFO: [Common 17-206] Exiting Vivado at Fri Apr 10 14:28:06 2026...
